51.691: [GC [PSYoungGen: 10933K->3626K(35840K)] 10933K->3634K(116224K), 0.0071020 secs] [Times: user=0.06 sys=0.00, real=0.01 secs] 
51.698: [Full GC [PSYoungGen: 3626K->0K(35840K)] [ParOldGen: 8K->3139K(80384K)] 3634K->3139K(116224K) [PSPermGen: 5167K->5165K(21504K)], 0.0242730 secs] [Times: user=0.12 sys=0.01, real=0.03 secs] 
51.723: [GC [PSYoungGen: 0K->0K(35840K)] 3139K->3139K(116224K), 0.0032440 secs] [Times: user=0.00 sys=0.02, real=0.00 secs] 
51.726: [Full GC [PSYoungGen: 0K->0K(35840K)] [ParOldGen: 3139K->3139K(80384K)] 3139K->3139K(116224K) [PSPermGen: 5165K->5165K(21504K)], 0.0125150 secs] [Times: user=0.02 sys=0.04, real=0.01 secs] 
56.276: [GC [PSYoungGen: 6040K->1040K(35840K)] 697308K->692307K(734720K), 0.0050020 secs] [Times: user=0.02 sys=0.01, real=0.01 secs] 
56.281: [GC [PSYoungGen: 1040K->752K(35840K)] 692307K->692019K(734720K), 0.0044360 secs] [Times: user=0.02 sys=0.01, real=0.00 secs] 
56.286: [Full GC [PSYoungGen: 752K->0K(35840K)] [ParOldGen: 691267K->690708K(698880K)] 692019K->690708K(734720K) [PSPermGen: 5203K->5203K(21504K)], 0.1708430 secs] [Times: user=2.24 sys=0.12, real=0.17 secs] 
56.457: [GC [PSYoungGen: 0K->0K(35840K)] 690708K->690708K(734720K), 0.0057970 secs] [Times: user=0.02 sys=0.02, real=0.01 secs] 
56.463: [Full GC [PSYoungGen: 0K->0K(35840K)] [ParOldGen: 690708K->689641K(698880K)] 690708K->689641K(734720K) [PSPermGen: 5203K->5200K(21504K)], 0.0932060 secs] [Times: user=1.74 sys=0.06, real=0.09 secs] 
56.576: [GC [PSYoungGen: 208K->128K(43008K)] 689849K->689769K(741888K), 0.0045970 secs] [Times: user=0.02 sys=0.00, real=0.00 secs] 
56.638: [GC-- [PSYoungGen: 33179K->33179K(43008K)] 722820K->722820K(741888K), 0.0045460 secs] [Times: user=0.02 sys=0.01, real=0.01 secs] 
56.643: [Full GC [PSYoungGen: 33179K->32810K(43008K)] [ParOldGen: 689641K->689625K(698880K)] 722820K->722436K(741888K) [PSPermGen: 5200K->5200K(21504K)], 0.0173000 secs] [Times: user=0.06 sys=0.00, real=0.01 secs] 
56.660: [GC-- [PSYoungGen: 32810K->32810K(43008K)] 722436K->722436K(741888K), 0.0047960 secs] [Times: user=0.04 sys=0.00, real=0.01 secs] 
56.665: [Full GC [PSYoungGen: 32810K->32810K(43008K)] [ParOldGen: 689625K->689625K(698880K)] 722436K->722436K(741888K) [PSPermGen: 5200K->5200K(21504K)], 0.0143150 secs] [Times: user=0.06 sys=0.00, real=0.01 secs] 
56.685: [GC-- [PSYoungGen: 33239K->33239K(43008K)] 722865K->722865K(741888K), 0.0072010 secs] [Times: user=0.09 sys=0.00, real=0.00 secs] 
56.692: [Full GC [PSYoungGen: 33239K->32817K(43008K)] [ParOldGen: 689625K->689619K(698880K)] 722865K->722437K(741888K) [PSPermGen: 5200K->5200K(21504K)], 0.0148200 secs] [Times: user=0.06 sys=0.00, real=0.02 secs] 
56.707: [GC-- [PSYoungGen: 32817K->32817K(43008K)] 722437K->722437K(741888K), 0.0055810 secs] [Times: user=0.06 sys=0.00, real=0.00 secs] 
56.713: [Full GC [PSYoungGen: 32817K->32817K(43008K)] [ParOldGen: 689619K->689619K(698880K)] 722437K->722437K(741888K) [PSPermGen: 5200K->5200K(21504K)], 0.0142790 secs] [Times: user=0.06 sys=0.00, real=0.02 secs] 
56.785: [GC-- [PSYoungGen: 33721K->33721K(43008K)] 723341K->723341K(741888K), 0.0051830 secs] [Times: user=0.04 sys=0.00, real=0.00 secs] 
56.790: [Full GC [PSYoungGen: 33721K->32927K(43008K)] [ParOldGen: 689619K->689618K(698880K)] 723341K->722546K(741888K) [PSPermGen: 5229K->5229K(21504K)], 0.0896890 secs] [Times: user=1.68 sys=0.05, real=0.09 secs] 
56.880: [GC-- [PSYoungGen: 32927K->32927K(43008K)] 722546K->722546K(741888K), 0.0047170 secs] [Times: user=0.04 sys=0.00, real=0.01 secs] 
56.884: [Full GC [PSYoungGen: 32927K->32859K(43008K)] [ParOldGen: 689618K->689618K(698880K)] 722546K->722477K(741888K) [PSPermGen: 5229K->5229K(21504K)], 0.0138620 secs] [Times: user=0.06 sys=0.00, real=0.01 secs] 
56.900: [GC-- [PSYoungGen: 33142K->33142K(43008K)] 722761K->722777K(741888K), 0.0056880 secs] [Times: user=0.04 sys=0.00, real=0.01 secs] 
56.906: [Full GC [PSYoungGen: 33142K->32856K(43008K)] [ParOldGen: 689634K->689618K(698880K)] 722777K->722475K(741888K) [PSPermGen: 5229K->5229K(21504K)], 0.0129180 secs] [Times: user=0.05 sys=0.00, real=0.01 secs] 
56.919: [GC-- [PSYoungGen: 32856K->32856K(43008K)] 722475K->722483K(741888K), 0.0046470 secs] [Times: user=0.04 sys=0.00, real=0.01 secs] 
56.924: [Full GC [PSYoungGen: 32856K->32856K(43008K)] [ParOldGen: 689626K->689618K(698880K)] 722483K->722475K(741888K) [PSPermGen: 5229K->5229K(21504K)], 0.0146260 secs] [Times: user=0.06 sys=0.00, real=0.01 secs] 
56.939: [GC-- [PSYoungGen: 33139K->33139K(43008K)] 722758K->722758K(741888K), 0.0042590 secs] [Times: user=0.04 sys=0.00, real=0.01 secs] 
56.943: [Full GC [PSYoungGen: 33139K->32856K(43008K)] [ParOldGen: 689618K->689618K(698880K)] 722758K->722475K(741888K) [PSPermGen: 5229K->5229K(21504K)], 0.0133440 secs] [Times: user=0.06 sys=0.00, real=0.01 secs] 
56.957: [GC-- [PSYoungGen: 32856K->32856K(43008K)] 722475K->722475K(741888K), 0.0045530 secs] [Times: user=0.03 sys=0.00, real=0.01 secs] 
56.961: [Full GC [PSYoungGen: 32856K->32856K(43008K)] [ParOldGen: 689618K->689618K(698880K)] 722475K->722475K(741888K) [PSPermGen: 5229K->5229K(21504K)], 0.0126310 secs] [Times: user=0.06 sys=0.00, real=0.01 secs] 
56.994: [GC-- [PSYoungGen: 33285K->33285K(43008K)] 722904K->722904K(741888K), 0.0048970 secs] [Times: user=0.04 sys=0.00, real=0.00 secs] 
56.999: [Full GC [PSYoungGen: 33285K->32914K(43008K)] [ParOldGen: 689618K->689618K(698880K)] 722904K->722532K(741888K) [PSPermGen: 5229K->5229K(21504K)], 0.0152080 secs] [Times: user=0.07 sys=0.00, real=0.02 secs] 
57.014: [GC-- [PSYoungGen: 32914K->32914K(43008K)] 722532K->722608K(741888K), 0.0047210 secs] [Times: user=0.03 sys=0.01, real=0.00 secs] 
57.019: [Full GC [PSYoungGen: 32914K->32875K(43008K)] [ParOldGen: 689694K->689656K(698880K)] 722608K->722532K(741888K) [PSPermGen: 5229K->5229K(21504K)], 0.0138030 secs] [Times: user=0.06 sys=0.00, real=0.01 secs] 
57.106: [GC-- [PSYoungGen: 33304K->33304K(43008K)] 722961K->722993K(741888K), 0.0077800 secs] [Times: user=0.10 sys=0.01, real=0.01 secs] 
57.114: [Full GC [PSYoungGen: 33304K->32931K(43008K)] [ParOldGen: 689688K->689656K(698880K)] 722993K->722588K(741888K) [PSPermGen: 5230K->5230K(21504K)], 0.0904880 secs] [Times: user=1.77 sys=0.05, real=0.09 secs] 
57.205: [GC-- [PSYoungGen: 32931K->32931K(43008K)] 722588K->722588K(741888K), 0.0033540 secs] [Times: user=0.03 sys=0.01, real=0.00 secs] 
57.208: [Full GC [PSYoungGen: 32931K->32931K(43008K)] [ParOldGen: 689656K->689656K(698880K)] 722588K->722588K(741888K) [PSPermGen: 5230K->5230K(21504K)], 0.0151240 secs] [Times: user=0.05 sys=0.01, real=0.02 secs] 
57.244: [GC-- [PSYoungGen: 33215K->33215K(43008K)] 722872K->722880K(741888K), 0.0038390 secs] [Times: user=0.04 sys=0.00, real=0.00 secs] 
57.248: [Full GC [PSYoungGen: 33215K->32960K(43008K)] [ParOldGen: 689664K->689656K(698880K)] 722880K->722617K(741888K) [PSPermGen: 5230K->5230K(21504K)], 0.0148010 secs] [Times: user=0.07 sys=0.00, real=0.02 secs] 
57.263: [GC-- [PSYoungGen: 32960K->32960K(43008K)] 722617K->722641K(741888K), 0.0052500 secs] [Times: user=0.03 sys=0.00, real=0.00 secs] 
57.268: [Full GC [PSYoungGen: 32960K->32960K(43008K)] [ParOldGen: 689680K->689657K(698880K)] 722641K->722617K(741888K) [PSPermGen: 5230K->5230K(21504K)], 0.0153730 secs] [Times: user=0.06 sys=0.00, real=0.02 secs] 
57.284: [GC-- [PSYoungGen: 33243K->33243K(43008K)] 722900K->722900K(741888K), 0.0044470 secs] [Times: user=0.03 sys=0.00, real=0.00 secs] 
57.289: [Full GC [PSYoungGen: 33243K->32960K(43008K)] [ParOldGen: 689657K->689656K(698880K)] 722900K->722617K(741888K) [PSPermGen: 5230K->5230K(21504K)], 0.0119450 secs] [Times: user=0.06 sys=0.00, real=0.01 secs] 
57.301: [GC-- [PSYoungGen: 32960K->32960K(43008K)] 722617K->722705K(741888K), 0.0042340 secs] [Times: user=0.04 sys=0.00, real=0.01 secs] 
57.305: [Full GC [PSYoungGen: 32960K->32903K(43008K)] [ParOldGen: 689745K->689714K(698880K)] 722705K->722617K(741888K) [PSPermGen: 5230K->5230K(21504K)], 0.0156360 secs] [Times: user=0.05 sys=0.01, real=0.01 secs] 
61.716: [GC-- [PSYoungGen: 34182K->34182K(43008K)] 723896K->723896K(741888K), 0.0077450 secs] [Times: user=0.11 sys=0.00, real=0.01 secs] 
61.724: [Full GC [PSYoungGen: 34182K->0K(43008K)] [ParOldGen: 689714K->624382K(662528K)] 723896K->624382K(705536K) [PSPermGen: 5240K->5240K(21504K)], 0.0310930 secs] [Times: user=0.31 sys=0.02, real=0.03 secs] 
61.940: [GC-- [PSYoungGen: 32768K->32768K(43008K)] 722686K->722686K(741888K), 0.0045860 secs] [Times: user=0.03 sys=0.00, real=0.01 secs] 
61.945: [Full GC [PSYoungGen: 32768K->0K(43008K)] [ParOldGen: 689918K->689907K(698880K)] 722686K->689907K(741888K) [PSPermGen: 5240K->5240K(21504K)], 0.0357010 secs] [Times: user=0.49 sys=0.03, real=0.03 secs] 
61.986: [GC-- [PSYoungGen: 32768K->32768K(43008K)] 722676K->722676K(741888K), 0.0040150 secs] [Times: user=0.02 sys=0.00, real=0.00 secs] 
61.990: [Full GC [PSYoungGen: 32768K->32768K(43008K)] [ParOldGen: 689907K->689907K(698880K)] 722676K->722676K(741888K) [PSPermGen: 5240K->5240K(21504K)], 0.0139610 secs] [Times: user=0.04 sys=0.02, real=0.02 secs] 
62.004: [GC-- [PSYoungGen: 32768K->32768K(43008K)] 722676K->722676K(741888K), 0.0036910 secs] [Times: user=0.03 sys=0.00, real=0.00 secs] 
62.008: [Full GC [PSYoungGen: 32768K->32768K(43008K)] [ParOldGen: 689907K->689907K(698880K)] 722676K->722675K(741888K) [PSPermGen: 5240K->5240K(21504K)], 0.0235470 secs] [Times: user=0.30 sys=0.00, real=0.02 secs] 
62.085: [GC-- [PSYoungGen: 33196K->33196K(43008K)] 723104K->723104K(741888K), 0.0077730 secs] [Times: user=0.10 sys=0.00, real=0.00 secs] 
62.092: [Full GC [PSYoungGen: 33196K->0K(43008K)] [ParOldGen: 689907K->657093K(695296K)] 723104K->657093K(738304K) [PSPermGen: 5240K->5240K(21504K)], 0.0951250 secs] [Times: user=1.85 sys=0.01, real=0.10 secs] 
62.204: [GC-- [PSYoungGen: 33051K->33051K(43008K)] 722912K->722912K(741888K), 0.0027630 secs] [Times: user=0.02 sys=0.00, real=0.00 secs] 
62.207: [Full GC [PSYoungGen: 33051K->0K(43008K)] [ParOldGen: 689861K->689861K(698880K)] 722912K->689861K(741888K) [PSPermGen: 5240K->5240K(21504K)], 0.0368660 secs] [Times: user=0.56 sys=0.02, real=0.04 secs] 
62.270: [GC-- [PSYoungGen: 33196K->33196K(43008K)] 723058K->723058K(741888K), 0.0043020 secs] [Times: user=0.02 sys=0.01, real=0.01 secs] 
62.274: [Full GC [PSYoungGen: 33196K->0K(43008K)] [ParOldGen: 689861K->689832K(698880K)] 723058K->689832K(741888K) [PSPermGen: 5240K->5240K(21504K)], 0.0724430 secs] [Times: user=1.34 sys=0.01, real=0.07 secs] 
62.459: [GC-- [PSYoungGen: 32768K->32768K(43008K)] 722600K->722600K(741888K), 0.0052910 secs] [Times: user=0.03 sys=0.00, real=0.01 secs] 
62.464: [Full GC [PSYoungGen: 32768K->32768K(43008K)] [ParOldGen: 689832K->689822K(698880K)] 722600K->722590K(741888K) [PSPermGen: 5240K->5240K(21504K)], 0.0825510 secs] [Times: user=1.62 sys=0.00, real=0.08 secs] 
62.547: [GC-- [PSYoungGen: 32768K->32768K(43008K)] 722590K->722590K(741888K), 0.0047190 secs] [Times: user=0.04 sys=0.00, real=0.00 secs] 
62.552: [Full GC [PSYoungGen: 32768K->32768K(43008K)] [ParOldGen: 689822K->689822K(698880K)] 722590K->722590K(741888K) [PSPermGen: 5240K->5240K(21504K)], 0.0228140 secs] [Times: user=0.25 sys=0.00, real=0.03 secs] 
64.765: [GC-- [PSYoungGen: 32863K->32863K(43008K)] 722685K->722685K(741888K), 0.0072290 secs] [Times: user=0.05 sys=0.01, real=0.00 secs] 
64.772: [Full GC [PSYoungGen: 32863K->0K(43008K)] [ParOldGen: 689822K->689764K(698880K)] 722685K->689764K(741888K) [PSPermGen: 5240K->5240K(21504K)], 0.0949410 secs] [Times: user=1.89 sys=0.01, real=0.10 secs] 
65.946: [GC-- [PSYoungGen: 32768K->32768K(43008K)] 722532K->722532K(741888K), 0.0028080 secs] [Times: user=0.02 sys=0.00, real=0.00 secs] 
65.949: [Full GC [PSYoungGen: 32768K->32768K(43008K)] [ParOldGen: 689764K->689764K(698880K)] 722532K->722532K(741888K) [PSPermGen: 5240K->5240K(21504K)], 0.0151300 secs] [Times: user=0.04 sys=0.02, real=0.02 secs] 
65.964: [GC-- [PSYoungGen: 32768K->32768K(43008K)] 722532K->722532K(741888K), 0.0042190 secs] [Times: user=0.03 sys=0.00, real=0.00 secs] 
65.968: [Full GC [PSYoungGen: 32768K->32768K(43008K)] [ParOldGen: 689764K->689764K(698880K)] 722532K->722532K(741888K) [PSPermGen: 5240K->5240K(21504K)], 0.0158290 secs] [Times: user=0.05 sys=0.02, real=0.02 secs] 
66.001: [GC-- [PSYoungGen: 32913K->32913K(43008K)] 722678K->722678K(741888K), 0.0041860 secs] [Times: user=0.02 sys=0.01, real=0.01 secs] 
66.005: [Full GC [PSYoungGen: 32913K->0K(43008K)] [ParOldGen: 689764K->689735K(698880K)] 722678K->689735K(741888K) [PSPermGen: 5240K->5240K(21504K)], 0.0571790 secs] [Times: user=0.98 sys=0.02, real=0.06 secs] 
66.307: [GC-- [PSYoungGen: 32977K->32977K(43008K)] 722713K->722713K(741888K), 0.0033310 secs] [Times: user=0.02 sys=0.01, real=0.00 secs] 
66.310: [Full GC [PSYoungGen: 32977K->0K(43008K)] [ParOldGen: 689735K->591327K(629248K)] 722713K->591327K(672256K) [PSPermGen: 5240K->5240K(21504K)], 0.0828720 secs] [Times: user=1.43 sys=0.01, real=0.08 secs] 
68.583: [Full GC [PSYoungGen: 42496K->0K(43008K)] [ParOldGen: 624095K->3580K(47104K)] 666591K->3580K(90112K) [PSPermGen: 8155K->8153K(21504K)], 0.0883990 secs] [Times: user=0.07 sys=0.06, real=0.08 secs] 
Heap
 PSYoungGen      total 43008K, used 12418K [0x00000000eaa80000, 0x00000000eea00000, 0x0000000100000000)
  eden space 42496K, 29% used [0x00000000eaa80000,0x00000000eb6a0b68,0x00000000ed400000)
  from space 512K, 0% used [0x00000000ee980000,0x00000000ee980000,0x00000000eea00000)
  to   space 4608K, 0% used [0x00000000ee100000,0x00000000ee100000,0x00000000ee580000)
 ParOldGen       total 47104K, used 3580K [0x00000000c0000000, 0x00000000c2e00000, 0x00000000eaa80000)
  object space 47104K, 7% used [0x00000000c0000000,0x00000000c037f3c0,0x00000000c2e00000)
 PSPermGen       total 21504K, used 12055K [0x00000000bae00000, 0x00000000bc300000, 0x00000000c0000000)
  object space 21504K, 56% used [0x00000000bae00000,0x00000000bb9c5f10,0x00000000bc300000)
