51.647: [GC [PSYoungGen: 10934K->3690K(35840K)] 10934K->3698K(116224K), 0.0084070 secs] [Times: user=0.06 sys=0.00, real=0.01 secs] 
51.655: [Full GC [PSYoungGen: 3690K->0K(35840K)] [ParOldGen: 8K->3139K(80384K)] 3698K->3139K(116224K) [PSPermGen: 5166K->5165K(21504K)], 0.0221210 secs] [Times: user=0.14 sys=0.00, real=0.02 secs] 
51.678: [GC [PSYoungGen: 0K->0K(35840K)] 3139K->3139K(116224K), 0.0049260 secs] [Times: user=0.03 sys=0.00, real=0.01 secs] 
51.683: [Full GC [PSYoungGen: 0K->0K(35840K)] [ParOldGen: 3139K->3139K(80384K)] 3139K->3139K(116224K) [PSPermGen: 5165K->5165K(21504K)], 0.0130980 secs] [Times: user=0.06 sys=0.00, real=0.01 secs] 
51.762: [GC [PSYoungGen: 6040K->832K(35840K)] 336860K->331651K(385024K), 0.0037550 secs] [Times: user=0.00 sys=0.02, real=0.00 secs] 
51.766: [GC [PSYoungGen: 832K->640K(67072K)] 331651K->331459K(416256K), 0.0029730 secs] [Times: user=0.01 sys=0.02, real=0.01 secs] 
51.769: [Full GC [PSYoungGen: 640K->0K(67072K)] [ParOldGen: 330819K->330256K(349184K)] 331459K->330256K(416256K) [PSPermGen: 5198K->5198K(21504K)], 0.0854390 secs] [Times: user=1.02 sys=0.10, real=0.08 secs] 
51.891: [GC-- [PSYoungGen: 32768K->32768K(67072K)] 363024K->363024K(416256K), 0.0028280 secs] [Times: user=0.01 sys=0.02, real=0.00 secs] 
51.894: [Full GC [PSYoungGen: 32768K->32768K(67072K)] [ParOldGen: 330256K->330256K(349184K)] 363024K->363024K(416256K) [PSPermGen: 5198K->5198K(21504K)], 0.0165050 secs] [Times: user=0.01 sys=0.05, real=0.02 secs] 
51.910: [GC-- [PSYoungGen: 32768K->32768K(67072K)] 363024K->363024K(416256K), 0.0046790 secs] [Times: user=0.01 sys=0.02, real=0.00 secs] 
51.915: [Full GC [PSYoungGen: 32768K->32768K(67072K)] [ParOldGen: 330256K->329189K(349184K)] 363024K->361957K(416256K) [PSPermGen: 5198K->5195K(21504K)], 0.0550890 secs] [Times: user=0.90 sys=0.02, real=0.06 secs] 
51.971: [GC-- [PSYoungGen: 33184K->33184K(67072K)] 362373K->362373K(416256K), 0.0052760 secs] [Times: user=0.04 sys=0.00, real=0.00 secs] 
51.976: [Full GC [PSYoungGen: 33184K->32768K(67072K)] [ParOldGen: 329189K->329189K(349184K)] 362373K->361957K(416256K) [PSPermGen: 5195K->5195K(21504K)], 0.0131760 secs] [Times: user=0.05 sys=0.00, real=0.02 secs] 
51.990: [GC-- [PSYoungGen: 32768K->32768K(67072K)] 361957K->361957K(416256K), 0.0032300 secs] [Times: user=0.03 sys=0.00, real=0.00 secs] 
51.993: [Full GC [PSYoungGen: 32768K->32768K(67072K)] [ParOldGen: 329189K->329189K(349184K)] 361957K->361957K(416256K) [PSPermGen: 5195K->5195K(21504K)], 0.0135330 secs] [Times: user=0.06 sys=0.00, real=0.01 secs] 
52.007: [GC-- [PSYoungGen: 33184K->33184K(67072K)] 362374K->362374K(416256K), 0.0039320 secs] [Times: user=0.03 sys=0.00, real=0.01 secs] 
52.011: [Full GC [PSYoungGen: 33184K->32768K(67072K)] [ParOldGen: 329189K->329188K(349184K)] 362374K->361957K(416256K) [PSPermGen: 5195K->5195K(21504K)], 0.0136670 secs] [Times: user=0.06 sys=0.00, real=0.01 secs] 
52.025: [GC-- [PSYoungGen: 32768K->32768K(67072K)] 361957K->361957K(416256K), 0.0049860 secs] [Times: user=0.03 sys=0.00, real=0.01 secs] 
52.030: [Full GC [PSYoungGen: 32768K->32768K(67072K)] [ParOldGen: 329188K->329188K(349184K)] 361957K->361957K(416256K) [PSPermGen: 5195K->5195K(21504K)], 0.0138000 secs] [Times: user=0.05 sys=0.00, real=0.01 secs] 
52.045: [GC-- [PSYoungGen: 33185K->33185K(67072K)] 362374K->362374K(416256K), 0.0027440 secs] [Times: user=0.03 sys=0.00, real=0.00 secs] 
52.047: [Full GC [PSYoungGen: 33185K->32768K(67072K)] [ParOldGen: 329188K->329188K(349184K)] 362374K->361957K(416256K) [PSPermGen: 5195K->5195K(21504K)], 0.0128040 secs] [Times: user=0.06 sys=0.00, real=0.01 secs] 
52.060: [GC-- [PSYoungGen: 32768K->32768K(67072K)] 361957K->361965K(416256K), 0.0052560 secs] [Times: user=0.03 sys=0.00, real=0.01 secs] 
52.066: [Full GC [PSYoungGen: 32768K->32768K(67072K)] [ParOldGen: 329196K->329188K(349184K)] 361965K->361957K(416256K) [PSPermGen: 5195K->5195K(21504K)], 0.0119990 secs] [Times: user=0.05 sys=0.00, real=0.01 secs] 
52.078: [GC-- [PSYoungGen: 33401K->33401K(67072K)] 362590K->362598K(416256K), 0.0027800 secs] [Times: user=0.02 sys=0.00, real=0.01 secs] 
52.081: [Full GC [PSYoungGen: 33401K->32769K(67072K)] [ParOldGen: 329196K->329188K(349184K)] 362598K->361958K(416256K) [PSPermGen: 5195K->5195K(21504K)], 0.0128280 secs] [Times: user=0.05 sys=0.02, real=0.01 secs] 
52.094: [GC-- [PSYoungGen: 32769K->32769K(67072K)] 361958K->361990K(416256K), 0.0031600 secs] [Times: user=0.01 sys=0.01, real=0.00 secs] 
52.097: [Full GC [PSYoungGen: 32769K->32769K(67072K)] [ParOldGen: 329220K->329189K(349184K)] 361990K->361958K(416256K) [PSPermGen: 5195K->5195K(21504K)], 0.0138060 secs] [Times: user=0.02 sys=0.05, real=0.02 secs] 
52.123: [GC-- [PSYoungGen: 35369K->35369K(67072K)] 364558K->364558K(416256K), 0.0040200 secs] [Times: user=0.03 sys=0.00, real=0.00 secs] 
52.127: [Full GC [PSYoungGen: 35369K->32893K(67072K)] [ParOldGen: 329189K->329169K(349184K)] 364558K->362062K(416256K) [PSPermGen: 5224K->5224K(21504K)], 0.0514980 secs] [Times: user=0.89 sys=0.00, real=0.05 secs] 
52.179: [GC-- [PSYoungGen: 32893K->32893K(67072K)] 362062K->362078K(416256K), 0.0027230 secs] [Times: user=0.03 sys=0.00, real=0.01 secs] 
52.182: [Full GC [PSYoungGen: 32893K->32824K(67072K)] [ParOldGen: 329185K->329169K(349184K)] 362078K->361993K(416256K) [PSPermGen: 5224K->5224K(21504K)], 0.0138400 secs] [Times: user=0.03 sys=0.02, real=0.01 secs] 
52.203: [GC-- [PSYoungGen: 33566K->33566K(67072K)] 362735K->362735K(416256K), 0.0051620 secs] [Times: user=0.04 sys=0.00, real=0.00 secs] 
52.208: [Full GC [PSYoungGen: 33566K->32831K(67072K)] [ParOldGen: 329169K->329140K(349184K)] 362735K->361971K(416256K) [PSPermGen: 5225K->5225K(21504K)], 0.0481590 secs] [Times: user=0.83 sys=0.00, real=0.05 secs] 
52.256: [GC-- [PSYoungGen: 32831K->32831K(67072K)] 361971K->361971K(416256K), 0.0040150 secs] [Times: user=0.03 sys=0.00, real=0.00 secs] 
52.260: [Full GC [PSYoungGen: 32831K->32831K(67072K)] [ParOldGen: 329140K->329140K(349184K)] 361971K->361971K(416256K) [PSPermGen: 5225K->5225K(21504K)], 0.0133510 secs] [Times: user=0.06 sys=0.00, real=0.02 secs] 
52.274: [GC-- [PSYoungGen: 32895K->32895K(67072K)] 362035K->362035K(416256K), 0.0035670 secs] [Times: user=0.03 sys=0.00, real=0.00 secs] 
52.278: [Full GC [PSYoungGen: 32895K->32831K(67072K)] [ParOldGen: 329140K->329111K(349184K)] 362035K->361943K(416256K) [PSPermGen: 5225K->5225K(21504K)], 0.0134540 secs] [Times: user=0.06 sys=0.00, real=0.02 secs] 
52.292: [GC-- [PSYoungGen: 32831K->32831K(67072K)] 361943K->361951K(416256K), 0.0048020 secs] [Times: user=0.03 sys=0.00, real=0.00 secs] 
52.297: [Full GC [PSYoungGen: 32831K->32831K(67072K)] [ParOldGen: 329119K->329111K(349184K)] 361951K->361943K(416256K) [PSPermGen: 5225K->5225K(21504K)], 0.0112970 secs] [Times: user=0.05 sys=0.00, real=0.01 secs] 
52.310: [GC-- [PSYoungGen: 33116K->33116K(67072K)] 362228K->362228K(416256K), 0.0049080 secs] [Times: user=0.03 sys=0.00, real=0.00 secs] 
52.315: [Full GC [PSYoungGen: 33116K->32830K(67072K)] [ParOldGen: 329111K->329083K(349184K)] 362228K->361913K(416256K) [PSPermGen: 5225K->5225K(21504K)], 0.0487650 secs] [Times: user=0.84 sys=0.00, real=0.05 secs] 
52.364: [GC-- [PSYoungGen: 32830K->32830K(67072K)] 361913K->361953K(416256K), 0.0048060 secs] [Times: user=0.03 sys=0.00, real=0.00 secs] 
52.369: [Full GC [PSYoungGen: 32830K->32829K(67072K)] [ParOldGen: 329123K->329084K(349184K)] 361953K->361913K(416256K) [PSPermGen: 5225K->5225K(21504K)], 0.0124650 secs] [Times: user=0.06 sys=0.00, real=0.02 secs] 
52.385: [GC-- [PSYoungGen: 33002K->33002K(67072K)] 362086K->362102K(416256K), 0.0048030 secs] [Times: user=0.02 sys=0.01, real=0.01 secs] 
52.390: [Full GC [PSYoungGen: 33002K->32798K(67072K)] [ParOldGen: 329100K->329055K(349184K)] 362102K->361853K(416256K) [PSPermGen: 5225K->5225K(21504K)], 0.0500070 secs] [Times: user=0.83 sys=0.00, real=0.04 secs] 
52.440: [GC-- [PSYoungGen: 32798K->32798K(67072K)] 361853K->361853K(416256K), 0.0042660 secs] [Times: user=0.03 sys=0.00, real=0.01 secs] 
52.444: [Full GC [PSYoungGen: 32798K->32798K(67072K)] [ParOldGen: 329055K->329055K(349184K)] 361853K->361853K(416256K) [PSPermGen: 5225K->5225K(21504K)], 0.0128640 secs] [Times: user=0.06 sys=0.00, real=0.01 secs] 
55.447: [GC-- [PSYoungGen: 36186K->36186K(67072K)] 365241K->365281K(416256K), 0.0041400 secs] [Times: user=0.04 sys=0.00, real=0.01 secs] 
55.451: [Full GC [PSYoungGen: 36186K->32857K(67072K)] [ParOldGen: 329095K->329027K(349184K)] 365281K->361884K(416256K) [PSPermGen: 5229K->5229K(21504K)], 0.0484630 secs] [Times: user=0.86 sys=0.00, real=0.04 secs] 
55.499: [GC-- [PSYoungGen: 32857K->32857K(67072K)] 361884K->361884K(416256K), 0.0051470 secs] [Times: user=0.04 sys=0.00, real=0.01 secs] 
55.505: [Full GC [PSYoungGen: 32857K->32788K(67072K)] [ParOldGen: 329027K->329027K(349184K)] 361884K->361815K(416256K) [PSPermGen: 5229K->5229K(21504K)], 0.0140680 secs] [Times: user=0.06 sys=0.00, real=0.01 secs] 
55.521: [GC-- [PSYoungGen: 32931K->32931K(67072K)] 361958K->361958K(416256K), 0.0055860 secs] [Times: user=0.03 sys=0.00, real=0.01 secs] 
55.526: [Full GC [PSYoungGen: 32931K->32772K(67072K)] [ParOldGen: 329027K->329026K(349184K)] 361958K->361798K(416256K) [PSPermGen: 5229K->5229K(21504K)], 0.0144900 secs] [Times: user=0.05 sys=0.00, real=0.01 secs] 
55.541: [GC-- [PSYoungGen: 32772K->32772K(67072K)] 361798K->361806K(416256K), 0.0046310 secs] [Times: user=0.05 sys=0.00, real=0.01 secs] 
55.546: [Full GC [PSYoungGen: 32772K->32771K(67072K)] [ParOldGen: 329034K->329026K(349184K)] 361806K->361798K(416256K) [PSPermGen: 5229K->5229K(21504K)], 0.0120930 secs] [Times: user=0.03 sys=0.02, real=0.01 secs] 
55.596: [GC-- [PSYoungGen: 33086K->33086K(67072K)] 362113K->362113K(416256K), 0.0066760 secs] [Times: user=0.10 sys=0.00, real=0.01 secs] 
55.603: [Full GC [PSYoungGen: 33086K->32827K(67072K)] [ParOldGen: 329026K->329026K(349184K)] 362113K->361854K(416256K) [PSPermGen: 5229K->5229K(21504K)], 0.0128780 secs] [Times: user=0.04 sys=0.01, real=0.01 secs] 
55.616: [GC-- [PSYoungGen: 32827K->32827K(67072K)] 361854K->361870K(416256K), 0.0026670 secs] [Times: user=0.03 sys=0.00, real=0.00 secs] 
55.619: [Full GC [PSYoungGen: 32827K->32826K(67072K)] [ParOldGen: 329042K->329027K(349184K)] 361870K->361854K(416256K) [PSPermGen: 5229K->5229K(21504K)], 0.0128850 secs] [Times: user=0.04 sys=0.02, real=0.02 secs] 
55.656: [GC-- [PSYoungGen: 33243K->33243K(67072K)] 362270K->362278K(416256K), 0.0048960 secs] [Times: user=0.04 sys=0.00, real=0.00 secs] 
55.661: [Full GC [PSYoungGen: 33243K->32855K(67072K)] [ParOldGen: 329035K->329027K(349184K)] 362278K->361882K(416256K) [PSPermGen: 5229K->5229K(21504K)], 0.0131440 secs] [Times: user=0.03 sys=0.02, real=0.02 secs] 
55.674: [GC-- [PSYoungGen: 32855K->32855K(67072K)] 361882K->361922K(416256K), 0.0048940 secs] [Times: user=0.02 sys=0.01, real=0.00 secs] 
55.679: [Full GC [PSYoungGen: 32855K->32854K(67072K)] [ParOldGen: 329067K->329028K(349184K)] 361922K->361882K(416256K) [PSPermGen: 5229K->5229K(21504K)], 0.0095040 secs] [Times: user=0.06 sys=0.01, real=0.01 secs] 
55.768: [GC-- [PSYoungGen: 33271K->33271K(67072K)] 362299K->362299K(416256K), 0.0066510 secs] [Times: user=0.07 sys=0.02, real=0.01 secs] 
55.775: [Full GC [PSYoungGen: 33271K->32883K(67072K)] [ParOldGen: 329028K->329028K(349184K)] 362299K->361911K(416256K) [PSPermGen: 5229K->5229K(21504K)], 0.0134210 secs] [Times: user=0.03 sys=0.02, real=0.01 secs] 
55.788: [GC-- [PSYoungGen: 32883K->32883K(67072K)] 361911K->361935K(416256K), 0.0046960 secs] [Times: user=0.03 sys=0.00, real=0.01 secs] 
55.793: [Full GC [PSYoungGen: 32883K->32883K(67072K)] [ParOldGen: 329052K->329028K(349184K)] 361935K->361911K(416256K) [PSPermGen: 5229K->5229K(21504K)], 0.0126270 secs] [Times: user=0.06 sys=0.01, real=0.01 secs] 
55.903: [GC-- [PSYoungGen: 33098K->33098K(67072K)] 362127K->362127K(416256K), 0.0045270 secs] [Times: user=0.06 sys=0.00, real=0.00 secs] 
55.908: [Full GC [PSYoungGen: 33098K->32912K(67072K)] [ParOldGen: 329028K->329028K(349184K)] 362127K->361940K(416256K) [PSPermGen: 5229K->5229K(21504K)], 0.0116930 secs] [Times: user=0.06 sys=0.00, real=0.01 secs] 
55.919: [GC-- [PSYoungGen: 32912K->32912K(67072K)] 361940K->362016K(416256K), 0.0038530 secs] [Times: user=0.03 sys=0.00, real=0.01 secs] 
55.923: [Full GC [PSYoungGen: 32912K->32854K(67072K)] [ParOldGen: 329104K->329085K(349184K)] 362016K->361940K(416256K) [PSPermGen: 5229K->5229K(21504K)], 0.0123400 secs] [Times: user=0.06 sys=0.00, real=0.01 secs] 
56.008: [GC-- [PSYoungGen: 33070K->33070K(67072K)] 362155K->362155K(416256K), 0.0056480 secs] [Times: user=0.03 sys=0.00, real=0.01 secs] 
56.014: [Full GC [PSYoungGen: 33070K->32883K(67072K)] [ParOldGen: 329085K->329085K(349184K)] 362155K->361968K(416256K) [PSPermGen: 5229K->5229K(21504K)], 0.0113630 secs] [Times: user=0.06 sys=0.00, real=0.01 secs] 
56.026: [GC-- [PSYoungGen: 32883K->32883K(67072K)] 361968K->362016K(416256K), 0.0049550 secs] [Times: user=0.04 sys=0.00, real=0.01 secs] 
56.031: [Full GC [PSYoungGen: 32883K->32854K(67072K)] [ParOldGen: 329133K->329114K(349184K)] 362016K->361968K(416256K) [PSPermGen: 5229K->5229K(21504K)], 0.0139890 secs] [Times: user=0.04 sys=0.02, real=0.01 secs] 
56.064: [GC-- [PSYoungGen: 33069K->33069K(67072K)] 362184K->362184K(416256K), 0.0043120 secs] [Times: user=0.03 sys=0.00, real=0.00 secs] 
56.068: [Full GC [PSYoungGen: 33069K->32883K(67072K)] [ParOldGen: 329114K->329114K(349184K)] 362184K->361997K(416256K) [PSPermGen: 5229K->5229K(21504K)], 0.0115120 secs] [Times: user=0.06 sys=0.00, real=0.01 secs] 
56.080: [GC-- [PSYoungGen: 32883K->32883K(67072K)] 361997K->362029K(416256K), 0.0044560 secs] [Times: user=0.03 sys=0.00, real=0.01 secs] 
56.085: [Full GC [PSYoungGen: 32883K->32854K(67072K)] [ParOldGen: 329146K->329142K(349184K)] 362029K->361997K(416256K) [PSPermGen: 5229K->5229K(21504K)], 0.0104720 secs] [Times: user=0.05 sys=0.00, real=0.01 secs] 
56.096: [GC-- [PSYoungGen: 33069K->33069K(67072K)] 362212K->362212K(416256K), 0.0044980 secs] [Times: user=0.04 sys=0.00, real=0.00 secs] 
56.100: [Full GC [PSYoungGen: 33069K->32855K(67072K)] [ParOldGen: 329142K->329142K(349184K)] 362212K->361998K(416256K) [PSPermGen: 5229K->5229K(21504K)], 0.0115890 secs] [Times: user=0.06 sys=0.00, real=0.02 secs] 
56.112: [GC-- [PSYoungGen: 32855K->32855K(67072K)] 361998K->362030K(416256K), 0.0040990 secs] [Times: user=0.02 sys=0.00, real=0.00 secs] 
56.116: [Full GC [PSYoungGen: 32855K->32826K(67072K)] [ParOldGen: 329174K->329171K(349184K)] 362030K->361998K(416256K) [PSPermGen: 5229K->5229K(21504K)], 0.0125610 secs] [Times: user=0.07 sys=0.00, real=0.01 secs] 
56.240: [GC-- [PSYoungGen: 33189K->33189K(67072K)] 362360K->362368K(416256K), 0.0032020 secs] [Times: user=0.03 sys=0.00, real=0.01 secs] 
56.243: [Full GC [PSYoungGen: 33189K->32883K(67072K)] [ParOldGen: 329179K->329171K(349184K)] 362368K->362054K(416256K) [PSPermGen: 5229K->5229K(21504K)], 0.0121080 secs] [Times: user=0.06 sys=0.00, real=0.01 secs] 
56.255: [GC-- [PSYoungGen: 32883K->32883K(67072K)] 362054K->362110K(416256K), 0.0048460 secs] [Times: user=0.03 sys=0.00, real=0.00 secs] 
56.260: [Full GC [PSYoungGen: 32883K->32854K(67072K)] [ParOldGen: 329227K->329199K(349184K)] 362110K->362054K(416256K) [PSPermGen: 5229K->5229K(21504K)], 0.0114500 secs] [Times: user=0.05 sys=0.00, real=0.02 secs] 
56.293: [GC-- [PSYoungGen: 33070K->33070K(67072K)] 362270K->362278K(416256K), 0.0040520 secs] [Times: user=0.03 sys=0.00, real=0.00 secs] 
56.297: [Full GC [PSYoungGen: 33070K->32883K(67072K)] [ParOldGen: 329207K->329199K(349184K)] 362278K->362083K(416256K) [PSPermGen: 5229K->5229K(21504K)], 0.0111750 secs] [Times: user=0.06 sys=0.00, real=0.01 secs] 
56.308: [GC-- [PSYoungGen: 32883K->32883K(67072K)] 362083K->362135K(416256K), 0.0042210 secs] [Times: user=0.02 sys=0.00, real=0.01 secs] 
56.313: [Full GC [PSYoungGen: 32883K->32854K(67072K)] [ParOldGen: 329251K->329228K(349184K)] 362135K->362083K(416256K) [PSPermGen: 5229K->5229K(21504K)], 0.0119350 secs] [Times: user=0.07 sys=0.00, real=0.01 secs] 
58.619: [GC-- [PSYoungGen: 32997K->32997K(67072K)] 362226K->362234K(416256K), 0.0066350 secs] [Times: user=0.08 sys=0.00, real=0.01 secs] 
58.626: [Full GC [PSYoungGen: 32997K->0K(67072K)] [ParOldGen: 329236K->329296K(349184K)] 362234K->329296K(416256K) [PSPermGen: 5229K->5229K(21504K)], 0.0466120 secs] [Times: user=0.84 sys=0.01, real=0.05 secs] 
58.687: [GC-- [PSYoungGen: 32768K->32768K(67072K)] 362064K->362064K(416256K), 0.0052220 secs] [Times: user=0.02 sys=0.00, real=0.01 secs] 
58.693: [Full GC [PSYoungGen: 32768K->32768K(67072K)] [ParOldGen: 329296K->329286K(349184K)] 362064K->362054K(416256K) [PSPermGen: 5229K->5229K(21504K)], 0.0394800 secs] [Times: user=0.74 sys=0.00, real=0.04 secs] 
58.732: [GC-- [PSYoungGen: 32768K->32768K(67072K)] 362054K->362054K(416256K), 0.0044210 secs] [Times: user=0.04 sys=0.00, real=0.00 secs] 
58.737: [Full GC [PSYoungGen: 32768K->32768K(67072K)] [ParOldGen: 329286K->329286K(349184K)] 362054K->362054K(416256K) [PSPermGen: 5229K->5229K(21504K)], 0.0130820 secs] [Times: user=0.03 sys=0.02, real=0.02 secs] 
58.965: [GC-- [PSYoungGen: 32984K->32984K(67072K)] 362270K->362270K(416256K), 0.0035490 secs] [Times: user=0.02 sys=0.01, real=0.00 secs] 
58.969: [Full GC [PSYoungGen: 32984K->0K(67072K)] [ParOldGen: 329286K->329239K(349184K)] 362270K->329239K(416256K) [PSPermGen: 5229K->5229K(21504K)], 0.0197090 secs] [Times: user=0.21 sys=0.01, real=0.02 secs] 
59.114: [GC-- [PSYoungGen: 32768K->32768K(67072K)] 362007K->362007K(416256K), 0.0030010 secs] [Times: user=0.02 sys=0.00, real=0.00 secs] 
59.117: [Full GC [PSYoungGen: 32768K->32768K(67072K)] [ParOldGen: 329239K->329229K(349184K)] 362007K->361997K(416256K) [PSPermGen: 5229K->5229K(21504K)], 0.0148830 secs] [Times: user=0.17 sys=0.01, real=0.02 secs] 
59.132: [GC-- [PSYoungGen: 32768K->32768K(67072K)] 361997K->361997K(416256K), 0.0052850 secs] [Times: user=0.06 sys=0.00, real=0.00 secs] 
59.137: [Full GC [PSYoungGen: 32768K->32768K(67072K)] [ParOldGen: 329229K->329229K(349184K)] 361997K->361997K(416256K) [PSPermGen: 5229K->5229K(21504K)], 0.0105870 secs] [Times: user=0.04 sys=0.01, real=0.01 secs] 
59.169: [GC-- [PSYoungGen: 32910K->32910K(67072K)] 362140K->362140K(416256K), 0.0047400 secs] [Times: user=0.02 sys=0.01, real=0.00 secs] 
59.174: [Full GC [PSYoungGen: 32910K->0K(67072K)] [ParOldGen: 329229K->329182K(349184K)] 362140K->329182K(416256K) [PSPermGen: 5229K->5229K(21504K)], 0.0431600 secs] [Times: user=0.73 sys=0.01, real=0.04 secs] 
59.257: [GC-- [PSYoungGen: 32768K->32768K(67072K)] 361950K->361950K(416256K), 0.0041310 secs] [Times: user=0.02 sys=0.01, real=0.01 secs] 
59.261: [Full GC [PSYoungGen: 32768K->32768K(67072K)] [ParOldGen: 329182K->329172K(349184K)] 361950K->361940K(416256K) [PSPermGen: 5229K->5229K(21504K)], 0.0336860 secs] [Times: user=0.56 sys=0.03, real=0.03 secs] 
59.295: [GC-- [PSYoungGen: 32768K->32768K(67072K)] 361940K->361940K(416256K), 0.0028460 secs] [Times: user=0.04 sys=0.00, real=0.00 secs] 
59.298: [Full GC [PSYoungGen: 32768K->32768K(67072K)] [ParOldGen: 329172K->329172K(349184K)] 361940K->361940K(416256K) [PSPermGen: 5229K->5229K(21504K)], 0.0101120 secs] [Times: user=0.05 sys=0.00, real=0.01 secs] 
59.310: [GC-- [PSYoungGen: 32984K->32984K(67072K)] 362156K->362156K(416256K), 0.0027210 secs] [Times: user=0.02 sys=0.00, real=0.00 secs] 
59.312: [Full GC [PSYoungGen: 32984K->0K(67072K)] [ParOldGen: 329172K->329125K(349184K)] 362156K->329125K(416256K) [PSPermGen: 5229K->5229K(21504K)], 0.0354900 secs] [Times: user=0.57 sys=0.00, real=0.03 secs] 
59.412: [GC-- [PSYoungGen: 32768K->32768K(67072K)] 361893K->361893K(416256K), 0.0037240 secs] [Times: user=0.03 sys=0.00, real=0.00 secs] 
59.416: [Full GC [PSYoungGen: 32768K->32768K(67072K)] [ParOldGen: 329125K->329114K(349184K)] 361893K->361882K(416256K) [PSPermGen: 5229K->5229K(21504K)], 0.0297150 secs] [Times: user=0.45 sys=0.01, real=0.03 secs] 
59.446: [GC-- [PSYoungGen: 32768K->32768K(67072K)] 361882K->361882K(416256K), 0.0033430 secs] [Times: user=0.02 sys=0.01, real=0.01 secs] 
59.449: [Full GC [PSYoungGen: 32768K->32768K(67072K)] [ParOldGen: 329114K->329114K(349184K)] 361882K->361882K(416256K) [PSPermGen: 5229K->5229K(21504K)], 0.0102540 secs] [Times: user=0.04 sys=0.01, real=0.00 secs] 
59.492: [GC-- [PSYoungGen: 32910K->32910K(67072K)] 362025K->362025K(416256K), 0.0051000 secs] [Times: user=0.03 sys=0.00, real=0.00 secs] 
59.497: [Full GC [PSYoungGen: 32910K->0K(67072K)] [ParOldGen: 329114K->329057K(349184K)] 362025K->329057K(416256K) [PSPermGen: 5229K->5229K(21504K)], 0.0279660 secs] [Times: user=0.36 sys=0.01, real=0.03 secs] 
59.578: [GC-- [PSYoungGen: 32768K->32768K(67072K)] 361825K->361825K(416256K), 0.0049500 secs] [Times: user=0.02 sys=0.01, real=0.01 secs] 
59.583: [Full GC [PSYoungGen: 32768K->32768K(67072K)] [ParOldGen: 329057K->329057K(349184K)] 361825K->361825K(416256K) [PSPermGen: 5229K->5229K(21504K)], 0.0121000 secs] [Times: user=0.06 sys=0.00, real=0.01 secs] 
59.595: [GC-- [PSYoungGen: 32768K->32768K(67072K)] 361825K->361825K(416256K), 0.0040670 secs] [Times: user=0.03 sys=0.00, real=0.00 secs] 
59.600: [Full GC [PSYoungGen: 32768K->32768K(67072K)] [ParOldGen: 329057K->329057K(349184K)] 361825K->361825K(416256K) [PSPermGen: 5229K->5229K(21504K)], 0.0136740 secs] [Times: user=0.06 sys=0.00, real=0.02 secs] 
Heap
 PSYoungGen      total 67072K, used 55486K [0x00000000f5500000, 0x00000000f9b00000, 0x0000000100000000)
  eden space 62464K, 88% used [0x00000000f5500000,0x00000000f8b2f950,0x00000000f9200000)
  from space 4608K, 0% used [0x00000000f9680000,0x00000000f9680000,0x00000000f9b00000)
  to   space 4608K, 0% used [0x00000000f9200000,0x00000000f9200000,0x00000000f9680000)
 ParOldGen       total 349184K, used 329057K [0x00000000e0000000, 0x00000000f5500000, 0x00000000f5500000)
  object space 349184K, 94% used [0x00000000e0000000,0x00000000f4158628,0x00000000f5500000)
 PSPermGen       total 21504K, used 12057K [0x00000000dae00000, 0x00000000dc300000, 0x00000000e0000000)
  object space 21504K, 56% used [0x00000000dae00000,0x00000000db9c6680,0x00000000dc300000)
