51.469: [GC [PSYoungGen: 10933K->3690K(35840K)] 10933K->3698K(116224K), 0.0108610 secs] [Times: user=0.02 sys=0.06, real=0.01 secs] 
51.480: [Full GC [PSYoungGen: 3690K->0K(35840K)] [ParOldGen: 8K->3139K(80384K)] 3698K->3139K(116224K) [PSPermGen: 5166K->5165K(21504K)], 0.0232610 secs] [Times: user=0.14 sys=0.00, real=0.02 secs] 
51.504: [GC [PSYoungGen: 0K->0K(35840K)] 3139K->3139K(116224K), 0.0042550 secs] [Times: user=0.02 sys=0.00, real=0.01 secs] 
51.508: [Full GC [PSYoungGen: 0K->0K(35840K)] [ParOldGen: 3139K->3139K(80384K)] 3139K->3139K(116224K) [PSPermGen: 5165K->5165K(21504K)], 0.0120310 secs] [Times: user=0.06 sys=0.00, real=0.01 secs] 
55.960: [GC [PSYoungGen: 6040K->944K(35840K)] 697308K->692211K(734720K), 0.0035370 secs] [Times: user=0.02 sys=0.00, real=0.00 secs] 
55.964: [GC [PSYoungGen: 944K->768K(35840K)] 692211K->692035K(734720K), 0.0033310 secs] [Times: user=0.03 sys=0.00, real=0.01 secs] 
55.967: [Full GC [PSYoungGen: 768K->0K(35840K)] [ParOldGen: 691267K->690708K(698880K)] 692035K->690708K(734720K) [PSPermGen: 5202K->5202K(21504K)], 0.1571800 secs] [Times: user=1.94 sys=0.08, real=0.15 secs] 
56.124: [GC [PSYoungGen: 0K->0K(35840K)] 690708K->690708K(734720K), 0.0045570 secs] [Times: user=0.03 sys=0.00, real=0.01 secs] 
56.129: [Full GC [PSYoungGen: 0K->0K(35840K)] [ParOldGen: 690708K->689641K(698880K)] 690708K->689641K(734720K) [PSPermGen: 5202K->5200K(21504K)], 0.0947580 secs] [Times: user=1.83 sys=0.00, real=0.09 secs] 
56.307: [GC [PSYoungGen: 416K->320K(42496K)] 690057K->689961K(741376K), 0.0036240 secs] [Times: user=0.03 sys=0.00, real=0.00 secs] 
56.356: [GC-- [PSYoungGen: 33088K->33088K(42496K)] 722729K->722729K(741376K), 0.0039860 secs] [Times: user=0.02 sys=0.01, real=0.01 secs] 
56.360: [Full GC [PSYoungGen: 33088K->32866K(42496K)] [ParOldGen: 689641K->689619K(698880K)] 722729K->722486K(741376K) [PSPermGen: 5228K->5228K(21504K)], 0.0979460 secs] [Times: user=1.74 sys=0.05, real=0.09 secs] 
56.458: [GC-- [PSYoungGen: 32866K->32866K(42496K)] 722486K->722486K(741376K), 0.0042370 secs] [Times: user=0.04 sys=0.01, real=0.01 secs] 
56.462: [Full GC [PSYoungGen: 32866K->32798K(42496K)] [ParOldGen: 689619K->689619K(698880K)] 722486K->722417K(741376K) [PSPermGen: 5228K->5228K(21504K)], 0.0128720 secs] [Times: user=0.04 sys=0.01, real=0.01 secs] 
56.476: [GC-- [PSYoungGen: 33078K->33078K(42496K)] 722697K->722697K(741376K), 0.0039140 secs] [Times: user=0.02 sys=0.01, real=0.01 secs] 
56.480: [Full GC [PSYoungGen: 33078K->32798K(42496K)] [ParOldGen: 689619K->689619K(698880K)] 722697K->722417K(741376K) [PSPermGen: 5228K->5228K(21504K)], 0.0140150 secs] [Times: user=0.03 sys=0.02, real=0.01 secs] 
56.494: [GC-- [PSYoungGen: 32798K->32798K(42496K)] 722417K->722417K(741376K), 0.0042570 secs] [Times: user=0.04 sys=0.00, real=0.00 secs] 
56.498: [Full GC [PSYoungGen: 32798K->32798K(42496K)] [ParOldGen: 689619K->689619K(698880K)] 722417K->722417K(741376K) [PSPermGen: 5228K->5228K(21504K)], 0.0139960 secs] [Times: user=0.04 sys=0.02, real=0.02 secs] 
56.569: [GC-- [PSYoungGen: 33222K->33222K(42496K)] 722841K->722841K(741376K), 0.0076540 secs] [Times: user=0.08 sys=0.02, real=0.00 secs] 
56.577: [Full GC [PSYoungGen: 33222K->32855K(42496K)] [ParOldGen: 689619K->689618K(698880K)] 722841K->722474K(741376K) [PSPermGen: 5228K->5228K(21504K)], 0.0855650 secs] [Times: user=1.65 sys=0.00, real=0.09 secs] 
56.662: [GC-- [PSYoungGen: 32855K->32855K(42496K)] 722474K->722474K(741376K), 0.0053230 secs] [Times: user=0.02 sys=0.02, real=0.01 secs] 
56.668: [Full GC [PSYoungGen: 32855K->32855K(42496K)] [ParOldGen: 689618K->689618K(698880K)] 722474K->722474K(741376K) [PSPermGen: 5228K->5228K(21504K)], 0.0120430 secs] [Times: user=0.04 sys=0.02, real=0.01 secs] 
56.700: [GC-- [PSYoungGen: 33135K->33135K(42496K)] 722754K->722834K(741376K), 0.0078670 secs] [Times: user=0.10 sys=0.00, real=0.01 secs] 
56.708: [Full GC [PSYoungGen: 33135K->32854K(42496K)] [ParOldGen: 689698K->689648K(698880K)] 722834K->722502K(741376K) [PSPermGen: 5229K->5229K(21504K)], 0.0872970 secs] [Times: user=1.62 sys=0.05, real=0.08 secs] 
56.795: [GC-- [PSYoungGen: 32854K->32854K(42496K)] 722502K->722502K(741376K), 0.0045110 secs] [Times: user=0.02 sys=0.02, real=0.01 secs] 
56.800: [Full GC [PSYoungGen: 32854K->32854K(42496K)] [ParOldGen: 689648K->689648K(698880K)] 722502K->722502K(741376K) [PSPermGen: 5229K->5229K(21504K)], 0.0139060 secs] [Times: user=0.04 sys=0.02, real=0.01 secs] 
56.815: [GC-- [PSYoungGen: 33134K->33134K(42496K)] 722782K->722782K(741376K), 0.0047210 secs] [Times: user=0.03 sys=0.01, real=0.01 secs] 
56.820: [Full GC [PSYoungGen: 33134K->32854K(42496K)] [ParOldGen: 689648K->689648K(698880K)] 722782K->722503K(741376K) [PSPermGen: 5229K->5229K(21504K)], 0.0137950 secs] [Times: user=0.03 sys=0.02, real=0.01 secs] 
56.834: [GC-- [PSYoungGen: 32854K->32854K(42496K)] 722503K->722511K(741376K), 0.0044120 secs] [Times: user=0.04 sys=0.00, real=0.00 secs] 
56.838: [Full GC [PSYoungGen: 32854K->32854K(42496K)] [ParOldGen: 689656K->689648K(698880K)] 722511K->722503K(741376K) [PSPermGen: 5229K->5229K(21504K)], 0.0141440 secs] [Times: user=0.05 sys=0.02, real=0.02 secs] 
56.948: [GC-- [PSYoungGen: 33278K->33278K(42496K)] 722926K->722926K(741376K), 0.0056530 secs] [Times: user=0.05 sys=0.00, real=0.00 secs] 
56.954: [Full GC [PSYoungGen: 33278K->32911K(42496K)] [ParOldGen: 689648K->689648K(698880K)] 722926K->722560K(741376K) [PSPermGen: 5229K->5229K(21504K)], 0.0128980 secs] [Times: user=0.05 sys=0.01, real=0.02 secs] 
56.967: [GC-- [PSYoungGen: 32911K->32911K(42496K)] 722560K->722600K(741376K), 0.0073550 secs] [Times: user=0.10 sys=0.00, real=0.00 secs] 
56.975: [Full GC [PSYoungGen: 32911K->32878K(42496K)] [ParOldGen: 689688K->689681K(698880K)] 722600K->722560K(741376K) [PSPermGen: 5229K->5229K(21504K)], 0.0137040 secs] [Times: user=0.04 sys=0.02, real=0.02 secs] 
57.010: [GC-- [PSYoungGen: 33158K->33158K(42496K)] 722840K->722840K(741376K), 0.0079690 secs] [Times: user=0.10 sys=0.00, real=0.00 secs] 
57.018: [Full GC [PSYoungGen: 33158K->32907K(42496K)] [ParOldGen: 689681K->689681K(698880K)] 722840K->722588K(741376K) [PSPermGen: 5229K->5229K(21504K)], 0.0154420 secs] [Times: user=0.04 sys=0.02, real=0.02 secs] 
57.034: [GC-- [PSYoungGen: 32907K->32907K(42496K)] 722588K->722604K(741376K), 0.0031500 secs] [Times: user=0.04 sys=0.00, real=0.00 secs] 
57.037: [Full GC [PSYoungGen: 32907K->32906K(42496K)] [ParOldGen: 689697K->689681K(698880K)] 722604K->722588K(741376K) [PSPermGen: 5229K->5229K(21504K)], 0.0148240 secs] [Times: user=0.06 sys=0.00, real=0.02 secs] 
57.052: [GC-- [PSYoungGen: 33186K->33186K(42496K)] 722868K->722884K(741376K), 0.0043060 secs] [Times: user=0.03 sys=0.00, real=0.00 secs] 
57.057: [Full GC [PSYoungGen: 33186K->32907K(42496K)] [ParOldGen: 689697K->689681K(698880K)] 722884K->722589K(741376K) [PSPermGen: 5229K->5229K(21504K)], 0.0142520 secs] [Times: user=0.06 sys=0.00, real=0.02 secs] 
57.071: [GC-- [PSYoungGen: 32907K->32907K(42496K)] 722589K->722597K(741376K), 0.0044220 secs] [Times: user=0.04 sys=0.00, real=0.00 secs] 
57.076: [Full GC [PSYoungGen: 32907K->32906K(42496K)] [ParOldGen: 689689K->689682K(698880K)] 722597K->722589K(741376K) [PSPermGen: 5229K->5229K(21504K)], 0.0133860 secs] [Times: user=0.05 sys=0.00, real=0.02 secs] 
57.148: [GC-- [PSYoungGen: 33330K->33330K(42496K)] 723012K->723012K(741376K), 0.0085060 secs] [Times: user=0.11 sys=0.00, real=0.00 secs] 
57.156: [Full GC [PSYoungGen: 33330K->32964K(42496K)] [ParOldGen: 689682K->689681K(698880K)] 723012K->722646K(741376K) [PSPermGen: 5229K->5229K(21504K)], 0.0153580 secs] [Times: user=0.06 sys=0.00, real=0.02 secs] 
57.172: [GC-- [PSYoungGen: 32964K->32964K(42496K)] 722646K->722726K(741376K), 0.0043320 secs] [Times: user=0.06 sys=0.00, real=0.00 secs] 
57.176: [Full GC [PSYoungGen: 32964K->32906K(42496K)] [ParOldGen: 689761K->689739K(698880K)] 722726K->722646K(741376K) [PSPermGen: 5229K->5229K(21504K)], 0.0148640 secs] [Times: user=0.06 sys=0.00, real=0.02 secs] 
61.185: [GC-- [PSYoungGen: 33466K->33466K(42496K)] 723205K->723205K(741376K), 0.0067670 secs] [Times: user=0.06 sys=0.01, real=0.01 secs] 
61.192: [Full GC [PSYoungGen: 33466K->0K(42496K)] [ParOldGen: 689739K->689907K(698880K)] 723205K->689907K(741376K) [PSPermGen: 5239K->5239K(21504K)], 0.0329660 secs] [Times: user=0.48 sys=0.01, real=0.03 secs] 
61.527: [GC-- [PSYoungGen: 33327K->33327K(42496K)] 723235K->723235K(741376K), 0.0032110 secs] [Times: user=0.02 sys=0.01, real=0.00 secs] 
61.531: [Full GC [PSYoungGen: 33327K->0K(42496K)] [ParOldGen: 689907K->591613K(629760K)] 723235K->591613K(672256K) [PSPermGen: 5239K->5239K(21504K)], 0.0289190 secs] [Times: user=0.18 sys=0.03, real=0.03 secs] 
61.786: [GC-- [PSYoungGen: 33327K->33327K(42496K)] 723245K->723245K(741376K), 0.0045980 secs] [Times: user=0.02 sys=0.01, real=0.01 secs] 
61.791: [Full GC [PSYoungGen: 33327K->32825K(42496K)] [ParOldGen: 689918K->689850K(698880K)] 723245K->722676K(741376K) [PSPermGen: 5239K->5239K(21504K)], 0.0297140 secs] [Times: user=0.40 sys=0.03, real=0.03 secs] 
61.821: [GC-- [PSYoungGen: 32825K->32825K(42496K)] 722676K->722676K(741376K), 0.0048080 secs] [Times: user=0.05 sys=0.00, real=0.00 secs] 
61.825: [Full GC [PSYoungGen: 32825K->32825K(42496K)] [ParOldGen: 689850K->689850K(698880K)] 722676K->722676K(741376K) [PSPermGen: 5239K->5239K(21504K)], 0.0260670 secs] [Times: user=0.32 sys=0.00, real=0.03 secs] 
61.854: [GC-- [PSYoungGen: 32920K->32920K(42496K)] 722770K->722770K(741376K), 0.0047270 secs] [Times: user=0.03 sys=0.00, real=0.01 secs] 
61.859: [Full GC [PSYoungGen: 32920K->0K(42496K)] [ParOldGen: 689850K->689850K(698880K)] 722770K->689850K(741376K) [PSPermGen: 5239K->5239K(21504K)], 0.0566140 secs] [Times: user=0.98 sys=0.03, real=0.05 secs] 
62.051: [GC-- [PSYoungGen: 33047K->33047K(42496K)] 722898K->722898K(741376K), 0.0026740 secs] [Times: user=0.02 sys=0.01, real=0.00 secs] 
62.053: [Full GC [PSYoungGen: 33047K->0K(42496K)] [ParOldGen: 689850K->657064K(695296K)] 722898K->657064K(737792K) [PSPermGen: 5239K->5239K(21504K)], 0.0853970 secs] [Times: user=1.66 sys=0.01, real=0.09 secs] 
62.153: [GC-- [PSYoungGen: 32768K->32768K(42496K)] 722600K->722600K(741376K), 0.0035710 secs] [Times: user=0.03 sys=0.00, real=0.00 secs] 
62.157: [Full GC [PSYoungGen: 32768K->32768K(42496K)] [ParOldGen: 689832K->689822K(698880K)] 722600K->722590K(741376K) [PSPermGen: 5239K->5239K(21504K)], 0.0715050 secs] [Times: user=1.36 sys=0.02, real=0.08 secs] 
62.229: [GC-- [PSYoungGen: 32768K->32768K(42496K)] 722590K->722590K(741376K), 0.0035600 secs] [Times: user=0.05 sys=0.00, real=0.00 secs] 
62.232: [Full GC [PSYoungGen: 32768K->32768K(42496K)] [ParOldGen: 689822K->689822K(698880K)] 722590K->722590K(741376K) [PSPermGen: 5239K->5239K(21504K)], 0.0134480 secs] [Times: user=0.05 sys=0.01, real=0.01 secs] 
64.368: [GC-- [PSYoungGen: 32911K->32911K(42496K)] 722733K->722733K(741376K), 0.0045840 secs] [Times: user=0.06 sys=0.00, real=0.00 secs] 
64.373: [Full GC [PSYoungGen: 32911K->0K(42496K)] [ParOldGen: 689822K->689764K(698880K)] 722733K->689764K(741376K) [PSPermGen: 5239K->5239K(21504K)], 0.0489450 secs] [Times: user=0.85 sys=0.00, real=0.05 secs] 
65.595: [GC-- [PSYoungGen: 33047K->33047K(42496K)] 722812K->722812K(741376K), 0.0053020 secs] [Times: user=0.02 sys=0.01, real=0.01 secs] 
65.601: [Full GC [PSYoungGen: 33047K->0K(42496K)] [ParOldGen: 689764K->656949K(695296K)] 722812K->656949K(737792K) [PSPermGen: 5239K->5239K(21504K)], 0.0647150 secs] [Times: user=1.20 sys=0.00, real=0.06 secs] 
65.757: [GC-- [PSYoungGen: 32768K->32768K(42496K)] 722485K->722485K(741376K), 0.0041110 secs] [Times: user=0.02 sys=0.00, real=0.01 secs] 
65.761: [Full GC [PSYoungGen: 32768K->0K(42496K)] [ParOldGen: 689717K->689721K(698880K)] 722485K->689721K(741376K) [PSPermGen: 5239K->5239K(21504K)], 0.0370670 secs] [Times: user=0.55 sys=0.00, real=0.03 secs] 
65.859: [GC-- [PSYoungGen: 32862K->32862K(42496K)] 722584K->722584K(741376K), 0.0049810 secs] [Times: user=0.02 sys=0.01, real=0.00 secs] 
65.864: [Full GC [PSYoungGen: 32862K->0K(42496K)] [ParOldGen: 689721K->689660K(698880K)] 722584K->689660K(741376K) [PSPermGen: 5239K->5239K(21504K)], 0.0649650 secs] [Times: user=1.17 sys=0.02, real=0.07 secs] 
68.298: [GC [PSYoungGen: 41984K->3647K(49664K)] 731644K->693307K(748544K), 0.0086990 secs] [Times: user=0.03 sys=0.01, real=0.02 secs] 
Heap
 PSYoungGen      total 49664K, used 15799K [0x00000000eaa80000, 0x00000000eea00000, 0x0000000100000000)
  eden space 45056K, 26% used [0x00000000eaa80000,0x00000000eb65e0a0,0x00000000ed680000)
  from space 4608K, 79% used [0x00000000ee100000,0x00000000ee48fd88,0x00000000ee580000)
  to   space 4608K, 0% used [0x00000000ee580000,0x00000000ee580000,0x00000000eea00000)
 ParOldGen       total 698880K, used 689660K [0x00000000c0000000, 0x00000000eaa80000, 0x00000000eaa80000)
  object space 698880K, 98% used [0x00000000c0000000,0x00000000ea17f1d0,0x00000000eaa80000)
 PSPermGen       total 21504K, used 12054K [0x00000000bae00000, 0x00000000bc300000, 0x00000000c0000000)
  object space 21504K, 56% used [0x00000000bae00000,0x00000000bb9c5968,0x00000000bc300000)
