52.080: [GC [PSYoungGen: 10936K->3667K(35840K)] 10936K->3675K(116224K), 0.0084070 secs] [Times: user=0.01 sys=0.05, real=0.01 secs] 
52.089: [Full GC [PSYoungGen: 3667K->0K(35840K)] [ParOldGen: 8K->3139K(80384K)] 3675K->3139K(116224K) [PSPermGen: 5167K->5165K(21504K)], 0.0230050 secs] [Times: user=0.11 sys=0.03, real=0.02 secs] 
52.112: [GC [PSYoungGen: 0K->0K(35840K)] 3139K->3139K(116224K), 0.0053080 secs] [Times: user=0.01 sys=0.02, real=0.00 secs] 
52.118: [Full GC [PSYoungGen: 0K->0K(35840K)] [ParOldGen: 3139K->3139K(80384K)] 3139K->3139K(116224K) [PSPermGen: 5165K->5165K(21504K)], 0.0128910 secs] [Times: user=0.01 sys=0.05, real=0.01 secs] 
56.514: [GC [PSYoungGen: 6040K->1040K(35840K)] 697308K->692307K(734720K), 0.0048360 secs] [Times: user=0.03 sys=0.00, real=0.00 secs] 
56.519: [GC [PSYoungGen: 1040K->848K(35840K)] 692307K->692115K(734720K), 0.0051900 secs] [Times: user=0.03 sys=0.00, real=0.01 secs] 
56.524: [Full GC [PSYoungGen: 848K->0K(35840K)] [ParOldGen: 691267K->690708K(698880K)] 692115K->690708K(734720K) [PSPermGen: 5203K->5203K(21504K)], 0.1892260 secs] [Times: user=2.65 sys=0.10, real=0.19 secs] 
56.714: [GC [PSYoungGen: 0K->0K(35840K)] 690708K->690708K(734720K), 0.0035170 secs] [Times: user=0.03 sys=0.00, real=0.00 secs] 
56.717: [Full GC [PSYoungGen: 0K->0K(35840K)] [ParOldGen: 690708K->689641K(698880K)] 690708K->689641K(734720K) [PSPermGen: 5203K->5200K(21504K)], 0.1333710 secs] [Times: user=2.72 sys=0.02, real=0.13 secs] 
56.930: [GC [PSYoungGen: 416K->384K(42496K)] 690057K->690025K(741376K), 0.0041670 secs] [Times: user=0.03 sys=0.00, real=0.01 secs] 
57.039: [GC-- [PSYoungGen: 33152K->33152K(42496K)] 722793K->722793K(741376K), 0.0048150 secs] [Times: user=0.03 sys=0.00, real=0.00 secs] 
57.044: [Full GC [PSYoungGen: 33152K->32866K(42496K)] [ParOldGen: 689641K->689619K(698880K)] 722793K->722486K(741376K) [PSPermGen: 5229K->5229K(21504K)], 0.1631470 secs] [Times: user=3.26 sys=0.11, real=0.17 secs] 
57.207: [GC-- [PSYoungGen: 32866K->32866K(42496K)] 722486K->722486K(741376K), 0.0054410 secs] [Times: user=0.05 sys=0.00, real=0.01 secs] 
57.212: [Full GC [PSYoungGen: 32866K->32798K(42496K)] [ParOldGen: 689619K->689619K(698880K)] 722486K->722417K(741376K) [PSPermGen: 5229K->5229K(21504K)], 0.0151430 secs] [Times: user=0.04 sys=0.02, real=0.01 secs] 
57.250: [GC-- [PSYoungGen: 33078K->33078K(42496K)] 722697K->722697K(741376K), 0.0058060 secs] [Times: user=0.05 sys=0.00, real=0.01 secs] 
57.256: [Full GC [PSYoungGen: 33078K->32826K(42496K)] [ParOldGen: 689619K->689619K(698880K)] 722697K->722446K(741376K) [PSPermGen: 5229K->5229K(21504K)], 0.1441410 secs] [Times: user=2.92 sys=0.09, real=0.14 secs] 
57.400: [GC-- [PSYoungGen: 32826K->32826K(42496K)] 722446K->722446K(741376K), 0.0038560 secs] [Times: user=0.03 sys=0.01, real=0.01 secs] 
57.404: [Full GC [PSYoungGen: 32826K->32826K(42496K)] [ParOldGen: 689619K->689619K(698880K)] 722446K->722446K(741376K) [PSPermGen: 5229K->5229K(21504K)], 0.0139170 secs] [Times: user=0.03 sys=0.03, real=0.01 secs] 
57.440: [GC-- [PSYoungGen: 33106K->33106K(42496K)] 722726K->722726K(741376K), 0.0052160 secs] [Times: user=0.03 sys=0.02, real=0.01 secs] 
57.446: [Full GC [PSYoungGen: 33106K->32855K(42496K)] [ParOldGen: 689619K->689618K(698880K)] 722726K->722474K(741376K) [PSPermGen: 5229K->5229K(21504K)], 0.1166110 secs] [Times: user=2.37 sys=0.06, real=0.11 secs] 
57.562: [GC-- [PSYoungGen: 32855K->32855K(42496K)] 722474K->722474K(741376K), 0.0049020 secs] [Times: user=0.04 sys=0.00, real=0.01 secs] 
57.568: [Full GC [PSYoungGen: 32855K->32855K(42496K)] [ParOldGen: 689618K->689618K(698880K)] 722474K->722474K(741376K) [PSPermGen: 5229K->5229K(21504K)], 0.0134770 secs] [Times: user=0.06 sys=0.00, real=0.01 secs] 
57.633: [GC-- [PSYoungGen: 33135K->33135K(42496K)] 722754K->722818K(741376K), 0.0047190 secs] [Times: user=0.07 sys=0.00, real=0.00 secs] 
57.638: [Full GC [PSYoungGen: 33135K->32854K(42496K)] [ParOldGen: 689682K->689648K(698880K)] 722818K->722502K(741376K) [PSPermGen: 5230K->5230K(21504K)], 0.1198220 secs] [Times: user=2.34 sys=0.06, real=0.12 secs] 
57.757: [GC-- [PSYoungGen: 32854K->32854K(42496K)] 722502K->722510K(741376K), 0.0049470 secs] [Times: user=0.05 sys=0.00, real=0.00 secs] 
57.762: [Full GC [PSYoungGen: 32854K->32854K(42496K)] [ParOldGen: 689656K->689648K(698880K)] 722510K->722502K(741376K) [PSPermGen: 5230K->5230K(21504K)], 0.0150160 secs] [Times: user=0.06 sys=0.00, real=0.02 secs] 
57.802: [GC-- [PSYoungGen: 33134K->33134K(42496K)] 722782K->722782K(741376K), 0.0049380 secs] [Times: user=0.04 sys=0.00, real=0.01 secs] 
57.807: [Full GC [PSYoungGen: 33134K->32883K(42496K)] [ParOldGen: 689648K->689648K(698880K)] 722782K->722531K(741376K) [PSPermGen: 5230K->5230K(21504K)], 0.0159700 secs] [Times: user=0.06 sys=0.00, real=0.01 secs] 
57.823: [GC-- [PSYoungGen: 32883K->32883K(42496K)] 722531K->722571K(741376K), 0.0036940 secs] [Times: user=0.04 sys=0.00, real=0.01 secs] 
57.826: [Full GC [PSYoungGen: 32883K->32858K(42496K)] [ParOldGen: 689688K->689672K(698880K)] 722571K->722531K(741376K) [PSPermGen: 5230K->5230K(21504K)], 0.0126430 secs] [Times: user=0.07 sys=0.00, real=0.01 secs] 
57.840: [GC-- [PSYoungGen: 33138K->33138K(42496K)] 722811K->722827K(741376K), 0.0037630 secs] [Times: user=0.04 sys=0.00, real=0.00 secs] 
57.843: [Full GC [PSYoungGen: 33138K->32858K(42496K)] [ParOldGen: 689688K->689672K(698880K)] 722827K->722531K(741376K) [PSPermGen: 5230K->5230K(21504K)], 0.0149630 secs] [Times: user=0.07 sys=0.00, real=0.02 secs] 
57.858: [GC-- [PSYoungGen: 32858K->32858K(42496K)] 722531K->722563K(741376K), 0.0045510 secs] [Times: user=0.04 sys=0.00, real=0.00 secs] 
57.863: [Full GC [PSYoungGen: 32858K->32846K(42496K)] [ParOldGen: 689704K->689685K(698880K)] 722563K->722531K(741376K) [PSPermGen: 5230K->5230K(21504K)], 0.0141200 secs] [Times: user=0.06 sys=0.00, real=0.02 secs] 
57.901: [GC-- [PSYoungGen: 33270K->33270K(42496K)] 722955K->722963K(741376K), 0.0065700 secs] [Times: user=0.03 sys=0.02, real=0.01 secs] 
57.907: [Full GC [PSYoungGen: 33270K->32903K(42496K)] [ParOldGen: 689693K->689685K(698880K)] 722963K->722588K(741376K) [PSPermGen: 5230K->5230K(21504K)], 0.0159720 secs] [Times: user=0.05 sys=0.02, real=0.01 secs] 
57.923: [GC-- [PSYoungGen: 32903K->32903K(42496K)] 722588K->722628K(741376K), 0.0044700 secs] [Times: user=0.04 sys=0.00, real=0.01 secs] 
57.928: [Full GC [PSYoungGen: 32903K->32874K(42496K)] [ParOldGen: 689725K->689713K(698880K)] 722628K->722588K(741376K) [PSPermGen: 5230K->5230K(21504K)], 0.0135820 secs] [Times: user=0.04 sys=0.02, real=0.01 secs] 
58.071: [GC-- [PSYoungGen: 33154K->33154K(42496K)] 722868K->722876K(741376K), 0.0063280 secs] [Times: user=0.06 sys=0.01, real=0.01 secs] 
58.077: [Full GC [PSYoungGen: 33154K->32903K(42496K)] [ParOldGen: 689721K->689713K(698880K)] 722876K->722617K(741376K) [PSPermGen: 5230K->5230K(21504K)], 0.0189640 secs] [Times: user=0.05 sys=0.01, real=0.02 secs] 
58.096: [GC-- [PSYoungGen: 32903K->32903K(42496K)] 722617K->722673K(741376K), 0.0054400 secs] [Times: user=0.03 sys=0.02, real=0.00 secs] 
58.102: [Full GC [PSYoungGen: 32903K->32874K(42496K)] [ParOldGen: 689769K->689742K(698880K)] 722673K->722617K(741376K) [PSPermGen: 5230K->5230K(21504K)], 0.0149610 secs] [Times: user=0.07 sys=0.00, real=0.02 secs] 
58.139: [GC-- [PSYoungGen: 33154K->33154K(42496K)] 722897K->722897K(741376K), 0.0062690 secs] [Times: user=0.06 sys=0.01, real=0.01 secs] 
58.146: [Full GC [PSYoungGen: 33154K->32903K(42496K)] [ParOldGen: 689742K->689742K(698880K)] 722897K->722645K(741376K) [PSPermGen: 5230K->5230K(21504K)], 0.0162020 secs] [Times: user=0.04 sys=0.01, real=0.01 secs] 
58.162: [GC-- [PSYoungGen: 32903K->32903K(42496K)] 722645K->722653K(741376K), 0.0048220 secs] [Times: user=0.04 sys=0.00, real=0.01 secs] 
58.167: [Full GC [PSYoungGen: 32903K->32903K(42496K)] [ParOldGen: 689750K->689742K(698880K)] 722653K->722645K(741376K) [PSPermGen: 5230K->5230K(21504K)], 0.0148330 secs] [Times: user=0.06 sys=0.00, real=0.01 secs] 
62.421: [GC-- [PSYoungGen: 33463K->33463K(42496K)] 723205K->723205K(741376K), 0.0058900 secs] [Times: user=0.03 sys=0.01, real=0.01 secs] 
62.427: [Full GC [PSYoungGen: 33463K->0K(42496K)] [ParOldGen: 689742K->624381K(662528K)] 723205K->624381K(705024K) [PSPermGen: 5240K->5240K(21504K)], 0.0326900 secs] [Times: user=0.33 sys=0.01, real=0.03 secs] 
62.618: [GC-- [PSYoungGen: 33327K->33327K(42496K)] 723245K->723245K(741376K), 0.0027390 secs] [Times: user=0.01 sys=0.01, real=0.00 secs] 
62.620: [Full GC [PSYoungGen: 33327K->0K(42496K)] [ParOldGen: 689917K->689918K(698880K)] 723245K->689918K(741376K) [PSPermGen: 5240K->5240K(21504K)], 0.0239330 secs] [Times: user=0.27 sys=0.01, real=0.03 secs] 
62.772: [GC-- [PSYoungGen: 33047K->33047K(42496K)] 722966K->722966K(741376K), 0.0058080 secs] [Times: user=0.01 sys=0.00, real=0.01 secs] 
62.778: [Full GC [PSYoungGen: 33047K->0K(42496K)] [ParOldGen: 689918K->689918K(698880K)] 722966K->689918K(741376K) [PSPermGen: 5240K->5240K(21504K)], 0.0300160 secs] [Times: user=0.37 sys=0.02, real=0.03 secs] 
62.821: [GC-- [PSYoungGen: 33047K->33047K(42496K)] 722966K->722966K(741376K), 0.0040750 secs] [Times: user=0.01 sys=0.01, real=0.01 secs] 
62.825: [Full GC [PSYoungGen: 33047K->0K(42496K)] [ParOldGen: 689918K->689892K(698880K)] 722966K->689892K(741376K) [PSPermGen: 5240K->5240K(21504K)], 0.0339900 secs] [Times: user=0.46 sys=0.02, real=0.03 secs] 
62.937: [GC-- [PSYoungGen: 33207K->33207K(42496K)] 723099K->723099K(741376K), 0.0044680 secs] [Times: user=0.02 sys=0.00, real=0.00 secs] 
62.942: [Full GC [PSYoungGen: 33207K->0K(42496K)] [ParOldGen: 689892K->689879K(698880K)] 723099K->689879K(741376K) [PSPermGen: 5240K->5240K(21504K)], 0.0806440 secs] [Times: user=1.51 sys=0.01, real=0.08 secs] 
63.032: [GC-- [PSYoungGen: 32768K->32768K(42496K)] 722647K->722647K(741376K), 0.0056930 secs] [Times: user=0.02 sys=0.01, real=0.00 secs] 
63.038: [Full GC [PSYoungGen: 32768K->32768K(42496K)] [ParOldGen: 689879K->689879K(698880K)] 722647K->722647K(741376K) [PSPermGen: 5240K->5240K(21504K)], 0.0147510 secs] [Times: user=0.05 sys=0.01, real=0.02 secs] 
63.053: [GC-- [PSYoungGen: 32768K->32768K(42496K)] 722647K->722647K(741376K), 0.0043070 secs] [Times: user=0.02 sys=0.01, real=0.00 secs] 
63.057: [Full GC [PSYoungGen: 32768K->32768K(42496K)] [ParOldGen: 689879K->689879K(698880K)] 722647K->722647K(741376K) [PSPermGen: 5240K->5240K(21504K)], 0.0314850 secs] [Times: user=0.44 sys=0.00, real=0.03 secs] 
63.142: [GC-- [PSYoungGen: 32911K->32911K(42496K)] 722790K->722790K(741376K), 0.0056080 secs] [Times: user=0.05 sys=0.01, real=0.01 secs] 
63.148: [Full GC [PSYoungGen: 32911K->0K(42496K)] [ParOldGen: 689879K->689822K(698880K)] 722790K->689822K(741376K) [PSPermGen: 5240K->5240K(21504K)], 0.0827040 secs] [Times: user=1.56 sys=0.02, real=0.08 secs] 
63.240: [GC-- [PSYoungGen: 32768K->32768K(42496K)] 722590K->722590K(741376K), 0.0045160 secs] [Times: user=0.02 sys=0.01, real=0.01 secs] 
63.244: [Full GC [PSYoungGen: 32768K->32768K(42496K)] [ParOldGen: 689822K->689822K(698880K)] 722590K->722590K(741376K) [PSPermGen: 5240K->5240K(21504K)], 0.0150240 secs] [Times: user=0.04 sys=0.02, real=0.01 secs] 
63.260: [GC-- [PSYoungGen: 32768K->32768K(42496K)] 722590K->722590K(741376K), 0.0047260 secs] [Times: user=0.04 sys=0.01, real=0.01 secs] 
63.264: [Full GC [PSYoungGen: 32768K->32768K(42496K)] [ParOldGen: 689822K->689822K(698880K)] 722590K->722590K(741376K) [PSPermGen: 5240K->5240K(21504K)], 0.0149530 secs] [Times: user=0.04 sys=0.01, real=0.01 secs] 
66.661: [GC-- [PSYoungGen: 33191K->33191K(42496K)] 723013K->723013K(741376K), 0.0048900 secs] [Times: user=0.04 sys=0.00, real=0.01 secs] 
66.666: [Full GC [PSYoungGen: 33191K->0K(42496K)] [ParOldGen: 689822K->624181K(662528K)] 723013K->624181K(705024K) [PSPermGen: 5240K->5240K(21504K)], 0.0861560 secs] [Times: user=1.65 sys=0.00, real=0.09 secs] 
66.999: [GC-- [PSYoungGen: 32911K->32911K(42496K)] 722629K->722629K(741376K), 0.0040420 secs] [Times: user=0.02 sys=0.00, real=0.00 secs] 
67.003: [Full GC [PSYoungGen: 32911K->0K(42496K)] [ParOldGen: 689717K->656892K(694784K)] 722629K->656892K(737280K) [PSPermGen: 5240K->5240K(21504K)], 0.0682190 secs] [Times: user=1.27 sys=0.01, real=0.07 secs] 
69.512: [Full GC [PSYoungGen: 41984K->0K(42496K)] [ParOldGen: 689660K->3775K(47616K)] 731644K->3775K(90112K) [PSPermGen: 7992K->7990K(21504K)], 0.0933670 secs] [Times: user=0.06 sys=0.08, real=0.10 secs] 
Heap
 PSYoungGen      total 42496K, used 13110K [0x00000000eaa80000, 0x00000000ee980000, 0x0000000100000000)
  eden space 41984K, 31% used [0x00000000eaa80000,0x00000000eb74d9c8,0x00000000ed380000)
  from space 512K, 0% used [0x00000000ee900000,0x00000000ee900000,0x00000000ee980000)
  to   space 4608K, 0% used [0x00000000ee080000,0x00000000ee080000,0x00000000ee500000)
 ParOldGen       total 47616K, used 3775K [0x00000000c0000000, 0x00000000c2e80000, 0x00000000eaa80000)
  object space 47616K, 7% used [0x00000000c0000000,0x00000000c03aff10,0x00000000c2e80000)
 PSPermGen       total 21504K, used 12052K [0x00000000bae00000, 0x00000000bc300000, 0x00000000c0000000)
  object space 21504K, 56% used [0x00000000bae00000,0x00000000bb9c52d0,0x00000000bc300000)
