52.430: [GC [PSYoungGen: 10939K->3619K(35840K)] 10939K->3627K(116224K), 0.0111520 secs] [Times: user=0.10 sys=0.02, real=0.02 secs] 
52.441: [Full GC [PSYoungGen: 3619K->0K(35840K)] [ParOldGen: 8K->3139K(80384K)] 3627K->3139K(116224K) [PSPermGen: 5166K->5164K(21504K)], 0.0269900 secs] [Times: user=0.12 sys=0.04, real=0.02 secs] 
52.469: [GC [PSYoungGen: 0K->0K(35840K)] 3139K->3139K(116224K), 0.0028710 secs] [Times: user=0.00 sys=0.02, real=0.00 secs] 
52.472: [Full GC [PSYoungGen: 0K->0K(35840K)] [ParOldGen: 3139K->3139K(80384K)] 3139K->3139K(116224K) [PSPermGen: 5164K->5164K(21504K)], 0.0139070 secs] [Times: user=0.06 sys=0.00, real=0.02 secs] 
52.582: [GC [PSYoungGen: 6040K->928K(35840K)] 336860K->331747K(385024K), 0.0057150 secs] [Times: user=0.00 sys=0.02, real=0.00 secs] 
52.588: [GC [PSYoungGen: 928K->672K(67072K)] 331747K->331491K(416256K), 0.0027590 secs] [Times: user=0.03 sys=0.00, real=0.00 secs] 
52.590: [Full GC [PSYoungGen: 672K->0K(67072K)] [ParOldGen: 330819K->330256K(349184K)] 331491K->330256K(416256K) [PSPermGen: 5198K->5198K(21504K)], 0.0831350 secs] [Times: user=1.02 sys=0.04, real=0.09 secs] 
52.711: [GC-- [PSYoungGen: 32768K->32768K(67072K)] 363024K->363024K(416256K), 0.0042520 secs] [Times: user=0.03 sys=0.00, real=0.01 secs] 
52.715: [Full GC [PSYoungGen: 32768K->32768K(67072K)] [ParOldGen: 330256K->330256K(349184K)] 363024K->363024K(416256K) [PSPermGen: 5198K->5198K(21504K)], 0.0168660 secs] [Times: user=0.08 sys=0.00, real=0.01 secs] 
52.732: [GC-- [PSYoungGen: 32768K->32768K(67072K)] 363024K->363024K(416256K), 0.0043140 secs] [Times: user=0.03 sys=0.00, real=0.01 secs] 
52.736: [Full GC [PSYoungGen: 32768K->32768K(67072K)] [ParOldGen: 330256K->329189K(349184K)] 363024K->361957K(416256K) [PSPermGen: 5198K->5195K(21504K)], 0.0576680 secs] [Times: user=0.99 sys=0.00, real=0.06 secs] 
52.795: [GC-- [PSYoungGen: 33184K->33184K(67072K)] 362373K->362373K(416256K), 0.0049200 secs] [Times: user=0.04 sys=0.00, real=0.00 secs] 
52.800: [Full GC [PSYoungGen: 33184K->32768K(67072K)] [ParOldGen: 329189K->329189K(349184K)] 362373K->361957K(416256K) [PSPermGen: 5195K->5195K(21504K)], 0.0142980 secs] [Times: user=0.06 sys=0.00, real=0.02 secs] 
52.814: [GC-- [PSYoungGen: 32768K->32768K(67072K)] 361957K->361957K(416256K), 0.0045870 secs] [Times: user=0.03 sys=0.00, real=0.00 secs] 
52.819: [Full GC [PSYoungGen: 32768K->32768K(67072K)] [ParOldGen: 329189K->329189K(349184K)] 361957K->361957K(416256K) [PSPermGen: 5195K->5195K(21504K)], 0.0122710 secs] [Times: user=0.06 sys=0.00, real=0.01 secs] 
52.832: [GC-- [PSYoungGen: 33185K->33185K(67072K)] 362374K->362374K(416256K), 0.0039880 secs] [Times: user=0.03 sys=0.00, real=0.01 secs] 
52.836: [Full GC [PSYoungGen: 33185K->32768K(67072K)] [ParOldGen: 329189K->329188K(349184K)] 362374K->361957K(416256K) [PSPermGen: 5195K->5195K(21504K)], 0.0130460 secs] [Times: user=0.06 sys=0.00, real=0.01 secs] 
52.849: [GC-- [PSYoungGen: 32768K->32768K(67072K)] 361957K->361957K(416256K), 0.0037600 secs] [Times: user=0.03 sys=0.00, real=0.01 secs] 
52.853: [Full GC [PSYoungGen: 32768K->32768K(67072K)] [ParOldGen: 329188K->329188K(349184K)] 361957K->361957K(416256K) [PSPermGen: 5195K->5195K(21504K)], 0.0124590 secs] [Times: user=0.06 sys=0.00, real=0.01 secs] 
52.866: [GC-- [PSYoungGen: 33401K->33401K(67072K)] 362590K->362590K(416256K), 0.0028100 secs] [Times: user=0.01 sys=0.02, real=0.00 secs] 
52.869: [Full GC [PSYoungGen: 33401K->32769K(67072K)] [ParOldGen: 329188K->329188K(349184K)] 362590K->361957K(416256K) [PSPermGen: 5195K->5195K(21504K)], 0.0109580 secs] [Times: user=0.06 sys=0.00, real=0.01 secs] 
52.880: [GC-- [PSYoungGen: 32769K->32769K(67072K)] 361957K->361957K(416256K), 0.0026220 secs] [Times: user=0.02 sys=0.00, real=0.01 secs] 
52.883: [Full GC [PSYoungGen: 32769K->32769K(67072K)] [ParOldGen: 329188K->329188K(349184K)] 361957K->361957K(416256K) [PSPermGen: 5195K->5195K(21504K)], 0.0119080 secs] [Times: user=0.06 sys=0.00, real=0.01 secs] 
52.895: [GC-- [PSYoungGen: 33185K->33185K(67072K)] 362374K->362382K(416256K), 0.0027140 secs] [Times: user=0.03 sys=0.00, real=0.00 secs] 
52.898: [Full GC [PSYoungGen: 33185K->32769K(67072K)] [ParOldGen: 329196K->329188K(349184K)] 362382K->361957K(416256K) [PSPermGen: 5195K->5195K(21504K)], 0.0122290 secs] [Times: user=0.05 sys=0.00, real=0.01 secs] 
52.910: [GC-- [PSYoungGen: 32769K->32769K(67072K)] 361957K->361973K(416256K), 0.0044060 secs] [Times: user=0.03 sys=0.01, real=0.01 secs] 
52.915: [Full GC [PSYoungGen: 32769K->32768K(67072K)] [ParOldGen: 329204K->329189K(349184K)] 361973K->361957K(416256K) [PSPermGen: 5195K->5195K(21504K)], 0.0126870 secs] [Times: user=0.02 sys=0.04, real=0.01 secs] 
52.938: [GC-- [PSYoungGen: 34536K->34536K(67072K)] 363725K->363733K(416256K), 0.0042760 secs] [Times: user=0.01 sys=0.03, real=0.01 secs] 
52.943: [Full GC [PSYoungGen: 34536K->32892K(67072K)] [ParOldGen: 329197K->329169K(349184K)] 363733K->362061K(416256K) [PSPermGen: 5224K->5224K(21504K)], 0.0560840 secs] [Times: user=0.96 sys=0.05, real=0.05 secs] 
52.999: [GC-- [PSYoungGen: 32892K->32892K(67072K)] 362061K->362069K(416256K), 0.0035940 secs] [Times: user=0.03 sys=0.00, real=0.01 secs] 
53.002: [Full GC [PSYoungGen: 32892K->32823K(67072K)] [ParOldGen: 329177K->329169K(349184K)] 362069K->361993K(416256K) [PSPermGen: 5224K->5224K(21504K)], 0.0113260 secs] [Times: user=0.06 sys=0.00, real=0.01 secs] 
53.022: [GC-- [PSYoungGen: 33982K->33982K(67072K)] 363151K->363151K(416256K), 0.0052820 secs] [Times: user=0.01 sys=0.03, real=0.00 secs] 
53.027: [Full GC [PSYoungGen: 33982K->32803K(67072K)] [ParOldGen: 329169K->329140K(349184K)] 363151K->361943K(416256K) [PSPermGen: 5225K->5225K(21504K)], 0.0536250 secs] [Times: user=0.94 sys=0.00, real=0.05 secs] 
53.081: [GC-- [PSYoungGen: 32803K->32803K(67072K)] 361943K->361951K(416256K), 0.0047400 secs] [Times: user=0.04 sys=0.00, real=0.01 secs] 
53.086: [Full GC [PSYoungGen: 32803K->32803K(67072K)] [ParOldGen: 329148K->329140K(349184K)] 361951K->361943K(416256K) [PSPermGen: 5225K->5225K(21504K)], 0.0129270 secs] [Times: user=0.02 sys=0.03, real=0.01 secs] 
53.102: [GC-- [PSYoungGen: 33152K->33152K(67072K)] 362293K->362293K(416256K), 0.0048620 secs] [Times: user=0.04 sys=0.00, real=0.00 secs] 
53.107: [Full GC [PSYoungGen: 33152K->32829K(67072K)] [ParOldGen: 329140K->329111K(349184K)] 362293K->361941K(416256K) [PSPermGen: 5225K->5225K(21504K)], 0.0564570 secs] [Times: user=0.94 sys=0.06, real=0.06 secs] 
53.164: [GC-- [PSYoungGen: 32829K->32829K(67072K)] 361941K->361941K(416256K), 0.0048550 secs] [Times: user=0.04 sys=0.00, real=0.00 secs] 
53.168: [Full GC [PSYoungGen: 32829K->32829K(67072K)] [ParOldGen: 329111K->329111K(349184K)] 361941K->361941K(416256K) [PSPermGen: 5225K->5225K(21504K)], 0.0129300 secs] [Times: user=0.04 sys=0.02, real=0.02 secs] 
53.182: [GC-- [PSYoungGen: 32955K->32955K(67072K)] 362067K->362067K(416256K), 0.0048310 secs] [Times: user=0.01 sys=0.02, real=0.00 secs] 
53.187: [Full GC [PSYoungGen: 32955K->32856K(67072K)] [ParOldGen: 329111K->329082K(349184K)] 362067K->361939K(416256K) [PSPermGen: 5225K->5225K(21504K)], 0.0559910 secs] [Times: user=0.99 sys=0.01, real=0.06 secs] 
53.243: [GC-- [PSYoungGen: 32856K->32856K(67072K)] 361939K->361971K(416256K), 0.0050020 secs] [Times: user=0.04 sys=0.00, real=0.00 secs] 
53.248: [Full GC [PSYoungGen: 32856K->32854K(67072K)] [ParOldGen: 329114K->329084K(349184K)] 361971K->361939K(416256K) [PSPermGen: 5225K->5225K(21504K)], 0.0138260 secs] [Times: user=0.06 sys=0.00, real=0.02 secs] 
53.263: [GC-- [PSYoungGen: 32896K->32896K(67072K)] 361981K->361981K(416256K), 0.0042230 secs] [Times: user=0.03 sys=0.00, real=0.00 secs] 
53.267: [Full GC [PSYoungGen: 32896K->32854K(67072K)] [ParOldGen: 329084K->329056K(349184K)] 361981K->361911K(416256K) [PSPermGen: 5225K->5225K(21504K)], 0.0129200 secs] [Times: user=0.05 sys=0.00, real=0.01 secs] 
53.280: [GC-- [PSYoungGen: 32854K->32854K(67072K)] 361911K->361943K(416256K), 0.0049060 secs] [Times: user=0.04 sys=0.00, real=0.01 secs] 
53.285: [Full GC [PSYoungGen: 32854K->32853K(67072K)] [ParOldGen: 329088K->329057K(349184K)] 361943K->361911K(416256K) [PSPermGen: 5225K->5225K(21504K)], 0.0111310 secs] [Times: user=0.06 sys=0.00, real=0.01 secs] 
56.364: [GC-- [PSYoungGen: 36735K->36735K(67072K)] 365792K->365800K(416256K), 0.0061230 secs] [Times: user=0.06 sys=0.00, real=0.00 secs] 
56.371: [Full GC [PSYoungGen: 36735K->32856K(67072K)] [ParOldGen: 329065K->329027K(349184K)] 365800K->361884K(416256K) [PSPermGen: 5229K->5229K(21504K)], 0.0485760 secs] [Times: user=0.85 sys=0.00, real=0.05 secs] 
56.419: [GC-- [PSYoungGen: 32856K->32856K(67072K)] 361884K->361892K(416256K), 0.0042220 secs] [Times: user=0.03 sys=0.00, real=0.01 secs] 
56.424: [Full GC [PSYoungGen: 32856K->32787K(67072K)] [ParOldGen: 329035K->329027K(349184K)] 361892K->361815K(416256K) [PSPermGen: 5229K->5229K(21504K)], 0.0110490 secs] [Times: user=0.05 sys=0.00, real=0.01 secs] 
56.486: [GC-- [PSYoungGen: 33003K->33003K(67072K)] 362030K->362030K(416256K), 0.0040850 secs] [Times: user=0.05 sys=0.00, real=0.00 secs] 
56.490: [Full GC [PSYoungGen: 33003K->32797K(67072K)] [ParOldGen: 329027K->329027K(349184K)] 362030K->361825K(416256K) [PSPermGen: 5229K->5229K(21504K)], 0.0122750 secs] [Times: user=0.06 sys=0.00, real=0.02 secs] 
56.502: [GC-- [PSYoungGen: 32797K->32797K(67072K)] 361825K->361833K(416256K), 0.0029450 secs] [Times: user=0.03 sys=0.00, real=0.00 secs] 
56.505: [Full GC [PSYoungGen: 32797K->32797K(67072K)] [ParOldGen: 329035K->329027K(349184K)] 361833K->361825K(416256K) [PSPermGen: 5229K->5229K(21504K)], 0.0111570 secs] [Times: user=0.05 sys=0.00, real=0.01 secs] 
56.586: [GC-- [PSYoungGen: 33013K->33013K(67072K)] 362041K->362041K(416256K), 0.0052010 secs] [Times: user=0.05 sys=0.00, real=0.00 secs] 
56.591: [Full GC [PSYoungGen: 33013K->32826K(67072K)] [ParOldGen: 329027K->329027K(349184K)] 362041K->361854K(416256K) [PSPermGen: 5229K->5229K(21504K)], 0.0137030 secs] [Times: user=0.05 sys=0.00, real=0.02 secs] 
56.605: [GC-- [PSYoungGen: 32826K->32826K(67072K)] 361854K->361854K(416256K), 0.0046850 secs] [Times: user=0.03 sys=0.00, real=0.00 secs] 
56.609: [Full GC [PSYoungGen: 32826K->32826K(67072K)] [ParOldGen: 329027K->329027K(349184K)] 361854K->361854K(416256K) [PSPermGen: 5229K->5229K(21504K)], 0.0124390 secs] [Times: user=0.06 sys=0.00, real=0.02 secs] 
56.654: [GC-- [PSYoungGen: 33042K->33042K(67072K)] 362069K->362069K(416256K), 0.0055880 secs] [Times: user=0.06 sys=0.00, real=0.00 secs] 
56.660: [Full GC [PSYoungGen: 33042K->32855K(67072K)] [ParOldGen: 329027K->329027K(349184K)] 362069K->361882K(416256K) [PSPermGen: 5229K->5229K(21504K)], 0.0137640 secs] [Times: user=0.05 sys=0.00, real=0.02 secs] 
56.674: [GC-- [PSYoungGen: 32855K->32855K(67072K)] 361882K->361938K(416256K), 0.0046080 secs] [Times: user=0.04 sys=0.00, real=0.00 secs] 
56.679: [Full GC [PSYoungGen: 32855K->32854K(67072K)] [ParOldGen: 329083K->329028K(349184K)] 361938K->361882K(416256K) [PSPermGen: 5229K->5229K(21504K)], 0.0122180 secs] [Times: user=0.06 sys=0.00, real=0.01 secs] 
56.760: [GC-- [PSYoungGen: 33069K->33069K(67072K)] 362098K->362098K(416256K), 0.0049090 secs] [Times: user=0.03 sys=0.00, real=0.01 secs] 
56.765: [Full GC [PSYoungGen: 33069K->32883K(67072K)] [ParOldGen: 329028K->329028K(349184K)] 362098K->361911K(416256K) [PSPermGen: 5229K->5229K(21504K)], 0.0123470 secs] [Times: user=0.06 sys=0.00, real=0.01 secs] 
56.778: [GC-- [PSYoungGen: 32883K->32883K(67072K)] 361911K->361943K(416256K), 0.0069410 secs] [Times: user=0.09 sys=0.01, real=0.01 secs] 
56.785: [Full GC [PSYoungGen: 32883K->32870K(67072K)] [ParOldGen: 329060K->329041K(349184K)] 361943K->361911K(416256K) [PSPermGen: 5229K->5229K(21504K)], 0.0125650 secs] [Times: user=0.05 sys=0.01, real=0.01 secs] 
56.821: [GC-- [PSYoungGen: 33085K->33085K(67072K)] 362126K->362126K(416256K), 0.0058160 secs] [Times: user=0.02 sys=0.01, real=0.00 secs] 
56.827: [Full GC [PSYoungGen: 33085K->32899K(67072K)] [ParOldGen: 329041K->329040K(349184K)] 362126K->361940K(416256K) [PSPermGen: 5229K->5229K(21504K)], 0.0106920 secs] [Times: user=0.05 sys=0.00, real=0.01 secs] 
56.838: [GC-- [PSYoungGen: 32899K->32899K(67072K)] 361940K->361956K(416256K), 0.0043900 secs] [Times: user=0.03 sys=0.01, real=0.01 secs] 
56.842: [Full GC [PSYoungGen: 32899K->32894K(67072K)] [ParOldGen: 329056K->329045K(349184K)] 361956K->361940K(416256K) [PSPermGen: 5229K->5229K(21504K)], 0.0115900 secs] [Times: user=0.03 sys=0.03, real=0.01 secs] 
56.855: [GC-- [PSYoungGen: 33109K->33109K(67072K)] 362155K->362155K(416256K), 0.0027840 secs] [Times: user=0.01 sys=0.02, real=0.00 secs] 
56.857: [Full GC [PSYoungGen: 33109K->32894K(67072K)] [ParOldGen: 329045K->329045K(349184K)] 362155K->361940K(416256K) [PSPermGen: 5229K->5229K(21504K)], 0.0121090 secs] [Times: user=0.03 sys=0.03, real=0.01 secs] 
56.870: [GC-- [PSYoungGen: 32894K->32894K(67072K)] 361940K->361988K(416256K), 0.0051380 secs] [Times: user=0.02 sys=0.01, real=0.01 secs] 
56.875: [Full GC [PSYoungGen: 32894K->32865K(67072K)] [ParOldGen: 329093K->329074K(349184K)] 361988K->361940K(416256K) [PSPermGen: 5229K->5229K(21504K)], 0.0135440 secs] [Times: user=0.06 sys=0.00, real=0.01 secs] 
56.889: [GC-- [PSYoungGen: 33081K->33081K(67072K)] 362155K->362155K(416256K), 0.0048600 secs] [Times: user=0.01 sys=0.03, real=0.01 secs] 
56.894: [Full GC [PSYoungGen: 33081K->32866K(67072K)] [ParOldGen: 329074K->329074K(349184K)] 362155K->361940K(416256K) [PSPermGen: 5229K->5229K(21504K)], 0.0122890 secs] [Times: user=0.04 sys=0.02, real=0.01 secs] 
56.906: [GC-- [PSYoungGen: 32866K->32866K(67072K)] 361940K->361980K(416256K), 0.0042770 secs] [Times: user=0.01 sys=0.02, real=0.00 secs] 
56.911: [Full GC [PSYoungGen: 32866K->32837K(67072K)] [ParOldGen: 329114K->329102K(349184K)] 361980K->361940K(416256K) [PSPermGen: 5229K->5229K(21504K)], 0.0127920 secs] [Times: user=0.03 sys=0.02, real=0.02 secs] 
56.965: [GC-- [PSYoungGen: 33338K->33338K(67072K)] 362441K->362441K(416256K), 0.0058370 secs] [Times: user=0.08 sys=0.00, real=0.00 secs] 
56.971: [Full GC [PSYoungGen: 33338K->32923K(67072K)] [ParOldGen: 329102K->329102K(349184K)] 362441K->362026K(416256K) [PSPermGen: 5229K->5229K(21504K)], 0.0126090 secs] [Times: user=0.03 sys=0.02, real=0.02 secs] 
56.983: [GC-- [PSYoungGen: 32923K->32923K(67072K)] 362026K->362090K(416256K), 0.0040060 secs] [Times: user=0.04 sys=0.00, real=0.00 secs] 
56.987: [Full GC [PSYoungGen: 32923K->32878K(67072K)] [ParOldGen: 329166K->329147K(349184K)] 362090K->362026K(416256K) [PSPermGen: 5229K->5229K(21504K)], 0.0129960 secs] [Times: user=0.05 sys=0.00, real=0.01 secs] 
57.050: [GC-- [PSYoungGen: 33094K->33094K(67072K)] 362241K->362241K(416256K), 0.0054500 secs] [Times: user=0.07 sys=0.00, real=0.01 secs] 
57.056: [Full GC [PSYoungGen: 33094K->32907K(67072K)] [ParOldGen: 329147K->329147K(349184K)] 362241K->362054K(416256K) [PSPermGen: 5229K->5229K(21504K)], 0.0130620 secs] [Times: user=0.06 sys=0.00, real=0.01 secs] 
57.069: [GC-- [PSYoungGen: 32907K->32907K(67072K)] 362054K->362086K(416256K), 0.0041280 secs] [Times: user=0.03 sys=0.00, real=0.01 secs] 
57.073: [Full GC [PSYoungGen: 32907K->32883K(67072K)] [ParOldGen: 329179K->329171K(349184K)] 362086K->362054K(416256K) [PSPermGen: 5229K->5229K(21504K)], 0.0125700 secs] [Times: user=0.05 sys=0.00, real=0.01 secs] 
57.106: [GC-- [PSYoungGen: 33098K->33098K(67072K)] 362270K->362278K(416256K), 0.0035420 secs] [Times: user=0.02 sys=0.01, real=0.00 secs] 
57.109: [Full GC [PSYoungGen: 33098K->32911K(67072K)] [ParOldGen: 329179K->329171K(349184K)] 362278K->362083K(416256K) [PSPermGen: 5229K->5229K(21504K)], 0.0136140 secs] [Times: user=0.03 sys=0.03, real=0.02 secs] 
57.123: [GC-- [PSYoungGen: 32911K->32911K(67072K)] 362083K->362091K(416256K), 0.0043150 secs] [Times: user=0.04 sys=0.00, real=0.00 secs] 
57.127: [Full GC [PSYoungGen: 32911K->32911K(67072K)] [ParOldGen: 329179K->329171K(349184K)] 362091K->362083K(416256K) [PSPermGen: 5229K->5229K(21504K)], 0.0118770 secs] [Times: user=0.06 sys=0.00, real=0.01 secs] 
59.449: [GC-- [PSYoungGen: 33328K->33328K(67072K)] 362499K->362507K(416256K), 0.0046440 secs] [Times: user=0.02 sys=0.01, real=0.01 secs] 
59.454: [Full GC [PSYoungGen: 33328K->0K(67072K)] [ParOldGen: 329179K->329296K(349184K)] 362507K->329296K(416256K) [PSPermGen: 5229K->5229K(21504K)], 0.0227990 secs] [Times: user=0.28 sys=0.02, real=0.02 secs] 
59.799: [GC-- [PSYoungGen: 32768K->32768K(67072K)] 362064K->362064K(416256K), 0.0034350 secs] [Times: user=0.03 sys=0.00, real=0.01 secs] 
59.803: [Full GC [PSYoungGen: 32768K->32768K(67072K)] [ParOldGen: 329296K->329286K(349184K)] 362064K->362054K(416256K) [PSPermGen: 5229K->5229K(21504K)], 0.0216340 secs] [Times: user=0.23 sys=0.00, real=0.02 secs] 
59.824: [GC-- [PSYoungGen: 32768K->32768K(67072K)] 362054K->362054K(416256K), 0.0040960 secs] [Times: user=0.04 sys=0.00, real=0.00 secs] 
59.828: [Full GC [PSYoungGen: 32768K->32768K(67072K)] [ParOldGen: 329286K->329286K(349184K)] 362054K->362054K(416256K) [PSPermGen: 5229K->5229K(21504K)], 0.0135790 secs] [Times: user=0.04 sys=0.02, real=0.02 secs] 
59.850: [GC-- [PSYoungGen: 32910K->32910K(67072K)] 362197K->362197K(416256K), 0.0045830 secs] [Times: user=0.02 sys=0.01, real=0.01 secs] 
59.855: [Full GC [PSYoungGen: 32910K->0K(67072K)] [ParOldGen: 329286K->329239K(349184K)] 362197K->329239K(416256K) [PSPermGen: 5229K->5229K(21504K)], 0.0277870 secs] [Times: user=0.39 sys=0.00, real=0.03 secs] 
60.137: [GC-- [PSYoungGen: 32768K->32768K(67072K)] 362007K->362007K(416256K), 0.0030730 secs] [Times: user=0.03 sys=0.00, real=0.00 secs] 
60.140: [Full GC [PSYoungGen: 32768K->32768K(67072K)] [ParOldGen: 329239K->329229K(349184K)] 362007K->361997K(416256K) [PSPermGen: 5229K->5229K(21504K)], 0.0248850 secs] [Times: user=0.32 sys=0.01, real=0.03 secs] 
60.165: [GC-- [PSYoungGen: 32768K->32768K(67072K)] 361997K->361997K(416256K), 0.0024350 secs] [Times: user=0.02 sys=0.01, real=0.00 secs] 
60.168: [Full GC [PSYoungGen: 32768K->32768K(67072K)] [ParOldGen: 329229K->329229K(349184K)] 361997K->361997K(416256K) [PSPermGen: 5229K->5229K(21504K)], 0.0134900 secs] [Times: user=0.05 sys=0.00, real=0.02 secs] 
60.183: [GC-- [PSYoungGen: 32910K->32910K(67072K)] 362140K->362140K(416256K), 0.0026810 secs] [Times: user=0.03 sys=0.00, real=0.00 secs] 
60.186: [Full GC [PSYoungGen: 32910K->0K(67072K)] [ParOldGen: 329229K->329182K(349184K)] 362140K->329182K(416256K) [PSPermGen: 5229K->5229K(21504K)], 0.0341260 secs] [Times: user=0.55 sys=0.00, real=0.03 secs] 
60.247: [GC-- [PSYoungGen: 32768K->32768K(67072K)] 361950K->361950K(416256K), 0.0044690 secs] [Times: user=0.03 sys=0.00, real=0.00 secs] 
60.251: [Full GC [PSYoungGen: 32768K->32768K(67072K)] [ParOldGen: 329182K->329172K(349184K)] 361950K->361940K(416256K) [PSPermGen: 5229K->5229K(21504K)], 0.0302480 secs] [Times: user=0.47 sys=0.00, real=0.04 secs] 
60.281: [GC-- [PSYoungGen: 32768K->32768K(67072K)] 361940K->361940K(416256K), 0.0044070 secs] [Times: user=0.03 sys=0.00, real=0.00 secs] 
60.286: [Full GC [PSYoungGen: 32768K->32768K(67072K)] [ParOldGen: 329172K->329172K(349184K)] 361940K->361940K(416256K) [PSPermGen: 5229K->5229K(21504K)], 0.0133330 secs] [Times: user=0.05 sys=0.00, real=0.01 secs] 
60.301: [GC-- [PSYoungGen: 32862K->32862K(67072K)] 362034K->362034K(416256K), 0.0055780 secs] [Times: user=0.04 sys=0.00, real=0.00 secs] 
60.307: [Full GC [PSYoungGen: 32862K->0K(67072K)] [ParOldGen: 329172K->329125K(349184K)] 362034K->329125K(416256K) [PSPermGen: 5229K->5229K(21504K)], 0.0374660 secs] [Times: user=0.55 sys=0.02, real=0.04 secs] 
60.401: [GC-- [PSYoungGen: 32768K->32768K(67072K)] 361893K->361893K(416256K), 0.0033310 secs] [Times: user=0.02 sys=0.01, real=0.01 secs] 
60.404: [Full GC [PSYoungGen: 32768K->32768K(67072K)] [ParOldGen: 329125K->329114K(349184K)] 361893K->361882K(416256K) [PSPermGen: 5229K->5229K(21504K)], 0.0322940 secs] [Times: user=0.48 sys=0.02, real=0.03 secs] 
60.437: [GC-- [PSYoungGen: 32768K->32768K(67072K)] 361882K->361882K(416256K), 0.0040610 secs] [Times: user=0.02 sys=0.01, real=0.00 secs] 
60.441: [Full GC [PSYoungGen: 32768K->32768K(67072K)] [ParOldGen: 329114K->329114K(349184K)] 361882K->361882K(416256K) [PSPermGen: 5229K->5229K(21504K)], 0.0130460 secs] [Times: user=0.04 sys=0.02, real=0.02 secs] 
60.455: [GC-- [PSYoungGen: 32910K->32910K(67072K)] 362025K->362025K(416256K), 0.0027970 secs] [Times: user=0.03 sys=0.00, real=0.00 secs] 
60.458: [Full GC [PSYoungGen: 32910K->0K(67072K)] [ParOldGen: 329114K->329067K(349184K)] 362025K->329067K(416256K) [PSPermGen: 5229K->5229K(21504K)], 0.0422620 secs] [Times: user=0.69 sys=0.00, real=0.04 secs] 
60.517: [GC-- [PSYoungGen: 32768K->32768K(67072K)] 361835K->361835K(416256K), 0.0044320 secs] [Times: user=0.02 sys=0.00, real=0.01 secs] 
60.522: [Full GC [PSYoungGen: 32768K->32768K(67072K)] [ParOldGen: 329067K->329057K(349184K)] 361835K->361825K(416256K) [PSPermGen: 5229K->5229K(21504K)], 0.0344480 secs] [Times: user=0.55 sys=0.03, real=0.03 secs] 
60.556: [GC-- [PSYoungGen: 32768K->32768K(67072K)] 361825K->361825K(416256K), 0.0041590 secs] [Times: user=0.03 sys=0.00, real=0.00 secs] 
60.560: [Full GC [PSYoungGen: 32768K->32768K(67072K)] [ParOldGen: 329057K->329057K(349184K)] 361825K->361825K(416256K) [PSPermGen: 5229K->5229K(21504K)], 0.0143170 secs] [Times: user=0.03 sys=0.02, real=0.02 secs] 
Heap
 PSYoungGen      total 67072K, used 56797K [0x00000000f5500000, 0x00000000f9b00000, 0x0000000100000000)
  eden space 62464K, 90% used [0x00000000f5500000,0x00000000f8c77618,0x00000000f9200000)
  from space 4608K, 0% used [0x00000000f9680000,0x00000000f9680000,0x00000000f9b00000)
  to   space 4608K, 0% used [0x00000000f9200000,0x00000000f9200000,0x00000000f9680000)
 ParOldGen       total 349184K, used 329057K [0x00000000e0000000, 0x00000000f5500000, 0x00000000f5500000)
  object space 349184K, 94% used [0x00000000e0000000,0x00000000f4158670,0x00000000f5500000)
 PSPermGen       total 21504K, used 12057K [0x00000000dae00000, 0x00000000dc300000, 0x00000000e0000000)
  object space 21504K, 56% used [0x00000000dae00000,0x00000000db9c66a0,0x00000000dc300000)
