51.770: [GC [PSYoungGen: 10934K->3667K(35840K)] 10934K->3675K(116224K), 0.0102280 secs] [Times: user=0.07 sys=0.00, real=0.01 secs] 
51.780: [Full GC [PSYoungGen: 3667K->0K(35840K)] [ParOldGen: 8K->3139K(80384K)] 3675K->3139K(116224K) [PSPermGen: 5166K->5165K(21504K)], 0.0238450 secs] [Times: user=0.14 sys=0.00, real=0.03 secs] 
51.804: [GC [PSYoungGen: 0K->0K(35840K)] 3139K->3139K(116224K), 0.0040060 secs] [Times: user=0.03 sys=0.00, real=0.00 secs] 
51.808: [Full GC [PSYoungGen: 0K->0K(35840K)] [ParOldGen: 3139K->3139K(80384K)] 3139K->3139K(116224K) [PSPermGen: 5165K->5165K(21504K)], 0.0110700 secs] [Times: user=0.06 sys=0.00, real=0.01 secs] 
51.915: [GC [PSYoungGen: 6040K->816K(35840K)] 336860K->331635K(385024K), 0.0042580 secs] [Times: user=0.00 sys=0.02, real=0.00 secs] 
51.920: [GC [PSYoungGen: 816K->624K(67072K)] 331635K->331443K(416256K), 0.0039720 secs] [Times: user=0.03 sys=0.00, real=0.01 secs] 
51.924: [Full GC [PSYoungGen: 624K->0K(67072K)] [ParOldGen: 330819K->330256K(349184K)] 331443K->330256K(416256K) [PSPermGen: 5198K->5198K(21504K)], 0.0856560 secs] [Times: user=1.12 sys=0.00, real=0.08 secs] 
52.046: [GC-- [PSYoungGen: 32768K->32768K(67072K)] 363024K->363024K(416256K), 0.0043410 secs] [Times: user=0.03 sys=0.00, real=0.00 secs] 
52.050: [Full GC [PSYoungGen: 32768K->32768K(67072K)] [ParOldGen: 330256K->330256K(349184K)] 363024K->363024K(416256K) [PSPermGen: 5198K->5198K(21504K)], 0.0170410 secs] [Times: user=0.05 sys=0.02, real=0.02 secs] 
52.067: [GC-- [PSYoungGen: 32768K->32768K(67072K)] 363024K->363024K(416256K), 0.0042270 secs] [Times: user=0.00 sys=0.02, real=0.00 secs] 
52.071: [Full GC [PSYoungGen: 32768K->32768K(67072K)] [ParOldGen: 330256K->329189K(349184K)] 363024K->361957K(416256K) [PSPermGen: 5198K->5195K(21504K)], 0.0563560 secs] [Times: user=0.97 sys=0.00, real=0.06 secs] 
52.129: [GC-- [PSYoungGen: 33184K->33184K(67072K)] 362373K->362373K(416256K), 0.0048430 secs] [Times: user=0.02 sys=0.01, real=0.00 secs] 
52.133: [Full GC [PSYoungGen: 33184K->32768K(67072K)] [ParOldGen: 329189K->329189K(349184K)] 362373K->361957K(416256K) [PSPermGen: 5195K->5195K(21504K)], 0.0128200 secs] [Times: user=0.02 sys=0.04, real=0.02 secs] 
52.146: [GC-- [PSYoungGen: 32768K->32768K(67072K)] 361957K->361957K(416256K), 0.0035610 secs] [Times: user=0.01 sys=0.02, real=0.00 secs] 
52.150: [Full GC [PSYoungGen: 32768K->32768K(67072K)] [ParOldGen: 329189K->329189K(349184K)] 361957K->361957K(416256K) [PSPermGen: 5195K->5195K(21504K)], 0.0100660 secs] [Times: user=0.06 sys=0.00, real=0.01 secs] 
52.161: [GC-- [PSYoungGen: 33184K->33184K(67072K)] 362374K->362374K(416256K), 0.0040510 secs] [Times: user=0.03 sys=0.00, real=0.01 secs] 
52.165: [Full GC [PSYoungGen: 33184K->32768K(67072K)] [ParOldGen: 329189K->329188K(349184K)] 362374K->361957K(416256K) [PSPermGen: 5195K->5195K(21504K)], 0.0122520 secs] [Times: user=0.06 sys=0.00, real=0.01 secs] 
52.177: [GC-- [PSYoungGen: 32768K->32768K(67072K)] 361957K->361957K(416256K), 0.0056110 secs] [Times: user=0.02 sys=0.00, real=0.01 secs] 
52.183: [Full GC [PSYoungGen: 32768K->32768K(67072K)] [ParOldGen: 329188K->329188K(349184K)] 361957K->361957K(416256K) [PSPermGen: 5195K->5195K(21504K)], 0.0113320 secs] [Times: user=0.06 sys=0.00, real=0.01 secs] 
52.195: [GC-- [PSYoungGen: 33185K->33185K(67072K)] 362374K->362374K(416256K), 0.0028790 secs] [Times: user=0.03 sys=0.00, real=0.00 secs] 
52.198: [Full GC [PSYoungGen: 33185K->32768K(67072K)] [ParOldGen: 329188K->329188K(349184K)] 362374K->361957K(416256K) [PSPermGen: 5195K->5195K(21504K)], 0.0119090 secs] [Times: user=0.05 sys=0.01, real=0.01 secs] 
52.210: [GC-- [PSYoungGen: 32768K->32768K(67072K)] 361957K->361965K(416256K), 0.0045530 secs] [Times: user=0.00 sys=0.02, real=0.01 secs] 
52.215: [Full GC [PSYoungGen: 32768K->32768K(67072K)] [ParOldGen: 329196K->329188K(349184K)] 361965K->361957K(416256K) [PSPermGen: 5195K->5195K(21504K)], 0.0132440 secs] [Times: user=0.02 sys=0.04, real=0.01 secs] 
52.229: [GC-- [PSYoungGen: 33185K->33185K(67072K)] 362374K->362382K(416256K), 0.0031230 secs] [Times: user=0.02 sys=0.00, real=0.00 secs] 
52.232: [Full GC [PSYoungGen: 33185K->32769K(67072K)] [ParOldGen: 329196K->329188K(349184K)] 362382K->361957K(416256K) [PSPermGen: 5195K->5195K(21504K)], 0.0107140 secs] [Times: user=0.06 sys=0.00, real=0.02 secs] 
52.243: [GC-- [PSYoungGen: 32769K->32769K(67072K)] 361957K->361973K(416256K), 0.0038080 secs] [Times: user=0.02 sys=0.00, real=0.00 secs] 
52.247: [Full GC [PSYoungGen: 32769K->32768K(67072K)] [ParOldGen: 329204K->329188K(349184K)] 361973K->361957K(416256K) [PSPermGen: 5195K->5195K(21504K)], 0.0138470 secs] [Times: user=0.02 sys=0.04, real=0.01 secs] 
52.271: [GC-- [PSYoungGen: 34882K->34882K(67072K)] 364071K->364079K(416256K), 0.0059710 secs] [Times: user=0.01 sys=0.03, real=0.01 secs] 
52.277: [Full GC [PSYoungGen: 34882K->32893K(67072K)] [ParOldGen: 329196K->329169K(349184K)] 364079K->362062K(416256K) [PSPermGen: 5224K->5224K(21504K)], 0.0525350 secs] [Times: user=0.93 sys=0.00, real=0.05 secs] 
52.330: [GC-- [PSYoungGen: 32893K->32893K(67072K)] 362062K->362078K(416256K), 0.0058080 secs] [Times: user=0.01 sys=0.03, real=0.01 secs] 
52.336: [Full GC [PSYoungGen: 32893K->32824K(67072K)] [ParOldGen: 329185K->329169K(349184K)] 362078K->361993K(416256K) [PSPermGen: 5224K->5224K(21504K)], 0.0136960 secs] [Times: user=0.05 sys=0.00, real=0.01 secs] 
52.355: [GC-- [PSYoungGen: 33613K->33613K(67072K)] 362782K->362782K(416256K), 0.0056350 secs] [Times: user=0.02 sys=0.01, real=0.00 secs] 
52.361: [Full GC [PSYoungGen: 33613K->32803K(67072K)] [ParOldGen: 329169K->329140K(349184K)] 362782K->361944K(416256K) [PSPermGen: 5225K->5225K(21504K)], 0.0534530 secs] [Times: user=0.86 sys=0.04, real=0.06 secs] 
52.414: [GC-- [PSYoungGen: 32803K->32803K(67072K)] 361944K->361952K(416256K), 0.0058290 secs] [Times: user=0.01 sys=0.03, real=0.00 secs] 
52.420: [Full GC [PSYoungGen: 32803K->32803K(67072K)] [ParOldGen: 329148K->329140K(349184K)] 361952K->361944K(416256K) [PSPermGen: 5225K->5225K(21504K)], 0.0125690 secs] [Times: user=0.05 sys=0.00, real=0.01 secs] 
52.436: [GC-- [PSYoungGen: 33183K->33183K(67072K)] 362324K->362324K(416256K), 0.0049540 secs] [Times: user=0.03 sys=0.00, real=0.00 secs] 
52.441: [Full GC [PSYoungGen: 33183K->32830K(67072K)] [ParOldGen: 329140K->329111K(349184K)] 362324K->361941K(416256K) [PSPermGen: 5225K->5225K(21504K)], 0.0514360 secs] [Times: user=0.89 sys=0.00, real=0.05 secs] 
52.493: [GC-- [PSYoungGen: 32830K->32830K(67072K)] 361941K->361949K(416256K), 0.0065290 secs] [Times: user=0.04 sys=0.00, real=0.01 secs] 
52.499: [Full GC [PSYoungGen: 32830K->32830K(67072K)] [ParOldGen: 329119K->329111K(349184K)] 361949K->361941K(416256K) [PSPermGen: 5225K->5225K(21504K)], 0.0145900 secs] [Times: user=0.06 sys=0.00, real=0.02 secs] 
52.515: [GC-- [PSYoungGen: 32893K->32893K(67072K)] 362004K->362004K(416256K), 0.0040870 secs] [Times: user=0.03 sys=0.00, real=0.00 secs] 
52.519: [Full GC [PSYoungGen: 32893K->32830K(67072K)] [ParOldGen: 329111K->329083K(349184K)] 362004K->361913K(416256K) [PSPermGen: 5225K->5225K(21504K)], 0.0131110 secs] [Times: user=0.05 sys=0.00, real=0.01 secs] 
52.532: [GC-- [PSYoungGen: 32830K->32830K(67072K)] 361913K->361953K(416256K), 0.0043280 secs] [Times: user=0.03 sys=0.00, real=0.01 secs] 
52.536: [Full GC [PSYoungGen: 32830K->32826K(67072K)] [ParOldGen: 329123K->329087K(349184K)] 361953K->361913K(416256K) [PSPermGen: 5225K->5225K(21504K)], 0.0099650 secs] [Times: user=0.06 sys=0.00, real=0.01 secs] 
52.549: [GC-- [PSYoungGen: 32998K->32998K(67072K)] 362085K->362093K(416256K), 0.0041480 secs] [Times: user=0.04 sys=0.00, real=0.00 secs] 
52.553: [Full GC [PSYoungGen: 32998K->32797K(67072K)] [ParOldGen: 329095K->329056K(349184K)] 362093K->361853K(416256K) [PSPermGen: 5225K->5225K(21504K)], 0.0505050 secs] [Times: user=0.87 sys=0.00, real=0.06 secs] 
52.604: [GC-- [PSYoungGen: 32797K->32797K(67072K)] 361853K->361861K(416256K), 0.0046120 secs] [Times: user=0.04 sys=0.00, real=0.00 secs] 
52.608: [Full GC [PSYoungGen: 32797K->32796K(67072K)] [ParOldGen: 329064K->329056K(349184K)] 361861K->361853K(416256K) [PSPermGen: 5225K->5225K(21504K)], 0.0130330 secs] [Times: user=0.06 sys=0.00, real=0.01 secs] 
55.337: [GC-- [PSYoungGen: 37218K->37218K(67072K)] 366275K->366275K(416256K), 0.0072790 secs] [Times: user=0.05 sys=0.02, real=0.01 secs] 
55.344: [Full GC [PSYoungGen: 37218K->32856K(67072K)] [ParOldGen: 329056K->329027K(349184K)] 366275K->361884K(416256K) [PSPermGen: 5229K->5229K(21504K)], 0.0508210 secs] [Times: user=0.87 sys=0.01, real=0.05 secs] 
55.395: [GC-- [PSYoungGen: 32856K->32856K(67072K)] 361884K->361884K(416256K), 0.0049530 secs] [Times: user=0.04 sys=0.00, real=0.00 secs] 
55.400: [Full GC [PSYoungGen: 32856K->32788K(67072K)] [ParOldGen: 329027K->329027K(349184K)] 361884K->361815K(416256K) [PSPermGen: 5229K->5229K(21504K)], 0.0089190 secs] [Times: user=0.05 sys=0.00, real=0.01 secs] 
55.467: [GC-- [PSYoungGen: 33003K->33003K(67072K)] 362030K->362038K(416256K), 0.0034420 secs] [Times: user=0.03 sys=0.00, real=0.00 secs] 
55.470: [Full GC [PSYoungGen: 33003K->32798K(67072K)] [ParOldGen: 329035K->329027K(349184K)] 362038K->361825K(416256K) [PSPermGen: 5229K->5229K(21504K)], 0.0108650 secs] [Times: user=0.05 sys=0.00, real=0.01 secs] 
55.481: [GC-- [PSYoungGen: 32798K->32798K(67072K)] 361825K->361825K(416256K), 0.0043420 secs] [Times: user=0.04 sys=0.00, real=0.01 secs] 
55.486: [Full GC [PSYoungGen: 32798K->32798K(67072K)] [ParOldGen: 329027K->329027K(349184K)] 361825K->361825K(416256K) [PSPermGen: 5229K->5229K(21504K)], 0.0111000 secs] [Times: user=0.03 sys=0.01, real=0.01 secs] 
55.889: [GC-- [PSYoungGen: 33013K->33013K(67072K)] 362040K->362040K(416256K), 0.0077820 secs] [Times: user=0.11 sys=0.00, real=0.01 secs] 
55.897: [Full GC [PSYoungGen: 33013K->32827K(67072K)] [ParOldGen: 329027K->329027K(349184K)] 362040K->361854K(416256K) [PSPermGen: 5229K->5229K(21504K)], 0.0157820 secs] [Times: user=0.06 sys=0.00, real=0.01 secs] 
55.912: [GC-- [PSYoungGen: 32827K->32827K(67072K)] 361854K->361870K(416256K), 0.0041880 secs] [Times: user=0.04 sys=0.00, real=0.01 secs] 
55.917: [Full GC [PSYoungGen: 32827K->32826K(67072K)] [ParOldGen: 329043K->329027K(349184K)] 361870K->361854K(416256K) [PSPermGen: 5229K->5229K(21504K)], 0.0124200 secs] [Times: user=0.06 sys=0.00, real=0.01 secs] 
55.951: [GC-- [PSYoungGen: 32969K->32969K(67072K)] 361997K->362005K(416256K), 0.0047170 secs] [Times: user=0.03 sys=0.00, real=0.01 secs] 
55.956: [Full GC [PSYoungGen: 32969K->32855K(67072K)] [ParOldGen: 329035K->329027K(349184K)] 362005K->361882K(416256K) [PSPermGen: 5229K->5229K(21504K)], 0.0144180 secs] [Times: user=0.06 sys=0.00, real=0.01 secs] 
55.970: [GC-- [PSYoungGen: 32855K->32855K(67072K)] 361882K->361914K(416256K), 0.0073630 secs] [Times: user=0.10 sys=0.00, real=0.01 secs] 
55.978: [Full GC [PSYoungGen: 32855K->32854K(67072K)] [ParOldGen: 329059K->329028K(349184K)] 361914K->361882K(416256K) [PSPermGen: 5229K->5229K(21504K)], 0.0130210 secs] [Times: user=0.05 sys=0.01, real=0.01 secs] 
56.030: [GC-- [PSYoungGen: 33069K->33069K(67072K)] 362098K->362098K(416256K), 0.0050840 secs] [Times: user=0.01 sys=0.01, real=0.01 secs] 
56.036: [Full GC [PSYoungGen: 33069K->32883K(67072K)] [ParOldGen: 329028K->329028K(349184K)] 362098K->361911K(416256K) [PSPermGen: 5229K->5229K(21504K)], 0.0152410 secs] [Times: user=0.06 sys=0.00, real=0.01 secs] 
56.051: [GC-- [PSYoungGen: 32883K->32883K(67072K)] 361911K->361959K(416256K), 0.0040640 secs] [Times: user=0.03 sys=0.00, real=0.01 secs] 
56.055: [Full GC [PSYoungGen: 32883K->32854K(67072K)] [ParOldGen: 329076K->329057K(349184K)] 361959K->361911K(416256K) [PSPermGen: 5229K->5229K(21504K)], 0.0137520 secs] [Times: user=0.04 sys=0.01, real=0.01 secs] 
56.089: [GC-- [PSYoungGen: 33069K->33069K(67072K)] 362126K->362126K(416256K), 0.0031060 secs] [Times: user=0.02 sys=0.02, real=0.00 secs] 
56.093: [Full GC [PSYoungGen: 33069K->32883K(67072K)] [ParOldGen: 329057K->329056K(349184K)] 362126K->361940K(416256K) [PSPermGen: 5229K->5229K(21504K)], 0.0128720 secs] [Times: user=0.06 sys=0.00, real=0.02 secs] 
56.106: [GC-- [PSYoungGen: 32883K->32883K(67072K)] 361940K->361980K(416256K), 0.0049120 secs] [Times: user=0.01 sys=0.01, real=0.00 secs] 
56.111: [Full GC [PSYoungGen: 32883K->32854K(67072K)] [ParOldGen: 329096K->329085K(349184K)] 361980K->361940K(416256K) [PSPermGen: 5229K->5229K(21504K)], 0.0120550 secs] [Times: user=0.03 sys=0.03, real=0.02 secs] 
56.259: [GC-- [PSYoungGen: 33069K->33069K(67072K)] 362155K->362155K(416256K), 0.0037820 secs] [Times: user=0.02 sys=0.02, real=0.01 secs] 
56.263: [Full GC [PSYoungGen: 33069K->32883K(67072K)] [ParOldGen: 329085K->329085K(349184K)] 362155K->361968K(416256K) [PSPermGen: 5229K->5229K(21504K)], 0.0142580 secs] [Times: user=0.03 sys=0.02, real=0.01 secs] 
56.277: [GC-- [PSYoungGen: 32883K->32883K(67072K)] 361968K->361976K(416256K), 0.0045830 secs] [Times: user=0.03 sys=0.00, real=0.01 secs] 
56.282: [Full GC [PSYoungGen: 32883K->32878K(67072K)] [ParOldGen: 329093K->329090K(349184K)] 361976K->361968K(416256K) [PSPermGen: 5229K->5229K(21504K)], 0.0119820 secs] [Times: user=0.05 sys=0.02, real=0.01 secs] 
56.314: [GC-- [PSYoungGen: 33093K->33093K(67072K)] 362184K->362184K(416256K), 0.0051310 secs] [Times: user=0.02 sys=0.02, real=0.00 secs] 
56.319: [Full GC [PSYoungGen: 33093K->32907K(67072K)] [ParOldGen: 329090K->329090K(349184K)] 362184K->361997K(416256K) [PSPermGen: 5229K->5229K(21504K)], 0.0099560 secs] [Times: user=0.03 sys=0.03, real=0.01 secs] 
56.329: [GC-- [PSYoungGen: 32907K->32907K(67072K)] 361997K->362061K(416256K), 0.0043220 secs] [Times: user=0.02 sys=0.01, real=0.01 secs] 
56.334: [Full GC [PSYoungGen: 32907K->32878K(67072K)] [ParOldGen: 329154K->329118K(349184K)] 362061K->361997K(416256K) [PSPermGen: 5229K->5229K(21504K)], 0.0126920 secs] [Times: user=0.03 sys=0.02, real=0.01 secs] 
56.384: [GC-- [PSYoungGen: 33093K->33093K(67072K)] 362212K->362220K(416256K), 0.0050100 secs] [Times: user=0.04 sys=0.00, real=0.00 secs] 
56.389: [Full GC [PSYoungGen: 33093K->32907K(67072K)] [ParOldGen: 329126K->329118K(349184K)] 362220K->362026K(416256K) [PSPermGen: 5229K->5229K(21504K)], 0.0142810 secs] [Times: user=0.05 sys=0.01, real=0.02 secs] 
56.403: [GC-- [PSYoungGen: 32907K->32907K(67072K)] 362026K->362066K(416256K), 0.0044810 secs] [Times: user=0.02 sys=0.01, real=0.00 secs] 
56.408: [Full GC [PSYoungGen: 32907K->32878K(67072K)] [ParOldGen: 329158K->329147K(349184K)] 362066K->362026K(416256K) [PSPermGen: 5229K->5229K(21504K)], 0.0114430 secs] [Times: user=0.06 sys=0.00, real=0.01 secs] 
56.440: [GC-- [PSYoungGen: 33093K->33093K(67072K)] 362241K->362241K(416256K), 0.0031650 secs] [Times: user=0.03 sys=0.00, real=0.01 secs] 
56.444: [Full GC [PSYoungGen: 33093K->32907K(67072K)] [ParOldGen: 329147K->329147K(349184K)] 362241K->362054K(416256K) [PSPermGen: 5229K->5229K(21504K)], 0.0130550 secs] [Times: user=0.05 sys=0.00, real=0.01 secs] 
56.457: [GC-- [PSYoungGen: 32907K->32907K(67072K)] 362054K->362102K(416256K), 0.0038870 secs] [Times: user=0.03 sys=0.00, real=0.00 secs] 
56.461: [Full GC [PSYoungGen: 32907K->32878K(67072K)] [ParOldGen: 329195K->329176K(349184K)] 362102K->362054K(416256K) [PSPermGen: 5229K->5229K(21504K)], 0.0116800 secs] [Times: user=0.06 sys=0.00, real=0.01 secs] 
56.473: [GC-- [PSYoungGen: 33093K->33093K(67072K)] 362269K->362277K(416256K), 0.0045310 secs] [Times: user=0.03 sys=0.00, real=0.01 secs] 
56.478: [Full GC [PSYoungGen: 33093K->32879K(67072K)] [ParOldGen: 329184K->329175K(349184K)] 362277K->362054K(416256K) [PSPermGen: 5229K->5229K(21504K)], 0.0099030 secs] [Times: user=0.05 sys=0.00, real=0.01 secs] 
56.488: [GC-- [PSYoungGen: 32879K->32879K(67072K)] 362054K->362127K(416256K), 0.0046620 secs] [Times: user=0.03 sys=0.00, real=0.00 secs] 
56.492: [Full GC [PSYoungGen: 32879K->32826K(67072K)] [ParOldGen: 329248K->329228K(349184K)] 362127K->362054K(416256K) [PSPermGen: 5229K->5229K(21504K)], 0.0117070 secs] [Times: user=0.06 sys=0.00, real=0.02 secs] 
58.472: [GC-- [PSYoungGen: 33184K->33184K(67072K)] 362413K->362413K(416256K), 0.0054780 secs] [Times: user=0.04 sys=0.00, real=0.01 secs] 
58.478: [Full GC [PSYoungGen: 33184K->0K(67072K)] [ParOldGen: 329228K->329286K(349184K)] 362413K->329286K(416256K) [PSPermGen: 5229K->5229K(21504K)], 0.0145510 secs] [Times: user=0.06 sys=0.00, real=0.01 secs] 
58.497: [GC-- [PSYoungGen: 32768K->32768K(67072K)] 362054K->362054K(416256K), 0.0041180 secs] [Times: user=0.02 sys=0.00, real=0.00 secs] 
58.501: [Full GC [PSYoungGen: 32768K->32768K(67072K)] [ParOldGen: 329286K->329286K(349184K)] 362054K->362054K(416256K) [PSPermGen: 5229K->5229K(21504K)], 0.0131140 secs] [Times: user=0.06 sys=0.00, real=0.02 secs] 
58.514: [GC-- [PSYoungGen: 32768K->32768K(67072K)] 362054K->362054K(416256K), 0.0028070 secs] [Times: user=0.03 sys=0.00, real=0.00 secs] 
58.517: [Full GC [PSYoungGen: 32768K->32768K(67072K)] [ParOldGen: 329286K->329286K(349184K)] 362054K->362054K(416256K) [PSPermGen: 5229K->5229K(21504K)], 0.0131710 secs] [Times: user=0.06 sys=0.00, real=0.01 secs] 
59.254: [GC-- [PSYoungGen: 32910K->32910K(67072K)] 362197K->362197K(416256K), 0.0050830 secs] [Times: user=0.04 sys=0.00, real=0.00 secs] 
59.259: [Full GC [PSYoungGen: 32910K->0K(67072K)] [ParOldGen: 329286K->329239K(349184K)] 362197K->329239K(416256K) [PSPermGen: 5229K->5229K(21504K)], 0.0259910 secs] [Times: user=0.28 sys=0.00, real=0.03 secs] 
59.513: [GC-- [PSYoungGen: 32768K->32768K(67072K)] 362007K->362007K(416256K), 0.0052850 secs] [Times: user=0.03 sys=0.00, real=0.01 secs] 
59.518: [Full GC [PSYoungGen: 32768K->32768K(67072K)] [ParOldGen: 329239K->329229K(349184K)] 362007K->361997K(416256K) [PSPermGen: 5229K->5229K(21504K)], 0.0218650 secs] [Times: user=0.25 sys=0.00, real=0.02 secs] 
59.540: [GC-- [PSYoungGen: 32768K->32768K(67072K)] 361997K->361997K(416256K), 0.0044390 secs] [Times: user=0.03 sys=0.00, real=0.01 secs] 
59.545: [Full GC [PSYoungGen: 32768K->32768K(67072K)] [ParOldGen: 329229K->329229K(349184K)] 361997K->361997K(416256K) [PSPermGen: 5229K->5229K(21504K)], 0.0106860 secs] [Times: user=0.06 sys=0.00, real=0.01 secs] 
59.609: [GC-- [PSYoungGen: 32910K->32910K(67072K)] 362140K->362140K(416256K), 0.0049590 secs] [Times: user=0.03 sys=0.00, real=0.01 secs] 
59.614: [Full GC [PSYoungGen: 32910K->0K(67072K)] [ParOldGen: 329229K->329182K(349184K)] 362140K->329182K(416256K) [PSPermGen: 5229K->5229K(21504K)], 0.0543010 secs] [Times: user=0.90 sys=0.00, real=0.05 secs] 
59.673: [GC-- [PSYoungGen: 32768K->32768K(67072K)] 361950K->361950K(416256K), 0.0042660 secs] [Times: user=0.02 sys=0.00, real=0.01 secs] 
59.677: [Full GC [PSYoungGen: 32768K->32768K(67072K)] [ParOldGen: 329182K->329172K(349184K)] 361950K->361940K(416256K) [PSPermGen: 5229K->5229K(21504K)], 0.0522310 secs] [Times: user=0.88 sys=0.00, real=0.05 secs] 
59.730: [GC-- [PSYoungGen: 32768K->32768K(67072K)] 361940K->361940K(416256K), 0.0032390 secs] [Times: user=0.03 sys=0.00, real=0.00 secs] 
59.733: [Full GC [PSYoungGen: 32768K->32768K(67072K)] [ParOldGen: 329172K->329172K(349184K)] 361940K->361940K(416256K) [PSPermGen: 5229K->5229K(21504K)], 0.0121410 secs] [Times: user=0.06 sys=0.00, real=0.02 secs] 
59.819: [GC-- [PSYoungGen: 32910K->32910K(67072K)] 362082K->362082K(416256K), 0.0048510 secs] [Times: user=0.03 sys=0.00, real=0.01 secs] 
59.824: [Full GC [PSYoungGen: 32910K->0K(67072K)] [ParOldGen: 329172K->329125K(349184K)] 362082K->329125K(416256K) [PSPermGen: 5229K->5229K(21504K)], 0.0333470 secs] [Times: user=0.46 sys=0.00, real=0.03 secs] 
59.883: [GC-- [PSYoungGen: 32768K->32768K(67072K)] 361893K->361893K(416256K), 0.0046450 secs] [Times: user=0.03 sys=0.00, real=0.00 secs] 
59.888: [Full GC [PSYoungGen: 32768K->32768K(67072K)] [ParOldGen: 329125K->329114K(349184K)] 361893K->361882K(416256K) [PSPermGen: 5229K->5229K(21504K)], 0.0332090 secs] [Times: user=0.43 sys=0.00, real=0.03 secs] 
59.921: [GC-- [PSYoungGen: 32768K->32768K(67072K)] 361882K->361882K(416256K), 0.0052110 secs] [Times: user=0.05 sys=0.00, real=0.01 secs] 
59.927: [Full GC [PSYoungGen: 32768K->32768K(67072K)] [ParOldGen: 329114K->329114K(349184K)] 361882K->361882K(416256K) [PSPermGen: 5229K->5229K(21504K)], 0.0148050 secs] [Times: user=0.06 sys=0.00, real=0.01 secs] 
60.007: [GC-- [PSYoungGen: 32910K->32910K(67072K)] 362025K->362025K(416256K), 0.0049080 secs] [Times: user=0.03 sys=0.00, real=0.00 secs] 
60.012: [Full GC [PSYoungGen: 32910K->0K(67072K)] [ParOldGen: 329114K->329067K(349184K)] 362025K->329067K(416256K) [PSPermGen: 5229K->5229K(21504K)], 0.0501630 secs] [Times: user=0.80 sys=0.00, real=0.06 secs] 
60.084: [GC-- [PSYoungGen: 32768K->32768K(67072K)] 361835K->361835K(416256K), 0.0050500 secs] [Times: user=0.03 sys=0.00, real=0.00 secs] 
60.089: [Full GC [PSYoungGen: 32768K->32768K(67072K)] [ParOldGen: 329067K->329057K(349184K)] 361835K->361825K(416256K) [PSPermGen: 5229K->5229K(21504K)], 0.0385180 secs] [Times: user=0.62 sys=0.00, real=0.04 secs] 
60.128: [GC-- [PSYoungGen: 32768K->32768K(67072K)] 361825K->361825K(416256K), 0.0051890 secs] [Times: user=0.03 sys=0.00, real=0.00 secs] 
60.133: [Full GC [PSYoungGen: 32768K->32768K(67072K)] [ParOldGen: 329057K->329057K(349184K)] 361825K->361825K(416256K) [PSPermGen: 5229K->5229K(21504K)], 0.0118930 secs] [Times: user=0.06 sys=0.00, real=0.02 secs] 
Heap
 PSYoungGen      total 67072K, used 55589K [0x00000000f5500000, 0x00000000f9b00000, 0x0000000100000000)
  eden space 62464K, 88% used [0x00000000f5500000,0x00000000f8b49550,0x00000000f9200000)
  from space 4608K, 0% used [0x00000000f9680000,0x00000000f9680000,0x00000000f9b00000)
  to   space 4608K, 0% used [0x00000000f9200000,0x00000000f9200000,0x00000000f9680000)
 ParOldGen       total 349184K, used 329057K [0x00000000e0000000, 0x00000000f5500000, 0x00000000f5500000)
  object space 349184K, 94% used [0x00000000e0000000,0x00000000f4158670,0x00000000f5500000)
 PSPermGen       total 21504K, used 12057K [0x00000000dae00000, 0x00000000dc300000, 0x00000000e0000000)
  object space 21504K, 56% used [0x00000000dae00000,0x00000000db9c66a0,0x00000000dc300000)
