57.307: [GC [PSYoungGen: 10579K->3610K(35840K)] 10579K->3618K(116224K), 0.0136990 secs] [Times: user=0.09 sys=0.00, real=0.02 secs] 
57.320: [Full GC [PSYoungGen: 3610K->0K(35840K)] [ParOldGen: 8K->3139K(80384K)] 3618K->3139K(116224K) [PSPermGen: 5167K->5165K(21504K)], 0.0289940 secs] [Times: user=0.16 sys=0.06, real=0.03 secs] 
57.350: [GC [PSYoungGen: 0K->0K(35840K)] 3139K->3139K(116224K), 0.0042590 secs] [Times: user=0.03 sys=0.00, real=0.00 secs] 
57.354: [Full GC [PSYoungGen: 0K->0K(35840K)] [ParOldGen: 3139K->3139K(80384K)] 3139K->3139K(116224K) [PSPermGen: 5165K->5165K(21504K)], 0.0101640 secs] [Times: user=0.06 sys=0.00, real=0.01 secs] 
57.475: [GC [PSYoungGen: 28987K->4512K(35840K)] 32126K->29861K(116224K), 0.0130130 secs] [Times: user=0.23 sys=0.02, real=0.02 secs] 
57.496: [GC [PSYoungGen: 35578K->4518K(67072K)] 60927K->60917K(147456K), 0.0180570 secs] [Times: user=0.26 sys=0.08, real=0.02 secs] 
57.515: [Full GC [PSYoungGen: 4518K->0K(67072K)] [ParOldGen: 56399K->59435K(139264K)] 60917K->59435K(206336K) [PSPermGen: 5188K->5188K(21504K)], 0.0357710 secs] [Times: user=0.40 sys=0.01, real=0.04 secs] 
57.601: [GC [PSYoungGen: 62060K->3472K(67072K)] 121495K->121388K(206336K), 0.0352640 secs] [Times: user=0.46 sys=0.26, real=0.03 secs] 
57.636: [Full GC [PSYoungGen: 3472K->0K(67072K)] [ParOldGen: 117916K->121356K(243712K)] 121388K->121356K(310784K) [PSPermGen: 5188K->5188K(21504K)], 0.0282100 secs] [Times: user=0.24 sys=0.03, real=0.03 secs] 
58.273: [GC [PSYoungGen: 62340K->4600K(101888K)] 183831K->144803K(345600K), 0.0131770 secs] [Times: user=0.23 sys=0.00, real=0.01 secs] 
59.298: [GC [PSYoungGen: 101880K->4584K(107520K)] 246328K->158716K(351232K), 0.0135200 secs] [Times: user=0.20 sys=0.00, real=0.02 secs] 
60.304: [GC [PSYoungGen: 107471K->6803K(163840K)] 261737K->161070K(407552K), 0.0053860 secs] [Times: user=0.08 sys=0.00, real=0.01 secs] 
61.718: [GC [PSYoungGen: 152723K->4864K(164352K)] 307818K->159959K(408064K), 0.0055590 secs] [Times: user=0.04 sys=0.00, real=0.01 secs] 
63.188: [GC [PSYoungGen: 150784K->1846K(197120K)] 314692K->165754K(440832K), 0.0057900 secs] [Times: user=0.03 sys=0.00, real=0.00 secs] 
64.969: [GC [PSYoungGen: 190262K->2513K(206336K)] 362422K->174673K(450048K), 0.0031180 secs] [Times: user=0.03 sys=0.00, real=0.00 secs] 
66.715: [GC [PSYoungGen: 190878K->6347K(220672K)] 363038K->178507K(464384K), 0.0036940 secs] [Times: user=0.04 sys=0.00, real=0.00 secs] 
68.704: [GC [PSYoungGen: 216523K->6433K(226816K)] 388683K->178594K(470528K), 0.0036110 secs] [Times: user=0.03 sys=0.00, real=0.00 secs] 
70.791: [GC [PSYoungGen: 216791K->5974K(235008K)] 389221K->178404K(478720K), 0.0047520 secs] [Times: user=0.04 sys=0.00, real=0.00 secs] 
73.056: [GC [PSYoungGen: 231766K->3569K(240128K)] 407226K->179028K(483840K), 0.0061480 secs] [Times: user=0.03 sys=0.00, real=0.01 secs] 
75.314: [GC [PSYoungGen: 229334K->5824K(245248K)] 405467K->181957K(488960K), 0.0039970 secs] [Times: user=0.05 sys=0.00, real=0.00 secs] 
77.697: [GC [PSYoungGen: 241856K->2513K(249344K)] 426788K->187445K(493056K), 0.0049440 secs] [Times: user=0.03 sys=0.00, real=0.01 secs] 
79.993: [GC [PSYoungGen: 238530K->6536K(253952K)] 423867K->191873K(497664K), 0.0050310 secs] [Times: user=0.05 sys=0.00, real=0.00 secs] 
82.313: [GC [PSYoungGen: 249736K->5798K(256000K)] 435328K->191390K(499712K), 0.0070830 secs] [Times: user=0.08 sys=0.00, real=0.01 secs] 
84.765: [GC [PSYoungGen: 248998K->3386K(256512K)] 440255K->194642K(500224K), 0.0046250 secs] [Times: user=0.03 sys=0.00, real=0.01 secs] 
87.101: [GC [PSYoungGen: 249561K->7272K(258048K)] 440817K->198696K(501760K), 0.0049210 secs] [Times: user=0.03 sys=0.00, real=0.00 secs] 
89.472: [GC [PSYoungGen: 253523K->7011K(261120K)] 444948K->198436K(504832K), 0.0179320 secs] [Times: user=0.33 sys=0.00, real=0.02 secs] 
91.856: [GC [PSYoungGen: 256295K->6392K(261120K)] 447720K->198095K(504832K), 0.0214220 secs] [Times: user=0.05 sys=0.00, real=0.02 secs] 
94.230: [GC [PSYoungGen: 255629K->6152K(261632K)] 447872K->198418K(505344K), 0.0051190 secs] [Times: user=0.04 sys=0.00, real=0.02 secs] 
96.720: [GC [PSYoungGen: 257544K->2860K(262656K)] 456540K->202006K(506368K), 0.0029880 secs] [Times: user=0.03 sys=0.00, real=0.00 secs] 
99.252: [GC [PSYoungGen: 254252K->2346K(263680K)] 460167K->208277K(507392K), 0.0050330 secs] [Times: user=0.03 sys=0.00, real=0.00 secs] 
101.733: [GC [PSYoungGen: 255256K->6479K(264192K)] 461187K->212552K(507904K), 0.0047770 secs] [Times: user=0.03 sys=0.00, real=0.00 secs] 
104.249: [GC [PSYoungGen: 259275K->5615K(248320K)] 465753K->212125K(492032K), 0.0045250 secs] [Times: user=0.03 sys=0.00, real=0.00 secs] 
106.625: [GC [PSYoungGen: 248303K->1291K(234496K)] 462589K->215592K(478208K), 0.0075920 secs] [Times: user=0.04 sys=0.00, real=0.01 secs] 
108.889: [GC [PSYoungGen: 234251K->2234K(226304K)] 452666K->220673K(470016K), 0.0043080 secs] [Times: user=0.03 sys=0.00, real=0.00 secs] 
111.090: [GC [PSYoungGen: 225978K->3328K(218624K)] 449965K->227331K(462336K), 0.0048610 secs] [Times: user=0.03 sys=0.00, real=0.00 secs] 
113.135: [GC [PSYoungGen: 218299K->7096K(214016K)] 442437K->231249K(457728K), 0.0052930 secs] [Times: user=0.03 sys=0.00, real=0.01 secs] 
115.123: [GC [PSYoungGen: 213944K->3781K(203264K)] 441354K->231199K(446976K), 0.0233500 secs] [Times: user=0.05 sys=0.00, real=0.02 secs] 
117.130: [Full GC [PSYoungGen: 202949K->0K(203264K)] [ParOldGen: 234710K->133648K(240640K)] 437660K->133648K(443904K) [PSPermGen: 5253K->5253K(21504K)], 0.0375630 secs] [Times: user=0.11 sys=0.00, real=0.03 secs] 
119.136: [GC [PSYoungGen: 199168K->2273K(202752K)] 336832K->139937K(443392K), 0.0046590 secs] [Times: user=0.03 sys=0.00, real=0.01 secs] 
121.062: [GC [PSYoungGen: 202465K->4192K(205824K)] 342710K->144437K(446464K), 0.0072020 secs] [Times: user=0.03 sys=0.00, real=0.01 secs] 
123.000: [GC [PSYoungGen: 205354K->5554K(207872K)] 345599K->145799K(448512K), 0.0057390 secs] [Times: user=0.03 sys=0.00, real=0.00 secs] 
125.001: [GC [PSYoungGen: 207745K->5497K(208896K)] 348458K->146210K(449536K), 0.0045280 secs] [Times: user=0.03 sys=0.00, real=0.00 secs] 
127.043: [GC [PSYoungGen: 208761K->3068K(208896K)] 354371K->148678K(449536K), 0.0085060 secs] [Times: user=0.03 sys=0.00, real=0.01 secs] 
129.108: [GC [PSYoungGen: 207356K->3758K(213504K)] 358206K->154608K(454144K), 0.0042220 secs] [Times: user=0.03 sys=0.00, real=0.00 secs] 
131.190: [GC [PSYoungGen: 208040K->4958K(213504K)] 359437K->156355K(454144K), 0.0048160 secs] [Times: user=0.03 sys=0.00, real=0.00 secs] 
133.264: [GC [PSYoungGen: 210270K->2901K(214016K)] 368307K->160939K(454656K), 0.0037260 secs] [Times: user=0.03 sys=0.00, real=0.01 secs] 
135.315: [GC [PSYoungGen: 208205K->6331K(215040K)] 366242K->164368K(455680K), 0.0056560 secs] [Times: user=0.03 sys=0.00, real=0.01 secs] 
136.698: [GC [PSYoungGen: 212664K->6456K(215040K)] 370701K->164494K(455680K), 0.0023670 secs] [Times: user=0.02 sys=0.00, real=0.01 secs] 
137.643: [GC [PSYoungGen: 212726K->5901K(216576K)] 370764K->163939K(457216K), 0.0023340 secs] [Times: user=0.02 sys=0.00, real=0.00 secs] 
139.411: [GC [PSYoungGen: 213129K->5426K(216576K)] 371436K->163733K(457216K), 0.0060390 secs] [Times: user=0.03 sys=0.00, real=0.00 secs] 
141.403: [GC [PSYoungGen: 212786K->4034K(216576K)] 375176K->166424K(457216K), 0.0049530 secs] [Times: user=0.03 sys=0.00, real=0.01 secs] 
143.536: [GC [PSYoungGen: 212365K->5513K(217088K)] 375223K->168371K(457728K), 0.0046960 secs] [Times: user=0.03 sys=0.00, real=0.01 secs] 
145.622: [GC [PSYoungGen: 213897K->2616K(218112K)] 383730K->172449K(458752K), 0.0046150 secs] [Times: user=0.03 sys=0.00, real=0.00 secs] 
147.814: [GC [PSYoungGen: 212024K->4249K(218112K)] 386541K->178878K(458752K), 0.0045170 secs] [Times: user=0.03 sys=0.00, real=0.00 secs] 
149.890: [GC [PSYoungGen: 213657K->2520K(218624K)] 393500K->182499K(459264K), 0.0070100 secs] [Times: user=0.04 sys=0.00, real=0.00 secs] 
151.927: [GC [PSYoungGen: 212728K->6685K(218624K)] 392707K->186672K(459264K), 0.0053320 secs] [Times: user=0.04 sys=0.00, real=0.01 secs] 
153.940: [GC [PSYoungGen: 217109K->6086K(219648K)] 397104K->186098K(460288K), 0.0032330 secs] [Times: user=0.03 sys=0.00, real=0.00 secs] 
156.049: [GC [PSYoungGen: 217030K->2131K(220160K)] 405493K->190658K(460800K), 0.0041850 secs] [Times: user=0.02 sys=0.00, real=0.00 secs] 
158.164: [GC [PSYoungGen: 213075K->1268K(221184K)] 408380K->196580K(461824K), 0.0055070 secs] [Times: user=0.03 sys=0.00, real=0.01 secs] 
160.190: [GC [PSYoungGen: 213178K->6511K(221184K)] 408490K->201839K(461824K), 0.0054560 secs] [Times: user=0.03 sys=0.00, real=0.00 secs] 
162.391: [GC [PSYoungGen: 218417K->5339K(221696K)] 413880K->200826K(462336K), 0.0049860 secs] [Times: user=0.03 sys=0.00, real=0.00 secs] 
164.538: [GC [PSYoungGen: 218331K->1355K(222208K)] 422260K->205293K(462848K), 0.0050840 secs] [Times: user=0.03 sys=0.00, real=0.01 secs] 
166.610: [GC [PSYoungGen: 214100K->5837K(223744K)] 418038K->209783K(464384K), 0.0046750 secs] [Times: user=0.03 sys=0.00, real=0.00 secs] 
168.657: [GC [PSYoungGen: 219792K->6463K(223744K)] 423738K->210417K(464384K), 0.0036560 secs] [Times: user=0.03 sys=0.00, real=0.01 secs] 
170.708: [GC [PSYoungGen: 220360K->5648K(224768K)] 424448K->209744K(465408K), 0.0051330 secs] [Times: user=0.04 sys=0.00, real=0.00 secs] 
172.822: [GC [PSYoungGen: 220688K->1759K(224768K)] 431792K->212903K(465408K), 0.0048080 secs] [Times: user=0.03 sys=0.00, real=0.00 secs] 
174.945: [GC [PSYoungGen: 216799K->2449K(225792K)] 434542K->220342K(466432K), 0.0048640 secs] [Times: user=0.03 sys=0.00, real=0.01 secs] 
177.069: [GC [PSYoungGen: 218513K->1624K(225792K)] 444105K->227248K(466432K), 0.0047380 secs] [Times: user=0.03 sys=0.00, real=0.00 secs] 
179.189: [GC [PSYoungGen: 217634K->6671K(226304K)] 443257K->232350K(466944K), 0.0052400 secs] [Times: user=0.04 sys=0.00, real=0.00 secs] 
181.988: [GC [PSYoungGen: 223233K->5426K(226816K)] 449317K->231550K(467456K), 0.0031140 secs] [Times: user=0.03 sys=0.00, real=0.00 secs] 
184.083: [GC [PSYoungGen: 222002K->4153K(226304K)] 451634K->233793K(466944K), 0.0051500 secs] [Times: user=0.03 sys=0.00, real=0.01 secs] 
186.300: [GC [PSYoungGen: 221753K->1656K(226816K)] 460797K->240708K(467456K), 0.0046990 secs] [Times: user=0.03 sys=0.00, real=0.00 secs] 
188.456: [Full GC [PSYoungGen: 219256K->0K(226816K)] [ParOldGen: 247800K->134487K(284160K)] 467057K->134487K(510976K) [PSPermGen: 5282K->5282K(21504K)], 0.0225810 secs] [Times: user=0.09 sys=0.00, real=0.02 secs] 
190.641: [GC [PSYoungGen: 217600K->1512K(227840K)] 358200K->142113K(512000K), 0.0041710 secs] [Times: user=0.03 sys=0.00, real=0.00 secs] 
192.776: [GC [PSYoungGen: 220136K->3470K(227840K)] 363938K->147271K(512000K), 0.0031730 secs] [Times: user=0.03 sys=0.00, real=0.01 secs] 
194.884: [GC [PSYoungGen: 222094K->1885K(228352K)] 374211K->154002K(512512K), 0.0049480 secs] [Times: user=0.02 sys=0.00, real=0.01 secs] 
196.927: [GC [PSYoungGen: 221293K->5979K(228352K)] 373410K->158096K(512512K), 0.0048800 secs] [Times: user=0.03 sys=0.00, real=0.01 secs] 
198.490: [GC [PSYoungGen: 225529K->5686K(229888K)] 377646K->157803K(514048K), 0.0029950 secs] [Times: user=0.02 sys=0.00, real=0.00 secs] 
199.389: [GC [PSYoungGen: 226356K->6049K(229888K)] 378608K->158301K(514048K), 0.0024940 secs] [Times: user=0.02 sys=0.00, real=0.00 secs] 
200.359: [GC [PSYoungGen: 226717K->1108K(231424K)] 386896K->161287K(515584K), 0.0018210 secs] [Times: user=0.02 sys=0.00, real=0.01 secs] 
Heap
 PSYoungGen      total 231424K, used 172861K [0x00000000d8b00000, 0x00000000e7680000, 0x0000000100000000)
  eden space 221696K, 77% used [0x00000000d8b00000,0x00000000e32ba528,0x00000000e6380000)
  from space 9728K, 11% used [0x00000000e6d00000,0x00000000e6e151a0,0x00000000e7680000)
  to   space 9728K, 0% used [0x00000000e6380000,0x00000000e6380000,0x00000000e6d00000)
 ParOldGen       total 284160K, used 160178K [0x000000008a200000, 0x000000009b780000, 0x00000000d8b00000)
  object space 284160K, 56% used [0x000000008a200000,0x0000000093e6cba8,0x000000009b780000)
 PSPermGen       total 21504K, used 5292K [0x0000000085000000, 0x0000000086500000, 0x000000008a200000)
  object space 21504K, 24% used [0x0000000085000000,0x000000008552b160,0x0000000086500000)
