PURPOSE=Independent optional -Xmx single-workload attempt; not a compliant full Base result
RUN_KEY=derby__xmx512m__r3
START_TIME=2026-10-02T00:59:55+08:00
COMMAND=timeout --signal=TERM --kill-after=30s 900s /home/gubingren/java/java-se-7u75-ri/bin/java -XX:+PrintGCDetails -XX:+PrintGCTimeStamps -Xloggc:/home/gubingren/benchmarks/SPECjvm2008/optional_run_logs/derby__xmx512m__r3.gc.log -Xmx512m -jar SPECjvm2008.jar --base -bt 16 derby
JAVA_HOME=/home/gubingren/java/java-se-7u75-ri
CLASSPATH=
UNAME=Linux localhost 6.18.40.1-microsoft-standard-WSL2 #1 SMP PREEMPT_DYNAMIC Fri Jul 31 22:12:15 UTC 2026 x86_64 x86_64 x86_64 GNU/Linux
MEMORY_BEFORE:
               total        used        free      shared  buff/cache   available
Mem:           7.4Gi       3.0Gi       2.1Gi       4.8Mi       2.6Gi       4.3Gi
Swap:          2.0Gi        28Ki       2.0Gi
JAVA_VERSION:
openjdk version "1.7.0_75"
OpenJDK Runtime Environment (build 1.7.0_75-b13)
OpenJDK 64-Bit Server VM (build 24.75-b04, mixed mode)
MAX_HEAP_FLAG_BEFORE_RUN:
    uintx MaxHeapSize                              := 536870912       {product}           

SPECjvm2008 Base
  Properties file:   none
  Benchmarks:        derby

  WARNING: Run will not be compliant.
  Not a compliant sequence of benchmarks for publication.

  Kit signature and checksum is validated.
  This can take several minutes.
  Use argument '-ikv' to skip this.
  ....................................passed.

--- --- --- --- --- --- --- --- ---

  Benchmark:   check
  Run mode:    static run
  Test type:   functional
  Threads:     1
  Iterations:  1
  Run length:  1 operation

Iteration 1 (1 operation) begins: Fri Oct 02 01:00:48 CST 2026
Iteration 1 (1 operation) ends:   Fri Oct 02 01:00:48 CST 2026
Iteration 1 (1 operation) result: PASSED

Valid run!


--- --- --- --- --- --- --- --- ---

  Benchmark:   derby
  Run mode:    timed run
  Test type:   multi
  Threads:     16
  Warmup:      120s
  Iterations:  1
  Run length:  240s

Warmup (120s) begins: Fri Oct 02 01:01:36 CST 2026
java.lang.OutOfMemoryError: Java heap spacejava.lang.OutOfMemoryError: Java heap spacejava.lang.OutOfMemoryError: Java heap spacejava.lang.OutOfMemoryError: Java heap spacejava.lang.OutOfMemoryError: Java heap spacejava.lang.OutOfMemoryError: Java heap spacejava.lang.OutOfMemoryError: Java heap spacejava.lang.OutOfMemoryError: Java heap spacejava.lang.OutOfMemoryError: Java heap spacejava.lang.OutOfMemoryError: Java heap spacejava.lang.OutOfMemoryError: Java heap spacejava.lang.OutOfMemoryError: Java heap spacejava.lang.OutOfMemoryError: Java heap spacejava.lang.OutOfMemoryError: Java heap spaceJAVA_EXIT_STATUS=124
END_TIME=2026-10-02T01:14:56+08:00
