51.243: [GC [PSYoungGen: 10579K->3619K(35840K)] 10579K->3627K(116224K), 0.0092940 secs] [Times: user=0.08 sys=0.00, real=0.01 secs] 
51.252: [Full GC [PSYoungGen: 3619K->0K(35840K)] [ParOldGen: 8K->3139K(80384K)] 3627K->3139K(116224K) [PSPermGen: 5166K->5164K(21504K)], 0.0259720 secs] [Times: user=0.15 sys=0.00, real=0.03 secs] 
51.279: [GC [PSYoungGen: 0K->0K(35840K)] 3139K->3139K(116224K), 0.0033270 secs] [Times: user=0.01 sys=0.00, real=0.00 secs] 
51.282: [Full GC [PSYoungGen: 0K->0K(35840K)] [ParOldGen: 3139K->3139K(80384K)] 3139K->3139K(116224K) [PSPermGen: 5164K->5164K(21504K)], 0.0125680 secs] [Times: user=0.02 sys=0.05, real=0.01 secs] 
51.375: [GC [PSYoungGen: 28987K->4480K(35840K)] 32126K->29829K(116224K), 0.0114690 secs] [Times: user=0.13 sys=0.06, real=0.01 secs] 
51.393: [GC [PSYoungGen: 35546K->4480K(67072K)] 60895K->60789K(147456K), 0.0146130 secs] [Times: user=0.20 sys=0.07, real=0.01 secs] 
51.408: [Full GC [PSYoungGen: 4480K->0K(67072K)] [ParOldGen: 56309K->59435K(139776K)] 60789K->59435K(206848K) [PSPermGen: 5187K->5187K(21504K)], 0.0320890 secs] [Times: user=0.36 sys=0.00, real=0.04 secs] 
51.489: [GC [PSYoungGen: 62060K->3472K(67072K)] 121495K->121388K(206848K), 0.0207150 secs] [Times: user=0.11 sys=0.30, real=0.03 secs] 
51.510: [Full GC [PSYoungGen: 3472K->0K(67072K)] [ParOldGen: 117916K->121354K(245248K)] 121388K->121354K(312320K) [PSPermGen: 5187K->5187K(21504K)], 0.0251790 secs] [Times: user=0.19 sys=0.03, real=0.02 secs] 
52.110: [GC [PSYoungGen: 62349K->4600K(99328K)] 184377K->148582K(344576K), 0.0137570 secs] [Times: user=0.22 sys=0.06, real=0.01 secs] 
53.029: [GC [PSYoungGen: 99320K->4603K(104960K)] 245931K->159925K(350208K), 0.0116680 secs] [Times: user=0.17 sys=0.01, real=0.02 secs] 
54.003: [GC [PSYoungGen: 104955K->15622K(156672K)] 266341K->177008K(401920K), 0.0119270 secs] [Times: user=0.16 sys=0.04, real=0.01 secs] 
55.268: [GC [PSYoungGen: 151302K->17104K(158208K)] 316571K->182374K(403456K), 0.0096020 secs] [Times: user=0.14 sys=0.04, real=0.01 secs] 
56.578: [GC [PSYoungGen: 152708K->18935K(193024K)] 317977K->184204K(438272K), 0.0110600 secs] [Times: user=0.15 sys=0.03, real=0.00 secs] 
58.162: [GC [PSYoungGen: 190946K->19661K(198656K)] 356215K->184930K(443904K), 0.0103050 secs] [Times: user=0.18 sys=0.00, real=0.01 secs] 
59.763: [GC [PSYoungGen: 191475K->20027K(218112K)] 356745K->185296K(463360K), 0.0119750 secs] [Times: user=0.21 sys=0.00, real=0.01 secs] 
61.532: [GC [PSYoungGen: 210997K->19280K(220672K)] 376401K->184684K(465920K), 0.0107410 secs] [Times: user=0.20 sys=0.00, real=0.01 secs] 
63.397: [GC [PSYoungGen: 210256K->14672K(230400K)] 383386K->187802K(475648K), 0.0097280 secs] [Times: user=0.17 sys=0.00, real=0.01 secs] 
65.319: [GC [PSYoungGen: 219472K->15304K(234496K)] 401060K->196893K(479744K), 0.0067400 secs] [Times: user=0.03 sys=0.00, real=0.00 secs] 
67.173: [GC [PSYoungGen: 219973K->19195K(242176K)] 401562K->200784K(487424K), 0.0105580 secs] [Times: user=0.18 sys=0.01, real=0.01 secs] 
69.133: [GC [PSYoungGen: 233696K->19520K(243712K)] 415284K->201108K(488960K), 0.0055860 secs] [Times: user=0.03 sys=0.01, real=0.01 secs] 
71.134: [GC [PSYoungGen: 233989K->19992K(251392K)] 415577K->201581K(496640K), 0.0118850 secs] [Times: user=0.17 sys=0.02, real=0.01 secs] 
73.246: [GC [PSYoungGen: 241569K->20499K(251904K)] 423157K->202088K(497152K), 0.0056410 secs] [Times: user=0.04 sys=0.01, real=0.01 secs] 
75.247: [GC [PSYoungGen: 242070K->19099K(255488K)] 423928K->200957K(500736K), 0.0080610 secs] [Times: user=0.06 sys=0.03, real=0.01 secs] 
77.349: [GC [PSYoungGen: 244379K->5241K(256000K)] 426822K->201547K(501248K), 0.0113310 secs] [Times: user=0.15 sys=0.04, real=0.02 secs] 
79.412: [GC [PSYoungGen: 230457K->6059K(257536K)] 426764K->202373K(502784K), 0.0033930 secs] [Times: user=0.03 sys=0.00, real=0.00 secs] 
81.489: [GC [PSYoungGen: 233859K->5122K(258560K)] 430443K->201778K(503808K), 0.0031120 secs] [Times: user=0.02 sys=0.01, real=0.01 secs] 
83.587: [GC [PSYoungGen: 232962K->1640K(260096K)] 438369K->207055K(505344K), 0.0045650 secs] [Times: user=0.02 sys=0.01, real=0.01 secs] 
85.717: [GC [PSYoungGen: 230983K->4503K(260608K)] 436866K->210418K(505856K), 0.0050730 secs] [Times: user=0.02 sys=0.01, real=0.01 secs] 
87.984: [GC [PSYoungGen: 233879K->3178K(260096K)] 446673K->215996K(505344K), 0.0041340 secs] [Times: user=0.02 sys=0.01, real=0.00 secs] 
90.154: [GC [PSYoungGen: 234087K->6241K(260608K)] 446905K->219068K(505856K), 0.0048790 secs] [Times: user=0.03 sys=0.00, real=0.01 secs] 
92.259: [GC [PSYoungGen: 236965K->6264K(239104K)] 449792K->219122K(484352K), 0.0046610 secs] [Times: user=0.03 sys=0.00, real=0.00 secs] 
94.307: [GC [PSYoungGen: 228320K->6107K(219648K)] 441179K->218997K(464896K), 0.0068740 secs] [Times: user=0.03 sys=0.01, real=0.01 secs] 
96.243: [GC [PSYoungGen: 219392K->5394K(221184K)] 432283K->218348K(466432K), 0.0054790 secs] [Times: user=0.03 sys=0.00, real=0.00 secs] 
98.121: [GC [PSYoungGen: 210617K->6438K(204288K)] 423571K->219400K(449536K), 0.0045440 secs] [Times: user=0.03 sys=0.00, real=0.00 secs] 
99.931: [GC [PSYoungGen: 204004K->5497K(205312K)] 417101K->218602K(450560K), 0.0057740 secs] [Times: user=0.03 sys=0.00, real=0.00 secs] 
101.768: [GC [PSYoungGen: 195961K->1560K(185344K)] 415462K->221070K(430592K), 0.0059480 secs] [Times: user=0.03 sys=0.00, real=0.01 secs] 
103.576: [GC [PSYoungGen: 184856K->3226K(190976K)] 410174K->228552K(436224K), 0.0072350 secs] [Times: user=0.02 sys=0.01, real=0.01 secs] 
105.207: [GC [PSYoungGen: 179810K->6075K(176640K)] 405136K->231433K(421888K), 0.0056380 secs] [Times: user=0.03 sys=0.00, real=0.01 secs] 
106.738: [GC [PSYoungGen: 176491K->4980K(177152K)] 403062K->231559K(422400K), 0.0053300 secs] [Times: user=0.02 sys=0.00, real=0.00 secs] 
108.308: [GC [PSYoungGen: 169332K->4711K(163840K)] 399633K->235019K(409088K), 0.0055290 secs] [Times: user=0.03 sys=0.01, real=0.01 secs] 
109.762: [GC [PSYoungGen: 163382K->6225K(164352K)] 393690K->236550K(409600K), 0.0043230 secs] [Times: user=0.02 sys=0.01, real=0.00 secs] 
111.172: [GC [PSYoungGen: 159252K->5522K(153600K)] 389577K->235854K(398848K), 0.0069430 secs] [Times: user=0.03 sys=0.01, real=0.01 secs] 
112.508: [GC [PSYoungGen: 153464K->5728K(152576K)] 383861K->236140K(397824K), 0.0055440 secs] [Times: user=0.02 sys=0.00, real=0.01 secs] 
113.881: [GC [PSYoungGen: 148576K->2600K(141312K)] 383268K->237372K(386560K), 0.0052050 secs] [Times: user=0.02 sys=0.02, real=0.00 secs] 
115.250: [Full GC [PSYoungGen: 140840K->0K(141312K)] [ParOldGen: 242326K->134315K(239104K)] 383166K->134315K(380416K) [PSPermGen: 5253K->5253K(21504K)], 0.0268340 secs] [Times: user=0.08 sys=0.01, real=0.02 secs] 
116.595: [GC [PSYoungGen: 138240K->3794K(154624K)] 275413K->140968K(393728K), 0.0040620 secs] [Times: user=0.02 sys=0.00, real=0.01 secs] 
117.861: [GC [PSYoungGen: 142400K->5931K(154112K)] 279573K->143104K(393216K), 0.0054750 secs] [Times: user=0.02 sys=0.00, real=0.00 secs] 
119.145: [GC [PSYoungGen: 144620K->5947K(152064K)] 281794K->143120K(391168K), 0.0049440 secs] [Times: user=0.01 sys=0.01, real=0.01 secs] 
120.404: [GC [PSYoungGen: 145719K->6460K(153088K)] 283027K->143769K(392192K), 0.0034640 secs] [Times: user=0.02 sys=0.00, real=0.00 secs] 
121.745: [GC [PSYoungGen: 146236K->1711K(153600K)] 288404K->143878K(392704K), 0.0047400 secs] [Times: user=0.02 sys=0.01, real=0.01 secs] 
123.128: [GC [PSYoungGen: 142511K->1528K(153600K)] 291694K->150711K(392704K), 0.0050760 secs] [Times: user=0.03 sys=0.01, real=0.01 secs] 
124.535: [GC [PSYoungGen: 142328K->1243K(154624K)] 299249K->158163K(393728K), 0.0028550 secs] [Times: user=0.02 sys=0.01, real=0.01 secs] 
125.823: [GC [PSYoungGen: 143035K->6004K(154624K)] 299956K->162924K(393728K), 0.0054040 secs] [Times: user=0.03 sys=0.00, real=0.00 secs] 
127.127: [GC [PSYoungGen: 147749K->4894K(153600K)] 305209K->162353K(392704K), 0.0048790 secs] [Times: user=0.03 sys=0.00, real=0.01 secs] 
128.471: [GC [PSYoungGen: 147742K->1949K(154624K)] 309418K->163625K(393728K), 0.0053030 secs] [Times: user=0.03 sys=0.00, real=0.00 secs] 
129.777: [GC [PSYoungGen: 144774K->5435K(154624K)] 306451K->167112K(393728K), 0.0047700 secs] [Times: user=0.02 sys=0.00, real=0.01 secs] 
131.102: [GC [PSYoungGen: 149270K->5561K(155136K)] 311145K->167436K(394240K), 0.0047920 secs] [Times: user=0.02 sys=0.01, real=0.00 secs] 
132.483: [GC [PSYoungGen: 149433K->3251K(155648K)] 314498K->168316K(394752K), 0.0045270 secs] [Times: user=0.03 sys=0.00, real=0.00 secs] 
133.857: [GC [PSYoungGen: 148117K->6408K(155648K)] 313182K->171474K(394752K), 0.0046040 secs] [Times: user=0.03 sys=0.01, real=0.01 secs] 
135.195: [GC [PSYoungGen: 151201K->5381K(155648K)] 316266K->170446K(394752K), 0.0047470 secs] [Times: user=0.03 sys=0.01, real=0.01 secs] 
136.548: [GC [PSYoungGen: 151300K->5878K(156160K)] 316365K->171008K(395264K), 0.0048940 secs] [Times: user=0.03 sys=0.01, real=0.01 secs] 
137.883: [GC [PSYoungGen: 151794K->5686K(157184K)] 316932K->170840K(396288K), 0.0058970 secs] [Times: user=0.02 sys=0.01, real=0.00 secs] 
139.275: [GC [PSYoungGen: 152630K->2449K(157184K)] 323641K->173467K(396288K), 0.0046170 secs] [Times: user=0.03 sys=0.00, real=0.01 secs] 
140.647: [GC [PSYoungGen: 149356K->6018K(157184K)] 320778K->177448K(396288K), 0.0044340 secs] [Times: user=0.03 sys=0.00, real=0.01 secs] 
142.045: [GC [PSYoungGen: 153986K->2773K(157696K)] 331613K->180473K(396800K), 0.0043310 secs] [Times: user=0.03 sys=0.00, real=0.00 secs] 
143.406: [GC [PSYoungGen: 150740K->5680K(158720K)] 328440K->183388K(397824K), 0.0043330 secs] [Times: user=0.02 sys=0.01, real=0.01 secs] 
144.762: [GC [PSYoungGen: 154637K->5355K(158720K)] 332345K->183071K(397824K), 0.0046040 secs] [Times: user=0.02 sys=0.00, real=0.00 secs] 
146.116: [GC [PSYoungGen: 154276K->6187K(158720K)] 331992K->183919K(397824K), 0.0031250 secs] [Times: user=0.03 sys=0.00, real=0.01 secs] 
147.503: [GC [PSYoungGen: 155604K->6691K(159232K)] 333336K->184431K(398336K), 0.0043480 secs] [Times: user=0.03 sys=0.00, real=0.00 secs] 
148.900: [GC [PSYoungGen: 156150K->5465K(159232K)] 334089K->183412K(398336K), 0.0044750 secs] [Times: user=0.03 sys=0.00, real=0.00 secs] 
150.379: [GC [PSYoungGen: 155993K->2671K(159744K)] 340542K->187236K(398848K), 0.0029040 secs] [Times: user=0.03 sys=0.01, real=0.00 secs] 
151.810: [GC [PSYoungGen: 153199K->1156K(160256K)] 345818K->193784K(399360K), 0.0046470 secs] [Times: user=0.02 sys=0.00, real=0.00 secs] 
153.221: [GC [PSYoungGen: 152196K->3242K(160768K)] 348318K->199436K(399872K), 0.0034610 secs] [Times: user=0.03 sys=0.00, real=0.00 secs] 
154.649: [GC [PSYoungGen: 154240K->6274K(160768K)] 350568K->202618K(399872K), 0.0032780 secs] [Times: user=0.02 sys=0.00, real=0.01 secs] 
156.171: [GC [PSYoungGen: 157826K->2109K(161280K)] 359767K->204082K(400384K), 0.0044780 secs] [Times: user=0.02 sys=0.00, real=0.00 secs] 
157.573: [GC [PSYoungGen: 153591K->5317K(161280K)] 355834K->207567K(400384K), 0.0045560 secs] [Times: user=0.03 sys=0.00, real=0.00 secs] 
159.031: [GC [PSYoungGen: 157893K->2401K(161792K)] 364954K->209470K(400896K), 0.0030230 secs] [Times: user=0.02 sys=0.00, real=0.00 secs] 
160.449: [GC [PSYoungGen: 154977K->3347K(162304K)] 366665K->215059K(401408K), 0.0032860 secs] [Times: user=0.02 sys=0.01, real=0.01 secs] 
161.919: [GC [PSYoungGen: 156433K->6614K(162304K)] 368145K->218334K(401408K), 0.0049810 secs] [Times: user=0.03 sys=0.01, real=0.00 secs] 
163.387: [GC [PSYoungGen: 159476K->6582K(162816K)] 371196K->218326K(401920K), 0.0032690 secs] [Times: user=0.02 sys=0.01, real=0.01 secs] 
164.799: [GC [PSYoungGen: 160172K->6059K(163328K)] 371917K->217811K(402432K), 0.0048190 secs] [Times: user=0.03 sys=0.00, real=0.00 secs] 
166.261: [GC [PSYoungGen: 159532K->5680K(164352K)] 371419K->217575K(403456K), 0.0057840 secs] [Times: user=0.03 sys=0.01, real=0.00 secs] 
167.658: [GC [PSYoungGen: 160304K->5812K(164352K)] 372924K->218449K(403456K), 0.0034120 secs] [Times: user=0.02 sys=0.00, real=0.01 secs] 
169.130: [GC [PSYoungGen: 160427K->5997K(165376K)] 373333K->218911K(404480K), 0.0032470 secs] [Times: user=0.03 sys=0.00, real=0.00 secs] 
170.598: [GC [PSYoungGen: 161645K->2394K(165376K)] 381725K->222482K(404480K), 0.0046460 secs] [Times: user=0.02 sys=0.01, real=0.00 secs] 
172.032: [GC [PSYoungGen: 157928K->4380K(165376K)] 378690K->225182K(404480K), 0.0058260 secs] [Times: user=0.03 sys=0.01, real=0.00 secs] 
173.563: [GC [PSYoungGen: 161052K->2109K(165888K)] 386822K->227959K(404992K), 0.0030460 secs] [Times: user=0.03 sys=0.01, real=0.00 secs] 
175.513: [GC [PSYoungGen: 158781K->2194K(166912K)] 388883K->232360K(406016K), 0.0048920 secs] [Times: user=0.02 sys=0.01, real=0.01 secs] 
176.922: [GC [PSYoungGen: 159880K->6819K(166912K)] 390046K->236993K(406016K), 0.0042100 secs] [Times: user=0.03 sys=0.00, real=0.00 secs] 
178.351: [GC [PSYoungGen: 164412K->7050K(167936K)] 394586K->237264K(407040K), 0.0032560 secs] [Times: user=0.02 sys=0.00, real=0.00 secs] 
179.818: [GC [PSYoungGen: 165140K->5744K(168448K)] 395489K->236116K(407552K), 0.0065620 secs] [Times: user=0.04 sys=0.00, real=0.00 secs] 
181.305: [GC [PSYoungGen: 163952K->2632K(168960K)] 402833K->241537K(408064K), 0.0046380 secs] [Times: user=0.03 sys=0.00, real=0.00 secs] 
181.310: [Full GC [PSYoungGen: 2632K->0K(168960K)] [ParOldGen: 238905K->134432K(287744K)] 241537K->134432K(456704K) [PSPermGen: 5282K->5282K(21504K)], 0.0155650 secs] [Times: user=0.07 sys=0.01, real=0.02 secs] 
182.787: [GC [PSYoungGen: 159032K->6335K(168960K)] 293464K->140767K(456704K), 0.0046590 secs] [Times: user=0.03 sys=0.01, real=0.01 secs] 
184.291: [GC [PSYoungGen: 165559K->6004K(169984K)] 299991K->140436K(457728K), 0.0035680 secs] [Times: user=0.03 sys=0.00, real=0.00 secs] 
185.737: [GC [PSYoungGen: 166233K->6296K(169984K)] 300665K->140728K(457728K), 0.0050360 secs] [Times: user=0.03 sys=0.01, real=0.01 secs] 
187.252: [GC [PSYoungGen: 166520K->4916K(171008K)] 301350K->139746K(458752K), 0.0044280 secs] [Times: user=0.02 sys=0.00, real=0.00 secs] 
188.813: [GC [PSYoungGen: 166196K->1576K(171008K)] 308661K->144041K(458752K), 0.0032820 secs] [Times: user=0.02 sys=0.00, real=0.00 secs] 
190.305: [GC [PSYoungGen: 162856K->2353K(172032K)] 312780K->152277K(459776K), 0.0044960 secs] [Times: user=0.03 sys=0.01, real=0.00 secs] 
191.917: [GC [PSYoungGen: 164657K->2131K(172032K)] 321192K->158667K(459776K), 0.0048530 secs] [Times: user=0.03 sys=0.00, real=0.01 secs] 
193.493: [GC [PSYoungGen: 164389K->5223K(172032K)] 321059K->161893K(459776K), 0.0047590 secs] [Times: user=0.01 sys=0.02, real=0.00 secs] 
195.002: [GC [PSYoungGen: 168551K->3091K(172544K)] 328932K->163472K(460288K), 0.0057640 secs] [Times: user=0.02 sys=0.00, real=0.00 secs] 
196.518: [GC [PSYoungGen: 166412K->6273K(173568K)] 326793K->166655K(461312K), 0.0046620 secs] [Times: user=0.03 sys=0.01, real=0.00 secs] 
198.084: [GC [PSYoungGen: 170598K->5757K(173568K)] 331448K->166607K(461312K), 0.0049030 secs] [Times: user=0.03 sys=0.00, real=0.00 secs] 
199.610: [GC [PSYoungGen: 170109K->2600K(174592K)] 337419K->169910K(462336K), 0.0040170 secs] [Times: user=0.03 sys=0.00, real=0.00 secs] 
201.145: [GC [PSYoungGen: 167921K->4585K(174592K)] 336103K->172768K(462336K), 0.0047390 secs] [Times: user=0.02 sys=0.00, real=0.00 secs] 
202.708: [GC [PSYoungGen: 169961K->3607K(175104K)] 341867K->175513K(462848K), 0.0041760 secs] [Times: user=0.03 sys=0.00, real=0.01 secs] 
204.264: [GC [PSYoungGen: 170007K->1823K(175104K)] 349444K->181260K(462848K), 0.0049340 secs] [Times: user=0.02 sys=0.00, real=0.00 secs] 
205.832: [GC [PSYoungGen: 168223K->2259K(176128K)] 352194K->186461K(463872K), 0.0047800 secs] [Times: user=0.02 sys=0.00, real=0.00 secs] 
207.391: [GC [PSYoungGen: 169678K->5108K(176128K)] 354689K->190127K(463872K), 0.0057480 secs] [Times: user=0.03 sys=0.00, real=0.00 secs] 
209.000: [GC [PSYoungGen: 172532K->3456K(176128K)] 363416K->194348K(463872K), 0.0032630 secs] [Times: user=0.02 sys=0.01, real=0.00 secs] 
210.502: [GC [PSYoungGen: 171823K->6075K(176640K)] 362984K->197244K(464384K), 0.0052090 secs] [Times: user=0.03 sys=0.01, real=0.00 secs] 
212.098: [GC [PSYoungGen: 174523K->3488K(177152K)] 371866K->200856K(464896K), 0.0046960 secs] [Times: user=0.02 sys=0.00, real=0.00 secs] 
213.706: [GC [PSYoungGen: 172953K->5885K(177664K)] 370384K->203324K(465408K), 0.0058600 secs] [Times: user=0.03 sys=0.01, real=0.01 secs] 
215.295: [GC [PSYoungGen: 175357K->3338K(178176K)] 377092K->205089K(465920K), 0.0034170 secs] [Times: user=0.02 sys=0.01, real=0.01 secs] 
216.881: [GC [PSYoungGen: 173834K->5963K(178688K)] 376378K->208523K(466432K), 0.0040460 secs] [Times: user=0.03 sys=0.00, real=0.00 secs] 
218.455: [GC [PSYoungGen: 176327K->6315K(180224K)] 378887K->208915K(467968K), 0.0044610 secs] [Times: user=0.03 sys=0.00, real=0.01 secs] 
220.036: [GC [PSYoungGen: 177707K->6139K(180224K)] 380307K->208747K(467968K), 0.0051710 secs] [Times: user=0.03 sys=0.00, real=0.01 secs] 
221.636: [GC [PSYoungGen: 177637K->6011K(181760K)] 380515K->208896K(469504K), 0.0048170 secs] [Times: user=0.02 sys=0.00, real=0.01 secs] 
223.307: [GC [PSYoungGen: 178555K->3306K(181760K)] 386497K->211256K(469504K), 0.0033190 secs] [Times: user=0.02 sys=0.00, real=0.01 secs] 
224.915: [GC [PSYoungGen: 175829K->5917K(182784K)] 383843K->213947K(470528K), 0.0056330 secs] [Times: user=0.03 sys=0.01, real=0.01 secs] 
226.612: [GC [PSYoungGen: 179485K->1284K(182784K)] 394490K->216353K(470528K), 0.0052040 secs] [Times: user=0.03 sys=0.01, real=0.00 secs] 
228.223: [GC [PSYoungGen: 174852K->3678K(182784K)] 393731K->222565K(470528K), 0.0058000 secs] [Times: user=0.03 sys=0.00, real=0.00 secs] 
229.819: [GC [PSYoungGen: 178258K->5981K(183296K)] 397144K->224892K(471040K), 0.0039520 secs] [Times: user=0.03 sys=0.00, real=0.00 secs] 
231.407: [GC [PSYoungGen: 180569K->5529K(184832K)] 399679K->224662K(472576K), 0.0058980 secs] [Times: user=0.03 sys=0.00, real=0.01 secs] 
233.066: [GC [PSYoungGen: 181145K->2885K(184832K)] 405763K->227527K(472576K), 0.0044150 secs] [Times: user=0.03 sys=0.00, real=0.01 secs] 
234.704: [GC [PSYoungGen: 178501K->5074K(185344K)] 404877K->231457K(473088K), 0.0029230 secs] [Times: user=0.02 sys=0.00, real=0.00 secs] 
236.336: [GC [PSYoungGen: 181692K->5330K(185344K)] 408480K->232158K(473088K), 0.0047320 secs] [Times: user=0.03 sys=0.00, real=0.01 secs] 
237.993: [GC [PSYoungGen: 181970K->2609K(186368K)] 413743K->234390K(474112K), 0.0045820 secs] [Times: user=0.02 sys=0.01, real=0.01 secs] 
239.603: [GC [PSYoungGen: 180273K->6415K(186368K)] 412188K->238362K(474112K), 0.0048090 secs] [Times: user=0.02 sys=0.01, real=0.00 secs] 
241.296: [GC [PSYoungGen: 184079K->1704K(186880K)] 421559K->239216K(474624K), 0.0028800 secs] [Times: user=0.02 sys=0.00, real=0.01 secs] 
242.948: [GC [PSYoungGen: 179783K->6077K(187392K)] 417295K->243597K(475136K), 0.0047790 secs] [Times: user=0.03 sys=0.01, real=0.01 secs] 
244.590: [GC [PSYoungGen: 184126K->6774K(187904K)] 421645K->244310K(475648K), 0.0041940 secs] [Times: user=0.04 sys=0.00, real=0.00 secs] 
246.263: [GC [PSYoungGen: 185369K->6376K(188416K)] 423175K->244190K(476160K), 0.0047520 secs] [Times: user=0.03 sys=0.00, real=0.00 secs] 
248.002: [GC [PSYoungGen: 185064K->1752K(189440K)] 430449K->247209K(477184K), 0.0047000 secs] [Times: user=0.03 sys=0.01, real=0.00 secs] 
249.668: [GC [PSYoungGen: 181464K->3562K(189440K)] 430113K->252219K(477184K), 0.0041190 secs] [Times: user=0.02 sys=0.01, real=0.01 secs] 
251.305: [GC [PSYoungGen: 183108K->6013K(190464K)] 431765K->254694K(478208K), 0.0048840 secs] [Times: user=0.02 sys=0.01, real=0.01 secs] 
253.005: [GC [PSYoungGen: 186655K->6897K(190464K)] 435335K->255674K(478208K), 0.0047560 secs] [Times: user=0.02 sys=0.00, real=0.01 secs] 
254.715: [GC [PSYoungGen: 187553K->6193K(190976K)] 436465K->255121K(478720K), 0.0044570 secs] [Times: user=0.03 sys=0.00, real=0.01 secs] 
256.464: [GC [PSYoungGen: 187441K->4147K(191488K)] 442391K->259104K(479232K), 0.0050430 secs] [Times: user=0.03 sys=0.01, real=0.00 secs] 
258.145: [GC [PSYoungGen: 185312K->5490K(190976K)] 440270K->260504K(478720K), 0.0030870 secs] [Times: user=0.03 sys=0.00, real=0.00 secs] 
259.818: [GC [PSYoungGen: 187712K->5712K(191488K)] 442790K->260798K(479232K), 0.0045980 secs] [Times: user=0.03 sys=0.00, real=0.00 secs] 
261.532: [GC [PSYoungGen: 187984K->2029K(192512K)] 447112K->261173K(480256K), 0.0033210 secs] [Times: user=0.03 sys=0.00, real=0.00 secs] 
263.182: [GC [PSYoungGen: 185324K->6036K(192512K)] 444468K->265236K(480256K), 0.0047670 secs] [Times: user=0.03 sys=0.01, real=0.00 secs] 
264.867: [GC [PSYoungGen: 189332K->5680K(193536K)] 448540K->264896K(481280K), 0.0047790 secs] [Times: user=0.03 sys=0.00, real=0.01 secs] 
266.622: [GC [PSYoungGen: 190000K->736K(193536K)] 456533K->267341K(481280K), 0.0044480 secs] [Times: user=0.03 sys=0.01, real=0.00 secs] 
268.361: [GC [PSYoungGen: 185056K->2609K(194048K)] 457534K->275095K(481792K), 0.0049320 secs] [Times: user=0.03 sys=0.01, real=0.00 secs] 
270.111: [GC [PSYoungGen: 187953K->2885K(194560K)] 466241K->281181K(482304K), 0.0044810 secs] [Times: user=0.03 sys=0.00, real=0.00 secs] 
271.817: [GC [PSYoungGen: 188037K->5673K(195584K)] 466603K->284247K(483328K), 0.0057870 secs] [Times: user=0.04 sys=0.01, real=0.01 secs] 
273.592: [GC [PSYoungGen: 192041K->3322K(195584K)] 477226K->288547K(483328K), 0.0032230 secs] [Times: user=0.03 sys=0.00, real=0.00 secs] 
275.396: [GC [PSYoungGen: 189690K->1791K(195584K)] 482065K->294255K(488448K), 0.0043150 secs] [Times: user=0.03 sys=0.00, real=0.01 secs] 
277.189: [GC [PSYoungGen: 189066K->5769K(196096K)] 481529K->298248K(488960K), 0.0057740 secs] [Times: user=0.03 sys=0.01, real=0.01 secs] 
278.888: [GC [PSYoungGen: 193138K->6235K(197632K)] 485752K->298857K(490496K), 0.0040050 secs] [Times: user=0.00 sys=0.03, real=0.01 secs] 
280.658: [GC [PSYoungGen: 194651K->2212K(197632K)] 493391K->300960K(496640K), 0.0049190 secs] [Times: user=0.02 sys=0.00, real=0.00 secs] 
282.426: [GC [PSYoungGen: 190613K->6733K(198144K)] 489361K->305537K(497152K), 0.0052160 secs] [Times: user=0.04 sys=0.00, real=0.01 secs] 
284.194: [GC [PSYoungGen: 195554K->6123K(198656K)] 494359K->304935K(497664K), 0.0041510 secs] [Times: user=0.02 sys=0.00, real=0.01 secs] 
285.942: [Full GC [PSYoungGen: 194932K->0K(198656K)] [ParOldGen: 298947K->134694K(348160K)] 493880K->134694K(546816K) [PSPermGen: 5285K->5285K(21504K)], 0.0280210 secs] [Times: user=0.07 sys=0.01, real=0.03 secs] 
287.776: [GC [PSYoungGen: 188928K->2099K(199680K)] 329511K->142683K(547840K), 0.0047020 secs] [Times: user=0.03 sys=0.01, real=0.01 secs] 
289.527: [GC [PSYoungGen: 191910K->5378K(199680K)] 332494K->145961K(547840K), 0.0047960 secs] [Times: user=0.03 sys=0.01, real=0.01 secs] 
291.241: [GC [PSYoungGen: 195097K->5615K(200704K)] 335680K->146199K(548864K), 0.0048350 secs] [Times: user=0.02 sys=0.01, real=0.00 secs] 
292.991: [GC [PSYoungGen: 196548K->6152K(200704K)] 337131K->146736K(548864K), 0.0039470 secs] [Times: user=0.03 sys=0.00, real=0.00 secs] 
294.753: [GC [PSYoungGen: 197088K->5885K(201728K)] 337672K->146469K(549888K), 0.0055950 secs] [Times: user=0.00 sys=0.05, real=0.01 secs] 
296.495: [GC [PSYoungGen: 197779K->5558K(201728K)] 338767K->146546K(549888K), 0.0039750 secs] [Times: user=0.03 sys=0.01, real=0.01 secs] 
298.301: [GC [PSYoungGen: 197558K->2083K(203264K)] 343824K->148350K(551424K), 0.0049120 secs] [Times: user=0.03 sys=0.00, real=0.00 secs] 
300.086: [GC [PSYoungGen: 195467K->6232K(203264K)] 341733K->152498K(551424K), 0.0046500 secs] [Times: user=0.01 sys=0.01, real=0.01 secs] 
301.854: [GC [PSYoungGen: 199762K->5631K(203776K)] 346100K->151969K(551936K), 0.0031320 secs] [Times: user=0.02 sys=0.00, real=0.00 secs] 
303.679: [GC [PSYoungGen: 200191K->2083K(204288K)] 351554K->153446K(552448K), 0.0047520 secs] [Times: user=0.03 sys=0.00, real=0.00 secs] 
305.483: [GC [PSYoungGen: 196636K->4839K(204288K)] 348205K->156408K(552448K), 0.0045740 secs] [Times: user=0.02 sys=0.00, real=0.00 secs] 
307.365: [GC [PSYoungGen: 200423K->2472K(204800K)] 358777K->160826K(552960K), 0.0044410 secs] [Times: user=0.03 sys=0.01, real=0.01 secs] 
309.163: [GC [PSYoungGen: 198049K->5481K(205312K)] 356467K->163899K(553472K), 0.0028330 secs] [Times: user=0.03 sys=0.00, real=0.00 secs] 
310.967: [GC [PSYoungGen: 202089K->4275K(205824K)] 361837K->164023K(553984K), 0.0041830 secs] [Times: user=0.03 sys=0.00, real=0.01 secs] 
312.842: [GC [PSYoungGen: 200748K->6225K(206336K)] 360496K->165974K(554496K), 0.0039940 secs] [Times: user=0.03 sys=0.01, real=0.00 secs] 
314.685: [GC [PSYoungGen: 203839K->6091K(206336K)] 363587K->165887K(554496K), 0.0047510 secs] [Times: user=0.03 sys=0.00, real=0.01 secs] 
316.522: [GC [PSYoungGen: 203648K->5504K(206848K)] 363444K->165316K(555008K), 0.0050330 secs] [Times: user=0.03 sys=0.01, real=0.00 secs] 
318.320: [GC [PSYoungGen: 204116K->6897K(207360K)] 363929K->166717K(555520K), 0.0030460 secs] [Times: user=0.03 sys=0.00, real=0.00 secs] 
320.137: [GC [PSYoungGen: 205548K->6084K(208896K)] 365369K->165912K(557056K), 0.0044620 secs] [Times: user=0.02 sys=0.01, real=0.01 secs] 
321.969: [GC [PSYoungGen: 205524K->6383K(208896K)] 365352K->166219K(557056K), 0.0045300 secs] [Times: user=0.02 sys=0.01, real=0.01 secs] 
323.795: [GC [PSYoungGen: 205969K->6001K(209920K)] 366345K->166385K(558080K), 0.0031080 secs] [Times: user=0.02 sys=0.01, real=0.01 secs] 
325.703: [GC [PSYoungGen: 206705K->2147K(209920K)] 372240K->167706K(558080K), 0.0046270 secs] [Times: user=0.02 sys=0.01, real=0.00 secs] 
327.605: [GC [PSYoungGen: 202851K->1901K(210432K)] 376409K->175466K(558592K), 0.0053940 secs] [Times: user=0.03 sys=0.01, real=0.01 secs] 
329.488: [GC [PSYoungGen: 203117K->1775K(210944K)] 382118K->180785K(559104K), 0.0045410 secs] [Times: user=0.03 sys=0.00, real=0.01 secs] 
331.328: [GC [PSYoungGen: 202991K->4368K(211456K)] 383824K->185225K(559616K), 0.0042600 secs] [Times: user=0.00 sys=0.02, real=0.01 secs] 
333.215: [GC [PSYoungGen: 207038K->6344K(211968K)] 387895K->187344K(560128K), 0.0048350 secs] [Times: user=0.03 sys=0.00, real=0.01 secs] 
335.106: [GC [PSYoungGen: 209070K->5481K(213504K)] 390269K->186703K(561664K), 0.0046840 secs] [Times: user=0.03 sys=0.00, real=0.01 secs] 
337.107: [GC [PSYoungGen: 209768K->800K(213504K)] 399377K->190417K(561664K), 0.0033030 secs] [Times: user=0.02 sys=0.00, real=0.01 secs] 
338.978: [GC [PSYoungGen: 204960K->5497K(214528K)] 394981K->195534K(562688K), 0.0044180 secs] [Times: user=0.02 sys=0.00, real=0.01 secs] 
340.897: [GC [PSYoungGen: 210809K->2093K(214528K)] 404895K->196195K(562688K), 0.0053600 secs] [Times: user=0.01 sys=0.02, real=0.01 secs] 
342.845: [GC [PSYoungGen: 207244K->5744K(216064K)] 401346K->199854K(564224K), 0.0045470 secs] [Times: user=0.03 sys=0.00, real=0.00 secs] 
344.751: [GC [PSYoungGen: 212547K->6598K(216064K)] 406657K->200716K(564224K), 0.0034140 secs] [Times: user=0.03 sys=0.00, real=0.00 secs] 
346.697: [GC [PSYoungGen: 213444K->5410K(217600K)] 407697K->199671K(565760K), 0.0056260 secs] [Times: user=0.03 sys=0.01, real=0.01 secs] 
348.625: [GC [PSYoungGen: 213282K->3601K(217600K)] 410458K->200785K(565760K), 0.0046160 secs] [Times: user=0.03 sys=0.00, real=0.00 secs] 
350.604: [GC [PSYoungGen: 211473K->1522K(217600K)] 415205K->205262K(565760K), 0.0035970 secs] [Times: user=0.02 sys=0.00, real=0.00 secs] 
352.504: [GC [PSYoungGen: 210287K->6139K(218112K)] 414163K->210022K(566272K), 0.0032400 secs] [Times: user=0.03 sys=0.00, real=0.00 secs] 
354.453: [GC [PSYoungGen: 215035K->2895K(218624K)] 424600K->212500K(566784K), 0.0047250 secs] [Times: user=0.02 sys=0.01, real=0.01 secs] 
356.457: [GC [PSYoungGen: 212815K->1839K(219136K)] 429570K->218619K(567296K), 0.0053240 secs] [Times: user=0.03 sys=0.00, real=0.01 secs] 
358.352: [GC [PSYoungGen: 211738K->6774K(220160K)] 428518K->223593K(568320K), 0.0034910 secs] [Times: user=0.00 sys=0.03, real=0.00 secs] 
360.278: [GC [PSYoungGen: 217601K->5862K(220672K)] 434421K->222722K(568832K), 0.0057270 secs] [Times: user=0.03 sys=0.00, real=0.00 secs] 
362.212: [GC [PSYoungGen: 216733K->6232K(221696K)] 433862K->223377K(569856K), 0.0047330 secs] [Times: user=0.00 sys=0.03, real=0.00 secs] 
364.228: [GC [PSYoungGen: 218200K->2369K(222208K)] 442836K->227013K(570368K), 0.0044280 secs] [Times: user=0.02 sys=0.00, real=0.01 secs] 
366.258: [GC [PSYoungGen: 214337K->2100K(223232K)] 444882K->232661K(571392K), 0.0045780 secs] [Times: user=0.02 sys=0.00, real=0.00 secs] 
368.287: [GC [PSYoungGen: 215604K->5211K(223232K)] 447452K->237067K(571392K), 0.0036500 secs] [Times: user=0.03 sys=0.00, real=0.01 secs] 
370.286: [GC [PSYoungGen: 218715K->4914K(223232K)] 454342K->240581K(571392K), 0.0031110 secs] [Times: user=0.02 sys=0.00, real=0.00 secs] 
372.298: [GC [PSYoungGen: 219324K->6331K(223744K)] 454991K->242006K(571904K), 0.0042310 secs] [Times: user=0.03 sys=0.00, real=0.00 secs] 
374.306: [GC [PSYoungGen: 220810K->6280K(225280K)] 456755K->242233K(573440K), 0.0069260 secs] [Times: user=0.04 sys=0.00, real=0.01 secs] 
376.390: [GC [PSYoungGen: 221829K->1727K(225280K)] 466280K->246187K(573440K), 0.0051050 secs] [Times: user=0.02 sys=0.01, real=0.00 secs] 
378.384: [GC [PSYoungGen: 217272K->5227K(226816K)] 462334K->250298K(574976K), 0.0036300 secs] [Times: user=0.02 sys=0.01, real=0.00 secs] 
380.387: [GC [PSYoungGen: 222315K->2536K(226816K)] 473678K->253939K(574976K), 0.0028270 secs] [Times: user=0.03 sys=0.00, real=0.00 secs] 
382.363: [GC [PSYoungGen: 219582K->6550K(226816K)] 470985K->258381K(574976K), 0.0045950 secs] [Times: user=0.03 sys=0.00, real=0.00 secs] 
384.338: [GC [PSYoungGen: 224145K->6351K(227328K)] 475977K->258239K(575488K), 0.0049350 secs] [Times: user=0.03 sys=0.01, real=0.00 secs] 
386.348: [GC [PSYoungGen: 223817K->5024K(227840K)] 475705K->256944K(576000K), 0.0041650 secs] [Times: user=0.03 sys=0.00, real=0.01 secs] 
388.328: [GC [PSYoungGen: 223544K->5878K(228352K)] 475463K->257814K(576512K), 0.0049630 secs] [Times: user=0.03 sys=0.00, real=0.01 secs] 
390.305: [GC [PSYoungGen: 224395K->5394K(228864K)] 476735K->257742K(577024K), 0.0046390 secs] [Times: user=0.03 sys=0.00, real=0.00 secs] 
392.374: [GC [PSYoungGen: 225554K->2552K(229376K)] 485877K->262883K(577536K), 0.0033710 secs] [Times: user=0.03 sys=0.00, real=0.00 secs] 
394.445: [GC [PSYoungGen: 222559K->5910K(230400K)] 482891K->266282K(578560K), 0.0064390 secs] [Times: user=0.04 sys=0.01, real=0.01 secs] 
396.475: [GC [PSYoungGen: 227001K->6488K(230400K)] 487372K->267010K(578560K), 0.0054930 secs] [Times: user=0.04 sys=0.00, real=0.01 secs] 
398.543: [GC [PSYoungGen: 227663K->5869K(231424K)] 488185K->266415K(579584K), 0.0058030 secs] [Times: user=0.02 sys=0.00, real=0.00 secs] 
400.596: [GC [PSYoungGen: 228570K->5529K(231936K)] 489251K->266234K(580096K), 0.0050200 secs] [Times: user=0.03 sys=0.00, real=0.01 secs] 
402.755: [GC [PSYoungGen: 228249K->1451K(233472K)] 494313K->267523K(581632K), 0.0047120 secs] [Times: user=0.03 sys=0.00, real=0.01 secs] 
404.842: [GC [PSYoungGen: 225463K->6091K(233472K)] 491534K->272170K(581632K), 0.0045510 secs] [Times: user=0.02 sys=0.00, real=0.00 secs] 
406.923: [GC [PSYoungGen: 230225K->6392K(234496K)] 496305K->272480K(582656K), 0.0048960 secs] [Times: user=0.03 sys=0.00, real=0.00 secs] 
409.033: [GC [PSYoungGen: 231651K->5401K(235008K)] 498008K->271782K(583168K), 0.0047540 secs] [Times: user=0.03 sys=0.00, real=0.01 secs] 
411.115: [GC [PSYoungGen: 230681K->2908K(236032K)] 501134K->273386K(584192K), 0.0056530 secs] [Times: user=0.03 sys=0.01, real=0.01 secs] 
413.177: [GC [PSYoungGen: 229613K->5995K(236032K)] 500090K->276488K(584192K), 0.0053760 secs] [Times: user=0.03 sys=0.00, real=0.01 secs] 
415.265: [GC [PSYoungGen: 232810K->4983K(236544K)] 503851K->276031K(584704K), 0.0043380 secs] [Times: user=0.03 sys=0.00, real=0.00 secs] 
417.657: [GC [PSYoungGen: 233335K->486K(237056K)] 508113K->275272K(585216K), 0.0028090 secs] [Times: user=0.02 sys=0.00, real=0.01 secs] 
417.661: [GC [PSYoungGen: 545K->630K(238592K)] 275331K->275464K(586752K), 0.0043810 secs] [Times: user=0.02 sys=0.00, real=0.00 secs] 
Heap
 PSYoungGen      total 238592K, used 52894K [0x00000000eaa80000, 0x00000000fbc00000, 0x0000000100000000)
  eden space 229376K, 22% used [0x00000000eaa80000,0x00000000edd89ef0,0x00000000f8a80000)
  from space 9216K, 6% used [0x00000000f9400000,0x00000000f949db78,0x00000000f9d00000)
  to   space 9728K, 0% used [0x00000000f8a80000,0x00000000f8a80000,0x00000000f9400000)
 ParOldGen       total 348160K, used 274833K [0x00000000c0000000, 0x00000000d5400000, 0x00000000eaa80000)
  object space 348160K, 78% used [0x00000000c0000000,0x00000000d0c647f8,0x00000000d5400000)
 PSPermGen       total 21504K, used 12240K [0x00000000bae00000, 0x00000000bc300000, 0x00000000c0000000)
  object space 21504K, 56% used [0x00000000bae00000,0x00000000bb9f4388,0x00000000bc300000)
