52.543: [GC [PSYoungGen: 10579K->3587K(35840K)] 10579K->3595K(116224K), 0.0084720 secs] [Times: user=0.07 sys=0.00, real=0.01 secs] 
52.551: [Full GC [PSYoungGen: 3587K->0K(35840K)] [ParOldGen: 8K->3139K(80384K)] 3595K->3139K(116224K) [PSPermGen: 5166K->5165K(21504K)], 0.0330610 secs] [Times: user=0.18 sys=0.00, real=0.03 secs] 
52.585: [GC [PSYoungGen: 0K->0K(35840K)] 3139K->3139K(116224K), 0.0026150 secs] [Times: user=0.03 sys=0.00, real=0.00 secs] 
52.587: [Full GC [PSYoungGen: 0K->0K(35840K)] [ParOldGen: 3139K->3139K(80384K)] 3139K->3139K(116224K) [PSPermGen: 5165K->5165K(21504K)], 0.0153280 secs] [Times: user=0.07 sys=0.00, real=0.02 secs] 
52.674: [GC [PSYoungGen: 28987K->4544K(35840K)] 32126K->29893K(116224K), 0.0103060 secs] [Times: user=0.15 sys=0.01, real=0.01 secs] 
52.690: [GC [PSYoungGen: 35610K->4358K(67072K)] 60959K->60757K(147456K), 0.0129390 secs] [Times: user=0.12 sys=0.08, real=0.01 secs] 
52.704: [Full GC [PSYoungGen: 4358K->0K(67072K)] [ParOldGen: 56399K->59435K(142336K)] 60757K->59435K(209408K) [PSPermGen: 5187K->5187K(21504K)], 0.0410270 secs] [Times: user=0.60 sys=0.00, real=0.04 secs] 
52.774: [GC [PSYoungGen: 62060K->3472K(67072K)] 121495K->121388K(209408K), 0.0236070 secs] [Times: user=0.16 sys=0.31, real=0.03 secs] 
52.798: [Full GC [PSYoungGen: 3472K->0K(67072K)] [ParOldGen: 117916K->121354K(251904K)] 121388K->121354K(318976K) [PSPermGen: 5187K->5187K(21504K)], 0.0252050 secs] [Times: user=0.17 sys=0.08, real=0.02 secs] 
53.433: [GC [PSYoungGen: 62362K->4589K(96256K)] 184390K->145055K(348160K), 0.0138720 secs] [Times: user=0.17 sys=0.09, real=0.01 secs] 
54.468: [GC [PSYoungGen: 96237K->1124K(101376K)] 247445K->152331K(353280K), 0.0028420 secs] [Times: user=0.02 sys=0.00, real=0.01 secs] 
55.503: [GC [PSYoungGen: 97871K->1005K(145408K)] 258871K->162004K(397312K), 0.0030280 secs] [Times: user=0.02 sys=0.00, real=0.00 secs] 
56.717: [GC [PSYoungGen: 129517K->5670K(144896K)] 290921K->167074K(396800K), 0.0036120 secs] [Times: user=0.03 sys=0.01, real=0.01 secs] 
58.018: [GC [PSYoungGen: 134182K->2253K(157696K)] 300559K->168629K(409600K), 0.0031460 secs] [Times: user=0.01 sys=0.01, real=0.00 secs] 
59.330: [GC [PSYoungGen: 144589K->6835K(157184K)] 310965K->173212K(409088K), 0.0049090 secs] [Times: user=0.03 sys=0.01, real=0.00 secs] 
60.663: [GC [PSYoungGen: 148957K->5472K(158720K)] 315873K->172387K(410624K), 0.0046810 secs] [Times: user=0.04 sys=0.00, real=0.00 secs] 
62.092: [GC [PSYoungGen: 150880K->1480K(159232K)] 323746K->174347K(411136K), 0.0036990 secs] [Times: user=0.03 sys=0.00, real=0.00 secs] 
63.533: [GC [PSYoungGen: 146888K->1124K(160256K)] 329341K->183577K(412160K), 0.0034250 secs] [Times: user=0.02 sys=0.00, real=0.00 secs] 
64.892: [GC [PSYoungGen: 148386K->6408K(160768K)] 330839K->188861K(412672K), 0.0043350 secs] [Times: user=0.00 sys=0.03, real=0.00 secs] 
66.253: [GC [PSYoungGen: 153829K->5757K(160768K)] 336552K->188480K(412672K), 0.0030850 secs] [Times: user=0.02 sys=0.00, real=0.00 secs] 
67.681: [GC [PSYoungGen: 154237K->3258K(161280K)] 342024K->191044K(413184K), 0.0044780 secs] [Times: user=0.02 sys=0.01, real=0.00 secs] 
69.087: [GC [PSYoungGen: 151548K->6059K(162304K)] 339335K->193845K(414208K), 0.0038550 secs] [Times: user=0.03 sys=0.00, real=0.01 secs] 
70.479: [GC [PSYoungGen: 155854K->6470K(162304K)] 343641K->194256K(414208K), 0.0045960 secs] [Times: user=0.03 sys=0.00, real=0.00 secs] 
71.939: [GC [PSYoungGen: 156486K->5787K(161792K)] 344962K->194262K(413696K), 0.0064640 secs] [Times: user=0.03 sys=0.00, real=0.00 secs] 
73.413: [GC [PSYoungGen: 156315K->2209K(162304K)] 349460K->195418K(414208K), 0.0048170 secs] [Times: user=0.03 sys=0.00, real=0.01 secs] 
74.841: [GC [PSYoungGen: 152737K->3858K(162304K)] 349332K->200461K(414208K), 0.0038630 secs] [Times: user=0.02 sys=0.01, real=0.00 secs] 
76.303: [GC [PSYoungGen: 155410K->3559K(162816K)] 355655K->203843K(414720K), 0.0046430 secs] [Times: user=0.03 sys=0.00, real=0.00 secs] 
77.700: [GC [PSYoungGen: 155061K->6171K(163328K)] 355345K->206487K(415232K), 0.0039970 secs] [Times: user=0.01 sys=0.02, real=0.00 secs] 
79.144: [GC [PSYoungGen: 158706K->5892K(163328K)] 359087K->206312K(415232K), 0.0052970 secs] [Times: user=0.01 sys=0.02, real=0.00 secs] 
80.589: [GC [PSYoungGen: 158468K->3187K(163328K)] 362323K->207090K(415232K), 0.0045970 secs] [Times: user=0.03 sys=0.01, real=0.01 secs] 
82.029: [GC [PSYoungGen: 156581K->6004K(163840K)] 360484K->209939K(415744K), 0.0055020 secs] [Times: user=0.02 sys=0.01, real=0.01 secs] 
83.472: [GC [PSYoungGen: 159541K->6280K(164864K)] 363476K->210231K(416768K), 0.0047780 secs] [Times: user=0.01 sys=0.02, real=0.00 secs] 
84.921: [GC [PSYoungGen: 160860K->5330K(160256K)] 364811K->209329K(412160K), 0.0049370 secs] [Times: user=0.02 sys=0.01, real=0.00 secs] 
86.455: [GC [PSYoungGen: 159947K->4553K(164352K)] 364486K->209100K(416256K), 0.0067240 secs] [Times: user=0.03 sys=0.01, real=0.01 secs] 
87.930: [GC [PSYoungGen: 159177K->4258K(164352K)] 365469K->210575K(416256K), 0.0035540 secs] [Times: user=0.02 sys=0.00, real=0.00 secs] 
89.451: [GC [PSYoungGen: 158882K->2035K(164864K)] 371706K->214867K(416768K), 0.0057300 secs] [Times: user=0.03 sys=0.00, real=0.00 secs] 
90.927: [GC [PSYoungGen: 157683K->3717K(164864K)] 371920K->217977K(416768K), 0.0047360 secs] [Times: user=0.03 sys=0.00, real=0.01 secs] 
92.429: [GC [PSYoungGen: 159365K->3004K(164352K)] 380917K->224564K(416256K), 0.0042610 secs] [Times: user=0.03 sys=0.00, real=0.01 secs] 
93.895: [GC [PSYoungGen: 159055K->6209K(164864K)] 380615K->227794K(416768K), 0.0048650 secs] [Times: user=0.03 sys=0.00, real=0.01 secs] 
95.308: [GC [PSYoungGen: 162304K->5947K(165888K)] 384023K->227705K(417792K), 0.0046960 secs] [Times: user=0.01 sys=0.02, real=0.01 secs] 
96.882: [GC [PSYoungGen: 162619K->2725K(165888K)] 390640K->230929K(417792K), 0.0051250 secs] [Times: user=0.02 sys=0.00, real=0.00 secs] 
98.332: [GC [PSYoungGen: 159155K->6097K(165888K)] 387359K->234317K(417792K), 0.0051050 secs] [Times: user=0.02 sys=0.01, real=0.01 secs] 
99.805: [GC [PSYoungGen: 162755K->5766K(165888K)] 390975K->233994K(417792K), 0.0059670 secs] [Times: user=0.03 sys=0.00, real=0.01 secs] 
101.299: [GC [PSYoungGen: 162378K->6460K(165888K)] 390606K->234728K(417792K), 0.0054150 secs] [Times: user=0.02 sys=0.01, real=0.00 secs] 
102.793: [GC [PSYoungGen: 163048K->5940K(165888K)] 391316K->234264K(417792K), 0.0064300 secs] [Times: user=0.03 sys=0.01, real=0.01 secs] 
104.275: [GC [PSYoungGen: 162569K->5337K(157184K)] 391092K->233875K(409088K), 0.0045320 secs] [Times: user=0.02 sys=0.01, real=0.01 secs] 
105.732: [GC [PSYoungGen: 156889K->3774K(150528K)] 387998K->234899K(402432K), 0.0040190 secs] [Times: user=0.03 sys=0.00, real=0.00 secs] 
107.132: [GC [PSYoungGen: 150206K->4544K(146432K)] 384254K->238624K(398336K), 0.0062390 secs] [Times: user=0.03 sys=0.01, real=0.01 secs] 
108.478: [GC [PSYoungGen: 146188K->5355K(142848K)] 380268K->239467K(394752K), 0.0042490 secs] [Times: user=0.03 sys=0.00, real=0.00 secs] 
109.761: [GC [PSYoungGen: 142549K->5439K(138240K)] 377335K->240265K(390144K), 0.0055220 secs] [Times: user=0.02 sys=0.00, real=0.00 secs] 
111.069: [GC [PSYoungGen: 138047K->3360K(132096K)] 377559K->242904K(384000K), 0.0054230 secs] [Times: user=0.03 sys=0.00, real=0.01 secs] 
112.335: [GC [PSYoungGen: 131872K->2892K(127488K)] 376576K->247611K(379392K), 0.0042710 secs] [Times: user=0.03 sys=0.00, real=0.01 secs] 
113.543: [Full GC [PSYoungGen: 127308K->0K(127488K)] [ParOldGen: 248942K->133906K(243712K)] 376251K->133906K(371200K) [PSPermGen: 5252K->5252K(21504K)], 0.0316180 secs] [Times: user=0.07 sys=0.03, real=0.03 secs] 
114.777: [GC [PSYoungGen: 124200K->5659K(131072K)] 258107K->139566K(374784K), 0.0054340 secs] [Times: user=0.02 sys=0.01, real=0.01 secs] 
115.983: [GC [PSYoungGen: 130451K->5362K(131072K)] 264358K->139269K(374784K), 0.0056470 secs] [Times: user=0.04 sys=0.00, real=0.00 secs] 
117.198: [GC [PSYoungGen: 130741K->5353K(133632K)] 265052K->139664K(377344K), 0.0048250 secs] [Times: user=0.03 sys=0.00, real=0.00 secs] 
118.428: [GC [PSYoungGen: 130793K->4772K(133120K)] 266429K->140409K(376832K), 0.0044110 secs] [Times: user=0.03 sys=0.00, real=0.01 secs] 
119.621: [GC [PSYoungGen: 130724K->2687K(133632K)] 270496K->142459K(377344K), 0.0044770 secs] [Times: user=0.02 sys=0.01, real=0.00 secs] 
120.808: [GC [PSYoungGen: 128526K->6349K(133632K)] 268433K->146255K(377344K), 0.0054390 secs] [Times: user=0.02 sys=0.01, real=0.01 secs] 
122.052: [GC [PSYoungGen: 132301K->2773K(134144K)] 279358K->149831K(377856K), 0.0044730 secs] [Times: user=0.02 sys=0.01, real=0.00 secs] 
123.250: [GC [PSYoungGen: 128652K->6241K(134144K)] 275709K->153299K(377856K), 0.0054710 secs] [Times: user=0.02 sys=0.01, real=0.00 secs] 
124.458: [GC [PSYoungGen: 132162K->6461K(134656K)] 279283K->153582K(378368K), 0.0055920 secs] [Times: user=0.02 sys=0.00, real=0.00 secs] 
125.699: [GC [PSYoungGen: 132413K->2924K(134656K)] 285042K->155553K(378368K), 0.0044840 secs] [Times: user=0.03 sys=0.00, real=0.00 secs] 
126.912: [GC [PSYoungGen: 129367K->6511K(135168K)] 281996K->159140K(378880K), 0.0047210 secs] [Times: user=0.03 sys=0.01, real=0.00 secs] 
128.127: [GC [PSYoungGen: 132931K->5846K(136192K)] 285830K->158745K(379904K), 0.0044310 secs] [Times: user=0.03 sys=0.00, real=0.01 secs] 
129.387: [GC [PSYoungGen: 132822K->3639K(136192K)] 289892K->160709K(379904K), 0.0043360 secs] [Times: user=0.03 sys=0.00, real=0.01 secs] 
130.577: [GC [PSYoungGen: 130530K->6059K(136192K)] 287869K->163398K(379904K), 0.0053740 secs] [Times: user=0.03 sys=0.01, real=0.00 secs] 
131.844: [GC [PSYoungGen: 133547K->3116K(136192K)] 296902K->166471K(379904K), 0.0033440 secs] [Times: user=0.02 sys=0.00, real=0.00 secs] 
133.075: [GC [PSYoungGen: 130549K->6023K(136192K)] 293904K->169409K(379904K), 0.0046740 secs] [Times: user=0.03 sys=0.00, real=0.01 secs] 
134.241: [GC [PSYoungGen: 133386K->6205K(136704K)] 296908K->169743K(380416K), 0.0034740 secs] [Times: user=0.03 sys=0.00, real=0.00 secs] 
135.465: [GC [PSYoungGen: 133693K->3450K(136192K)] 301282K->171055K(379904K), 0.0040930 secs] [Times: user=0.03 sys=0.01, real=0.01 secs] 
136.755: [GC [PSYoungGen: 131450K->3370K(136704K)] 304326K->176286K(380416K), 0.0044800 secs] [Times: user=0.03 sys=0.01, real=0.01 secs] 
137.962: [GC [PSYoungGen: 131370K->3475K(137216K)] 309483K->181613K(380928K), 0.0030620 secs] [Times: user=0.02 sys=0.00, real=0.00 secs] 
139.167: [GC [PSYoungGen: 131981K->5483K(137216K)] 310318K->184248K(380928K), 0.0049570 secs] [Times: user=0.03 sys=0.00, real=0.01 secs] 
140.450: [GC [PSYoungGen: 133995K->2577K(137728K)] 319131K->187737K(381440K), 0.0045900 secs] [Times: user=0.02 sys=0.00, real=0.00 secs] 
141.654: [GC [PSYoungGen: 131599K->5522K(137728K)] 317164K->191103K(381440K), 0.0033570 secs] [Times: user=0.02 sys=0.01, real=0.01 secs] 
142.895: [GC [PSYoungGen: 134546K->3164K(138240K)] 323637K->192263K(381952K), 0.0031720 secs] [Times: user=0.03 sys=0.00, real=0.01 secs] 
144.142: [GC [PSYoungGen: 132700K->3196K(138240K)] 326077K->196661K(381952K), 0.0044790 secs] [Times: user=0.03 sys=0.00, real=0.00 secs] 
145.375: [GC [PSYoungGen: 132688K->6539K(137728K)] 326153K->200012K(381440K), 0.0050650 secs] [Times: user=0.03 sys=0.01, real=0.01 secs] 
146.621: [GC [PSYoungGen: 136022K->6546K(138240K)] 329495K->200034K(381952K), 0.0055750 secs] [Times: user=0.03 sys=0.00, real=0.00 secs] 
147.883: [GC [PSYoungGen: 136069K->5714K(139264K)] 329622K->199323K(382976K), 0.0049390 secs] [Times: user=0.03 sys=0.01, real=0.00 secs] 
149.126: [GC [PSYoungGen: 135762K->3854K(139264K)] 332697K->200869K(382976K), 0.0046590 secs] [Times: user=0.03 sys=0.00, real=0.01 secs] 
150.330: [GC [PSYoungGen: 133880K->6861K(138752K)] 330894K->203916K(382464K), 0.0049840 secs] [Times: user=0.03 sys=0.00, real=0.00 secs] 
151.560: [GC [PSYoungGen: 136903K->6582K(139264K)] 334156K->203843K(382976K), 0.0047990 secs] [Times: user=0.03 sys=0.00, real=0.00 secs] 
152.834: [GC [PSYoungGen: 136630K->1800K(139264K)] 339861K->205080K(382976K), 0.0042860 secs] [Times: user=0.03 sys=0.00, real=0.01 secs] 
154.067: [GC [PSYoungGen: 131848K->4140K(139776K)] 337349K->209656K(383488K), 0.0049830 secs] [Times: user=0.03 sys=0.01, real=0.01 secs] 
155.272: [GC [PSYoungGen: 134153K->7155K(139264K)] 339669K->212744K(382976K), 0.0053930 secs] [Times: user=0.03 sys=0.00, real=0.01 secs] 
156.514: [GC [PSYoungGen: 137113K->6427K(139776K)] 342971K->212301K(383488K), 0.0032350 secs] [Times: user=0.03 sys=0.00, real=0.00 secs] 
157.768: [GC [PSYoungGen: 136475K->3238K(140288K)] 346334K->213128K(384000K), 0.0032380 secs] [Times: user=0.02 sys=0.00, real=0.01 secs] 
159.047: [GC [PSYoungGen: 133798K->2609K(140288K)] 351600K->220436K(384000K), 0.0046640 secs] [Times: user=0.02 sys=0.00, real=0.01 secs] 
160.372: [GC [PSYoungGen: 133169K->4265K(139776K)] 355939K->227075K(383488K), 0.0043590 secs] [Times: user=0.02 sys=0.00, real=0.00 secs] 
161.607: [GC [PSYoungGen: 135337K->5956K(140288K)] 359559K->230234K(384000K), 0.0058010 secs] [Times: user=0.03 sys=0.00, real=0.01 secs] 
162.907: [GC [PSYoungGen: 137028K->4265K(139776K)] 366069K->233338K(383488K), 0.0050110 secs] [Times: user=0.03 sys=0.00, real=0.01 secs] 
164.214: [GC [PSYoungGen: 135849K->3427K(140288K)] 368979K->236573K(384000K), 0.0042640 secs] [Times: user=0.02 sys=0.01, real=0.01 secs] 
165.411: [GC [PSYoungGen: 134962K->8074K(139776K)] 368108K->241228K(383488K), 0.0049890 secs] [Times: user=0.02 sys=0.01, real=0.00 secs] 
166.647: [GC [PSYoungGen: 139125K->8122K(140800K)] 372278K->241300K(384512K), 0.0044020 secs] [Times: user=0.04 sys=0.00, real=0.01 secs] 
167.886: [GC [PSYoungGen: 139070K->7251K(141312K)] 372248K->240469K(385024K), 0.0037560 secs] [Times: user=0.03 sys=0.00, real=0.01 secs] 
169.100: [GC [PSYoungGen: 138193K->6610K(141824K)] 371411K->240256K(385536K), 0.0058420 secs] [Times: user=0.03 sys=0.01, real=0.00 secs] 
170.347: [GC [PSYoungGen: 137593K->7313K(142336K)] 371240K->240967K(386048K), 0.0044720 secs] [Times: user=0.03 sys=0.00, real=0.01 secs] 
171.570: [GC [PSYoungGen: 138871K->6488K(142336K)] 372589K->240263K(386048K), 0.0052430 secs] [Times: user=0.03 sys=0.01, real=0.00 secs] 
172.835: [GC [PSYoungGen: 138072K->4686K(141824K)] 375145K->241798K(385536K), 0.0052970 secs] [Times: user=0.03 sys=0.00, real=0.01 secs] 
174.090: [GC [PSYoungGen: 136770K->6523K(142336K)] 373883K->244056K(386048K), 0.0036790 secs] [Times: user=0.03 sys=0.00, real=0.00 secs] 
175.539: [GC [PSYoungGen: 138578K->3219K(142848K)] 376380K->241062K(386560K), 0.0047670 secs] [Times: user=0.02 sys=0.01, real=0.00 secs] 
177.402: [GC [PSYoungGen: 135827K->1531K(142848K)] 380183K->245943K(387584K), 0.0046040 secs] [Times: user=0.02 sys=0.01, real=0.00 secs] 
177.407: [Full GC [PSYoungGen: 1531K->0K(142848K)] [ParOldGen: 244412K->134019K(303616K)] 245943K->134019K(446464K) [PSPermGen: 5279K->5279K(21504K)], 0.0146550 secs] [Times: user=0.07 sys=0.00, real=0.02 secs] 
178.791: [GC [PSYoungGen: 132601K->688K(142848K)] 275303K->143390K(446464K), 0.0046760 secs] [Times: user=0.02 sys=0.00, real=0.00 secs] 
180.022: [GC [PSYoungGen: 133296K->2289K(143360K)] 280998K->149991K(446976K), 0.0054430 secs] [Times: user=0.03 sys=0.00, real=0.00 secs] 
181.393: [GC [PSYoungGen: 134897K->752K(144384K)] 291640K->157494K(448000K), 0.0046550 secs] [Times: user=0.03 sys=0.00, real=0.01 secs] 
182.697: [GC [PSYoungGen: 134384K->736K(144384K)] 300592K->166944K(448000K), 0.0049490 secs] [Times: user=0.02 sys=0.01, real=0.01 secs] 
183.938: [GC [PSYoungGen: 134302K->5924K(145408K)] 300646K->172267K(449024K), 0.0045920 secs] [Times: user=0.03 sys=0.00, real=0.00 secs] 
185.307: [GC [PSYoungGen: 140580K->2369K(145408K)] 314794K->176583K(449024K), 0.0047980 secs] [Times: user=0.02 sys=0.01, real=0.01 secs] 
186.587: [GC [PSYoungGen: 137025K->1496K(145920K)] 318762K->183234K(449536K), 0.0047220 secs] [Times: user=0.03 sys=0.00, real=0.01 secs] 
187.862: [GC [PSYoungGen: 137088K->6454K(145920K)] 318826K->188191K(449536K), 0.0059970 secs] [Times: user=0.03 sys=0.01, real=0.00 secs] 
189.146: [GC [PSYoungGen: 142113K->5680K(147456K)] 323850K->187417K(451072K), 0.0046170 secs] [Times: user=0.02 sys=0.01, real=0.01 secs] 
190.436: [GC [PSYoungGen: 142260K->5764K(147456K)] 324536K->188040K(451072K), 0.0038830 secs] [Times: user=0.03 sys=0.00, real=0.01 secs] 
191.846: [GC [PSYoungGen: 142468K->1663K(147456K)] 331592K->190787K(451072K), 0.0046900 secs] [Times: user=0.03 sys=0.01, real=0.01 secs] 
193.151: [GC [PSYoungGen: 139147K->6075K(147968K)] 328271K->195199K(451584K), 0.0051090 secs] [Times: user=0.03 sys=0.00, real=0.00 secs] 
194.427: [GC [PSYoungGen: 143704K->5513K(148480K)] 333232K->195041K(452096K), 0.0049610 secs] [Times: user=0.03 sys=0.00, real=0.01 secs] 
195.821: [GC [PSYoungGen: 144265K->1140K(148992K)] 342316K->199191K(452608K), 0.0041430 secs] [Times: user=0.03 sys=0.00, real=0.00 secs] 
197.178: [GC [PSYoungGen: 139892K->2337K(150016K)] 344317K->206762K(453632K), 0.0048580 secs] [Times: user=0.02 sys=0.01, real=0.00 secs] 
198.488: [GC [PSYoungGen: 142104K->6052K(150016K)] 346529K->210516K(453632K), 0.0047440 secs] [Times: user=0.03 sys=0.00, real=0.01 secs] 
199.811: [GC [PSYoungGen: 145728K->5063K(151040K)] 350193K->209544K(454656K), 0.0036370 secs] [Times: user=0.03 sys=0.00, real=0.00 secs] 
201.114: [GC [PSYoungGen: 145790K->6200K(151040K)] 350270K->210689K(454656K), 0.0046210 secs] [Times: user=0.03 sys=0.00, real=0.01 secs] 
202.466: [GC [PSYoungGen: 146985K->5782K(152064K)] 351672K->210478K(455680K), 0.0030150 secs] [Times: user=0.02 sys=0.01, real=0.01 secs] 
203.807: [GC [PSYoungGen: 147606K->3495K(152064K)] 354228K->210125K(455680K), 0.0049910 secs] [Times: user=0.04 sys=0.00, real=0.01 secs] 
205.246: [GC [PSYoungGen: 145319K->3440K(152576K)] 356282K->214411K(456192K), 0.0031000 secs] [Times: user=0.03 sys=0.00, real=0.00 secs] 
206.459: [GC [PSYoungGen: 146288K->2077K(152576K)] 363687K->219484K(456192K), 0.0023080 secs] [Times: user=0.02 sys=0.00, real=0.00 secs] 
207.107: [GC [PSYoungGen: 144919K->5625K(152576K)] 362461K->223175K(456192K), 0.0031120 secs] [Times: user=0.02 sys=0.00, real=0.01 secs] 
207.759: [GC [PSYoungGen: 148985K->3893K(152576K)] 368918K->223834K(456192K), 0.0019770 secs] [Times: user=0.01 sys=0.00, real=0.00 secs] 
209.062: [GC [PSYoungGen: 147249K->832K(153600K)] 375426K->229026K(457216K), 0.0049010 secs] [Times: user=0.02 sys=0.00, real=0.00 secs] 
210.361: [GC [PSYoungGen: 145116K->6061K(153600K)] 373310K->234263K(457216K), 0.0046740 secs] [Times: user=0.03 sys=0.01, real=0.00 secs] 
211.795: [GC [PSYoungGen: 150345K->6077K(154112K)] 378546K->234359K(457728K), 0.0046390 secs] [Times: user=0.00 sys=0.03, real=0.01 secs] 
213.187: [GC [PSYoungGen: 150961K->4393K(154624K)] 380116K->233564K(458240K), 0.0051740 secs] [Times: user=0.02 sys=0.01, real=0.01 secs] 
214.655: [GC [PSYoungGen: 149289K->2885K(155136K)] 384253K->237857K(458752K), 0.0037270 secs] [Times: user=0.02 sys=0.00, real=0.01 secs] 
216.049: [GC [PSYoungGen: 148788K->6344K(155136K)] 383895K->241459K(458752K), 0.0054060 secs] [Times: user=0.02 sys=0.01, real=0.01 secs] 
217.543: [GC [PSYoungGen: 152264K->1592K(156160K)] 394805K->244157K(459776K), 0.0044730 secs] [Times: user=0.02 sys=0.00, real=0.00 secs] 
218.978: [GC [PSYoungGen: 148495K->5760K(156160K)] 391060K->248333K(459776K), 0.0062870 secs] [Times: user=0.03 sys=0.01, real=0.00 secs] 
220.414: [GC [PSYoungGen: 152673K->6171K(156672K)] 395516K->249021K(460288K), 0.0047850 secs] [Times: user=0.03 sys=0.00, real=0.01 secs] 
221.908: [GC [PSYoungGen: 153627K->2687K(157184K)] 403637K->252704K(460800K), 0.0038650 secs] [Times: user=0.03 sys=0.00, real=0.01 secs] 
223.439: [GC [PSYoungGen: 150143K->4900K(157696K)] 403272K->258054K(461312K), 0.0046690 secs] [Times: user=0.04 sys=0.00, real=0.00 secs] 
224.868: [GC [PSYoungGen: 153376K->6835K(157696K)] 406664K->260211K(461312K), 0.0053020 secs] [Times: user=0.03 sys=0.00, real=0.01 secs] 
226.319: [GC [PSYoungGen: 155315K->2853K(159232K)] 415068K->262630K(462848K), 0.0032790 secs] [Times: user=0.02 sys=0.00, real=0.00 secs] 
227.794: [GC [PSYoungGen: 152357K->2981K(159232K)] 420446K->271102K(462848K), 0.0046640 secs] [Times: user=0.03 sys=0.01, real=0.01 secs] 
229.598: [GC [PSYoungGen: 152485K->2285K(159744K)] 428129K->277953K(463360K), 0.0321990 secs] [Times: user=0.25 sys=0.02, real=0.03 secs] 
231.171: [GC [PSYoungGen: 152813K->4021K(159744K)] 432420K->283636K(463360K), 0.0076550 secs] [Times: user=0.10 sys=0.01, real=0.01 secs] 
232.676: [GC [PSYoungGen: 154549K->1919K(159744K)] 439927K->287313K(463360K), 0.0056660 secs] [Times: user=0.05 sys=0.01, real=0.01 secs] 
234.392: [GC [PSYoungGen: 153471K->2968K(160256K)] 445134K->294639K(463872K), 0.0350900 secs] [Times: user=0.25 sys=0.02, real=0.03 secs] 
236.026: [GC [PSYoungGen: 154298K->5826K(161280K)] 446508K->298044K(464896K), 0.0070830 secs] [Times: user=0.04 sys=0.08, real=0.01 secs] 
237.515: [GC [PSYoungGen: 158914K->3212K(161792K)] 457361K->301683K(465408K), 0.0064160 secs] [Times: user=0.06 sys=0.00, real=0.01 secs] 
238.978: [GC [PSYoungGen: 156241K->6616K(162304K)] 454981K->305785K(465920K), 0.0059170 secs] [Times: user=0.05 sys=0.01, real=0.00 secs] 
240.523: [GC [PSYoungGen: 160728K->2721K(162816K)] 465443K->307492K(467968K), 0.0052480 secs] [Times: user=0.07 sys=0.00, real=0.00 secs] 
241.937: [Full GC [PSYoungGen: 156786K->0K(162816K)] [ParOldGen: 305040K->134070K(349184K)] 461827K->134070K(512000K) [PSPermGen: 5282K->5282K(21504K)], 0.2066470 secs] [Times: user=0.64 sys=0.02, real=0.21 secs] 
243.864: [GC [PSYoungGen: 154112K->2083K(163840K)] 292866K->140838K(513024K), 0.0234110 secs] [Times: user=0.10 sys=0.02, real=0.02 secs] 
245.459: [GC [PSYoungGen: 157219K->4441K(163840K)] 299640K->146862K(513024K), 0.0077130 secs] [Times: user=0.10 sys=0.00, real=0.00 secs] 
246.947: [GC [PSYoungGen: 159537K->6305K(164352K)] 302362K->149131K(513536K), 0.0093550 secs] [Times: user=0.07 sys=0.04, real=0.01 secs] 
248.528: [GC [PSYoungGen: 162465K->2170K(164864K)] 311052K->150757K(514048K), 0.0050430 secs] [Times: user=0.03 sys=0.01, real=0.01 secs] 
250.013: [GC [PSYoungGen: 158210K->6219K(165376K)] 307066K->155075K(514560K), 0.0034240 secs] [Times: user=0.04 sys=0.00, real=0.00 secs] 
251.565: [GC [PSYoungGen: 162891K->4471K(165888K)] 315477K->157057K(515072K), 0.0076200 secs] [Times: user=0.09 sys=0.00, real=0.01 secs] 
253.218: [GC [PSYoungGen: 161143K->2671K(165888K)] 320061K->161589K(515072K), 0.0044490 secs] [Times: user=0.02 sys=0.01, real=0.00 secs] 
254.733: [GC [PSYoungGen: 159821K->6632K(165888K)] 318739K->165551K(515072K), 0.0070900 secs] [Times: user=0.07 sys=0.01, real=0.01 secs] 
256.250: [GC [PSYoungGen: 163567K->6765K(164864K)] 322755K->165952K(514048K), 0.0033910 secs] [Times: user=0.02 sys=0.00, real=0.00 secs] 
257.842: [GC [PSYoungGen: 162413K->2901K(165376K)] 327853K->168342K(514560K), 0.0054650 secs] [Times: user=0.02 sys=0.01, real=0.00 secs] 
259.346: [GC [PSYoungGen: 158548K->7731K(163840K)] 323989K->173172K(513024K), 0.0057180 secs] [Times: user=0.04 sys=0.00, real=0.01 secs] 
260.836: [GC [PSYoungGen: 162229K->6794K(164864K)] 328074K->172639K(514048K), 0.0053330 secs] [Times: user=0.03 sys=0.01, real=0.01 secs] 
262.373: [GC [PSYoungGen: 161418K->3829K(164864K)] 332897K->175308K(514048K), 0.0043300 secs] [Times: user=0.02 sys=0.00, real=0.00 secs] 
263.855: [GC [PSYoungGen: 158239K->6742K(164864K)] 329718K->178221K(514048K), 0.0054020 secs] [Times: user=0.03 sys=0.01, real=0.01 secs] 
265.395: [GC [PSYoungGen: 161237K->6514K(164864K)] 332717K->177993K(514048K), 0.0050230 secs] [Times: user=0.03 sys=0.01, real=0.01 secs] 
266.924: [GC [PSYoungGen: 161003K->6379K(164864K)] 332482K->177922K(514048K), 0.0039830 secs] [Times: user=0.03 sys=0.01, real=0.00 secs] 
268.420: [GC [PSYoungGen: 160950K->7621K(163840K)] 332494K->179363K(513024K), 0.0045930 secs] [Times: user=0.03 sys=0.00, real=0.00 secs] 
269.905: [GC [PSYoungGen: 161048K->6241K(164352K)] 332790K->178579K(513536K), 0.0065760 secs] [Times: user=0.05 sys=0.01, real=0.01 secs] 
271.370: [GC [PSYoungGen: 159787K->5869K(164352K)] 332259K->178429K(513536K), 0.0057700 secs] [Times: user=0.04 sys=0.00, real=0.00 secs] 
272.894: [GC [PSYoungGen: 159981K->2837K(164352K)] 338095K->180959K(513536K), 0.0049060 secs] [Times: user=0.03 sys=0.00, real=0.01 secs] 
274.429: [GC [PSYoungGen: 156949K->3116K(164864K)] 340419K->186706K(514048K), 0.0032070 secs] [Times: user=0.02 sys=0.00, real=0.01 secs] 
275.905: [GC [PSYoungGen: 157624K->5394K(160256K)] 341349K->189350K(509440K), 0.0049200 secs] [Times: user=0.04 sys=0.00, real=0.01 secs] 
277.445: [GC [PSYoungGen: 160018K->4137K(164864K)] 347833K->191976K(514048K), 0.0066010 secs] [Times: user=0.03 sys=0.01, real=0.01 secs] 
278.954: [GC [PSYoungGen: 159273K->1910K(164352K)] 352019K->194671K(513536K), 0.0050230 secs] [Times: user=0.02 sys=0.00, real=0.01 secs] 
280.414: [GC [PSYoungGen: 157034K->6203K(165376K)] 349796K->199004K(514560K), 0.0048920 secs] [Times: user=0.03 sys=0.00, real=0.01 secs] 
281.880: [GC [PSYoungGen: 161734K->5294K(161280K)] 354535K->198270K(510464K), 0.0036600 secs] [Times: user=0.03 sys=0.00, real=0.00 secs] 
283.380: [GC [PSYoungGen: 160926K->6312K(164864K)] 353902K->199336K(514048K), 0.0042190 secs] [Times: user=0.03 sys=0.00, real=0.00 secs] 
284.905: [GC [PSYoungGen: 161906K->4887K(164864K)] 355065K->198126K(514048K), 0.0032750 secs] [Times: user=0.03 sys=0.01, real=0.00 secs] 
286.382: [GC [PSYoungGen: 160535K->3447K(165888K)] 356361K->199282K(515072K), 0.0040420 secs] [Times: user=0.03 sys=0.01, real=0.00 secs] 
287.867: [GC [PSYoungGen: 160119K->4638K(161792K)] 357837K->202363K(510976K), 0.0035100 secs] [Times: user=0.02 sys=0.00, real=0.01 secs] 
289.372: [GC [PSYoungGen: 161107K->5915K(165376K)] 359372K->204187K(514560K), 0.0061570 secs] [Times: user=0.03 sys=0.00, real=0.01 secs] 
290.863: [GC [PSYoungGen: 162587K->5494K(165376K)] 361580K->204495K(514560K), 0.0046850 secs] [Times: user=0.03 sys=0.00, real=0.00 secs] 
292.364: [GC [PSYoungGen: 161946K->5593K(165376K)] 361216K->204871K(514560K), 0.0032480 secs] [Times: user=0.02 sys=0.00, real=0.00 secs] 
293.837: [GC [PSYoungGen: 163289K->5097K(165888K)] 364717K->206549K(515072K), 0.0058910 secs] [Times: user=0.03 sys=0.00, real=0.00 secs] 
295.360: [GC [PSYoungGen: 162725K->6479K(166912K)] 364177K->208019K(516096K), 0.0056350 secs] [Times: user=0.05 sys=0.00, real=0.00 secs] 
296.902: [GC [PSYoungGen: 165094K->7000K(165888K)] 366634K->208612K(515072K), 0.0041360 secs] [Times: user=0.05 sys=0.00, real=0.00 secs] 
298.460: [GC [PSYoungGen: 165587K->5937K(166400K)] 367738K->208113K(515584K), 0.0049740 secs] [Times: user=0.03 sys=0.00, real=0.00 secs] 
300.037: [GC [PSYoungGen: 163633K->4487K(166400K)] 369808K->210678K(515584K), 0.0047530 secs] [Times: user=0.01 sys=0.00, real=0.01 secs] 
301.571: [GC [PSYoungGen: 162070K->5821K(165376K)] 368530K->212329K(514560K), 0.0047180 secs] [Times: user=0.03 sys=0.00, real=0.00 secs] 
303.135: [GC [PSYoungGen: 163517K->1346K(165888K)] 378666K->216645K(515072K), 0.0055530 secs] [Times: user=0.03 sys=0.00, real=0.01 secs] 
304.718: [GC [PSYoungGen: 159042K->1862K(165376K)] 380436K->223265K(514560K), 0.0047790 secs] [Times: user=0.02 sys=0.00, real=0.00 secs] 
306.242: [GC [PSYoungGen: 158534K->3187K(165888K)] 385073K->229766K(515072K), 0.0048180 secs] [Times: user=0.03 sys=0.00, real=0.00 secs] 
307.743: [GC [PSYoungGen: 159859K->3447K(165888K)] 390277K->233905K(515072K), 0.0046030 secs] [Times: user=0.02 sys=0.00, real=0.00 secs] 
309.275: [GC [PSYoungGen: 160604K->5789K(165888K)] 391332K->236549K(515072K), 0.0037840 secs] [Times: user=0.03 sys=0.00, real=0.01 secs] 
310.813: [GC [PSYoungGen: 162973K->3100K(166400K)] 397355K->237657K(515584K), 0.0050190 secs] [Times: user=0.02 sys=0.01, real=0.01 secs] 
312.320: [GC [PSYoungGen: 160693K->7182K(165376K)] 395250K->241771K(514560K), 0.0050580 secs] [Times: user=0.03 sys=0.01, real=0.00 secs] 
313.790: [GC [PSYoungGen: 164617K->6171K(165888K)] 399206K->240776K(515072K), 0.0034420 secs] [Times: user=0.02 sys=0.00, real=0.00 secs] 
315.288: [GC [PSYoungGen: 162719K->6177K(165888K)] 397458K->240957K(515072K), 0.0046850 secs] [Times: user=0.03 sys=0.00, real=0.01 secs] 
316.880: [GC [PSYoungGen: 162849K->2385K(165888K)] 405810K->245378K(515072K), 0.0049670 secs] [Times: user=0.04 sys=0.00, real=0.00 secs] 
318.319: [GC [PSYoungGen: 159035K->6289K(163328K)] 402028K->249441K(512512K), 0.0035950 secs] [Times: user=0.03 sys=0.00, real=0.00 secs] 
319.794: [GC [PSYoungGen: 162792K->6068K(165376K)] 405943K->249291K(514560K), 0.0052270 secs] [Times: user=0.03 sys=0.01, real=0.01 secs] 
321.235: [GC [PSYoungGen: 161714K->5821K(161792K)] 404938K->249165K(510976K), 0.0049990 secs] [Times: user=0.03 sys=0.01, real=0.01 secs] 
322.718: [GC [PSYoungGen: 161352K->6068K(164864K)] 404696K->249443K(514048K), 0.0063930 secs] [Times: user=0.05 sys=0.00, real=0.00 secs] 
324.191: [GC [PSYoungGen: 161510K->5693K(164864K)] 405155K->249354K(514048K), 0.0056090 secs] [Times: user=0.04 sys=0.00, real=0.00 secs] 
325.878: [GC [PSYoungGen: 161337K->1695K(165888K)] 412981K->253387K(515072K), 0.0047210 secs] [Times: user=0.03 sys=0.00, real=0.00 secs] 
327.472: [GC [PSYoungGen: 158367K->1195K(158208K)] 416750K->259634K(507392K), 0.0042510 secs] [Times: user=0.02 sys=0.00, real=0.00 secs] 
328.923: [GC [PSYoungGen: 157784K->6271K(165376K)] 416493K->265020K(514560K), 0.0059020 secs] [Times: user=0.03 sys=0.00, real=0.00 secs] 
330.448: [GC [PSYoungGen: 161919K->4962K(160768K)] 422069K->265270K(509952K), 0.0060880 secs] [Times: user=0.04 sys=0.01, real=0.01 secs] 
331.962: [GC [PSYoungGen: 160488K->6200K(164352K)] 420932K->266700K(513536K), 0.0050050 secs] [Times: user=0.02 sys=0.00, real=0.00 secs] 
333.477: [GC [PSYoungGen: 161336K->2773K(164864K)] 428374K->269828K(514048K), 0.0057700 secs] [Times: user=0.03 sys=0.01, real=0.01 secs] 
335.066: [GC [PSYoungGen: 157909K->3020K(165376K)] 428766K->273885K(514560K), 0.0028760 secs] [Times: user=0.03 sys=0.00, real=0.00 secs] 
336.539: [GC [PSYoungGen: 159180K->2385K(165376K)] 436663K->279924K(514560K), 0.0033710 secs] [Times: user=0.02 sys=0.00, real=0.00 secs] 
338.021: [GC [PSYoungGen: 158389K->6749K(164864K)] 435928K->284296K(514048K), 0.0035610 secs] [Times: user=0.03 sys=0.00, real=0.00 secs] 
339.553: [GC [PSYoungGen: 162386K->6116K(165376K)] 439934K->283687K(514560K), 0.0056790 secs] [Times: user=0.04 sys=0.01, real=0.01 secs] 
341.080: [GC [PSYoungGen: 161750K->5737K(165376K)] 439321K->283316K(514560K), 0.0046040 secs] [Times: user=0.03 sys=0.00, real=0.00 secs] 
342.583: [GC [PSYoungGen: 161273K->6370K(165376K)] 438853K->283957K(514560K), 0.0036000 secs] [Times: user=0.03 sys=0.00, real=0.00 secs] 
344.171: [GC [PSYoungGen: 161858K->6161K(165376K)] 439715K->284026K(514560K), 0.0053880 secs] [Times: user=0.03 sys=0.00, real=0.00 secs] 
345.856: [GC [PSYoungGen: 161809K->2417K(165376K)] 446198K->286814K(514560K), 0.0057870 secs] [Times: user=0.03 sys=0.00, real=0.01 secs] 
347.488: [GC [PSYoungGen: 158065K->3290K(165376K)] 448297K->293530K(514560K), 0.0035240 secs] [Times: user=0.03 sys=0.00, real=0.01 secs] 
349.059: [GC [PSYoungGen: 158938K->2433K(158208K)] 457962K->301521K(507392K), 0.0044790 secs] [Times: user=0.02 sys=0.01, real=0.00 secs] 
350.496: [GC [PSYoungGen: 158081K->3322K(164864K)] 463590K->308854K(514048K), 0.0031790 secs] [Times: user=0.02 sys=0.01, real=0.01 secs] 
351.943: [GC [PSYoungGen: 158732K->6322K(164864K)] 464265K->312005K(514048K), 0.0042460 secs] [Times: user=0.03 sys=0.00, real=0.00 secs] 
353.403: [GC [PSYoungGen: 161804K->5721K(165888K)] 467488K->311412K(515072K), 0.0050190 secs] [Times: user=0.03 sys=0.00, real=0.00 secs] 
354.938: [GC [PSYoungGen: 162368K->5949K(165888K)] 468464K->312101K(515072K), 0.0062460 secs] [Times: user=0.03 sys=0.00, real=0.00 secs] 
356.576: [GC [PSYoungGen: 162621K->4663K(165888K)] 471080K->313186K(515072K), 0.0051710 secs] [Times: user=0.02 sys=0.01, real=0.01 secs] 
358.131: [GC [PSYoungGen: 161335K->4836K(161792K)] 470817K->314668K(510976K), 0.0053180 secs] [Times: user=0.03 sys=0.02, real=0.00 secs] 
359.759: [GC [PSYoungGen: 161508K->2520K(165376K)] 476881K->317949K(514560K), 0.0047720 secs] [Times: user=0.04 sys=0.00, real=0.00 secs] 
361.223: [GC [PSYoungGen: 159192K->2600K(165376K)] 480756K->324172K(514560K), 0.0056300 secs] [Times: user=0.03 sys=0.00, real=0.00 secs] 
362.636: [GC [PSYoungGen: 159150K->6915K(165376K)] 480992K->328765K(514560K), 0.0047300 secs] [Times: user=0.03 sys=0.00, real=0.01 secs] 
364.181: [GC [PSYoungGen: 163587K->3004K(165888K)] 492672K->332097K(515072K), 0.0056480 secs] [Times: user=0.02 sys=0.01, real=0.00 secs] 
365.742: [GC [PSYoungGen: 159640K->5853K(165888K)] 489406K->335660K(515072K), 0.0047510 secs] [Times: user=0.03 sys=0.01, real=0.00 secs] 
367.292: [GC [PSYoungGen: 162525K->2632K(165888K)] 498871K->338986K(515072K), 0.0047130 secs] [Times: user=0.02 sys=0.01, real=0.00 secs] 
368.843: [GC [PSYoungGen: 159231K->6402K(165888K)] 495720K->342954K(515072K), 0.0041160 secs] [Times: user=0.03 sys=0.00, real=0.00 secs] 
370.382: [GC [PSYoungGen: 163074K->4371K(161280K)] 501608K->342913K(510464K), 0.0066010 secs] [Times: user=0.03 sys=0.01, real=0.00 secs] 
371.882: [GC [PSYoungGen: 160928K->6598K(164864K)] 499470K->345148K(514048K), 0.0049860 secs] [Times: user=0.03 sys=0.00, real=0.00 secs] 
373.454: [GC [PSYoungGen: 162712K->7011K(165376K)] 501263K->345650K(514560K), 0.0060390 secs] [Times: user=0.04 sys=0.00, real=0.01 secs] 
374.946: [GC [PSYoungGen: 163119K->6520K(165376K)] 501758K->345341K(514560K), 0.0059810 secs] [Times: user=0.03 sys=0.00, real=0.01 secs] 
376.472: [GC [PSYoungGen: 162137K->5661K(165376K)] 501420K->344952K(514560K), 0.0056470 secs] [Times: user=0.02 sys=0.01, real=0.01 secs] 
378.073: [GC [PSYoungGen: 161309K->3084K(165376K)] 507408K->349191K(514560K), 0.0056000 secs] [Times: user=0.03 sys=0.01, real=0.01 secs] 
379.577: [GC [PSYoungGen: 158586K->6434K(165376K)] 504693K->352629K(514560K), 0.0061510 secs] [Times: user=0.04 sys=0.00, real=0.00 secs] 
381.109: [GC [PSYoungGen: 161948K->5609K(164352K)] 508548K->352240K(513536K), 0.0055430 secs] [Times: user=0.03 sys=0.01, real=0.01 secs] 
382.633: [Full GC [PSYoungGen: 161257K->0K(164352K)] [ParOldGen: 349129K->134881K(349184K)] 510386K->134881K(513536K) [PSPermGen: 5285K->5285K(21504K)], 0.1836640 secs] [Times: user=0.48 sys=0.02, real=0.18 secs] 
384.380: [GC [PSYoungGen: 155612K->5257K(164864K)] 290962K->140607K(514048K), 0.0049000 secs] [Times: user=0.03 sys=0.00, real=0.00 secs] 
385.962: [GC [PSYoungGen: 160905K->2947K(165888K)] 300130K->142173K(515072K), 0.0029140 secs] [Times: user=0.02 sys=0.01, real=0.00 secs] 
387.506: [GC [PSYoungGen: 159539K->6280K(165888K)] 298764K->145506K(515072K), 0.0050160 secs] [Times: user=0.03 sys=0.00, real=0.01 secs] 
388.983: [GC [PSYoungGen: 162824K->5805K(165888K)] 302050K->145031K(515072K), 0.0052200 secs] [Times: user=0.04 sys=0.01, real=0.00 secs] 
390.391: [GC [PSYoungGen: 162459K->5456K(162304K)] 302224K->145220K(511488K), 0.0043110 secs] [Times: user=0.03 sys=0.00, real=0.00 secs] 
391.928: [GC [PSYoungGen: 162128K->1330K(164864K)] 308971K->148173K(514048K), 0.0048250 secs] [Times: user=0.02 sys=0.00, real=0.01 secs] 
393.430: [GC [PSYoungGen: 157408K->6059K(165376K)] 304252K->152902K(514560K), 0.0049540 secs] [Times: user=0.03 sys=0.00, real=0.00 secs] 
394.921: [GC [PSYoungGen: 162145K->6406K(165888K)] 308989K->153249K(515072K), 0.0050830 secs] [Times: user=0.02 sys=0.00, real=0.00 secs] 
396.448: [GC [PSYoungGen: 163032K->5616K(165888K)] 309876K->152459K(515072K), 0.0051900 secs] [Times: user=0.02 sys=0.01, real=0.01 secs] 
397.963: [GC [PSYoungGen: 162178K->6502K(165888K)] 309022K->153345K(515072K), 0.0055150 secs] [Times: user=0.03 sys=0.00, real=0.00 secs] 
399.477: [GC [PSYoungGen: 163065K->5385K(162304K)] 310177K->152498K(511488K), 0.0035310 secs] [Times: user=0.03 sys=0.00, real=0.01 secs] 
401.042: [GC [PSYoungGen: 162057K->3614K(165376K)] 312898K->154455K(514560K), 0.0052730 secs] [Times: user=0.03 sys=0.00, real=0.00 secs] 
402.571: [GC [PSYoungGen: 160286K->4564K(165376K)] 314819K->159097K(514560K), 0.0031820 secs] [Times: user=0.03 sys=0.00, real=0.00 secs] 
404.108: [GC [PSYoungGen: 161198K->6351K(166400K)] 315866K->161019K(515584K), 0.0047410 secs] [Times: user=0.03 sys=0.01, real=0.01 secs] 
405.706: [GC [PSYoungGen: 164047K->2860K(166400K)] 323572K->162385K(515584K), 0.0046470 secs] [Times: user=0.02 sys=0.00, real=0.01 secs] 
407.223: [GC [PSYoungGen: 160556K->2552K(166400K)] 323943K->166232K(515584K), 0.0038280 secs] [Times: user=0.02 sys=0.01, real=0.00 secs] 
408.627: [GC [PSYoungGen: 160212K->6129K(163840K)] 323892K->169834K(513024K), 0.0050590 secs] [Times: user=0.03 sys=0.00, real=0.01 secs] 
410.044: [GC [PSYoungGen: 163756K->5995K(165888K)] 327460K->169715K(515072K), 0.0036670 secs] [Times: user=0.03 sys=0.00, real=0.00 secs] 
411.551: [GC [PSYoungGen: 162664K->5915K(165888K)] 326456K->169715K(515072K), 0.0055680 secs] [Times: user=0.02 sys=0.00, real=0.00 secs] 
413.135: [GC [PSYoungGen: 162587K->2504K(165888K)] 332212K->172169K(515072K), 0.0043710 secs] [Times: user=0.03 sys=0.00, real=0.01 secs] 
414.667: [GC [PSYoungGen: 159132K->6235K(165888K)] 328797K->175924K(515072K), 0.0058910 secs] [Times: user=0.03 sys=0.00, real=0.01 secs] 
416.245: [GC [PSYoungGen: 162893K->5741K(165888K)] 332852K->175708K(515072K), 0.0062200 secs] [Times: user=0.03 sys=0.01, real=0.01 secs] 
417.863: [GC [PSYoungGen: 162413K->1839K(165888K)] 338998K->178432K(515072K), 0.0045330 secs] [Times: user=0.02 sys=0.01, real=0.00 secs] 
420.156: [GC [PSYoungGen: 158511K->374K(164864K)] 335104K->176975K(514048K), 0.0039340 secs] [Times: user=0.03 sys=0.00, real=0.01 secs] 
Heap
 PSYoungGen      total 164864K, used 27482K [0x00000000f5500000, 0x0000000100000000, 0x0000000100000000)
  eden space 155648K, 17% used [0x00000000f5500000,0x00000000f6f78e98,0x00000000fed00000)
  from space 9216K, 4% used [0x00000000ff700000,0x00000000ff75db68,0x0000000100000000)
  to   space 9728K, 0% used [0x00000000fed00000,0x00000000fed00000,0x00000000ff680000)
 ParOldGen       total 349184K, used 176600K [0x00000000e0000000, 0x00000000f5500000, 0x00000000f5500000)
  object space 349184K, 50% used [0x00000000e0000000,0x00000000eac76288,0x00000000f5500000)
 PSPermGen       total 21504K, used 12233K [0x00000000dae00000, 0x00000000dc300000, 0x00000000e0000000)
  object space 21504K, 56% used [0x00000000dae00000,0x00000000db9f27b8,0x00000000dc300000)
