52.606: [GC [PSYoungGen: 10579K->3658K(35840K)] 10579K->3666K(116224K), 0.0094080 secs] [Times: user=0.07 sys=0.00, real=0.01 secs] 
52.616: [Full GC [PSYoungGen: 3658K->0K(35840K)] [ParOldGen: 8K->3139K(80384K)] 3666K->3139K(116224K) [PSPermGen: 5166K->5165K(21504K)], 0.0241230 secs] [Times: user=0.11 sys=0.04, real=0.03 secs] 
52.640: [GC [PSYoungGen: 0K->0K(35840K)] 3139K->3139K(116224K), 0.0040240 secs] [Times: user=0.01 sys=0.02, real=0.00 secs] 
52.644: [Full GC [PSYoungGen: 0K->0K(35840K)] [ParOldGen: 3139K->3139K(80384K)] 3139K->3139K(116224K) [PSPermGen: 5165K->5165K(21504K)], 0.0113400 secs] [Times: user=0.01 sys=0.05, real=0.01 secs] 
52.735: [GC [PSYoungGen: 28987K->4512K(35840K)] 32126K->29861K(116224K), 0.0111640 secs] [Times: user=0.16 sys=0.02, real=0.01 secs] 
52.753: [GC [PSYoungGen: 35578K->4448K(67072K)] 60927K->60757K(147456K), 0.0097590 secs] [Times: user=0.12 sys=0.06, real=0.01 secs] 
52.763: [Full GC [PSYoungGen: 4448K->0K(67072K)] [ParOldGen: 56309K->59435K(141824K)] 60757K->59435K(208896K) [PSPermGen: 5187K->5187K(21504K)], 0.0345760 secs] [Times: user=0.40 sys=0.00, real=0.04 secs] 
52.843: [GC [PSYoungGen: 62060K->3472K(67072K)] 121495K->121388K(208896K), 0.0157560 secs] [Times: user=0.13 sys=0.16, real=0.02 secs] 
52.859: [Full GC [PSYoungGen: 3472K->0K(67072K)] [ParOldGen: 117916K->121354K(251392K)] 121388K->121354K(318464K) [PSPermGen: 5187K->5187K(21504K)], 0.0258670 secs] [Times: user=0.23 sys=0.02, real=0.02 secs] 
53.520: [GC [PSYoungGen: 62464K->4600K(95232K)] 184357K->147988K(346624K), 0.0144770 secs] [Times: user=0.16 sys=0.07, real=0.01 secs] 
54.600: [GC [PSYoungGen: 95224K->4173K(100864K)] 248822K->168091K(352256K), 0.0106040 secs] [Times: user=0.16 sys=0.03, real=0.01 secs] 
55.633: [GC [PSYoungGen: 100423K->5214K(143872K)] 264341K->169131K(395264K), 0.0044470 secs] [Times: user=0.04 sys=0.00, real=0.01 secs] 
56.901: [GC [PSYoungGen: 131605K->5814K(143360K)] 295522K->169732K(394752K), 0.0051490 secs] [Times: user=0.04 sys=0.00, real=0.00 secs] 
58.203: [GC [PSYoungGen: 132183K->5917K(161280K)] 296101K->169834K(412672K), 0.0044400 secs] [Times: user=0.01 sys=0.04, real=0.00 secs] 
59.807: [GC [PSYoungGen: 159405K->5538K(168448K)] 323322K->169455K(419840K), 0.0034010 secs] [Times: user=0.00 sys=0.03, real=0.01 secs] 
61.285: [GC [PSYoungGen: 159092K->6369K(175616K)] 323009K->170287K(427008K), 0.0052960 secs] [Times: user=0.03 sys=0.01, real=0.01 secs] 
62.988: [GC [PSYoungGen: 172682K->6321K(179712K)] 336599K->170239K(431104K), 0.0058050 secs] [Times: user=0.03 sys=0.01, real=0.00 secs] 
64.701: [GC [PSYoungGen: 172705K->6559K(184832K)] 336622K->170476K(436224K), 0.0052150 secs] [Times: user=0.04 sys=0.02, real=0.00 secs] 
66.462: [GC [PSYoungGen: 181660K->5378K(187392K)] 345641K->169359K(438784K), 0.0051950 secs] [Times: user=0.03 sys=0.00, real=0.00 secs] 
68.272: [GC [PSYoungGen: 180482K->2677K(192000K)] 351734K->173929K(443392K), 0.0060390 secs] [Times: user=0.03 sys=0.01, real=0.01 secs] 
70.145: [GC [PSYoungGen: 183925K->2584K(193024K)] 358831K->177489K(444416K), 0.0033620 secs] [Times: user=0.03 sys=0.01, real=0.01 secs] 
71.978: [GC [PSYoungGen: 183785K->6472K(196096K)] 358691K->181377K(447488K), 0.0038180 secs] [Times: user=0.02 sys=0.03, real=0.00 secs] 
73.840: [GC [PSYoungGen: 191795K->5853K(197120K)] 366700K->180758K(448512K), 0.0051190 secs] [Times: user=0.03 sys=0.01, real=0.00 secs] 
75.728: [GC [PSYoungGen: 191165K->4971K(197120K)] 366269K->180075K(448512K), 0.0046140 secs] [Times: user=0.02 sys=0.01, real=0.01 secs] 
77.659: [GC [PSYoungGen: 192361K->1853K(198144K)] 375138K->184694K(449536K), 0.0029170 secs] [Times: user=0.02 sys=0.00, real=0.00 secs] 
79.619: [GC [PSYoungGen: 189245K->1432K(199680K)] 378317K->190512K(451072K), 0.0046030 secs] [Times: user=0.02 sys=0.00, real=0.00 secs] 
81.599: [GC [PSYoungGen: 190357K->1853K(199680K)] 387879K->199439K(451072K), 0.0032990 secs] [Times: user=0.02 sys=0.01, real=0.00 secs] 
83.560: [GC [PSYoungGen: 190758K->5869K(200192K)] 388614K->203725K(451584K), 0.0034680 secs] [Times: user=0.03 sys=0.00, real=0.00 secs] 
85.572: [GC [PSYoungGen: 195821K->4391K(200704K)] 395890K->204467K(452096K), 0.0059270 secs] [Times: user=0.02 sys=0.01, real=0.01 secs] 
87.581: [GC [PSYoungGen: 194231K->6107K(201216K)] 394307K->206231K(452608K), 0.0048310 secs] [Times: user=0.02 sys=0.01, real=0.00 secs] 
89.570: [GC [PSYoungGen: 197035K->5186K(201216K)] 397564K->205723K(452608K), 0.0044950 secs] [Times: user=0.04 sys=0.00, real=0.00 secs] 
91.542: [GC [PSYoungGen: 196162K->2639K(201728K)] 400553K->207037K(453120K), 0.0045220 secs] [Times: user=0.02 sys=0.01, real=0.00 secs] 
93.534: [GC [PSYoungGen: 194639K->2045K(187392K)] 404427K->211881K(438784K), 0.0054420 secs] [Times: user=0.04 sys=0.00, real=0.01 secs] 
95.441: [GC [PSYoungGen: 187269K->5814K(184832K)] 397105K->215659K(436224K), 0.0039440 secs] [Times: user=0.03 sys=0.01, real=0.00 secs] 
97.264: [GC [PSYoungGen: 184286K->5696K(178688K)] 394130K->215580K(430080K), 0.0056570 secs] [Times: user=0.03 sys=0.01, real=0.01 secs] 
99.012: [GC [PSYoungGen: 178172K->6360K(173056K)] 388056K->216317K(424448K), 0.0053950 secs] [Times: user=0.02 sys=0.00, real=0.01 secs] 
100.698: [GC [PSYoungGen: 172741K->6059K(166912K)] 382698K->216047K(418304K), 0.0040460 secs] [Times: user=0.04 sys=0.00, real=0.00 secs] 
102.323: [GC [PSYoungGen: 166821K->5474K(160768K)] 376810K->215486K(412160K), 0.0039000 secs] [Times: user=0.03 sys=0.00, real=0.00 secs] 
103.882: [GC [PSYoungGen: 160428K->5259K(155648K)] 370710K->215549K(407040K), 0.0066410 secs] [Times: user=0.03 sys=0.00, real=0.01 secs] 
105.455: [GC [PSYoungGen: 155275K->3813K(148992K)] 368136K->216682K(400384K), 0.0056970 secs] [Times: user=0.02 sys=0.01, real=0.01 secs] 
105.461: [GC [PSYoungGen: 3843K->3829K(167936K)] 216712K->216746K(419328K), 0.0046770 secs] [Times: user=0.03 sys=0.01, real=0.00 secs] 
107.051: [GC [PSYoungGen: 162506K->5782K(168960K)] 375423K->218707K(420352K), 0.0039980 secs] [Times: user=0.02 sys=0.00, real=0.00 secs] 
108.663: [GC [PSYoungGen: 165936K->6152K(168960K)] 379131K->219363K(420352K), 0.0066460 secs] [Times: user=0.03 sys=0.00, real=0.01 secs] 
110.407: [GC [PSYoungGen: 166408K->1592K(177664K)] 385492K->220709K(429056K), 0.0043830 secs] [Times: user=0.02 sys=0.01, real=0.01 secs] 
112.226: [GC [PSYoungGen: 171576K->2623K(179200K)] 395240K->226302K(430592K), 0.0049780 secs] [Times: user=0.03 sys=0.00, real=0.01 secs] 
113.941: [GC [PSYoungGen: 172524K->6911K(185344K)] 396204K->230615K(436736K), 0.0048130 secs] [Times: user=0.04 sys=0.03, real=0.00 secs] 
115.756: [GC [PSYoungGen: 183484K->6180K(186368K)] 407592K->230304K(437760K), 0.0048280 secs] [Times: user=0.03 sys=0.00, real=0.00 secs] 
117.616: [GC [PSYoungGen: 182820K->4749K(188416K)] 411188K->233150K(439808K), 0.0047820 secs] [Times: user=0.02 sys=0.01, real=0.01 secs] 
119.557: [GC [PSYoungGen: 185485K->2885K(189952K)] 420077K->237508K(441344K), 0.0047130 secs] [Times: user=0.02 sys=0.00, real=0.00 secs] 
121.432: [GC [PSYoungGen: 183487K->7107K(192512K)] 418110K->241738K(443904K), 0.0052470 secs] [Times: user=0.03 sys=0.01, real=0.01 secs] 
123.324: [GC [PSYoungGen: 190371K->6353K(193024K)] 425675K->241666K(444416K), 0.0033780 secs] [Times: user=0.04 sys=0.00, real=0.00 secs] 
125.276: [GC [PSYoungGen: 189649K->2385K(194048K)] 431384K->244128K(445440K), 0.0046470 secs] [Times: user=0.03 sys=0.01, real=0.01 secs] 
127.159: [GC [PSYoungGen: 187217K->3893K(194560K)] 432497K->249181K(445952K), 0.0048550 secs] [Times: user=0.03 sys=0.00, real=0.00 secs] 
129.043: [GC [PSYoungGen: 188705K->6312K(195072K)] 434398K->252013K(446464K), 0.0052420 secs] [Times: user=0.04 sys=0.00, real=0.01 secs] 
130.982: [Full GC [PSYoungGen: 192168K->0K(195072K)] [ParOldGen: 248513K->134614K(243712K)] 440682K->134614K(438784K) [PSPermGen: 5253K->5253K(21504K)], 0.0344950 secs] [Times: user=0.07 sys=0.05, real=0.04 secs] 
132.959: [GC [PSYoungGen: 185800K->4939K(195584K)] 321422K->140561K(439296K), 0.0054180 secs] [Times: user=0.03 sys=0.01, real=0.00 secs] 
134.876: [GC [PSYoungGen: 190795K->3415K(196608K)] 328822K->141442K(440320K), 0.0046080 secs] [Times: user=0.02 sys=0.01, real=0.01 secs] 
136.760: [GC [PSYoungGen: 190804K->5424K(196608K)] 328902K->143522K(440320K), 0.0035610 secs] [Times: user=0.03 sys=0.01, real=0.00 secs] 
138.710: [GC [PSYoungGen: 192816K->2709K(197120K)] 337247K->147141K(440832K), 0.0030390 secs] [Times: user=0.02 sys=0.00, real=0.00 secs] 
140.612: [GC [PSYoungGen: 191075K->5558K(197120K)] 335912K->150394K(440832K), 0.0037190 secs] [Times: user=0.02 sys=0.01, real=0.01 secs] 
142.556: [GC [PSYoungGen: 193974K->2353K(198144K)] 345618K->153997K(441856K), 0.0049740 secs] [Times: user=0.02 sys=0.00, real=0.01 secs] 
144.498: [GC [PSYoungGen: 191734K->6027K(198144K)] 343378K->157671K(441856K), 0.0052040 secs] [Times: user=0.03 sys=0.01, real=0.00 secs] 
146.515: [GC [PSYoungGen: 195444K->5821K(199680K)] 347152K->157529K(443392K), 0.0064190 secs] [Times: user=0.03 sys=0.00, real=0.01 secs] 
148.546: [GC [PSYoungGen: 196285K->1869K(199680K)] 355602K->161186K(443392K), 0.0057710 secs] [Times: user=0.02 sys=0.00, real=0.01 secs] 
150.454: [GC [PSYoungGen: 192277K->5298K(200704K)] 351729K->164750K(444416K), 0.0031420 secs] [Times: user=0.03 sys=0.00, real=0.01 secs] 
152.475: [GC [PSYoungGen: 196786K->736K(200704K)] 364458K->168407K(444416K), 0.0048560 secs] [Times: user=0.03 sys=0.01, real=0.01 secs] 
154.551: [GC [PSYoungGen: 192224K->1220K(201728K)] 368131K->177127K(445440K), 0.0054690 secs] [Times: user=0.02 sys=0.01, real=0.01 secs] 
156.498: [GC [PSYoungGen: 193595K->5497K(201728K)] 369501K->181404K(445440K), 0.0048070 secs] [Times: user=0.03 sys=0.01, real=0.00 secs] 
158.400: [GC [PSYoungGen: 197868K->5744K(202752K)] 373775K->181650K(446464K), 0.0046180 secs] [Times: user=0.02 sys=0.01, real=0.00 secs] 
160.345: [GC [PSYoungGen: 199186K->5821K(202752K)] 375363K->181997K(446464K), 0.0046650 secs] [Times: user=0.03 sys=0.01, real=0.01 secs] 
162.318: [GC [PSYoungGen: 199357K->2673K(203264K)] 379066K->182414K(446976K), 0.0047030 secs] [Times: user=0.02 sys=0.00, real=0.00 secs] 
164.355: [GC [PSYoungGen: 197225K->5506K(203776K)] 377236K->185524K(447488K), 0.0055590 secs] [Times: user=0.04 sys=0.01, real=0.01 secs] 
166.406: [GC [PSYoungGen: 200066K->2552K(204800K)] 385434K->187927K(448512K), 0.0048100 secs] [Times: user=0.03 sys=0.00, real=0.01 secs] 
168.413: [GC [PSYoungGen: 198057K->5981K(204800K)] 383432K->191381K(448512K), 0.0051710 secs] [Times: user=0.03 sys=0.00, real=0.01 secs] 
170.402: [GC [PSYoungGen: 201473K->5159K(205824K)] 386873K->190567K(449536K), 0.0054820 secs] [Times: user=0.03 sys=0.02, real=0.00 secs] 
172.375: [GC [PSYoungGen: 201728K->6605K(205824K)] 387135K->192036K(449536K), 0.0037580 secs] [Times: user=0.02 sys=0.01, real=0.01 secs] 
174.391: [GC [PSYoungGen: 203209K->5798K(207360K)] 388641K->191246K(451072K), 0.0057970 secs] [Times: user=0.00 sys=0.04, real=0.01 secs] 
177.201: [GC [PSYoungGen: 203430K->4542K(207360K)] 388878K->189998K(451072K), 0.0051020 secs] [Times: user=0.03 sys=0.00, real=0.00 secs] 
179.217: [GC [PSYoungGen: 202164K->6013K(207872K)] 387620K->191517K(451584K), 0.0051890 secs] [Times: user=0.02 sys=0.01, real=0.00 secs] 
181.231: [GC [PSYoungGen: 204656K->5266K(207872K)] 390160K->190778K(451584K), 0.0051570 secs] [Times: user=0.03 sys=0.00, real=0.00 secs] 
183.222: [GC [PSYoungGen: 203912K->5419K(208384K)] 389558K->191090K(452096K), 0.0043380 secs] [Times: user=0.03 sys=0.01, real=0.00 secs] 
185.351: [GC [PSYoungGen: 205099K->1592K(208384K)] 399316K->195825K(452096K), 0.0055620 secs] [Times: user=0.02 sys=0.00, real=0.01 secs] 
187.392: [GC [PSYoungGen: 201144K->5449K(209408K)] 396050K->200371K(453120K), 0.0048710 secs] [Times: user=0.02 sys=0.01, real=0.01 secs] 
189.462: [GC [PSYoungGen: 206153K->1592K(209408K)] 406694K->202141K(453120K), 0.0046580 secs] [Times: user=0.02 sys=0.01, real=0.00 secs] 
191.500: [GC [PSYoungGen: 202236K->6093K(210944K)] 402785K->206650K(454656K), 0.0047580 secs] [Times: user=0.04 sys=0.00, real=0.00 secs] 
193.535: [GC [PSYoungGen: 207707K->6470K(210944K)] 408264K->207099K(454656K), 0.0065070 secs] [Times: user=0.03 sys=0.01, real=0.01 secs] 
195.614: [GC [PSYoungGen: 208043K->5442K(211968K)] 408672K->206087K(455680K), 0.0045160 secs] [Times: user=0.03 sys=0.01, real=0.01 secs] 
197.672: [GC [PSYoungGen: 208106K->6755K(211968K)] 408752K->207448K(455680K), 0.0052980 secs] [Times: user=0.03 sys=0.00, real=0.01 secs] 
199.770: [GC [PSYoungGen: 209487K->6059K(213504K)] 410181K->206760K(457216K), 0.0040280 secs] [Times: user=0.02 sys=0.02, real=0.00 secs] 
201.834: [GC [PSYoungGen: 209758K->5193K(213504K)] 410999K->206441K(457216K), 0.0051220 secs] [Times: user=0.03 sys=0.00, real=0.01 secs] 
203.947: [GC [PSYoungGen: 208969K->2045K(214016K)] 415550K->208634K(457728K), 0.0051710 secs] [Times: user=0.03 sys=0.00, real=0.01 secs] 
206.275: [GC [PSYoungGen: 206845K->2600K(214016K)] 420458K->216221K(457728K), 0.0049100 secs] [Times: user=0.03 sys=0.01, real=0.01 secs] 
208.419: [GC [PSYoungGen: 207377K->6454K(214528K)] 421133K->220314K(458240K), 0.0050730 secs] [Times: user=0.04 sys=0.00, real=0.00 secs] 
210.573: [GC [PSYoungGen: 211766K->3370K(215040K)] 429481K->221126K(458752K), 0.0049910 secs] [Times: user=0.03 sys=0.01, real=0.01 secs] 
212.769: [GC [PSYoungGen: 208682K->1339K(214528K)] 434888K->227553K(458240K), 0.0042490 secs] [Times: user=0.02 sys=0.01, real=0.00 secs] 
214.932: [GC [PSYoungGen: 207163K->2147K(215040K)] 440741K->235734K(458752K), 0.0045650 secs] [Times: user=0.03 sys=0.00, real=0.01 secs] 
217.079: [GC [PSYoungGen: 207971K->3329K(214528K)] 446761K->242126K(458240K), 0.0046300 secs] [Times: user=0.03 sys=0.00, real=0.00 secs] 
219.174: [GC [PSYoungGen: 209615K->5908K(215040K)] 448817K->245118K(458752K), 0.0044460 secs] [Times: user=0.04 sys=0.00, real=0.01 secs] 
221.286: [Full GC [PSYoungGen: 212244K->0K(215040K)] [ParOldGen: 244091K->135264K(304128K)] 456336K->135264K(519168K) [PSPermGen: 5283K->5283K(21504K)], 0.0258110 secs] [Times: user=0.10 sys=0.00, real=0.03 secs] 
223.481: [GC [PSYoungGen: 206299K->4820K(216064K)] 341968K->140489K(520192K), 0.0049410 secs] [Times: user=0.02 sys=0.01, real=0.00 secs] 
225.601: [GC [PSYoungGen: 212180K->4240K(216064K)] 350130K->142189K(520192K), 0.0047420 secs] [Times: user=0.02 sys=0.00, real=0.00 secs] 
227.720: [GC [PSYoungGen: 211493K->6376K(217088K)] 349443K->144325K(521216K), 0.0048750 secs] [Times: user=0.03 sys=0.01, real=0.00 secs] 
229.994: [GC [PSYoungGen: 214681K->4980K(217088K)] 352765K->143064K(521216K), 0.0055770 secs] [Times: user=0.03 sys=0.00, real=0.01 secs] 
232.128: [GC [PSYoungGen: 213364K->1711K(218112K)] 356948K->145295K(522240K), 0.0040770 secs] [Times: user=0.02 sys=0.01, real=0.01 secs] 
234.297: [GC [PSYoungGen: 211119K->2305K(218112K)] 360518K->151704K(522240K), 0.0034640 secs] [Times: user=0.02 sys=0.00, real=0.00 secs] 
236.510: [GC [PSYoungGen: 211713K->3361K(218112K)] 364243K->155891K(522240K), 0.0047510 secs] [Times: user=0.03 sys=0.00, real=0.00 secs] 
238.658: [GC [PSYoungGen: 213793K->4756K(218624K)] 368453K->159417K(522752K), 0.0032410 secs] [Times: user=0.03 sys=0.00, real=0.00 secs] 
240.831: [GC [PSYoungGen: 215136K->5718K(219648K)] 370200K->160783K(523776K), 0.0033230 secs] [Times: user=0.01 sys=0.02, real=0.00 secs] 
243.024: [GC [PSYoungGen: 217174K->3036K(219648K)] 377041K->162903K(523776K), 0.0044620 secs] [Times: user=0.02 sys=0.01, real=0.01 secs] 
245.150: [GC [PSYoungGen: 214372K->6630K(220160K)] 374239K->166497K(524288K), 0.0056090 secs] [Times: user=0.02 sys=0.01, real=0.00 secs] 
247.294: [GC [PSYoungGen: 218496K->5664K(220672K)] 378363K->165531K(524800K), 0.0032920 secs] [Times: user=0.03 sys=0.00, real=0.01 secs] 
249.448: [GC [PSYoungGen: 217501K->6312K(221184K)] 377368K->166179K(525312K), 0.0051710 secs] [Times: user=0.03 sys=0.00, real=0.00 secs] 
251.581: [GC [PSYoungGen: 218697K->5917K(221696K)] 378564K->165784K(525824K), 0.0044370 secs] [Times: user=0.03 sys=0.01, real=0.00 secs] 
253.777: [GC [PSYoungGen: 218394K->5862K(222720K)] 378260K->165729K(526848K), 0.0044840 secs] [Times: user=0.03 sys=0.01, real=0.00 secs] 
255.914: [GC [PSYoungGen: 219339K->6241K(222720K)] 379206K->166148K(526848K), 0.0047810 secs] [Times: user=0.02 sys=0.00, real=0.01 secs] 
258.113: [GC [PSYoungGen: 219724K->6052K(223744K)] 379631K->165991K(527872K), 0.0056730 secs] [Times: user=0.03 sys=0.00, real=0.01 secs] 
260.268: [GC [PSYoungGen: 220531K->5095K(223744K)] 380740K->165311K(527872K), 0.0051710 secs] [Times: user=0.02 sys=0.01, real=0.01 secs] 
262.510: [GC [PSYoungGen: 219623K->3386K(224256K)] 382468K->166239K(528384K), 0.0033250 secs] [Times: user=0.03 sys=0.01, real=0.00 secs] 
264.800: [GC [PSYoungGen: 218905K->5259K(224256K)] 381893K->168295K(528384K), 0.0041310 secs] [Times: user=0.02 sys=0.00, real=0.00 secs] 
267.133: [GC [PSYoungGen: 220811K->1236K(225280K)] 390737K->171210K(529408K), 0.0030630 secs] [Times: user=0.02 sys=0.00, real=0.01 secs] 
269.349: [GC [PSYoungGen: 217691K->5440K(225280K)] 388473K->176294K(529408K), 0.0053520 secs] [Times: user=0.03 sys=0.00, real=0.00 secs] 
271.615: [GC [PSYoungGen: 222016K->2401K(226304K)] 400178K->180580K(530432K), 0.0035340 secs] [Times: user=0.02 sys=0.01, real=0.01 secs] 
273.801: [GC [PSYoungGen: 219961K->6059K(226304K)] 398139K->184245K(530432K), 0.0048520 secs] [Times: user=0.03 sys=0.01, real=0.00 secs] 
276.026: [GC [PSYoungGen: 223538K->6171K(226816K)] 401725K->184389K(530944K), 0.0056540 secs] [Times: user=0.00 sys=0.03, real=0.01 secs] 
278.217: [GC [PSYoungGen: 224271K->5901K(227328K)] 402489K->184128K(531456K), 0.0049160 secs] [Times: user=0.03 sys=0.00, real=0.00 secs] 
280.429: [GC [PSYoungGen: 223949K->5757K(228352K)] 402175K->183992K(532480K), 0.0051200 secs] [Times: user=0.03 sys=0.01, real=0.00 secs] 
282.641: [GC [PSYoungGen: 224893K->6113K(228352K)] 403127K->184356K(532480K), 0.0062000 secs] [Times: user=0.03 sys=0.00, real=0.00 secs] 
284.890: [GC [PSYoungGen: 225156K->6360K(229376K)] 403399K->184619K(533504K), 0.0052220 secs] [Times: user=0.00 sys=0.02, real=0.00 secs] 
287.085: [GC [PSYoungGen: 226432K->5568K(229376K)] 404690K->183834K(533504K), 0.0035830 secs] [Times: user=0.02 sys=0.00, real=0.01 secs] 
289.293: [GC [PSYoungGen: 225711K->5561K(229888K)] 403977K->183835K(534016K), 0.0033990 secs] [Times: user=0.02 sys=0.00, real=0.01 secs] 
291.546: [GC [PSYoungGen: 226733K->5012K(229888K)] 405547K->183850K(534016K), 0.0050670 secs] [Times: user=0.03 sys=0.00, real=0.01 secs] 
293.829: [GC [PSYoungGen: 226196K->2100K(229888K)] 409183K->185094K(534016K), 0.0055390 secs] [Times: user=0.03 sys=0.00, real=0.00 secs] 
296.134: [GC [PSYoungGen: 223684K->5490K(230400K)] 406678K->188533K(534528K), 0.0049160 secs] [Times: user=0.03 sys=0.01, real=0.01 secs] 
298.422: [GC [PSYoungGen: 227060K->5417K(230400K)] 410507K->188872K(534528K), 0.0053360 secs] [Times: user=0.03 sys=0.00, real=0.00 secs] 
300.687: [GC [PSYoungGen: 228137K->3569K(230912K)] 413785K->189240K(535040K), 0.0045460 secs] [Times: user=0.03 sys=0.00, real=0.01 secs] 
302.926: [GC [PSYoungGen: 226213K->5227K(231936K)] 412154K->191177K(536064K), 0.0051070 secs] [Times: user=0.03 sys=0.00, real=0.01 secs] 
305.261: [GC [PSYoungGen: 228971K->2067K(231936K)] 421491K->194612K(536064K), 0.0049740 secs] [Times: user=0.03 sys=0.00, real=0.00 secs] 
307.500: [GC [PSYoungGen: 225761K->6091K(232448K)] 418305K->198651K(536576K), 0.0034090 secs] [Times: user=0.04 sys=0.00, real=0.00 secs] 
309.805: [GC [PSYoungGen: 230343K->5433K(232960K)] 423038K->198136K(537088K), 0.0047130 secs] [Times: user=0.03 sys=0.01, real=0.01 secs] 
312.120: [GC [PSYoungGen: 229689K->2250K(232960K)] 428790K->201359K(537088K), 0.0048630 secs] [Times: user=0.03 sys=0.00, real=0.00 secs] 
314.428: [GC [PSYoungGen: 226796K->6312K(233472K)] 425905K->205429K(537600K), 0.0053060 secs] [Times: user=0.03 sys=0.00, real=0.00 secs] 
316.719: [GC [PSYoungGen: 231050K->5535K(234496K)] 430301K->204795K(538624K), 0.0054690 secs] [Times: user=0.03 sys=0.00, real=0.00 secs] 
319.064: [GC [PSYoungGen: 231327K->2211K(234496K)] 437744K->208636K(538624K), 0.0032240 secs] [Times: user=0.02 sys=0.01, real=0.00 secs] 
321.396: [GC [PSYoungGen: 228003K->2013K(235520K)] 438975K->213000K(539648K), 0.0045970 secs] [Times: user=0.02 sys=0.02, real=0.01 secs] 
323.710: [GC [PSYoungGen: 228829K->3071K(235520K)] 443690K->217940K(539648K), 0.0057340 secs] [Times: user=0.02 sys=0.00, real=0.00 secs] 
326.079: [GC [PSYoungGen: 229734K->6363K(236032K)] 444603K->221240K(540160K), 0.0054010 secs] [Times: user=0.03 sys=0.00, real=0.00 secs] 
328.459: [GC [PSYoungGen: 233673K->5467K(236544K)] 448685K->220519K(540672K), 0.0050180 secs] [Times: user=0.02 sys=0.00, real=0.00 secs] 
330.794: [GC [PSYoungGen: 232795K->1111K(236544K)] 454324K->222679K(540672K), 0.0032840 secs] [Times: user=0.03 sys=0.01, real=0.01 secs] 
333.095: [GC [PSYoungGen: 228821K->6107K(237056K)] 450794K->228088K(541184K), 0.0051050 secs] [Times: user=0.03 sys=0.01, real=0.01 secs] 
335.456: [GC [PSYoungGen: 233947K->2966K(238080K)] 460690K->229716K(542208K), 0.0050980 secs] [Times: user=0.02 sys=0.00, real=0.01 secs] 
337.810: [GC [PSYoungGen: 231830K->3831K(238080K)] 463390K->235400K(542208K), 0.0035670 secs] [Times: user=0.03 sys=0.00, real=0.00 secs] 
340.148: [GC [PSYoungGen: 232680K->4928K(238592K)] 465256K->237528K(542720K), 0.0054200 secs] [Times: user=0.03 sys=0.00, real=0.01 secs] 
342.481: [GC [PSYoungGen: 234816K->4053K(238592K)] 469986K->239239K(542720K), 0.0051070 secs] [Times: user=0.03 sys=0.00, real=0.00 secs] 
344.813: [GC [PSYoungGen: 233941K->3434K(239104K)] 472587K->242088K(543232K), 0.0056020 secs] [Times: user=0.03 sys=0.00, real=0.01 secs] 
347.295: [GC [PSYoungGen: 234346K->3160K(239104K)] 478095K->246957K(543232K), 0.0041460 secs] [Times: user=0.04 sys=0.00, real=0.01 secs] 
349.622: [GC [PSYoungGen: 233990K->6192K(239104K)] 477787K->249996K(543232K), 0.0046150 secs] [Times: user=0.00 sys=0.04, real=0.00 secs] 
351.934: [GC [PSYoungGen: 237534K->6459K(239616K)] 481339K->250272K(543744K), 0.0045090 secs] [Times: user=0.03 sys=0.01, real=0.01 secs] 
354.312: [GC [PSYoungGen: 237781K->6902K(240640K)] 481594K->250747K(544768K), 0.0053270 secs] [Times: user=0.03 sys=0.01, real=0.01 secs] 
356.687: [GC [PSYoungGen: 238807K->5862K(241152K)] 482850K->249970K(545280K), 0.0050260 secs] [Times: user=0.03 sys=0.01, real=0.01 secs] 
359.074: [GC [PSYoungGen: 237798K->2853K(242176K)] 487778K->252961K(546304K), 0.0045790 secs] [Times: user=0.03 sys=0.00, real=0.01 secs] 
361.477: [GC [PSYoungGen: 235813K->2863K(242176K)] 491334K->258439K(546304K), 0.0043990 secs] [Times: user=0.02 sys=0.00, real=0.00 secs] 
363.909: [GC [PSYoungGen: 235823K->2728K(242176K)] 496254K->263168K(546304K), 0.0031090 secs] [Times: user=0.03 sys=0.00, real=0.00 secs] 
366.342: [GC [PSYoungGen: 236712K->2093K(242688K)] 503668K->269089K(546816K), 0.0048670 secs] [Times: user=0.02 sys=0.01, real=0.00 secs] 
368.720: [GC [PSYoungGen: 236077K->2997K(243712K)] 508548K->275477K(547840K), 0.0050930 secs] [Times: user=0.02 sys=0.01, real=0.00 secs] 
371.090: [GC [PSYoungGen: 238005K->5227K(243712K)] 512598K->279860K(547840K), 0.0041330 secs] [Times: user=0.01 sys=0.02, real=0.00 secs] 
373.450: [GC [PSYoungGen: 240160K->5826K(244736K)] 514793K->280515K(548864K), 0.0041520 secs] [Times: user=0.02 sys=0.01, real=0.00 secs] 
375.843: [GC [PSYoungGen: 241769K->6045K(244736K)] 516727K->281012K(548864K), 0.0061140 secs] [Times: user=0.04 sys=0.00, real=0.01 secs] 
378.201: [GC [PSYoungGen: 242077K->5330K(245248K)] 518820K->282161K(549376K), 0.0066530 secs] [Times: user=0.02 sys=0.01, real=0.00 secs] 
380.550: [GC [PSYoungGen: 242204K->6456K(245760K)] 519035K->283383K(549888K), 0.0046950 secs] [Times: user=0.03 sys=0.00, real=0.00 secs] 
382.946: [GC [PSYoungGen: 243366K->6315K(247296K)] 520293K->283306K(551424K), 0.0032610 secs] [Times: user=0.01 sys=0.02, real=0.01 secs] 
385.349: [GC [PSYoungGen: 244380K->6132K(247296K)] 521371K->283147K(551424K), 0.0048590 secs] [Times: user=0.03 sys=0.01, real=0.00 secs] 
387.882: [GC [PSYoungGen: 244191K->5869K(248320K)] 521476K->283162K(552448K), 0.0053280 secs] [Times: user=0.03 sys=0.00, real=0.00 secs] 
390.313: [GC [PSYoungGen: 244973K->3190K(248320K)] 525444K->283668K(552448K), 0.0047190 secs] [Times: user=0.02 sys=0.00, real=0.01 secs] 
392.735: [GC [PSYoungGen: 242196K->6322K(249344K)] 522809K->286943K(553472K), 0.0055920 secs] [Times: user=0.00 sys=0.03, real=0.01 secs] 
395.112: [GC [PSYoungGen: 246450K->3447K(249344K)] 531604K->288665K(553472K), 0.0057420 secs] [Times: user=0.03 sys=0.01, real=0.01 secs] 
397.569: [GC [PSYoungGen: 243498K->6045K(250368K)] 528716K->291287K(554496K), 0.0052350 secs] [Times: user=0.03 sys=0.01, real=0.00 secs] 
399.981: [GC [PSYoungGen: 247083K->6392K(250368K)] 532325K->291642K(554496K), 0.0052540 secs] [Times: user=0.03 sys=0.00, real=0.00 secs] 
402.422: [GC [PSYoungGen: 247512K->5433K(251392K)] 532897K->290858K(555520K), 0.0038170 secs] [Times: user=0.02 sys=0.00, real=0.00 secs] 
404.825: [GC [PSYoungGen: 247609K->4798K(251392K)] 534817K->292102K(555520K), 0.0033830 secs] [Times: user=0.03 sys=0.00, real=0.01 secs] 
407.265: [GC [PSYoungGen: 246866K->6774K(251392K)] 534171K->294325K(555520K), 0.0051260 secs] [Times: user=0.03 sys=0.00, real=0.01 secs] 
409.716: [GC [PSYoungGen: 249434K->6559K(251904K)] 536985K->294261K(556032K), 0.0050420 secs] [Times: user=0.03 sys=0.00, real=0.01 secs] 
412.136: [GC [PSYoungGen: 249223K->6164K(252928K)] 536925K->293874K(557056K), 0.0048620 secs] [Times: user=0.03 sys=0.00, real=0.01 secs] 
414.583: [GC [PSYoungGen: 249745K->6052K(252928K)] 537454K->293778K(557056K), 0.0052440 secs] [Times: user=0.03 sys=0.01, real=0.01 secs] 
417.101: [GC [PSYoungGen: 249624K->6187K(253440K)] 537619K->294198K(557568K), 0.0048370 secs] [Times: user=0.03 sys=0.01, real=0.00 secs] 
421.033: [GC [PSYoungGen: 250923K->6122K(253440K)] 538936K->294215K(557568K), 0.0088030 secs] [Times: user=0.09 sys=0.00, real=0.01 secs] 
Heap
 PSYoungGen      total 253440K, used 14678K [0x00000007caa80000, 0x00000007dab80000, 0x0000000800000000)
  eden space 244736K, 3% used [0x00000007caa80000,0x00000007cb2db120,0x00000007d9980000)
  from space 8704K, 70% used [0x00000007d9980000,0x00000007d9f7a900,0x00000007da200000)
  to   space 8704K, 0% used [0x00000007da300000,0x00000007da300000,0x00000007dab80000)
 ParOldGen       total 304128K, used 288093K [0x0000000760000000, 0x0000000772900000, 0x00000007caa80000)
  object space 304128K, 94% used [0x0000000760000000,0x00000007719574c0,0x0000000772900000)
 PSPermGen       total 21504K, used 12235K [0x000000075ae00000, 0x000000075c300000, 0x0000000760000000)
  object space 21504K, 56% used [0x000000075ae00000,0x000000075b9f2ec8,0x000000075c300000)
