53.411: [GC [PSYoungGen: 10579K->3602K(35840K)] 10579K->3610K(116224K), 0.0066820 secs] [Times: user=0.07 sys=0.01, real=0.00 secs] 
53.418: [Full GC [PSYoungGen: 3602K->0K(35840K)] [ParOldGen: 8K->3139K(80384K)] 3610K->3139K(116224K) [PSPermGen: 5166K->5165K(21504K)], 0.0253450 secs] [Times: user=0.16 sys=0.00, real=0.03 secs] 
53.444: [GC [PSYoungGen: 0K->0K(35840K)] 3139K->3139K(116224K), 0.0055880 secs] [Times: user=0.00 sys=0.02, real=0.01 secs] 
53.450: [Full GC [PSYoungGen: 0K->0K(35840K)] [ParOldGen: 3139K->3139K(80384K)] 3139K->3139K(116224K) [PSPermGen: 5165K->5165K(21504K)], 0.0124730 secs] [Times: user=0.06 sys=0.00, real=0.01 secs] 
53.527: [GC [PSYoungGen: 28987K->4576K(35840K)] 32126K->29925K(116224K), 0.0098220 secs] [Times: user=0.08 sys=0.06, real=0.01 secs] 
53.543: [GC [PSYoungGen: 35642K->4294K(67072K)] 60991K->60693K(147456K), 0.0123510 secs] [Times: user=0.13 sys=0.09, real=0.01 secs] 
53.555: [Full GC [PSYoungGen: 4294K->0K(67072K)] [ParOldGen: 56399K->59435K(141824K)] 60693K->59435K(208896K) [PSPermGen: 5187K->5187K(21504K)], 0.0356340 secs] [Times: user=0.37 sys=0.06, real=0.04 secs] 
53.615: [GC [PSYoungGen: 62060K->3472K(67072K)] 121495K->121388K(208896K), 0.0210150 secs] [Times: user=0.16 sys=0.27, real=0.02 secs] 
53.636: [Full GC [PSYoungGen: 3472K->0K(67072K)] [ParOldGen: 117916K->121354K(251392K)] 121388K->121354K(318464K) [PSPermGen: 5187K->5187K(21504K)], 0.0274480 secs] [Times: user=0.21 sys=0.04, real=0.03 secs] 
54.274: [GC [PSYoungGen: 62441K->4600K(95744K)] 183994K->148257K(347136K), 0.0155510 secs] [Times: user=0.26 sys=0.02, real=0.02 secs] 
55.274: [GC [PSYoungGen: 95733K->4577K(101888K)] 250351K->169524K(353280K), 0.0120920 secs] [Times: user=0.18 sys=0.05, real=0.01 secs] 
56.238: [GC [PSYoungGen: 101838K->19115K(145408K)] 266919K->184196K(396800K), 0.0123510 secs] [Times: user=0.16 sys=0.05, real=0.02 secs] 
57.405: [GC [PSYoungGen: 143019K->17399K(148480K)] 311331K->185711K(399872K), 0.0128200 secs] [Times: user=0.21 sys=0.01, real=0.01 secs] 
58.588: [GC [PSYoungGen: 141204K->19734K(176128K)] 309515K->188046K(427520K), 0.0131890 secs] [Times: user=0.21 sys=0.04, real=0.01 secs] 
60.061: [GC [PSYoungGen: 171555K->20538K(180224K)] 339867K->188850K(431616K), 0.0118910 secs] [Times: user=0.16 sys=0.04, real=0.01 secs] 
61.483: [GC [PSYoungGen: 172602K->15839K(192000K)] 341318K->184556K(443392K), 0.0135900 secs] [Times: user=0.20 sys=0.03, real=0.01 secs] 
63.155: [GC [PSYoungGen: 181727K->16036K(195584K)] 358854K->193162K(446976K), 0.0111950 secs] [Times: user=0.19 sys=0.03, real=0.01 secs] 
64.799: [GC [PSYoungGen: 181728K->19590K(205312K)] 358854K->196717K(456704K), 0.0143100 secs] [Times: user=0.24 sys=0.03, real=0.02 secs] 
66.507: [GC [PSYoungGen: 195664K->19177K(206336K)] 373599K->197112K(457728K), 0.0090310 secs] [Times: user=0.15 sys=0.00, real=0.00 secs] 
68.257: [GC [PSYoungGen: 195305K->15606K(210432K)] 382302K->202603K(461824K), 0.0126690 secs] [Times: user=0.18 sys=0.03, real=0.02 secs] 
70.076: [GC [PSYoungGen: 198897K->19748K(212992K)] 385894K->206745K(464384K), 0.0068810 secs] [Times: user=0.06 sys=0.00, real=0.01 secs] 
71.905: [GC [PSYoungGen: 203015K->19013K(217600K)] 390211K->206209K(468992K), 0.0125440 secs] [Times: user=0.17 sys=0.04, real=0.01 secs] 
73.723: [GC [PSYoungGen: 207429K->16748K(218624K)] 398204K->207523K(470016K), 0.0059520 secs] [Times: user=0.03 sys=0.01, real=0.01 secs] 
75.606: [GC [PSYoungGen: 205160K->15243K(216576K)] 404639K->214722K(467968K), 0.0065470 secs] [Times: user=0.04 sys=0.00, real=0.01 secs] 
77.436: [GC [PSYoungGen: 206130K->6123K(218624K)] 405744K->219561K(470016K), 0.0119570 secs] [Times: user=0.18 sys=0.04, real=0.02 secs] 
79.398: [Full GC [PSYoungGen: 197099K->0K(218624K)] [ParOldGen: 219271K->133360K(271872K)] 416370K->133360K(490496K) [PSPermGen: 5256K->5256K(21504K)], 0.0326790 secs] [Times: user=0.06 sys=0.04, real=0.04 secs] 
81.247: [GC [PSYoungGen: 190929K->5503K(221696K)] 324623K->139198K(493568K), 0.0031110 secs] [Times: user=0.02 sys=0.00, real=0.01 secs] 
83.125: [GC [PSYoungGen: 199039K->1997K(221696K)] 341176K->144134K(493568K), 0.0047740 secs] [Times: user=0.03 sys=0.00, real=0.01 secs] 
84.953: [GC [PSYoungGen: 195406K->6027K(222720K)] 337543K->148163K(494592K), 0.0051600 secs] [Times: user=0.04 sys=0.00, real=0.00 secs] 
86.819: [GC [PSYoungGen: 201608K->6518K(223744K)] 343745K->148655K(495616K), 0.0049480 secs] [Times: user=0.03 sys=0.00, real=0.00 secs] 
88.722: [GC [PSYoungGen: 201853K->5871K(223232K)] 343990K->148008K(495104K), 0.0056490 secs] [Times: user=0.04 sys=0.01, real=0.01 secs] 
90.577: [GC [PSYoungGen: 202956K->5449K(224256K)] 345292K->147784K(496128K), 0.0033290 secs] [Times: user=0.03 sys=0.01, real=0.01 secs] 
92.501: [GC [PSYoungGen: 202569K->1220K(224256K)] 352196K->150847K(496128K), 0.0052550 secs] [Times: user=0.02 sys=0.00, real=0.00 secs] 
94.346: [GC [PSYoungGen: 199326K->5696K(224256K)] 348953K->155323K(496128K), 0.0047640 secs] [Times: user=0.03 sys=0.00, real=0.01 secs] 
96.205: [GC [PSYoungGen: 203815K->4393K(222208K)] 354648K->155227K(494080K), 0.0047700 secs] [Times: user=0.03 sys=0.00, real=0.01 secs] 
98.230: [GC [PSYoungGen: 203561K->1949K(223232K)] 361680K->160067K(495104K), 0.0045930 secs] [Times: user=0.03 sys=0.01, real=0.00 secs] 
100.158: [GC [PSYoungGen: 200996K->6248K(221184K)] 359385K->164637K(493056K), 0.0036420 secs] [Times: user=0.04 sys=0.00, real=0.01 secs] 
102.190: [GC [PSYoungGen: 206440K->1332K(222720K)] 372120K->167012K(494592K), 0.0045700 secs] [Times: user=0.03 sys=0.00, real=0.00 secs] 
104.060: [GC [PSYoungGen: 201271K->5885K(221184K)] 366951K->171565K(493056K), 0.0047820 secs] [Times: user=0.02 sys=0.01, real=0.00 secs] 
105.958: [GC [PSYoungGen: 206840K->6173K(207872K)] 372521K->171853K(479744K), 0.0036560 secs] [Times: user=0.04 sys=0.00, real=0.01 secs] 
107.839: [GC [PSYoungGen: 207335K->5712K(219648K)] 373016K->171392K(491520K), 0.0047380 secs] [Times: user=0.03 sys=0.00, real=0.01 secs] 
109.737: [GC [PSYoungGen: 207891K->5266K(207872K)] 374110K->171613K(479744K), 0.0051920 secs] [Times: user=0.03 sys=0.00, real=0.01 secs] 
111.706: [GC [PSYoungGen: 207506K->2789K(220160K)] 379766K->175057K(492032K), 0.0048210 secs] [Times: user=0.02 sys=0.01, real=0.01 secs] 
113.609: [GC [PSYoungGen: 205519K->5488K(220160K)] 378326K->178302K(492032K), 0.0044890 secs] [Times: user=0.02 sys=0.00, real=0.00 secs] 
115.534: [GC [PSYoungGen: 208240K->4185K(218112K)] 382999K->178953K(489984K), 0.0044690 secs] [Times: user=0.03 sys=0.00, real=0.00 secs] 
117.490: [GC [PSYoungGen: 207961K->2773K(219136K)] 386800K->181629K(491008K), 0.0054570 secs] [Times: user=0.03 sys=0.00, real=0.00 secs] 
119.441: [GC [PSYoungGen: 206549K->2988K(219136K)] 390500K->186947K(491008K), 0.0045680 secs] [Times: user=0.03 sys=0.00, real=0.00 secs] 
121.374: [GC [PSYoungGen: 207740K->6392K(219648K)] 392032K->190700K(491520K), 0.0052350 secs] [Times: user=0.03 sys=0.00, real=0.01 secs] 
123.346: [GC [PSYoungGen: 211192K->4037K(219648K)] 398662K->191515K(491520K), 0.0057420 secs] [Times: user=0.02 sys=0.01, real=0.01 secs] 
125.275: [GC [PSYoungGen: 209770K->6780K(219648K)] 397248K->194274K(491520K), 0.0040380 secs] [Times: user=0.04 sys=0.00, real=0.01 secs] 
127.225: [GC [PSYoungGen: 212515K->5940K(219648K)] 400413K->193878K(491520K), 0.0063660 secs] [Times: user=0.03 sys=0.01, real=0.01 secs] 
129.279: [GC [PSYoungGen: 212788K->2853K(219648K)] 406790K->196864K(491520K), 0.0045030 secs] [Times: user=0.03 sys=0.01, real=0.01 secs] 
131.238: [GC [PSYoungGen: 209693K->6132K(219648K)] 403703K->200190K(491520K), 0.0038130 secs] [Times: user=0.02 sys=0.01, real=0.01 secs] 
133.161: [GC [PSYoungGen: 213465K->6771K(219648K)] 407658K->200980K(491520K), 0.0036850 secs] [Times: user=0.03 sys=0.00, real=0.00 secs] 
135.160: [GC [PSYoungGen: 214131K->3710K(219648K)] 413760K->203347K(491520K), 0.0034990 secs] [Times: user=0.02 sys=0.01, real=0.00 secs] 
137.145: [GC [PSYoungGen: 211563K->6543K(219648K)] 411200K->206188K(491520K), 0.0049440 secs] [Times: user=0.03 sys=0.01, real=0.01 secs] 
139.088: [GC [PSYoungGen: 214312K->6495K(219648K)] 413957K->206188K(491520K), 0.0054850 secs] [Times: user=0.03 sys=0.00, real=0.00 secs] 
141.049: [GC [PSYoungGen: 214790K->6123K(219648K)] 414483K->205839K(491520K), 0.0060440 secs] [Times: user=0.03 sys=0.00, real=0.00 secs] 
143.017: [GC [PSYoungGen: 214507K->5529K(218624K)] 414422K->205452K(490496K), 0.0053300 secs] [Times: user=0.03 sys=0.00, real=0.01 secs] 
145.024: [GC [PSYoungGen: 214425K->2266K(219136K)] 420563K->208420K(491008K), 0.0050970 secs] [Times: user=0.03 sys=0.00, real=0.01 secs] 
146.967: [GC [PSYoungGen: 211138K->5648K(219136K)] 417491K->212064K(491008K), 0.0049360 secs] [Times: user=0.03 sys=0.01, real=0.01 secs] 
148.933: [GC [PSYoungGen: 215056K->5969K(219648K)] 422105K->213083K(491520K), 0.0049180 secs] [Times: user=0.03 sys=0.00, real=0.00 secs] 
150.942: [GC [PSYoungGen: 215377K->1894K(220160K)] 428816K->215753K(492032K), 0.0043210 secs] [Times: user=0.03 sys=0.00, real=0.00 secs] 
152.934: [GC [PSYoungGen: 211622K->6447K(220160K)] 425480K->220330K(492032K), 0.0034360 secs] [Times: user=0.02 sys=0.01, real=0.00 secs] 
154.924: [GC [PSYoungGen: 216334K->5949K(220672K)] 430352K->219975K(492544K), 0.0041240 secs] [Times: user=0.03 sys=0.01, real=0.01 secs] 
156.947: [GC [PSYoungGen: 216381K->2728K(220672K)] 436089K->222444K(492544K), 0.0050340 secs] [Times: user=0.03 sys=0.00, real=0.01 secs] 
159.001: [GC [PSYoungGen: 213077K->6344K(221184K)] 433063K->226354K(493056K), 0.0036110 secs] [Times: user=0.03 sys=0.00, real=0.00 secs] 
161.130: [GC [PSYoungGen: 217287K->1506K(221184K)] 446414K->230648K(493056K), 0.0057810 secs] [Times: user=0.02 sys=0.01, real=0.00 secs] 
163.148: [GC [PSYoungGen: 212450K->3338K(220672K)] 446117K->237013K(492544K), 0.0047260 secs] [Times: user=0.02 sys=0.00, real=0.00 secs] 
165.102: [GC [PSYoungGen: 214698K->7326K(221184K)] 448374K->241058K(493056K), 0.0050330 secs] [Times: user=0.03 sys=0.00, real=0.01 secs] 
167.089: [GC [PSYoungGen: 218569K->6765K(221696K)] 452570K->240782K(493568K), 0.0054000 secs] [Times: user=0.04 sys=0.00, real=0.00 secs] 
169.113: [GC [PSYoungGen: 218221K->3045K(222208K)] 458040K->242873K(494080K), 0.0031490 secs] [Times: user=0.02 sys=0.00, real=0.00 secs] 
171.140: [GC [PSYoungGen: 214501K->3758K(222208K)] 459457K->248721K(494080K), 0.0048440 secs] [Times: user=0.03 sys=0.00, real=0.00 secs] 
173.143: [GC [PSYoungGen: 215689K->6838K(222208K)] 460652K->251841K(494080K), 0.0049290 secs] [Times: user=0.03 sys=0.00, real=0.01 secs] 
175.143: [GC [PSYoungGen: 218685K->6623K(222720K)] 463688K->251674K(494592K), 0.0049230 secs] [Times: user=0.04 sys=0.00, real=0.01 secs] 
177.576: [GC [PSYoungGen: 219034K->7548K(222720K)] 464354K->252877K(494592K), 0.0052420 secs] [Times: user=0.02 sys=0.00, real=0.01 secs] 
179.695: [GC [PSYoungGen: 220028K->1951K(223744K)] 471458K->253445K(495616K), 0.0046490 secs] [Times: user=0.02 sys=0.01, real=0.01 secs] 
181.656: [GC [PSYoungGen: 214891K->6890K(223744K)] 466655K->258829K(495616K), 0.0041690 secs] [Times: user=0.04 sys=0.01, real=0.01 secs] 
183.769: [GC [PSYoungGen: 219882K->3838K(224256K)] 474869K->258833K(496128K), 0.0047840 secs] [Times: user=0.03 sys=0.01, real=0.00 secs] 
185.765: [GC [PSYoungGen: 217306K->6600K(224256K)] 472301K->261627K(496128K), 0.0059310 secs] [Times: user=0.03 sys=0.01, real=0.01 secs] 
187.748: [GC [PSYoungGen: 220093K->6395K(224768K)] 475120K->261478K(496640K), 0.0048930 secs] [Times: user=0.03 sys=0.00, real=0.00 secs] 
189.793: [GC [PSYoungGen: 220364K->6582K(224768K)] 475447K->262252K(496640K), 0.0036850 secs] [Times: user=0.02 sys=0.01, real=0.00 secs] 
191.823: [GC [PSYoungGen: 220440K->6511K(224256K)] 476110K->262197K(496128K), 0.0059290 secs] [Times: user=0.03 sys=0.01, real=0.01 secs] 
193.888: [GC [PSYoungGen: 221036K->6502K(224768K)] 476857K->262395K(496640K), 0.0032890 secs] [Times: user=0.03 sys=0.00, real=0.00 secs] 
195.980: [GC [PSYoungGen: 221030K->2029K(224768K)] 483763K->264905K(496640K), 0.0048840 secs] [Times: user=0.03 sys=0.00, real=0.00 secs] 
197.959: [GC [PSYoungGen: 216548K->6488K(225280K)] 479424K->269372K(497152K), 0.0036360 secs] [Times: user=0.03 sys=0.01, real=0.01 secs] 
199.965: [GC [PSYoungGen: 221013K->6120K(225280K)] 483897K->269092K(497152K), 0.0048560 secs] [Times: user=0.03 sys=0.00, real=0.01 secs] 
201.984: [GC [PSYoungGen: 221035K->5289K(225280K)] 484546K->268864K(497152K), 0.0045660 secs] [Times: user=0.03 sys=0.00, real=0.01 secs] 
204.042: [GC [PSYoungGen: 220329K->2821K(225280K)] 489728K->272237K(497152K), 0.0063530 secs] [Times: user=0.03 sys=0.02, real=0.01 secs] 
206.071: [GC [PSYoungGen: 218264K->6511K(225280K)] 487679K->275934K(497152K), 0.0053510 secs] [Times: user=0.04 sys=0.00, real=0.00 secs] 
208.119: [GC [PSYoungGen: 222036K->6068K(225792K)] 491459K->275587K(497664K), 0.0032410 secs] [Times: user=0.03 sys=0.00, real=0.00 secs] 
210.098: [GC [PSYoungGen: 221890K->6225K(225792K)] 491410K->275801K(497664K), 0.0053470 secs] [Times: user=0.03 sys=0.00, real=0.01 secs] 
212.149: [GC [PSYoungGen: 222242K->5750K(225280K)] 492222K->275738K(497152K), 0.0050390 secs] [Times: user=0.03 sys=0.00, real=0.00 secs] 
214.261: [Full GC [PSYoungGen: 222326K->0K(225280K)] [ParOldGen: 274822K->133919K(301568K)] 497149K->133919K(526848K) [PSPermGen: 5288K->5288K(21504K)], 0.0235470 secs] [Times: user=0.08 sys=0.01, real=0.02 secs] 
216.426: [GC [PSYoungGen: 216576K->1901K(225792K)] 356582K->141907K(527360K), 0.0035280 secs] [Times: user=0.02 sys=0.01, real=0.01 secs] 
218.499: [GC [PSYoungGen: 218445K->5179K(225280K)] 358855K->145590K(526848K), 0.0036400 secs] [Times: user=0.03 sys=0.00, real=0.01 secs] 
220.649: [GC [PSYoungGen: 222267K->2289K(226304K)] 369383K->149405K(527872K), 0.0049990 secs] [Times: user=0.03 sys=0.00, real=0.00 secs] 
222.702: [GC [PSYoungGen: 219373K->4512K(226304K)] 367703K->152841K(527872K), 0.0046430 secs] [Times: user=0.04 sys=0.00, real=0.00 secs] 
224.761: [GC [PSYoungGen: 222624K->3694K(226816K)] 372617K->153687K(528384K), 0.0047090 secs] [Times: user=0.03 sys=0.00, real=0.00 secs] 
226.770: [GC [PSYoungGen: 221687K->6059K(227840K)] 371679K->156051K(529408K), 0.0059960 secs] [Times: user=0.03 sys=0.01, real=0.00 secs] 
228.803: [GC [PSYoungGen: 225158K->6643K(227840K)] 375151K->156636K(529408K), 0.0054680 secs] [Times: user=0.03 sys=0.00, real=0.01 secs] 
230.866: [GC [PSYoungGen: 225532K->6248K(229376K)] 375524K->156241K(530944K), 0.0048360 secs] [Times: user=0.00 sys=0.03, real=0.01 secs] 
232.899: [GC [PSYoungGen: 226293K->6113K(229376K)] 376420K->156241K(530944K), 0.0053960 secs] [Times: user=0.02 sys=0.00, real=0.01 secs] 
235.017: [GC [PSYoungGen: 226273K->2353K(230400K)] 382545K->158624K(531968K), 0.0038020 secs] [Times: user=0.03 sys=0.00, real=0.01 secs] 
237.138: [GC [PSYoungGen: 223537K->3004K(230400K)] 384744K->164211K(531968K), 0.0030220 secs] [Times: user=0.02 sys=0.00, real=0.01 secs] 
239.278: [GC [PSYoungGen: 224188K->1640K(231424K)] 392100K->169553K(532992K), 0.0042230 secs] [Times: user=0.02 sys=0.01, real=0.01 secs] 
241.341: [GC [PSYoungGen: 223840K->6187K(231424K)] 391887K->174234K(532992K), 0.0054910 secs] [Times: user=0.03 sys=0.00, real=0.00 secs] 
243.423: [GC [PSYoungGen: 228395K->3918K(231936K)] 398675K->174199K(533504K), 0.0045390 secs] [Times: user=0.02 sys=0.01, real=0.01 secs] 
245.502: [GC [PSYoungGen: 227105K->6258K(232448K)] 397386K->176538K(534016K), 0.0032950 secs] [Times: user=0.03 sys=0.00, real=0.00 secs] 
247.623: [GC [PSYoungGen: 229408K->6353K(232960K)] 399689K->176698K(534528K), 0.0045970 secs] [Times: user=0.03 sys=0.00, real=0.01 secs] 
249.764: [GC [PSYoungGen: 230077K->5449K(233472K)] 400826K->176214K(535040K), 0.0062590 secs] [Times: user=0.03 sys=0.00, real=0.01 secs] 
251.944: [GC [PSYoungGen: 229193K->2465K(233984K)] 406712K->180016K(535552K), 0.0047100 secs] [Times: user=0.02 sys=0.00, real=0.01 secs] 
254.072: [GC [PSYoungGen: 227233K->2892K(233984K)] 410914K->186581K(535552K), 0.0047400 secs] [Times: user=0.03 sys=0.00, real=0.00 secs] 
256.191: [GC [PSYoungGen: 227633K->6639K(234496K)] 411321K->190336K(536064K), 0.0053500 secs] [Times: user=0.04 sys=0.00, real=0.00 secs] 
258.334: [GC [PSYoungGen: 231919K->5796K(235008K)] 416560K->190453K(536576K), 0.0047430 secs] [Times: user=0.03 sys=0.00, real=0.00 secs] 
260.511: [GC [PSYoungGen: 231076K->2195K(236032K)] 422295K->193423K(537600K), 0.0052620 secs] [Times: user=0.03 sys=0.00, real=0.00 secs] 
262.630: [GC [PSYoungGen: 228499K->4734K(236032K)] 421640K->197882K(537600K), 0.0050900 secs] [Times: user=0.03 sys=0.00, real=0.00 secs] 
264.850: [GC [PSYoungGen: 231038K->2465K(236544K)] 430772K->202208K(538112K), 0.0047470 secs] [Times: user=0.02 sys=0.01, real=0.00 secs] 
266.963: [GC [PSYoungGen: 229677K->5958K(236544K)] 429420K->205757K(538112K), 0.0034550 secs] [Times: user=0.03 sys=0.00, real=0.00 secs] 
269.094: [GC [PSYoungGen: 233237K->6543K(237568K)] 433036K->206398K(539136K), 0.0030480 secs] [Times: user=0.03 sys=0.00, real=0.00 secs] 
271.249: [GC [PSYoungGen: 234891K->5853K(237568K)] 434945K->205931K(539136K), 0.0031430 secs] [Times: user=0.02 sys=0.01, real=0.00 secs] 
273.442: [GC [PSYoungGen: 234205K->1997K(237568K)] 442456K->210668K(539136K), 0.0056740 secs] [Times: user=0.02 sys=0.01, real=0.01 secs] 
275.589: [GC [PSYoungGen: 230347K->5060K(238080K)] 439826K->214556K(539648K), 0.0045270 secs] [Times: user=0.03 sys=0.01, real=0.00 secs] 
277.824: [GC [PSYoungGen: 233412K->2876K(238592K)] 448105K->217585K(540160K), 0.0041330 secs] [Times: user=0.03 sys=0.00, real=0.01 secs] 
280.059: [GC [PSYoungGen: 232244K->5798K(238592K)] 446953K->220515K(540160K), 0.0051030 secs] [Times: user=0.03 sys=0.01, real=0.00 secs] 
282.290: [GC [PSYoungGen: 235149K->5885K(239616K)] 450128K->220873K(541184K), 0.0049250 secs] [Times: user=0.03 sys=0.01, real=0.00 secs] 
284.590: [GC [PSYoungGen: 236285K->2568K(239616K)] 458312K->224618K(541184K), 0.0043800 secs] [Times: user=0.01 sys=0.01, real=0.00 secs] 
286.774: [GC [PSYoungGen: 232901K->5625K(240640K)] 454951K->227699K(542208K), 0.0048890 secs] [Times: user=0.00 sys=0.03, real=0.00 secs] 
288.987: [GC [PSYoungGen: 237020K->5981K(240640K)] 459229K->228206K(542208K), 0.0045100 secs] [Times: user=0.03 sys=0.00, real=0.01 secs] 
291.175: [GC [PSYoungGen: 237405K->2940K(241664K)] 464164K->229731K(543232K), 0.0042830 secs] [Times: user=0.03 sys=0.00, real=0.01 secs] 
293.394: [GC [PSYoungGen: 235388K->2346K(241664K)] 468759K->235765K(543232K), 0.0039600 secs] [Times: user=0.03 sys=0.01, real=0.00 secs] 
295.594: [GC [PSYoungGen: 234740K->5821K(242688K)] 468428K->239533K(544256K), 0.0033910 secs] [Times: user=0.00 sys=0.03, real=0.00 secs] 
297.846: [GC [PSYoungGen: 239293K->2504K(242688K)] 479671K->242897K(544256K), 0.0043330 secs] [Times: user=0.02 sys=0.00, real=0.01 secs] 
300.031: [GC [PSYoungGen: 235920K->5949K(243712K)] 476313K->246351K(545280K), 0.0052930 secs] [Times: user=0.03 sys=0.00, real=0.00 secs] 
302.236: [GC [PSYoungGen: 240393K->6360K(243712K)] 480930K->246905K(545280K), 0.0038390 secs] [Times: user=0.02 sys=0.01, real=0.01 secs] 
304.518: [GC [PSYoungGen: 240856K->3139K(244736K)] 485088K->247379K(546304K), 0.0047170 secs] [Times: user=0.03 sys=0.01, real=0.01 secs] 
306.800: [GC [PSYoungGen: 238659K->3539K(244736K)] 485959K->250847K(546304K), 0.0061980 secs] [Times: user=0.02 sys=0.01, real=0.00 secs] 
309.106: [GC [PSYoungGen: 239010K->5862K(245760K)] 486723K->253583K(547328K), 0.0052180 secs] [Times: user=0.01 sys=0.04, real=0.01 secs] 
311.433: [GC [PSYoungGen: 242406K->2552K(245760K)] 494884K->255117K(547328K), 0.0047600 secs] [Times: user=0.03 sys=0.00, real=0.00 secs] 
313.651: [GC [PSYoungGen: 239009K->6550K(246784K)] 491574K->259266K(548352K), 0.0051600 secs] [Times: user=0.03 sys=0.01, real=0.00 secs] 
315.932: [GC [PSYoungGen: 244001K->5115K(246784K)] 497391K->258513K(548352K), 0.0050850 secs] [Times: user=0.03 sys=0.00, real=0.00 secs] 
318.203: [GC [PSYoungGen: 242683K->4019K(246784K)] 499337K->260680K(548352K), 0.0032880 secs] [Times: user=0.03 sys=0.00, real=0.00 secs] 
320.496: [GC [PSYoungGen: 242580K->5625K(247296K)] 499646K->262698K(548864K), 0.0030500 secs] [Times: user=0.03 sys=0.00, real=0.00 secs] 
322.893: [GC [PSYoungGen: 244217K->4718K(247296K)] 504407K->264924K(548864K), 0.0048030 secs] [Times: user=0.02 sys=0.00, real=0.00 secs] 
325.180: [GC [PSYoungGen: 244241K->5821K(247808K)] 504717K->266337K(549376K), 0.0050230 secs] [Times: user=0.03 sys=0.01, real=0.00 secs] 
327.460: [GC [PSYoungGen: 245437K->2465K(249344K)] 510105K->267149K(550912K), 0.0058060 secs] [Times: user=0.03 sys=0.00, real=0.00 secs] 
329.694: [GC [PSYoungGen: 243045K->5734K(249344K)] 507864K->270577K(550912K), 0.0047890 secs] [Times: user=0.03 sys=0.00, real=0.00 secs] 
332.037: [GC [PSYoungGen: 246374K->2093K(250368K)] 516524K->272282K(551936K), 0.0045950 secs] [Times: user=0.03 sys=0.00, real=0.01 secs] 
334.326: [GC [PSYoungGen: 243711K->5924K(250368K)] 514035K->276256K(551936K), 0.0045860 secs] [Times: user=0.03 sys=0.00, real=0.01 secs] 
336.645: [GC [PSYoungGen: 247588K->3797K(251392K)] 520272K->276489K(552960K), 0.0051090 secs] [Times: user=0.03 sys=0.00, real=0.01 secs] 
339.005: [GC [PSYoungGen: 246446K->5076K(251392K)] 519273K->277943K(552960K), 0.0037360 secs] [Times: user=0.03 sys=0.00, real=0.01 secs] 
341.404: [GC [PSYoungGen: 247764K->3244K(251904K)] 524028K->279532K(553472K), 0.0058650 secs] [Times: user=0.04 sys=0.00, real=0.01 secs] 
343.662: [GC [PSYoungGen: 246856K->6321K(251904K)] 523143K->282633K(553472K), 0.0059480 secs] [Times: user=0.02 sys=0.01, real=0.01 secs] 
345.949: [GC [PSYoungGen: 249930K->6498K(253440K)] 526241K->282817K(555008K), 0.0037970 secs] [Times: user=0.00 sys=0.05, real=0.00 secs] 
348.262: [GC [PSYoungGen: 251152K->6954K(253440K)] 527472K->283290K(555008K), 0.0035580 secs] [Times: user=0.03 sys=0.01, real=0.00 secs] 
350.566: [GC [PSYoungGen: 251535K->6954K(254464K)] 527871K->283306K(556032K), 0.0046530 secs] [Times: user=0.03 sys=0.01, real=0.01 secs] 
352.852: [GC [PSYoungGen: 252068K->6344K(254976K)] 528554K->282919K(556544K), 0.0072630 secs] [Times: user=0.02 sys=0.01, real=0.01 secs] 
355.207: [GC [PSYoungGen: 251592K->2876K(256000K)] 533665K->284965K(557568K), 0.0043530 secs] [Times: user=0.03 sys=0.00, real=0.00 secs] 
357.567: [GC [PSYoungGen: 249037K->7313K(256000K)] 531126K->289426K(557568K), 0.0050240 secs] [Times: user=0.02 sys=0.00, real=0.01 secs] 
359.932: [GC [PSYoungGen: 253443K->5952K(256512K)] 535556K->288081K(558080K), 0.0036940 secs] [Times: user=0.03 sys=0.00, real=0.00 secs] 
362.257: [GC [PSYoungGen: 253174K->6155K(257024K)] 535842K->288879K(558592K), 0.0049280 secs] [Times: user=0.03 sys=0.00, real=0.01 secs] 
364.587: [GC [PSYoungGen: 253451K->3036K(258048K)] 541096K->290690K(559616K), 0.0056020 secs] [Times: user=0.03 sys=0.01, real=0.00 secs] 
366.968: [GC [PSYoungGen: 251142K->6299K(258048K)] 538795K->293976K(559616K), 0.0052630 secs] [Times: user=0.04 sys=0.00, real=0.00 secs] 
369.386: [GC [PSYoungGen: 254418K->7137K(259072K)] 542096K->294831K(560640K), 0.0041340 secs] [Times: user=0.03 sys=0.01, real=0.01 secs] 
371.854: [GC [PSYoungGen: 256465K->6376K(259072K)] 544698K->294633K(560640K), 0.0059010 secs] [Times: user=0.03 sys=0.01, real=0.01 secs] 
374.219: [GC [PSYoungGen: 255720K->3870K(260096K)] 546053K->294211K(561664K), 0.0049970 secs] [Times: user=0.03 sys=0.01, real=0.01 secs] 
376.577: [GC [PSYoungGen: 254131K->6668K(260096K)] 544606K->297184K(561664K), 0.0047570 secs] [Times: user=0.03 sys=0.01, real=0.01 secs] 
378.960: [GC [PSYoungGen: 257036K->4117K(261120K)] 548832K->296349K(562688K), 0.0042840 secs] [Times: user=0.03 sys=0.01, real=0.00 secs] 
381.372: [GC [PSYoungGen: 255509K->3980K(261120K)] 551689K->300168K(562688K), 0.0048270 secs] [Times: user=0.03 sys=0.00, real=0.00 secs] 
383.710: [GC [PSYoungGen: 255179K->6219K(261120K)] 551368K->302415K(562688K), 0.0045120 secs] [Times: user=0.03 sys=0.00, real=0.00 secs] 
386.067: [GC [PSYoungGen: 258432K->6566K(261632K)] 554628K->302770K(563200K), 0.0054710 secs] [Times: user=0.02 sys=0.01, real=0.00 secs] 
388.475: [GC [PSYoungGen: 258746K->6582K(263168K)] 554950K->302794K(564736K), 0.0033410 secs] [Times: user=0.04 sys=0.00, real=0.00 secs] 
390.850: [GC [PSYoungGen: 259820K->6566K(263168K)] 556032K->302818K(564736K), 0.0051060 secs] [Times: user=0.02 sys=0.00, real=0.00 secs] 
393.265: [GC [PSYoungGen: 259740K->5577K(263168K)] 555993K->302044K(564736K), 0.0043750 secs] [Times: user=0.02 sys=0.01, real=0.01 secs] 
395.639: [GC [PSYoungGen: 259949K->5956K(263680K)] 556416K->302439K(565248K), 0.0051640 secs] [Times: user=0.03 sys=0.00, real=0.00 secs] 
397.986: [GC [PSYoungGen: 260401K->5949K(263680K)] 556884K->302456K(565248K), 0.0053140 secs] [Times: user=0.04 sys=0.00, real=0.01 secs] 
400.405: [GC [PSYoungGen: 261426K->5561K(264192K)] 557933K->302100K(565760K), 0.0049600 secs] [Times: user=0.03 sys=0.00, real=0.01 secs] 
402.907: [GC [PSYoungGen: 260963K->6168K(264192K)] 557637K->302850K(565760K), 0.0050620 secs] [Times: user=0.04 sys=0.00, real=0.01 secs] 
405.447: [Full GC [PSYoungGen: 262677K->0K(264192K)] [ParOldGen: 304530K->133378K(366592K)] 567208K->133378K(630784K) [PSPermGen: 5292K->5292K(21504K)], 0.0284350 secs] [Times: user=0.10 sys=0.00, real=0.02 secs] 
407.901: [GC [PSYoungGen: 256471K->6209K(264704K)] 389985K->139723K(631296K), 0.0053980 secs] [Times: user=0.04 sys=0.00, real=0.00 secs] 
410.384: [GC [PSYoungGen: 262721K->1663K(265216K)] 402608K->141550K(631808K), 0.0031950 secs] [Times: user=0.02 sys=0.01, real=0.01 secs] 
412.907: [GC [PSYoungGen: 258687K->1949K(265728K)] 402997K->146259K(632320K), 0.0051720 secs] [Times: user=0.02 sys=0.01, real=0.01 secs] 
415.387: [GC [PSYoungGen: 258973K->2211K(267264K)] 409638K->152877K(633856K), 0.0029150 secs] [Times: user=0.02 sys=0.00, real=0.00 secs] 
417.840: [GC [PSYoungGen: 260249K->6020K(267264K)] 410915K->156685K(633856K), 0.0051000 secs] [Times: user=0.03 sys=0.00, real=0.00 secs] 
Heap
 PSYoungGen      total 267264K, used 214439K [0x00000000d8b00000, 0x00000000e9a00000, 0x0000000100000000)
  eden space 258048K, 80% used [0x00000000d8b00000,0x00000000e5688bb8,0x00000000e8700000)
  from space 9216K, 65% used [0x00000000e8700000,0x00000000e8ce1180,0x00000000e9000000)
  to   space 9216K, 0% used [0x00000000e9100000,0x00000000e9100000,0x00000000e9a00000)
 ParOldGen       total 366592K, used 150665K [0x000000008a200000, 0x00000000a0800000, 0x00000000d8b00000)
  object space 366592K, 41% used [0x000000008a200000,0x0000000093522560,0x00000000a0800000)
 PSPermGen       total 21504K, used 12245K [0x0000000085000000, 0x0000000086500000, 0x000000008a200000)
  object space 21504K, 56% used [0x0000000085000000,0x0000000085bf55e8,0x0000000086500000)
