53.182: [GC [PSYoungGen: 10579K->3666K(35840K)] 10579K->3674K(116224K), 0.0077900 secs] [Times: user=0.06 sys=0.00, real=0.01 secs] 
53.189: [Full GC [PSYoungGen: 3666K->0K(35840K)] [ParOldGen: 8K->3139K(80384K)] 3674K->3139K(116224K) [PSPermGen: 5166K->5165K(21504K)], 0.0238170 secs] [Times: user=0.13 sys=0.00, real=0.03 secs] 
53.214: [GC [PSYoungGen: 0K->0K(35840K)] 3139K->3139K(116224K), 0.0042950 secs] [Times: user=0.01 sys=0.02, real=0.00 secs] 
53.218: [Full GC [PSYoungGen: 0K->0K(35840K)] [ParOldGen: 3139K->3139K(80384K)] 3139K->3139K(116224K) [PSPermGen: 5165K->5165K(21504K)], 0.0129490 secs] [Times: user=0.06 sys=0.00, real=0.01 secs] 
53.321: [GC [PSYoungGen: 28987K->4544K(35840K)] 32126K->29893K(116224K), 0.0139780 secs] [Times: user=0.22 sys=0.04, real=0.02 secs] 
53.342: [GC [PSYoungGen: 35610K->4576K(67072K)] 60959K->60901K(147456K), 0.0209900 secs] [Times: user=0.28 sys=0.15, real=0.02 secs] 
53.363: [Full GC [PSYoungGen: 4576K->0K(67072K)] [ParOldGen: 56325K->59435K(138752K)] 60901K->59435K(205824K) [PSPermGen: 5187K->5187K(21504K)], 0.0357070 secs] [Times: user=0.42 sys=0.00, real=0.04 secs] 
53.459: [GC [PSYoungGen: 62060K->3472K(67072K)] 121495K->121388K(205824K), 0.0403770 secs] [Times: user=0.45 sys=0.40, real=0.04 secs] 
53.500: [Full GC [PSYoungGen: 3472K->0K(67072K)] [ParOldGen: 117916K->121355K(241664K)] 121388K->121355K(308736K) [PSPermGen: 5187K->5187K(21504K)], 0.0281480 secs] [Times: user=0.24 sys=0.01, real=0.03 secs] 
54.170: [GC [PSYoungGen: 62413K->4593K(103936K)] 184103K->147421K(345600K), 0.0211900 secs] [Times: user=0.28 sys=0.12, real=0.02 secs] 
55.212: [GC [PSYoungGen: 103921K->1080K(108032K)] 255739K->152898K(349696K), 0.0052830 secs] [Times: user=0.03 sys=0.00, real=0.01 secs] 
56.199: [GC [PSYoungGen: 104464K->5702K(180224K)] 256416K->157655K(421888K), 0.0046350 secs] [Times: user=0.03 sys=0.00, real=0.00 secs] 
57.578: [GC [PSYoungGen: 155718K->3806K(183296K)] 309856K->157944K(424960K), 0.0035090 secs] [Times: user=0.02 sys=0.01, real=0.00 secs] 
59.082: [GC [PSYoungGen: 153822K->2305K(218624K)] 313404K->161887K(460288K), 0.0048400 secs] [Times: user=0.03 sys=0.00, real=0.01 secs] 
60.941: [GC [PSYoungGen: 200449K->6668K(228864K)] 360031K->166251K(470528K), 0.0042060 secs] [Times: user=0.05 sys=0.00, real=0.00 secs] 
62.766: [GC [PSYoungGen: 204651K->6883K(245760K)] 364233K->166465K(487424K), 0.0257780 secs] [Times: user=0.51 sys=0.00, real=0.02 secs] 
64.908: [GC [PSYoungGen: 231543K->5586K(251904K)] 391125K->165168K(493568K), 0.0039520 secs] [Times: user=0.04 sys=0.00, real=0.00 secs] 
67.070: [GC [PSYoungGen: 230242K->5355K(262144K)] 390094K->165207K(503808K), 0.0047020 secs] [Times: user=0.03 sys=0.00, real=0.01 secs] 
69.492: [GC [PSYoungGen: 249067K->3251K(268288K)] 413523K->167706K(509952K), 0.0048130 secs] [Times: user=0.00 sys=0.03, real=0.01 secs] 
71.732: [GC [PSYoungGen: 246815K->6646K(273408K)] 411270K->171101K(515072K), 0.0049870 secs] [Times: user=0.01 sys=0.02, real=0.01 secs] 
74.142: [GC [PSYoungGen: 263052K->5901K(278528K)] 427507K->170356K(520192K), 0.0047480 secs] [Times: user=0.03 sys=0.00, real=0.01 secs] 
76.625: [GC [PSYoungGen: 262408K->5809K(285184K)] 427261K->170662K(526848K), 0.0339040 secs] [Times: user=0.15 sys=0.02, real=0.03 secs] 
79.219: [GC [PSYoungGen: 273073K->3107K(286720K)] 443188K->173221K(528384K), 0.0032370 secs] [Times: user=0.03 sys=0.00, real=0.00 secs] 
81.659: [GC [PSYoungGen: 270351K->6456K(287744K)] 440466K->176571K(529408K), 0.0036290 secs] [Times: user=0.03 sys=0.01, real=0.00 secs] 
84.159: [GC [PSYoungGen: 278288K->5730K(289792K)] 448403K->175941K(531456K), 0.0043190 secs] [Times: user=0.02 sys=0.02, real=0.00 secs] 
86.677: [GC [PSYoungGen: 277441K->5956K(288768K)] 447921K->176444K(530432K), 0.0035690 secs] [Times: user=0.02 sys=0.00, real=0.00 secs] 
89.185: [GC [PSYoungGen: 280900K->4192K(290816K)] 453836K->177208K(532480K), 0.0046710 secs] [Times: user=0.03 sys=0.00, real=0.00 secs] 
91.794: [GC [PSYoungGen: 279136K->2218K(292864K)] 459205K->182359K(534528K), 0.0046850 secs] [Times: user=0.02 sys=0.00, real=0.00 secs] 
94.379: [GC [PSYoungGen: 279683K->6369K(292864K)] 459824K->186653K(534528K), 0.0053170 secs] [Times: user=0.03 sys=0.00, real=0.00 secs] 
97.016: [GC [PSYoungGen: 283868K->6264K(292864K)] 464152K->186699K(534528K), 0.0050890 secs] [Times: user=0.02 sys=0.02, real=0.00 secs] 
99.693: [GC [PSYoungGen: 285690K->6312K(274944K)] 466125K->186755K(516608K), 0.0060900 secs] [Times: user=0.03 sys=0.00, real=0.00 secs] 
102.200: [GC [PSYoungGen: 274518K->6328K(264192K)] 454961K->186787K(505856K), 0.0053350 secs] [Times: user=0.02 sys=0.02, real=0.01 secs] 
104.627: [GC [PSYoungGen: 263720K->5568K(252928K)] 444178K->186050K(494592K), 0.0053490 secs] [Times: user=0.03 sys=0.00, real=0.00 secs] 
106.912: [GC [PSYoungGen: 252754K->5860K(243712K)] 433372K->186525K(485376K), 0.0043030 secs] [Times: user=0.02 sys=0.01, real=0.01 secs] 
109.155: [GC [PSYoungGen: 243428K->784K(229376K)] 430998K->188369K(471040K), 0.0057070 secs] [Times: user=0.03 sys=0.00, real=0.00 secs] 
111.244: [GC [PSYoungGen: 229011K->4617K(224768K)] 417001K->192639K(466432K), 0.0051970 secs] [Times: user=0.02 sys=0.01, real=0.01 secs] 
113.292: [GC [PSYoungGen: 224265K->2789K(214016K)] 417411K->195951K(455680K), 0.0052190 secs] [Times: user=0.02 sys=0.01, real=0.01 secs] 
115.195: [GC [PSYoungGen: 213698K->6406K(209408K)] 407059K->199823K(451072K), 0.0052290 secs] [Times: user=0.03 sys=0.00, real=0.00 secs] 
117.135: [GC [PSYoungGen: 209158K->2600K(198144K)] 408009K->201467K(439808K), 0.0055280 secs] [Times: user=0.03 sys=0.00, real=0.00 secs] 
118.970: [GC [PSYoungGen: 197672K->3440K(191488K)] 400162K->205955K(433152K), 0.0043050 secs] [Times: user=0.03 sys=0.00, real=0.01 secs] 
120.749: [GC [PSYoungGen: 191344K->1403K(182272K)] 401302K->211368K(423936K), 0.0037030 secs] [Times: user=0.03 sys=0.00, real=0.01 secs] 
122.371: [GC [PSYoungGen: 182040K->6033K(180224K)] 392545K->216562K(421888K), 0.0054230 secs] [Times: user=0.03 sys=0.00, real=0.01 secs] 
124.091: [GC [PSYoungGen: 180113K->3052K(171008K)] 396733K->219679K(412672K), 0.0052620 secs] [Times: user=0.03 sys=0.00, real=0.01 secs] 
125.717: [GC [PSYoungGen: 170988K->6383K(168448K)] 388186K->223589K(410112K), 0.0046410 secs] [Times: user=0.03 sys=0.00, real=0.00 secs] 
127.240: [GC [PSYoungGen: 168149K->6203K(162816K)] 385354K->223416K(404480K), 0.0063130 secs] [Times: user=0.03 sys=0.00, real=0.01 secs] 
128.745: [GC [PSYoungGen: 162361K->5728K(156672K)] 379782K->223156K(398336K), 0.0058560 secs] [Times: user=0.03 sys=0.00, real=0.01 secs] 
130.189: [GC [PSYoungGen: 156256K->5812K(151552K)] 374656K->224220K(393216K), 0.0037610 secs] [Times: user=0.02 sys=0.00, real=0.01 secs] 
131.585: [GC [PSYoungGen: 151220K->3370K(143872K)] 373685K->225843K(385536K), 0.0051770 secs] [Times: user=0.02 sys=0.01, real=0.01 secs] 
132.879: [GC [PSYoungGen: 143655K->6305K(142336K)] 366128K->228819K(384000K), 0.0062300 secs] [Times: user=0.03 sys=0.00, real=0.01 secs] 
134.141: [GC [PSYoungGen: 141967K->6360K(137728K)] 364615K->229048K(379392K), 0.0046380 secs] [Times: user=0.03 sys=0.01, real=0.01 secs] 
135.352: [GC [PSYoungGen: 137432K->5417K(132608K)] 360878K->228870K(374272K), 0.0067640 secs] [Times: user=0.03 sys=0.01, real=0.01 secs] 
136.582: [GC [PSYoungGen: 132354K->5862K(129024K)] 355807K->229356K(370688K), 0.0036910 secs] [Times: user=0.03 sys=0.01, real=0.01 secs] 
137.744: [GC [PSYoungGen: 128646K->5805K(124928K)] 352409K->229807K(366592K), 0.0059800 secs] [Times: user=0.03 sys=0.00, real=0.01 secs] 
138.901: [GC [PSYoungGen: 124589K->2369K(117760K)] 355218K->233022K(359424K), 0.0049480 secs] [Times: user=0.03 sys=0.01, real=0.01 secs] 
139.991: [GC [PSYoungGen: 117569K->3194K(115200K)] 353102K->238743K(356864K), 0.0045310 secs] [Times: user=0.02 sys=0.01, real=0.01 secs] 
141.024: [GC [PSYoungGen: 114803K->5988K(114176K)] 350352K->241553K(355840K), 0.0044420 secs] [Times: user=0.03 sys=0.00, real=0.01 secs] 
142.011: [GC [PSYoungGen: 114009K->5570K(110592K)] 349574K->241175K(352256K), 0.0053800 secs] [Times: user=0.03 sys=0.00, real=0.01 secs] 
142.955: [GC [PSYoungGen: 110459K->5808K(108032K)] 346064K->241437K(349696K), 0.0058040 secs] [Times: user=0.03 sys=0.00, real=0.00 secs] 
143.887: [GC [PSYoungGen: 107661K->6367K(105472K)] 343425K->242163K(347136K), 0.0062570 secs] [Times: user=0.03 sys=0.01, real=0.01 secs] 
144.886: [Full GC [PSYoungGen: 105183K->0K(105472K)] [ParOldGen: 243707K->133919K(225280K)] 348890K->133919K(330752K) [PSPermGen: 5257K->5257K(21504K)], 0.0248070 secs] [Times: user=0.07 sys=0.02, real=0.02 secs] 
145.821: [GC [PSYoungGen: 98801K->5873K(105984K)] 232720K->139792K(331264K), 0.0047470 secs] [Times: user=0.02 sys=0.01, real=0.01 secs] 
146.741: [GC [PSYoungGen: 105580K->6168K(107520K)] 239499K->140087K(332800K), 0.0050500 secs] [Times: user=0.03 sys=0.00, real=0.01 secs] 
147.688: [GC [PSYoungGen: 106952K->6017K(108032K)] 240871K->139936K(333312K), 0.0046490 secs] [Times: user=0.02 sys=0.01, real=0.01 secs] 
148.630: [GC [PSYoungGen: 107781K->5289K(108544K)] 242509K->140016K(333824K), 0.0042180 secs] [Times: user=0.02 sys=0.01, real=0.01 secs] 
149.631: [GC [PSYoungGen: 108201K->2051K(106496K)] 247654K->141504K(331776K), 0.0051580 secs] [Times: user=0.03 sys=0.00, real=0.01 secs] 
150.565: [GC [PSYoungGen: 105756K->5686K(111104K)] 245209K->145139K(336384K), 0.0033780 secs] [Times: user=0.02 sys=0.00, real=0.01 secs] 
151.502: [GC [PSYoungGen: 110610K->5693K(112128K)] 250063K->145146K(337408K), 0.0043240 secs] [Times: user=0.03 sys=0.00, real=0.01 secs] 
152.475: [GC [PSYoungGen: 111519K->6271K(113664K)] 250972K->145724K(338944K), 0.0063560 secs] [Times: user=0.02 sys=0.01, real=0.00 secs] 
153.453: [GC [PSYoungGen: 113271K->5106K(113152K)] 252724K->145772K(338432K), 0.0048260 secs] [Times: user=0.03 sys=0.00, real=0.01 secs] 
154.472: [GC [PSYoungGen: 113056K->6017K(115200K)] 253991K->146953K(340480K), 0.0055300 secs] [Times: user=0.02 sys=0.01, real=0.01 secs] 
155.550: [GC [PSYoungGen: 115073K->3938K(114176K)] 259148K->148013K(339456K), 0.0036100 secs] [Times: user=0.03 sys=0.00, real=0.01 secs] 
156.724: [GC [PSYoungGen: 114018K->1028K(112640K)] 267067K->154077K(337920K), 0.0053700 secs] [Times: user=0.03 sys=0.00, real=0.01 secs] 
157.873: [GC [PSYoungGen: 112132K->1631K(119808K)] 271839K->161338K(345088K), 0.0048240 secs] [Times: user=0.03 sys=0.00, real=0.00 secs] 
159.062: [GC [PSYoungGen: 113759K->2472K(121344K)] 280626K->169338K(346624K), 0.0044530 secs] [Times: user=0.02 sys=0.00, real=0.01 secs] 
160.192: [GC [PSYoungGen: 114600K->1679K(121856K)] 288228K->175307K(347136K), 0.0043140 secs] [Times: user=0.03 sys=0.00, real=0.01 secs] 
161.266: [GC [PSYoungGen: 114704K->6810K(121856K)] 288601K->180874K(347136K), 0.0049800 secs] [Times: user=0.03 sys=0.00, real=0.00 secs] 
162.452: [GC [PSYoungGen: 119961K->1220K(122880K)] 302271K->183554K(348160K), 0.0031980 secs] [Times: user=0.03 sys=0.00, real=0.01 secs] 
163.574: [GC [PSYoungGen: 114884K->1560K(123392K)] 306602K->193287K(348672K), 0.0044050 secs] [Times: user=0.02 sys=0.01, real=0.00 secs] 
164.650: [GC [PSYoungGen: 115224K->3607K(122880K)] 310105K->198496K(348160K), 0.0043840 secs] [Times: user=0.02 sys=0.00, real=0.01 secs] 
165.738: [GC [PSYoungGen: 118283K->6607K(123392K)] 313171K->201503K(348672K), 0.0052140 secs] [Times: user=0.04 sys=0.00, real=0.00 secs] 
166.783: [GC [PSYoungGen: 121244K->6020K(124416K)] 316410K->201194K(349696K), 0.0047180 secs] [Times: user=0.03 sys=0.00, real=0.01 secs] 
167.903: [GC [PSYoungGen: 121220K->4820K(124928K)] 320313K->203921K(350208K), 0.0034570 secs] [Times: user=0.02 sys=0.01, real=0.01 secs] 
168.964: [GC [PSYoungGen: 119936K->6591K(124928K)] 319037K->205700K(350208K), 0.0046730 secs] [Times: user=0.02 sys=0.00, real=0.01 secs] 
170.004: [GC [PSYoungGen: 122261K->6520K(125440K)] 321370K->205637K(350720K), 0.0038040 secs] [Times: user=0.03 sys=0.00, real=0.01 secs] 
171.087: [GC [PSYoungGen: 122069K->6559K(126976K)] 321186K->205740K(352256K), 0.0057720 secs] [Times: user=0.03 sys=0.00, real=0.00 secs] 
172.202: [GC [PSYoungGen: 123266K->6559K(126976K)] 322447K->205756K(352256K), 0.0041220 secs] [Times: user=0.02 sys=0.00, real=0.01 secs] 
173.364: [GC [PSYoungGen: 123149K->6164K(128000K)] 322346K->205369K(353280K), 0.0042990 secs] [Times: user=0.03 sys=0.01, real=0.01 secs] 
174.440: [GC [PSYoungGen: 123870K->6392K(128000K)] 323274K->205828K(353280K), 0.0043680 secs] [Times: user=0.03 sys=0.01, real=0.00 secs] 
175.595: [GC [PSYoungGen: 124152K->1862K(129024K)] 330548K->208282K(354304K), 0.0044050 secs] [Times: user=0.03 sys=0.00, real=0.00 secs] 
177.173: [GC [PSYoungGen: 120646K->1506K(129024K)] 332936K->213836K(354304K), 0.0052440 secs] [Times: user=0.02 sys=0.00, real=0.00 secs] 
178.276: [GC [PSYoungGen: 120290K->5616K(130048K)] 333270K->219017K(355328K), 0.0028480 secs] [Times: user=0.02 sys=0.00, real=0.00 secs] 
179.330: [GC [PSYoungGen: 125404K->6248K(130048K)] 338805K->219657K(355328K), 0.0048630 secs] [Times: user=0.03 sys=0.00, real=0.01 secs] 
180.496: [GC [PSYoungGen: 125925K->4878K(130048K)] 340547K->219540K(355328K), 0.0048140 secs] [Times: user=0.02 sys=0.02, real=0.00 secs] 
181.623: [GC [PSYoungGen: 125710K->2061K(130560K)] 346967K->223326K(355840K), 0.0043330 secs] [Times: user=0.03 sys=0.01, real=0.01 secs] 
182.765: [Full GC [PSYoungGen: 122893K->0K(130560K)] [ParOldGen: 227994K->134074K(275968K)] 350887K->134074K(406528K) [PSPermGen: 5282K->5282K(21504K)], 0.0147190 secs] [Times: user=0.06 sys=0.00, real=0.01 secs] 
183.895: [GC [PSYoungGen: 120827K->6145K(131584K)] 254901K->140219K(407552K), 0.0043710 secs] [Times: user=0.02 sys=0.00, real=0.00 secs] 
185.065: [GC [PSYoungGen: 127932K->5828K(131584K)] 262275K->140172K(407552K), 0.0048190 secs] [Times: user=0.04 sys=0.01, real=0.01 secs] 
186.244: [GC [PSYoungGen: 127679K->1496K(132608K)] 270133K->143950K(408576K), 0.0056010 secs] [Times: user=0.02 sys=0.01, real=0.01 secs] 
187.375: [GC [PSYoungGen: 124170K->6524K(132608K)] 266624K->148978K(408576K), 0.0044560 secs] [Times: user=0.02 sys=0.01, real=0.00 secs] 
188.551: [GC [PSYoungGen: 129360K->6152K(134144K)] 272218K->149010K(410112K), 0.0034200 secs] [Times: user=0.03 sys=0.00, real=0.01 secs] 
189.797: [GC [PSYoungGen: 130056K->2645K(134144K)] 280778K->153368K(410112K), 0.0048760 secs] [Times: user=0.03 sys=0.00, real=0.00 secs] 
190.936: [GC [PSYoungGen: 126549K->3874K(134144K)] 280436K->157761K(410112K), 0.0044250 secs] [Times: user=0.03 sys=0.01, real=0.00 secs] 
192.142: [GC [PSYoungGen: 128802K->2440K(134656K)] 288378K->162016K(410624K), 0.0054010 secs] [Times: user=0.03 sys=0.00, real=0.01 secs] 
193.334: [GC [PSYoungGen: 127368K->3162K(134656K)] 291326K->167120K(410624K), 0.0043960 secs] [Times: user=0.02 sys=0.00, real=0.00 secs] 
194.503: [GC [PSYoungGen: 129114K->4019K(135168K)] 297453K->172358K(411136K), 0.0042460 secs] [Times: user=0.02 sys=0.00, real=0.01 secs] 
195.659: [GC [PSYoungGen: 129884K->5593K(135680K)] 298493K->174201K(411648K), 0.0046970 secs] [Times: user=0.03 sys=0.00, real=0.00 secs] 
196.866: [GC [PSYoungGen: 132569K->2449K(135680K)] 306605K->176485K(411648K), 0.0045590 secs] [Times: user=0.03 sys=0.00, real=0.00 secs] 
198.015: [GC [PSYoungGen: 129344K->7320K(135680K)] 303381K->181356K(411648K), 0.0053020 secs] [Times: user=0.02 sys=0.01, real=0.00 secs] 
199.263: [GC [PSYoungGen: 134203K->6385K(136704K)] 308240K->180422K(412672K), 0.0051430 secs] [Times: user=0.03 sys=0.00, real=0.01 secs] 
200.441: [GC [PSYoungGen: 133339K->6479K(137728K)] 307440K->180579K(413696K), 0.0049260 secs] [Times: user=0.02 sys=0.01, real=0.01 secs] 
201.711: [GC [PSYoungGen: 134479K->2173K(137728K)] 314882K->183020K(413696K), 0.0054410 secs] [Times: user=0.03 sys=0.00, real=0.01 secs] 
202.929: [GC [PSYoungGen: 129910K->5333K(138752K)] 310757K->186204K(414720K), 0.0053970 secs] [Times: user=0.03 sys=0.00, real=0.01 secs] 
204.155: [GC [PSYoungGen: 134254K->5814K(138752K)] 315261K->186829K(414720K), 0.0031630 secs] [Times: user=0.03 sys=0.00, real=0.00 secs] 
205.435: [GC [PSYoungGen: 134838K->3322K(138752K)] 320925K->189416K(414720K), 0.0050830 secs] [Times: user=0.03 sys=0.00, real=0.00 secs] 
206.652: [GC [PSYoungGen: 133298K->5737K(139264K)] 319392K->191839K(415232K), 0.0048190 secs] [Times: user=0.03 sys=0.00, real=0.01 secs] 
207.831: [GC [PSYoungGen: 135531K->6514K(139776K)] 321634K->192656K(415744K), 0.0048380 secs] [Times: user=0.03 sys=0.00, real=0.01 secs] 
209.082: [GC [PSYoungGen: 137066K->4784K(140288K)] 323876K->191650K(416256K), 0.0056980 secs] [Times: user=0.03 sys=0.01, real=0.01 secs] 
210.290: [GC [PSYoungGen: 135344K->3386K(140800K)] 326678K->194727K(416768K), 0.0044870 secs] [Times: user=0.02 sys=0.01, real=0.01 secs] 
211.482: [GC [PSYoungGen: 134832K->6472K(140800K)] 326173K->197886K(416768K), 0.0049200 secs] [Times: user=0.02 sys=0.00, real=0.01 secs] 
212.716: [GC [PSYoungGen: 137796K->6742K(141312K)] 329210K->198179K(417280K), 0.0059160 secs] [Times: user=0.03 sys=0.01, real=0.00 secs] 
213.913: [GC [PSYoungGen: 138804K->6267K(141824K)] 330511K->197982K(417792K), 0.0045540 secs] [Times: user=0.03 sys=0.00, real=0.01 secs] 
215.170: [GC [PSYoungGen: 138363K->3653K(141824K)] 334245K->199575K(417792K), 0.0049510 secs] [Times: user=0.03 sys=0.00, real=0.01 secs] 
216.457: [GC [PSYoungGen: 136773K->5750K(142336K)] 333032K->202017K(418304K), 0.0048000 secs] [Times: user=0.02 sys=0.01, real=0.00 secs] 
217.687: [GC [PSYoungGen: 138824K->6340K(143360K)] 335091K->202615K(419328K), 0.0044040 secs] [Times: user=0.03 sys=0.00, real=0.00 secs] 
218.921: [GC [PSYoungGen: 140480K->7112K(143360K)] 336819K->203459K(419328K), 0.0048530 secs] [Times: user=0.03 sys=0.01, real=0.01 secs] 
220.271: [GC [PSYoungGen: 141256K->2696K(144896K)] 341811K->203275K(420864K), 0.0045050 secs] [Times: user=0.03 sys=0.00, real=0.01 secs] 
221.491: [GC [PSYoungGen: 137861K->6148K(144896K)] 338439K->206743K(420864K), 0.0052000 secs] [Times: user=0.03 sys=0.01, real=0.01 secs] 
222.730: [GC [PSYoungGen: 141222K->7073K(145920K)] 341952K->207827K(421888K), 0.0044440 secs] [Times: user=0.03 sys=0.00, real=0.01 secs] 
224.005: [GC [PSYoungGen: 143265K->4409K(145920K)] 346461K->207613K(421888K), 0.0056620 secs] [Times: user=0.03 sys=0.01, real=0.00 secs] 
225.231: [GC [PSYoungGen: 140565K->6899K(146944K)] 343768K->210523K(422912K), 0.0042260 secs] [Times: user=0.01 sys=0.01, real=0.01 secs] 
226.540: [GC [PSYoungGen: 144031K->5230K(146944K)] 348060K->209266K(422912K), 0.0045300 secs] [Times: user=0.03 sys=0.00, real=0.00 secs] 
227.808: [GC [PSYoungGen: 142446K->3283K(147456K)] 351893K->212747K(423424K), 0.0047120 secs] [Times: user=0.03 sys=0.00, real=0.00 secs] 
229.086: [GC [PSYoungGen: 141381K->5997K(147456K)] 350844K->215549K(423424K), 0.0045540 secs] [Times: user=0.03 sys=0.00, real=0.00 secs] 
230.379: [GC [PSYoungGen: 144174K->5997K(148480K)] 353725K->215692K(424448K), 0.0039700 secs] [Times: user=0.00 sys=0.03, real=0.00 secs] 
231.673: [GC [PSYoungGen: 145133K->6707K(148480K)] 354828K->216410K(424448K), 0.0033000 secs] [Times: user=0.02 sys=0.00, real=0.00 secs] 
232.948: [GC [PSYoungGen: 145833K->6369K(149504K)] 355536K->216080K(425472K), 0.0057760 secs] [Times: user=0.03 sys=0.01, real=0.01 secs] 
234.296: [GC [PSYoungGen: 146535K->5579K(149504K)] 356246K->215362K(425472K), 0.0031090 secs] [Times: user=0.02 sys=0.01, real=0.00 secs] 
235.645: [GC [PSYoungGen: 145863K->5670K(150016K)] 355852K->215850K(425984K), 0.0031450 secs] [Times: user=0.03 sys=0.00, real=0.00 secs] 
236.973: [GC [PSYoungGen: 146982K->2979K(150016K)] 361965K->217969K(425984K), 0.0031470 secs] [Times: user=0.02 sys=0.00, real=0.01 secs] 
238.333: [GC [PSYoungGen: 144291K->2163K(150528K)] 363892K->221804K(426496K), 0.0045270 secs] [Times: user=0.02 sys=0.00, real=0.01 secs] 
239.724: [GC [PSYoungGen: 143987K->2385K(151040K)] 370089K->228494K(427008K), 0.0045020 secs] [Times: user=0.03 sys=0.00, real=0.01 secs] 
241.064: [GC [PSYoungGen: 144209K->2805K(152064K)] 374274K->232886K(428032K), 0.0043920 secs] [Times: user=0.02 sys=0.01, real=0.01 secs] 
242.452: [GC [PSYoungGen: 145653K->3646K(152064K)] 378735K->236736K(428032K), 0.0032490 secs] [Times: user=0.03 sys=0.00, real=0.01 secs] 
243.805: [GC [PSYoungGen: 146494K->1339K(152576K)] 386822K->241706K(428544K), 0.0030330 secs] [Times: user=0.02 sys=0.00, real=0.01 secs] 
245.174: [GC [PSYoungGen: 145196K->6399K(152576K)] 385564K->246799K(428544K), 0.0051400 secs] [Times: user=0.03 sys=0.00, real=0.00 secs] 
246.519: [GC [PSYoungGen: 150188K->6449K(153600K)] 390588K->246865K(429568K), 0.0052940 secs] [Times: user=0.00 sys=0.04, real=0.00 secs] 
247.986: [GC [PSYoungGen: 150761K->5346K(154112K)] 391177K->245826K(430080K), 0.0049320 secs] [Times: user=0.03 sys=0.00, real=0.00 secs] 
249.358: [GC [PSYoungGen: 149610K->6353K(154112K)] 390090K->246841K(430080K), 0.0040630 secs] [Times: user=0.02 sys=0.01, real=0.00 secs] 
250.799: [GC [PSYoungGen: 151076K->5435K(154624K)] 391564K->245939K(430592K), 0.0056940 secs] [Times: user=0.03 sys=0.01, real=0.00 secs] 
252.100: [GC [PSYoungGen: 150292K->6255K(155136K)] 390860K->246831K(431104K), 0.0039210 secs] [Times: user=0.00 sys=0.03, real=0.00 secs] 
253.542: [GC [PSYoungGen: 152175K->2067K(155136K)] 397625K->247526K(431104K), 0.0041970 secs] [Times: user=0.03 sys=0.01, real=0.01 secs] 
254.921: [GC [PSYoungGen: 147987K->1195K(156672K)] 399207K->252462K(432640K), 0.0041690 secs] [Times: user=0.01 sys=0.01, real=0.01 secs] 
256.307: [GC [PSYoungGen: 148133K->5885K(156672K)] 399400K->257177K(432640K), 0.0055420 secs] [Times: user=0.03 sys=0.00, real=0.00 secs] 
257.655: [GC [PSYoungGen: 152827K->5814K(157696K)] 404388K->257399K(433664K), 0.0048260 secs] [Times: user=0.00 sys=0.03, real=0.00 secs] 
259.071: [GC [PSYoungGen: 153782K->2456K(157696K)] 409639K->258321K(433664K), 0.0052140 secs] [Times: user=0.03 sys=0.00, real=0.01 secs] 
260.456: [GC [PSYoungGen: 150424K->3717K(157696K)] 409596K->262913K(433664K), 0.0044370 secs] [Times: user=0.03 sys=0.00, real=0.00 secs] 
260.461: [GC [PSYoungGen: 3780K->3765K(158208K)] 262976K->263009K(434176K), 0.0041990 secs] [Times: user=0.01 sys=0.01, real=0.01 secs] 
261.877: [GC [PSYoungGen: 152654K->5474K(174080K)] 412167K->265178K(450048K), 0.0058210 secs] [Times: user=0.03 sys=0.01, real=0.00 secs] 
263.482: [GC [PSYoungGen: 172898K->1624K(176128K)] 440561K->269320K(452096K), 0.0029570 secs] [Times: user=0.03 sys=0.00, real=0.00 secs] 
265.086: [GC [PSYoungGen: 169048K->2077K(189952K)] 443657K->276693K(465920K), 0.0029200 secs] [Times: user=0.02 sys=0.01, real=0.00 secs] 
266.898: [GC [PSYoungGen: 185373K->1910K(192000K)] 467766K->284303K(474624K), 0.0043720 secs] [Times: user=0.02 sys=0.00, real=0.00 secs] 
268.640: [GC [PSYoungGen: 184955K->6616K(202752K)] 467349K->289009K(485376K), 0.0044740 secs] [Times: user=0.05 sys=0.00, real=0.00 secs] 
270.522: [GC [PSYoungGen: 202062K->5968K(204800K)] 484455K->288361K(487424K), 0.0047040 secs] [Times: user=0.05 sys=0.01, real=0.01 secs] 
272.322: [GC [PSYoungGen: 201528K->6497K(212992K)] 483921K->288899K(495616K), 0.0066210 secs] [Times: user=0.08 sys=0.02, real=0.01 secs] 
274.270: [GC [PSYoungGen: 211201K->5246K(214528K)] 493602K->287663K(497152K), 0.0047940 secs] [Times: user=0.04 sys=0.01, real=0.01 secs] 
276.227: [GC [PSYoungGen: 210002K->6353K(219136K)] 492682K->289049K(502272K), 0.0071460 secs] [Times: user=0.03 sys=0.06, real=0.01 secs] 
278.285: [GC [PSYoungGen: 217297K->1236K(220672K)] 506946K->290949K(510464K), 0.0042300 secs] [Times: user=0.03 sys=0.00, real=0.00 secs] 
278.290: [Full GC [PSYoungGen: 1236K->0K(220672K)] [ParOldGen: 289712K->133134K(323584K)] 290949K->133134K(544256K) [PSPermGen: 5284K->5284K(21504K)], 0.0190020 secs] [Times: user=0.06 sys=0.01, real=0.02 secs] 
280.304: [GC [PSYoungGen: 210944K->672K(225280K)] 352924K->142652K(548864K), 0.0047630 secs] [Times: user=0.03 sys=0.01, real=0.01 secs] 
282.398: [GC [PSYoungGen: 216224K->2472K(225792K)] 362544K->148792K(549376K), 0.0037110 secs] [Times: user=0.02 sys=0.01, real=0.00 secs] 
284.397: [GC [PSYoungGen: 218020K->5926K(228864K)] 364475K->152381K(552448K), 0.0037440 secs] [Times: user=0.04 sys=0.00, real=0.00 secs] 
286.430: [GC [PSYoungGen: 225574K->3614K(229376K)] 376425K->154465K(552960K), 0.0033380 secs] [Times: user=0.02 sys=0.00, real=0.00 secs] 
288.421: [GC [PSYoungGen: 223248K->5433K(231936K)] 374567K->156752K(555520K), 0.0062710 secs] [Times: user=0.06 sys=0.00, real=0.01 secs] 
290.503: [GC [PSYoungGen: 228153K->2885K(231936K)] 385780K->160513K(555520K), 0.0044780 secs] [Times: user=0.03 sys=0.00, real=0.01 secs] 
292.667: [GC [PSYoungGen: 225605K->3020K(232448K)] 389916K->167331K(556032K), 0.0037950 secs] [Times: user=0.02 sys=0.01, real=0.00 secs] 
294.867: [GC [PSYoungGen: 227788K->3925K(233472K)] 396623K->172760K(557056K), 0.0031170 secs] [Times: user=0.03 sys=0.00, real=0.00 secs] 
297.000: [GC [PSYoungGen: 228693K->3838K(235008K)] 402789K->177934K(558592K), 0.0048270 secs] [Times: user=0.02 sys=0.01, real=0.01 secs] 
299.089: [GC [PSYoungGen: 230654K->3745K(235008K)] 407092K->180183K(558592K), 0.0047070 secs] [Times: user=0.03 sys=0.00, real=0.01 secs] 
299.095: [GC [PSYoungGen: 3775K->3809K(236544K)] 180213K->180247K(560128K), 0.0035080 secs] [Times: user=0.02 sys=0.01, real=0.00 secs] 
301.218: [GC [PSYoungGen: 232598K->6886K(236032K)] 409035K->183324K(559616K), 0.0034610 secs] [Times: user=0.03 sys=0.01, real=0.00 secs] 
303.356: [GC [PSYoungGen: 235547K->7046K(263680K)] 411984K->183484K(587264K), 0.0063760 secs] [Times: user=0.07 sys=0.00, real=0.00 secs] 
305.747: [GC [PSYoungGen: 263390K->6936K(266240K)] 439827K->183454K(589824K), 0.0063890 secs] [Times: user=0.01 sys=0.06, real=0.01 secs] 
308.196: [GC [PSYoungGen: 264389K->6671K(289280K)] 441581K->183943K(612864K), 0.0085710 secs] [Times: user=0.06 sys=0.06, real=0.00 secs] 
310.883: [GC [PSYoungGen: 288271K->2792K(291328K)] 470245K->184766K(614912K), 0.0056870 secs] [Times: user=0.06 sys=0.02, real=0.01 secs] 
313.519: [GC [PSYoungGen: 284272K->6269K(307200K)] 466516K->188513K(630784K), 0.0056260 secs] [Times: user=0.00 sys=0.05, real=0.00 secs] 
316.347: [GC [PSYoungGen: 306813K->3077K(310784K)] 496736K->193000K(634368K), 0.0047010 secs] [Times: user=0.00 sys=0.03, real=0.00 secs] 
319.212: [GC [PSYoungGen: 304133K->3276K(321024K)] 500525K->199667K(644608K), 0.0044060 secs] [Times: user=0.00 sys=0.03, real=0.01 secs] 
322.106: [GC [PSYoungGen: 318061K->5554K(324096K)] 514452K->202366K(647680K), 0.0047950 secs] [Times: user=0.02 sys=0.00, real=0.00 secs] 
324.999: [GC [PSYoungGen: 320432K->6212K(331776K)] 517442K->203262K(655360K), 0.0069200 secs] [Times: user=0.05 sys=0.04, real=0.01 secs] 
328.034: [GC [PSYoungGen: 330820K->2244K(333824K)] 535362K->206842K(657408K), 0.0042720 secs] [Times: user=0.03 sys=0.00, real=0.00 secs] 
331.070: [GC [PSYoungGen: 326852K->2292K(338432K)] 536602K->212138K(662016K), 0.0033910 secs] [Times: user=0.03 sys=0.00, real=0.01 secs] 
334.165: [GC [PSYoungGen: 333044K->3441K(339968K)] 547078K->217547K(663552K), 0.0029060 secs] [Times: user=0.03 sys=0.00, real=0.01 secs] 
337.331: [GC [PSYoungGen: 334193K->3418K(343552K)] 551911K->221303K(667136K), 0.0082010 secs] [Times: user=0.08 sys=0.02, real=0.01 secs] 
340.462: [GC [PSYoungGen: 338778K->2997K(344064K)] 562052K->226295K(667648K), 0.0042550 secs] [Times: user=0.03 sys=0.01, real=0.01 secs] 
343.509: [GC [PSYoungGen: 338122K->6356K(346624K)] 561420K->229662K(670208K), 0.0035540 secs] [Times: user=0.04 sys=0.00, real=0.00 secs] 
346.581: [GC [PSYoungGen: 344676K->5664K(347136K)] 568251K->229247K(670720K), 0.0048020 secs] [Times: user=0.03 sys=0.00, real=0.01 secs] 
349.738: [GC [PSYoungGen: 344096K->2696K(349696K)] 573179K->231788K(673280K), 0.0054320 secs] [Times: user=0.05 sys=0.01, real=0.00 secs] 
352.855: [GC [PSYoungGen: 343594K->6386K(349696K)] 572821K->235620K(673280K), 0.0045040 secs] [Times: user=0.03 sys=0.00, real=0.00 secs] 
355.999: [GC [PSYoungGen: 347378K->2911K(352256K)] 581534K->237075K(675840K), 0.0045020 secs] [Times: user=0.03 sys=0.00, real=0.00 secs] 
359.127: [GC [PSYoungGen: 345884K->6710K(352256K)] 580317K->241152K(675840K), 0.0032700 secs] [Times: user=0.02 sys=0.01, real=0.00 secs] 
362.422: [GC [PSYoungGen: 349750K->2070K(353280K)] 591207K->243543K(676864K), 0.0029390 secs] [Times: user=0.02 sys=0.00, real=0.00 secs] 
365.778: [GC [PSYoungGen: 346646K->3649K(353792K)] 592126K->249177K(677376K), 0.0031590 secs] [Times: user=0.02 sys=0.01, real=0.00 secs] 
369.068: [GC [PSYoungGen: 348190K->5515K(355328K)] 593987K->251321K(678912K), 0.0051520 secs] [Times: user=0.00 sys=0.04, real=0.00 secs] 
372.302: [GC [PSYoungGen: 351627K->2253K(355328K)] 602579K->253212K(678912K), 0.0047070 secs] [Times: user=0.02 sys=0.01, real=0.01 secs] 
375.521: [GC [PSYoungGen: 348365K->1881K(356352K)] 607768K->261340K(679936K), 0.0029830 secs] [Times: user=0.02 sys=0.00, real=0.00 secs] 
378.751: [GC [PSYoungGen: 349529K->2705K(356352K)] 615321K->268521K(679936K), 0.0054910 secs] [Times: user=0.03 sys=0.00, real=0.01 secs] 
381.979: [GC [PSYoungGen: 350281K->7021K(357376K)] 616232K->273051K(680960K), 0.0034340 secs] [Times: user=0.00 sys=0.04, real=0.00 secs] 
385.192: [GC [PSYoungGen: 355693K->2587K(357888K)] 627200K->274134K(681472K), 0.0049330 secs] [Times: user=0.02 sys=0.01, real=0.01 secs] 
388.454: [GC [PSYoungGen: 351259K->2744K(358400K)] 628957K->280483K(681984K), 0.0051220 secs] [Times: user=0.02 sys=0.01, real=0.00 secs] 
391.587: [GC [PSYoungGen: 352931K->6728K(358912K)] 630669K->284610K(682496K), 0.0047380 secs] [Times: user=0.02 sys=0.01, real=0.00 secs] 
394.851: [GC [PSYoungGen: 356803K->6614K(360448K)] 635359K->285185K(684032K), 0.0045450 secs] [Times: user=0.00 sys=0.04, real=0.01 secs] 
398.263: [GC [PSYoungGen: 357846K->3244K(360960K)] 640200K->285646K(684544K), 0.0046030 secs] [Times: user=0.03 sys=0.01, real=0.01 secs] 
401.559: [GC [PSYoungGen: 354375K->6822K(362496K)] 636777K->289367K(686080K), 0.0044530 secs] [Times: user=0.00 sys=0.03, real=0.00 secs] 
404.801: [GC [PSYoungGen: 359548K->5214K(362496K)] 642767K->288489K(686080K), 0.0045470 secs] [Times: user=0.02 sys=0.01, real=0.01 secs] 
408.054: [GC [PSYoungGen: 357982K->2086K(364032K)] 647288K->291401K(687616K), 0.0049410 secs] [Times: user=0.03 sys=0.00, real=0.00 secs] 
411.376: [GC [PSYoungGen: 356390K->3251K(364032K)] 650842K->297775K(687616K), 0.0034870 secs] [Times: user=0.02 sys=0.00, real=0.00 secs] 
414.575: [GC [PSYoungGen: 357321K->6543K(364544K)] 651845K->301282K(688128K), 0.0047750 secs] [Times: user=0.02 sys=0.04, real=0.00 secs] 
417.805: [GC [PSYoungGen: 361644K->5942K(365056K)] 656383K->300697K(688640K), 0.0049940 secs] [Times: user=0.03 sys=0.01, real=0.00 secs] 
Heap
 PSYoungGen      total 365056K, used 181223K [0x00000000d8b00000, 0x00000000efa80000, 0x0000000100000000)
  eden space 355328K, 49% used [0x00000000d8b00000,0x00000000e362c1c0,0x00000000ee600000)
  from space 9728K, 61% used [0x00000000ee600000,0x00000000eebcdb38,0x00000000eef80000)
  to   space 9728K, 0% used [0x00000000ef100000,0x00000000ef100000,0x00000000efa80000)
 ParOldGen       total 323584K, used 294755K [0x000000008a200000, 0x000000009de00000, 0x00000000d8b00000)
  object space 323584K, 91% used [0x000000008a200000,0x000000009c1d8c08,0x000000009de00000)
 PSPermGen       total 21504K, used 12245K [0x0000000085000000, 0x0000000086500000, 0x000000008a200000)
  object space 21504K, 56% used [0x0000000085000000,0x0000000085bf56c8,0x0000000086500000)
