52.115: [GC [PSYoungGen: 10579K->3610K(35840K)] 10579K->3618K(116224K), 0.0095870 secs] [Times: user=0.07 sys=0.00, real=0.01 secs] 
52.125: [Full GC [PSYoungGen: 3610K->0K(35840K)] [ParOldGen: 8K->3139K(80384K)] 3618K->3139K(116224K) [PSPermGen: 5166K->5164K(21504K)], 0.0253450 secs] [Times: user=0.13 sys=0.02, real=0.03 secs] 
52.151: [GC [PSYoungGen: 0K->0K(35840K)] 3139K->3139K(116224K), 0.0056240 secs] [Times: user=0.02 sys=0.01, real=0.01 secs] 
52.156: [Full GC [PSYoungGen: 0K->0K(35840K)] [ParOldGen: 3139K->3139K(80384K)] 3139K->3139K(116224K) [PSPermGen: 5164K->5164K(21504K)], 0.0131330 secs] [Times: user=0.07 sys=0.00, real=0.01 secs] 
52.248: [GC [PSYoungGen: 28987K->4512K(35840K)] 32126K->29861K(116224K), 0.0092880 secs] [Times: user=0.13 sys=0.04, real=0.01 secs] 
52.265: [GC [PSYoungGen: 35578K->4448K(67072K)] 60927K->60757K(147456K), 0.0135560 secs] [Times: user=0.17 sys=0.08, real=0.02 secs] 
52.278: [Full GC [PSYoungGen: 4448K->0K(67072K)] [ParOldGen: 56309K->59435K(140800K)] 60757K->59435K(207872K) [PSPermGen: 5187K->5187K(21504K)], 0.0338800 secs] [Times: user=0.36 sys=0.03, real=0.03 secs] 
52.357: [GC [PSYoungGen: 62060K->3472K(67072K)] 121495K->121388K(207872K), 0.0218260 secs] [Times: user=0.09 sys=0.35, real=0.02 secs] 
52.379: [Full GC [PSYoungGen: 3472K->0K(67072K)] [ParOldGen: 117916K->121354K(247808K)] 121388K->121354K(314880K) [PSPermGen: 5187K->5187K(21504K)], 0.0261170 secs] [Times: user=0.19 sys=0.06, real=0.02 secs] 
53.041: [GC [PSYoungGen: 62398K->4605K(98304K)] 184292K->148931K(346112K), 0.0167960 secs] [Times: user=0.26 sys=0.06, real=0.02 secs] 
54.071: [GC [PSYoungGen: 98301K->3007K(103424K)] 246809K->151514K(351232K), 0.0030670 secs] [Times: user=0.01 sys=0.01, real=0.00 secs] 
55.097: [GC [PSYoungGen: 101823K->3386K(152064K)] 254576K->156139K(399872K), 0.0043830 secs] [Times: user=0.03 sys=0.00, real=0.00 secs] 
56.381: [GC [PSYoungGen: 137530K->6495K(152064K)] 290417K->159383K(399872K), 0.0055500 secs] [Times: user=0.00 sys=0.07, real=0.00 secs] 
57.874: [GC [PSYoungGen: 140639K->704K(175616K)] 300605K->160670K(423424K), 0.0044310 secs] [Times: user=0.03 sys=0.00, real=0.01 secs] 
59.549: [GC [PSYoungGen: 167616K->1672K(183296K)] 335248K->169305K(431104K), 0.0031680 secs] [Times: user=0.03 sys=0.00, real=0.00 secs] 
61.315: [GC [PSYoungGen: 168584K->1917K(194048K)] 345421K->178753K(441856K), 0.0039610 secs] [Times: user=0.02 sys=0.01, real=0.01 secs] 
63.194: [GC [PSYoungGen: 184695K->5638K(198656K)] 361730K->182674K(446464K), 0.0052910 secs] [Times: user=0.00 sys=0.05, real=0.01 secs] 
65.074: [GC [PSYoungGen: 188422K->2006K(204288K)] 371336K->184920K(452096K), 0.0038060 secs] [Times: user=0.02 sys=0.01, real=0.01 secs] 
67.043: [GC [PSYoungGen: 195542K->1800K(207872K)] 387003K->193262K(455680K), 0.0055450 secs] [Times: user=0.04 sys=0.01, real=0.01 secs] 
68.958: [GC [PSYoungGen: 195316K->6209K(212480K)] 386912K->197805K(460288K), 0.0055750 secs] [Times: user=0.00 sys=0.04, real=0.00 secs] 
70.981: [GC [PSYoungGen: 206907K->1997K(214528K)] 407562K->202652K(462336K), 0.0043840 secs] [Times: user=0.02 sys=0.00, real=0.00 secs] 
72.948: [GC [PSYoungGen: 202620K->6109K(218112K)] 403275K->206764K(465920K), 0.0045690 secs] [Times: user=0.02 sys=0.01, real=0.00 secs] 
74.998: [GC [PSYoungGen: 211879K->5298K(219136K)] 413478K->206897K(466944K), 0.0045160 secs] [Times: user=0.00 sys=0.04, real=0.00 secs] 
77.013: [GC [PSYoungGen: 211122K->3226K(219136K)] 416834K->208938K(466944K), 0.0055380 secs] [Times: user=0.03 sys=0.00, real=0.01 secs] 
79.181: [GC [PSYoungGen: 211607K->752K(220160K)] 425254K->214487K(467968K), 0.0049620 secs] [Times: user=0.02 sys=0.00, real=0.00 secs] 
81.347: [Full GC [PSYoungGen: 209136K->0K(220160K)] [ParOldGen: 221670K->134011K(264704K)] 430806K->134011K(484864K) [PSPermGen: 5251K->5251K(21504K)], 0.0353580 secs] [Times: user=0.08 sys=0.03, real=0.04 secs] 
83.528: [GC [PSYoungGen: 208320K->4999K(222208K)] 342601K->139280K(486912K), 0.0035450 secs] [Times: user=0.03 sys=0.00, real=0.00 secs] 
85.700: [GC [PSYoungGen: 215943K->1663K(222208K)] 355875K->141596K(486912K), 0.0044460 secs] [Times: user=0.02 sys=0.01, real=0.00 secs] 
87.765: [GC [PSYoungGen: 212541K->5741K(224256K)] 352743K->145943K(488960K), 0.0044440 secs] [Times: user=0.02 sys=0.01, real=0.01 secs] 
89.890: [GC [PSYoungGen: 218733K->3011K(224256K)] 363591K->147869K(488960K), 0.0033850 secs] [Times: user=0.02 sys=0.02, real=0.00 secs] 
92.051: [GC [PSYoungGen: 216003K->2465K(224256K)] 364348K->150811K(488960K), 0.0060990 secs] [Times: user=0.03 sys=0.00, real=0.01 secs] 
94.244: [GC [PSYoungGen: 216993K->1615K(224768K)] 373837K->158459K(489472K), 0.0045010 secs] [Times: user=0.03 sys=0.00, real=0.01 secs] 
96.364: [GC [PSYoungGen: 216120K->6232K(225792K)] 372964K->163076K(490496K), 0.0033650 secs] [Times: user=0.03 sys=0.00, real=0.01 secs] 
98.469: [GC [PSYoungGen: 221745K->5869K(225792K)] 378589K->162713K(490496K), 0.0031410 secs] [Times: user=0.03 sys=0.00, real=0.00 secs] 
100.610: [GC [PSYoungGen: 221336K->4793K(226304K)] 378180K->161638K(491008K), 0.0045500 secs] [Times: user=0.03 sys=0.00, real=0.00 secs] 
102.650: [GC [PSYoungGen: 221239K->5995K(226816K)] 378083K->162839K(491520K), 0.0038710 secs] [Times: user=0.03 sys=0.00, real=0.00 secs] 
104.743: [GC [PSYoungGen: 222457K->5711K(227840K)] 379301K->162556K(492544K), 0.0049040 secs] [Times: user=0.03 sys=0.00, real=0.01 secs] 
106.851: [GC [PSYoungGen: 223306K->6390K(227840K)] 380150K->163234K(492544K), 0.0034720 secs] [Times: user=0.03 sys=0.00, real=0.00 secs] 
109.057: [GC [PSYoungGen: 223772K->5520K(228864K)] 380616K->162364K(493568K), 0.0029630 secs] [Times: user=0.02 sys=0.00, real=0.00 secs] 
111.154: [GC [PSYoungGen: 224023K->4743K(228864K)] 381272K->161992K(493568K), 0.0045340 secs] [Times: user=0.02 sys=0.00, real=0.01 secs] 
113.403: [GC [PSYoungGen: 223367K->3788K(228352K)] 384047K->164467K(493056K), 0.0050990 secs] [Times: user=0.02 sys=0.00, real=0.01 secs] 
115.689: [GC [PSYoungGen: 223396K->5426K(228864K)] 384075K->166138K(493568K), 0.0060290 secs] [Times: user=0.03 sys=0.00, real=0.00 secs] 
117.882: [GC [PSYoungGen: 225051K->5734K(229888K)] 385897K->166589K(494592K), 0.0045290 secs] [Times: user=0.02 sys=0.01, real=0.00 secs] 
120.093: [GC [PSYoungGen: 226406K->2045K(229888K)] 392921K->168567K(494592K), 0.0052430 secs] [Times: user=0.03 sys=0.00, real=0.01 secs] 
122.265: [GC [PSYoungGen: 222658K->6184K(230912K)] 389181K->172739K(495616K), 0.0056820 secs] [Times: user=0.03 sys=0.00, real=0.01 secs] 
124.458: [GC [PSYoungGen: 227839K->5449K(230912K)] 394593K->172234K(495616K), 0.0056960 secs] [Times: user=0.04 sys=0.00, real=0.00 secs] 
126.714: [GC [PSYoungGen: 227145K->3345K(231936K)] 399342K->175558K(496640K), 0.0029740 secs] [Times: user=0.03 sys=0.00, real=0.01 secs] 
128.912: [GC [PSYoungGen: 225949K->5330K(231936K)] 398432K->177821K(496640K), 0.0060560 secs] [Times: user=0.03 sys=0.00, real=0.01 secs] 
131.114: [GC [PSYoungGen: 228050K->2417K(232448K)] 406239K->180614K(497152K), 0.0043730 secs] [Times: user=0.02 sys=0.00, real=0.01 secs] 
133.341: [GC [PSYoungGen: 226161K->3662K(232448K)] 409028K->186537K(497152K), 0.0043040 secs] [Times: user=0.02 sys=0.00, real=0.00 secs] 
135.516: [GC [PSYoungGen: 227228K->6703K(232960K)] 410104K->189586K(497664K), 0.0034750 secs] [Times: user=0.03 sys=0.00, real=0.00 secs] 
137.712: [GC [PSYoungGen: 230931K->6216K(233472K)] 414282K->189576K(498176K), 0.0054850 secs] [Times: user=0.03 sys=0.00, real=0.01 secs] 
139.894: [GC [PSYoungGen: 230472K->3306K(234496K)] 418054K->190896K(499200K), 0.0042380 secs] [Times: user=0.03 sys=0.00, real=0.01 secs] 
142.183: [GC [PSYoungGen: 228537K->6511K(234496K)] 416191K->194181K(499200K), 0.0051990 secs] [Times: user=0.04 sys=0.01, real=0.01 secs] 
144.527: [GC [PSYoungGen: 231791K->4179K(235520K)] 424151K->196570K(500224K), 0.0047360 secs] [Times: user=0.03 sys=0.01, real=0.01 secs] 
146.793: [GC [PSYoungGen: 230418K->7240K(235520K)] 422810K->199655K(500224K), 0.0047410 secs] [Times: user=0.03 sys=0.00, real=0.01 secs] 
149.031: [GC [PSYoungGen: 233523K->4894K(236032K)] 426804K->198191K(500736K), 0.0051500 secs] [Times: user=0.03 sys=0.00, real=0.01 secs] 
151.251: [GC [PSYoungGen: 232222K->4464K(236544K)] 429170K->201421K(501248K), 0.0033150 secs] [Times: user=0.03 sys=0.00, real=0.00 secs] 
153.507: [GC [PSYoungGen: 231792K->2988K(237056K)] 434288K->205532K(501760K), 0.0045470 secs] [Times: user=0.02 sys=0.01, real=0.01 secs] 
155.815: [GC [PSYoungGen: 231340K->2918K(237056K)] 440328K->211913K(501760K), 0.0052030 secs] [Times: user=0.03 sys=0.00, real=0.00 secs] 
158.078: [GC [PSYoungGen: 231154K->6546K(237568K)] 440149K->215549K(502272K), 0.0032030 secs] [Times: user=0.03 sys=0.00, real=0.00 secs] 
160.315: [GC [PSYoungGen: 235382K->6036K(238080K)] 444925K->215610K(502784K), 0.0032590 secs] [Times: user=0.03 sys=0.00, real=0.01 secs] 
162.603: [GC [PSYoungGen: 234900K->4361K(238592K)] 447586K->217055K(503296K), 0.0051150 secs] [Times: user=0.03 sys=0.00, real=0.01 secs] 
164.881: [GC [PSYoungGen: 234249K->3338K(238592K)] 452214K->221327K(503296K), 0.0031510 secs] [Times: user=0.03 sys=0.00, real=0.00 secs] 
167.144: [GC [PSYoungGen: 233226K->5044K(239104K)] 452222K->224081K(503808K), 0.0045430 secs] [Times: user=0.03 sys=0.00, real=0.01 secs] 
169.359: [GC [PSYoungGen: 235406K->6210K(239104K)] 454506K->225730K(503808K), 0.0045800 secs] [Times: user=0.02 sys=0.01, real=0.00 secs] 
171.620: [GC [PSYoungGen: 236610K->4496K(238592K)] 458874K->226768K(503296K), 0.0034640 secs] [Times: user=0.03 sys=0.01, real=0.00 secs] 
174.005: [GC [PSYoungGen: 235382K->5862K(239104K)] 457654K->228199K(503808K), 0.0044530 secs] [Times: user=0.03 sys=0.00, real=0.01 secs] 
176.973: [GC [PSYoungGen: 236726K->6120K(239104K)] 459601K->229019K(503808K), 0.0032460 secs] [Times: user=0.02 sys=0.01, real=0.01 secs] 
179.341: [GC [PSYoungGen: 237032K->1887K(239616K)] 465584K->230559K(504320K), 0.0027150 secs] [Times: user=0.02 sys=0.00, real=0.00 secs] 
181.541: [GC [PSYoungGen: 232799K->4409K(239104K)] 463791K->235409K(503808K), 0.0049010 secs] [Times: user=0.02 sys=0.00, real=0.00 secs] 
183.756: [GC [PSYoungGen: 235821K->6235K(239616K)] 466820K->237258K(504320K), 0.0049480 secs] [Times: user=0.03 sys=0.01, real=0.00 secs] 
186.040: [GC [PSYoungGen: 237558K->6132K(240640K)] 468582K->237260K(505344K), 0.0065900 secs] [Times: user=0.06 sys=0.01, real=0.00 secs] 
188.236: [GC [PSYoungGen: 238029K->6100K(240640K)] 469157K->237308K(505344K), 0.0045630 secs] [Times: user=0.03 sys=0.00, real=0.00 secs] 
190.508: [GC [PSYoungGen: 237903K->5403K(241664K)] 469110K->236675K(506368K), 0.0041970 secs] [Times: user=0.02 sys=0.00, real=0.00 secs] 
192.794: [GC [PSYoungGen: 238301K->5837K(241664K)] 469842K->237386K(506368K), 0.0047970 secs] [Times: user=0.03 sys=0.00, real=0.01 secs] 
195.072: [GC [PSYoungGen: 238797K->3479K(242688K)] 475428K->240118K(507392K), 0.0058510 secs] [Times: user=0.02 sys=0.01, real=0.01 secs] 
197.435: [GC [PSYoungGen: 237463K->3011K(242688K)] 480043K->245719K(507392K), 0.0029640 secs] [Times: user=0.02 sys=0.00, real=0.01 secs] 
199.766: [GC [PSYoungGen: 236995K->1005K(242688K)] 487813K->251895K(507392K), 0.0031190 secs] [Times: user=0.03 sys=0.00, real=0.01 secs] 
202.126: [GC [PSYoungGen: 235406K->5933K(243200K)] 486296K->256839K(507904K), 0.0038570 secs] [Times: user=0.03 sys=0.00, real=0.01 secs] 
204.544: [GC [PSYoungGen: 240405K->4878K(243200K)] 492255K->256878K(507904K), 0.0046900 secs] [Times: user=0.03 sys=0.01, real=0.01 secs] 
206.950: [GC [PSYoungGen: 239886K->3511K(243712K)] 496290K->259948K(508416K), 0.0045920 secs] [Times: user=0.03 sys=0.00, real=0.00 secs] 
209.273: [GC [PSYoungGen: 238507K->6835K(243712K)] 494944K->263288K(508416K), 0.0048890 secs] [Times: user=0.03 sys=0.00, real=0.01 secs] 
211.583: [GC [PSYoungGen: 241825K->6075K(244224K)] 498611K->262965K(508928K), 0.0034860 secs] [Times: user=0.03 sys=0.00, real=0.00 secs] 
213.936: [GC [PSYoungGen: 241083K->3511K(243712K)] 504669K->267170K(508416K), 0.0031210 secs] [Times: user=0.03 sys=0.00, real=0.00 secs] 
216.247: [GC [PSYoungGen: 239013K->6148K(244224K)] 502672K->269815K(508928K), 0.0047900 secs] [Times: user=0.03 sys=0.00, real=0.01 secs] 
218.567: [GC [PSYoungGen: 241425K->6527K(245248K)] 505091K->270202K(509952K), 0.0035020 secs] [Times: user=0.02 sys=0.00, real=0.01 secs] 
220.841: [GC [PSYoungGen: 242299K->6449K(245248K)] 505974K->270132K(509952K), 0.0045710 secs] [Times: user=0.03 sys=0.01, real=0.00 secs] 
223.142: [GC [PSYoungGen: 242217K->6765K(245248K)] 505900K->270455K(509952K), 0.0060050 secs] [Times: user=0.03 sys=0.01, real=0.01 secs] 
225.425: [GC [PSYoungGen: 242690K->6550K(245760K)] 506785K->270653K(510464K), 0.0051780 secs] [Times: user=0.03 sys=0.01, real=0.01 secs] 
227.768: [GC [PSYoungGen: 242582K->3450K(246784K)] 511392K->272268K(516096K), 0.0044680 secs] [Times: user=0.02 sys=0.00, real=0.00 secs] 
230.049: [GC [PSYoungGen: 240499K->6091K(246784K)] 509991K->275607K(516608K), 0.0048490 secs] [Times: user=0.03 sys=0.00, real=0.00 secs] 
232.386: [Full GC [PSYoungGen: 243147K->0K(246784K)] [ParOldGen: 270662K->133338K(292864K)] 513809K->133338K(539648K) [PSPermGen: 5285K->5285K(21504K)], 0.0235420 secs] [Times: user=0.05 sys=0.04, real=0.03 secs] 
234.853: [GC [PSYoungGen: 236933K->6428K(247808K)] 370272K->139767K(540672K), 0.0032460 secs] [Times: user=0.03 sys=0.00, real=0.01 secs] 
237.244: [GC [PSYoungGen: 244495K->5494K(247808K)] 378238K->139237K(540672K), 0.0048040 secs] [Times: user=0.03 sys=0.00, real=0.01 secs] 
239.736: [GC [PSYoungGen: 243574K->1227K(247808K)] 384896K->142549K(540672K), 0.0034560 secs] [Times: user=0.03 sys=0.00, real=0.00 secs] 
242.080: [GC [PSYoungGen: 239732K->5796K(248320K)] 381323K->147387K(541184K), 0.0045410 secs] [Times: user=0.02 sys=0.00, real=0.00 secs] 
244.431: [GC [PSYoungGen: 244388K->2234K(248832K)] 390994K->148840K(541696K), 0.0047750 secs] [Times: user=0.02 sys=0.01, real=0.01 secs] 
246.796: [GC [PSYoungGen: 241837K->5259K(248832K)] 388578K->152000K(541696K), 0.0047920 secs] [Times: user=0.03 sys=0.00, real=0.00 secs] 
249.163: [GC [PSYoungGen: 244875K->2703K(249856K)] 395492K->153319K(542720K), 0.0045630 secs] [Times: user=0.02 sys=0.01, real=0.01 secs] 
251.504: [GC [PSYoungGen: 243234K->5940K(249856K)] 393851K->156556K(542720K), 0.0049240 secs] [Times: user=0.03 sys=0.01, real=0.01 secs] 
253.835: [GC [PSYoungGen: 246449K->5387K(250880K)] 397065K->156004K(543744K), 0.0033910 secs] [Times: user=0.03 sys=0.00, real=0.00 secs] 
256.177: [GC [PSYoungGen: 247049K->5577K(250880K)] 397666K->156194K(543744K), 0.0032190 secs] [Times: user=0.02 sys=0.01, real=0.00 secs] 
258.508: [GC [PSYoungGen: 247145K->4800K(251392K)] 398571K->156225K(544256K), 0.0055740 secs] [Times: user=0.03 sys=0.00, real=0.00 secs] 
260.922: [GC [PSYoungGen: 247488K->1997K(251392K)] 404881K->159390K(544256K), 0.0045440 secs] [Times: user=0.03 sys=0.00, real=0.00 secs] 
263.418: [GC [PSYoungGen: 244685K->1894K(252416K)] 408038K->165247K(545280K), 0.0040290 secs] [Times: user=0.02 sys=0.01, real=0.00 secs] 
265.839: [GC [PSYoungGen: 245577K->6344K(252416K)] 409065K->169832K(545280K), 0.0050720 secs] [Times: user=0.03 sys=0.00, real=0.00 secs] 
268.378: [GC [PSYoungGen: 250056K->3418K(252928K)] 416888K->170249K(545792K), 0.0049060 secs] [Times: user=0.00 sys=0.03, real=0.00 secs] 
270.827: [GC [PSYoungGen: 247991K->6591K(253440K)] 414823K->173605K(546304K), 0.0046100 secs] [Times: user=0.03 sys=0.00, real=0.01 secs] 
273.206: [GC [PSYoungGen: 251257K->6642K(254464K)] 418271K->173664K(547328K), 0.0060790 secs] [Times: user=0.00 sys=0.04, real=0.01 secs] 
275.613: [GC [PSYoungGen: 251860K->7256K(254976K)] 418882K->174294K(547840K), 0.0049850 secs] [Times: user=0.03 sys=0.00, real=0.01 secs] 
278.014: [GC [PSYoungGen: 252433K->6813K(256512K)] 419471K->173867K(549376K), 0.0057450 secs] [Times: user=0.00 sys=0.04, real=0.01 secs] 
280.408: [GC [PSYoungGen: 253078K->5942K(256512K)] 420132K->173053K(549376K), 0.0062750 secs] [Times: user=0.03 sys=0.00, real=0.00 secs] 
282.850: [GC [PSYoungGen: 252178K->6360K(257024K)] 419288K->173511K(549888K), 0.0056150 secs] [Times: user=0.02 sys=0.00, real=0.01 secs] 
285.201: [GC [PSYoungGen: 253605K->6084K(257024K)] 420819K->173322K(549888K), 0.0046060 secs] [Times: user=0.03 sys=0.00, real=0.00 secs] 
287.694: [GC [PSYoungGen: 253380K->2616K(258048K)] 427497K->176741K(550912K), 0.0049020 secs] [Times: user=0.03 sys=0.00, real=0.01 secs] 
290.164: [GC [PSYoungGen: 250936K->1981K(258048K)] 430966K->182019K(550912K), 0.0047900 secs] [Times: user=0.03 sys=0.00, real=0.01 secs] 
292.642: [GC [PSYoungGen: 250301K->4034K(259072K)] 434198K->187940K(551936K), 0.0054710 secs] [Times: user=0.03 sys=0.01, real=0.01 secs] 
295.093: [GC [PSYoungGen: 253284K->6527K(259072K)] 437459K->190710K(551936K), 0.0051710 secs] [Times: user=0.03 sys=0.00, real=0.01 secs] 
297.685: [GC [PSYoungGen: 255871K->2869K(260096K)] 445142K->192197K(552960K), 0.0051850 secs] [Times: user=0.02 sys=0.00, real=0.01 secs] 
300.145: [GC [PSYoungGen: 253143K->6408K(260096K)] 442606K->195894K(552960K), 0.0047560 secs] [Times: user=0.03 sys=0.00, real=0.01 secs] 
302.686: [GC [PSYoungGen: 256776K->3052K(261120K)] 451373K->197665K(553984K), 0.0044920 secs] [Times: user=0.02 sys=0.01, real=0.01 secs] 
305.259: [GC [PSYoungGen: 254444K->2933K(261120K)] 456414K->204959K(553984K), 0.0061870 secs] [Times: user=0.03 sys=0.00, real=0.00 secs] 
307.705: [GC [PSYoungGen: 254065K->5776K(262144K)] 456090K->208230K(555008K), 0.0039760 secs] [Times: user=0.03 sys=0.00, real=0.01 secs] 
310.207: [GC [PSYoungGen: 258109K->5188K(262144K)] 461102K->208189K(555008K), 0.0031690 secs] [Times: user=0.02 sys=0.00, real=0.01 secs] 
312.712: [GC [PSYoungGen: 257604K->1640K(262656K)] 466993K->211037K(555520K), 0.0044140 secs] [Times: user=0.02 sys=0.00, real=0.01 secs] 
315.165: [GC [PSYoungGen: 255054K->6059K(262656K)] 464450K->215463K(555520K), 0.0034520 secs] [Times: user=0.02 sys=0.00, real=0.01 secs] 
317.610: [GC [PSYoungGen: 259422K->5545K(263680K)] 468962K->215092K(556544K), 0.0045620 secs] [Times: user=0.01 sys=0.02, real=0.00 secs] 
320.092: [GC [PSYoungGen: 260009K->4955K(263680K)] 470733K->215688K(556544K), 0.0031560 secs] [Times: user=0.03 sys=0.00, real=0.01 secs] 
322.598: [GC [PSYoungGen: 259419K->5622K(263680K)] 470687K->216899K(556544K), 0.0048460 secs] [Times: user=0.02 sys=0.01, real=0.00 secs] 
325.110: [GC [PSYoungGen: 261073K->5680K(264192K)] 472413K->217044K(557056K), 0.0040050 secs] [Times: user=0.02 sys=0.00, real=0.00 secs] 
327.748: [GC [PSYoungGen: 261168K->3242K(265216K)] 478224K->220354K(558080K), 0.0056640 secs] [Times: user=0.04 sys=0.00, real=0.00 secs] 
330.290: [GC [PSYoungGen: 259682K->5407K(265216K)] 477199K->222932K(558080K), 0.0045730 secs] [Times: user=0.03 sys=0.00, real=0.00 secs] 
332.947: [GC [PSYoungGen: 261919K->2385K(266240K)] 487229K->227703K(559104K), 0.0035360 secs] [Times: user=0.03 sys=0.00, real=0.01 secs] 
335.532: [GC [PSYoungGen: 259921K->1592K(266240K)] 492342K->234045K(559104K), 0.0045190 secs] [Times: user=0.02 sys=0.00, real=0.01 secs] 
338.077: [GC [PSYoungGen: 259128K->3210K(267264K)] 496668K->240758K(560128K), 0.0051660 secs] [Times: user=0.03 sys=0.01, real=0.00 secs] 
340.604: [GC [PSYoungGen: 261764K->6049K(267264K)] 499511K->243820K(560128K), 0.0052120 secs] [Times: user=0.03 sys=0.00, real=0.01 secs] 
343.194: [GC [PSYoungGen: 264609K->1933K(268288K)] 509593K->246941K(561152K), 0.0044110 secs] [Times: user=0.03 sys=0.01, real=0.01 secs] 
345.685: [GC [PSYoungGen: 261464K->6059K(268288K)] 506472K->251075K(561152K), 0.0050720 secs] [Times: user=0.03 sys=0.00, real=0.01 secs] 
348.252: [GC [PSYoungGen: 265615K->5506K(269824K)] 510695K->250594K(562688K), 0.0055240 secs] [Times: user=0.04 sys=0.00, real=0.01 secs] 
350.784: [GC [PSYoungGen: 266114K->1958K(269824K)] 515109K->250961K(562688K), 0.0044540 secs] [Times: user=0.03 sys=0.01, real=0.01 secs] 
353.384: [GC [PSYoungGen: 262551K->5744K(270848K)] 511824K->255024K(563712K), 0.0056140 secs] [Times: user=0.03 sys=0.00, real=0.01 secs] 
356.074: [GC [PSYoungGen: 267376K->720K(270848K)] 525438K->258798K(563712K), 0.0035840 secs] [Times: user=0.03 sys=0.00, real=0.01 secs] 
358.679: [GC [PSYoungGen: 262323K->6710K(271360K)] 520402K->264812K(564224K), 0.0053310 secs] [Times: user=0.04 sys=0.00, real=0.00 secs] 
361.254: [GC [PSYoungGen: 268738K->6296K(271872K)] 526841K->264415K(564736K), 0.0050310 secs] [Times: user=0.03 sys=0.01, real=0.01 secs] 
363.863: [GC [PSYoungGen: 268415K->5782K(273408K)] 526534K->263917K(566272K), 0.0048150 secs] [Times: user=0.03 sys=0.01, real=0.01 secs] 
366.424: [GC [PSYoungGen: 268950K->5131K(273408K)] 527725K->263914K(566272K), 0.0052900 secs] [Times: user=0.03 sys=0.00, real=0.01 secs] 
369.009: [GC [PSYoungGen: 268299K->4923K(272896K)] 530392K->267024K(565760K), 0.0046390 secs] [Times: user=0.03 sys=0.01, real=0.00 secs] 
371.578: [GC [PSYoungGen: 268968K->6257K(273408K)] 531069K->268390K(566272K), 0.0050030 secs] [Times: user=0.03 sys=0.00, real=0.00 secs] 
374.109: [GC [PSYoungGen: 270444K->6164K(274944K)] 532576K->268321K(567808K), 0.0077130 secs] [Times: user=0.02 sys=0.01, real=0.01 secs] 
376.724: [GC [PSYoungGen: 271315K->6479K(274944K)] 533472K->268644K(567808K), 0.0031430 secs] [Times: user=0.03 sys=0.00, real=0.00 secs] 
379.275: [GC [PSYoungGen: 271521K->6495K(275968K)] 533686K->268676K(568832K), 0.0053000 secs] [Times: user=0.03 sys=0.00, real=0.01 secs] 
381.873: [GC [PSYoungGen: 272634K->6701K(275968K)] 534815K->268905K(568832K), 0.0044760 secs] [Times: user=0.03 sys=0.00, real=0.01 secs] 
384.605: [GC [PSYoungGen: 272899K->6177K(276992K)] 535373K->268660K(569856K), 0.0053360 secs] [Times: user=0.01 sys=0.01, real=0.01 secs] 
387.287: [GC [PSYoungGen: 273441K->3797K(276992K)] 541003K->271366K(569856K), 0.0050730 secs] [Times: user=0.02 sys=0.01, real=0.01 secs] 
389.941: [GC [PSYoungGen: 271057K->6100K(278016K)] 539030K->274106K(570880K), 0.0032280 secs] [Times: user=0.03 sys=0.00, real=0.00 secs] 
392.713: [GC [PSYoungGen: 274388K->5154K(278016K)] 544049K->274831K(570880K), 0.0032570 secs] [Times: user=0.03 sys=0.01, real=0.01 secs] 
395.371: [GC [PSYoungGen: 273309K->6947K(278528K)] 542986K->276641K(571392K), 0.0050280 secs] [Times: user=0.03 sys=0.00, real=0.01 secs] 
397.954: [GC [PSYoungGen: 276236K->7217K(278528K)] 545929K->276926K(571392K), 0.0048160 secs] [Times: user=0.03 sys=0.00, real=0.01 secs] 
400.639: [GC [PSYoungGen: 276509K->6132K(279040K)] 546353K->275984K(571904K), 0.0062110 secs] [Times: user=0.04 sys=0.00, real=0.00 secs] 
403.325: [GC [PSYoungGen: 276468K->2956K(279552K)] 553066K->279562K(572416K), 0.0049630 secs] [Times: user=0.03 sys=0.00, real=0.01 secs] 
405.982: [GC [PSYoungGen: 273253K->5894K(280064K)] 549923K->282612K(572928K), 0.0033000 secs] [Times: user=0.03 sys=0.00, real=0.00 secs] 
408.626: [GC [PSYoungGen: 277254K->5949K(280576K)] 554456K->283247K(573440K), 0.0058940 secs] [Times: user=0.04 sys=0.01, real=0.01 secs] 
411.236: [GC [PSYoungGen: 277288K->5904K(280576K)] 554585K->283360K(573440K), 0.0047080 secs] [Times: user=0.03 sys=0.01, real=0.00 secs] 
413.975: [GC [PSYoungGen: 278261K->6829K(281088K)] 555852K->284428K(573952K), 0.0050700 secs] [Times: user=0.02 sys=0.00, real=0.01 secs] 
416.695: [GC [PSYoungGen: 279213K->3559K(282624K)] 560954K->285316K(575488K), 0.0049010 secs] [Times: user=0.02 sys=0.01, real=0.01 secs] 
Heap
 PSYoungGen      total 282624K, used 205744K [0x00000007caa80000, 0x00000007dc780000, 0x0000000800000000)
  eden space 273408K, 73% used [0x00000007caa80000,0x00000007d6ff2278,0x00000007db580000)
  from space 9216K, 38% used [0x00000007dbe80000,0x00000007dc1f9f10,0x00000007dc780000)
  to   space 9216K, 0% used [0x00000007db580000,0x00000007db580000,0x00000007dbe80000)
 ParOldGen       total 292864K, used 281757K [0x0000000760000000, 0x0000000771e00000, 0x00000007caa80000)
  object space 292864K, 96% used [0x0000000760000000,0x00000007713274e8,0x0000000771e00000)
 PSPermGen       total 21504K, used 12246K [0x000000075ae00000, 0x000000075c300000, 0x0000000760000000)
  object space 21504K, 56% used [0x000000075ae00000,0x000000075b9f5870,0x000000075c300000)
