53.033: [GC [PSYoungGen: 10579K->3603K(35840K)] 10579K->3611K(116224K), 0.0091400 secs] [Times: user=0.02 sys=0.05, real=0.01 secs] 
53.042: [Full GC [PSYoungGen: 3603K->0K(35840K)] [ParOldGen: 8K->3139K(80384K)] 3611K->3139K(116224K) [PSPermGen: 5166K->5164K(21504K)], 0.0226960 secs] [Times: user=0.11 sys=0.03, real=0.02 secs] 
53.065: [GC [PSYoungGen: 0K->0K(35840K)] 3139K->3139K(116224K), 0.0037520 secs] [Times: user=0.02 sys=0.01, real=0.01 secs] 
53.069: [Full GC [PSYoungGen: 0K->0K(35840K)] [ParOldGen: 3139K->3139K(80384K)] 3139K->3139K(116224K) [PSPermGen: 5164K->5164K(21504K)], 0.0130200 secs] [Times: user=0.04 sys=0.02, real=0.01 secs] 
53.148: [GC [PSYoungGen: 28987K->4544K(35840K)] 32126K->29893K(116224K), 0.0110370 secs] [Times: user=0.07 sys=0.07, real=0.01 secs] 
53.166: [GC [PSYoungGen: 35610K->4480K(67072K)] 60959K->60789K(147456K), 0.0118510 secs] [Times: user=0.11 sys=0.10, real=0.01 secs] 
53.178: [Full GC [PSYoungGen: 4480K->0K(67072K)] [ParOldGen: 56309K->59435K(141312K)] 60789K->59435K(208384K) [PSPermGen: 5187K->5187K(21504K)], 0.0326200 secs] [Times: user=0.39 sys=0.02, real=0.03 secs] 
53.254: [GC [PSYoungGen: 62060K->3472K(67072K)] 121495K->121388K(208384K), 0.0212140 secs] [Times: user=0.10 sys=0.32, real=0.03 secs] 
53.275: [Full GC [PSYoungGen: 3472K->0K(67072K)] [ParOldGen: 117916K->121353K(249344K)] 121388K->121353K(316416K) [PSPermGen: 5187K->5187K(21504K)], 0.0272850 secs] [Times: user=0.24 sys=0.00, real=0.02 secs] 
53.894: [GC [PSYoungGen: 62347K->4600K(97280K)] 183701K->148763K(346624K), 0.0178830 secs] [Times: user=0.23 sys=0.09, real=0.01 secs] 
54.848: [GC [PSYoungGen: 97251K->4593K(102400K)] 242492K->163143K(351744K), 0.0141100 secs] [Times: user=0.16 sys=0.08, real=0.01 secs] 
55.855: [GC [PSYoungGen: 102385K->17968K(152576K)] 270316K->185898K(401920K), 0.0141060 secs] [Times: user=0.22 sys=0.03, real=0.01 secs] 
57.047: [GC [PSYoungGen: 146992K->23585K(154624K)] 314922K->191516K(403968K), 0.0153590 secs] [Times: user=0.15 sys=0.13, real=0.01 secs] 
58.273: [GC [PSYoungGen: 152391K->23528K(188928K)] 320591K->191728K(438272K), 0.0139620 secs] [Times: user=0.21 sys=0.04, real=0.02 secs] 
59.915: [GC [PSYoungGen: 184296K->18292K(193024K)] 361044K->195040K(442368K), 0.0126920 secs] [Times: user=0.17 sys=0.04, real=0.01 secs] 
61.596: [GC [PSYoungGen: 179060K->18324K(205824K)] 363039K->202303K(455168K), 0.0122640 secs] [Times: user=0.17 sys=0.04, real=0.01 secs] 
63.471: [GC [PSYoungGen: 194958K->18776K(209408K)] 387619K->211437K(458752K), 0.0161970 secs] [Times: user=0.19 sys=0.06, real=0.02 secs] 
65.212: [GC [PSYoungGen: 195359K->22713K(220672K)] 388020K->215374K(470016K), 0.0148780 secs] [Times: user=0.18 sys=0.06, real=0.02 secs] 
66.999: [GC [PSYoungGen: 211108K->23535K(222208K)] 403904K->216331K(471552K), 0.0096450 secs] [Times: user=0.12 sys=0.01, real=0.01 secs] 
68.819: [GC [PSYoungGen: 211951K->20965K(230912K)] 407591K->216605K(480256K), 0.0124140 secs] [Times: user=0.19 sys=0.02, real=0.01 secs] 
70.707: [GC [PSYoungGen: 218024K->23291K(232448K)] 413664K->218931K(481792K), 0.0068840 secs] [Times: user=0.05 sys=0.01, real=0.00 secs] 
72.618: [GC [PSYoungGen: 220296K->22848K(239104K)] 415936K->218488K(488448K), 0.0134010 secs] [Times: user=0.19 sys=0.02, real=0.01 secs] 
74.679: [GC [PSYoungGen: 225984K->23672K(239616K)] 421624K->219313K(488960K), 0.0113850 secs] [Times: user=0.16 sys=0.01, real=0.01 secs] 
76.650: [GC [PSYoungGen: 226895K->22623K(241664K)] 423004K->218732K(491008K), 0.0103960 secs] [Times: user=0.15 sys=0.01, real=0.01 secs] 
78.639: [GC [PSYoungGen: 228959K->4272K(242688K)] 427330K->219915K(492032K), 0.0124530 secs] [Times: user=0.15 sys=0.05, real=0.01 secs] 
78.651: [Full GC [PSYoungGen: 4272K->0K(242688K)] [ParOldGen: 215642K->133866K(271872K)] 219915K->133866K(514560K) [PSPermGen: 5252K->5252K(21504K)], 0.0274780 secs] [Times: user=0.22 sys=0.00, real=0.03 secs] 
80.691: [GC [PSYoungGen: 206336K->2035K(246272K)] 346638K->142338K(518144K), 0.0037040 secs] [Times: user=0.02 sys=0.01, real=0.01 secs] 
82.755: [GC [PSYoungGen: 210931K->1394K(246784K)] 358226K->148688K(518656K), 0.0031400 secs] [Times: user=0.02 sys=0.00, real=0.00 secs] 
84.792: [GC [PSYoungGen: 210290K->1766K(248832K)] 364750K->156227K(520704K), 0.0044960 secs] [Times: user=0.03 sys=0.00, real=0.01 secs] 
86.804: [GC [PSYoungGen: 213190K->6749K(249344K)] 367651K->161209K(521216K), 0.0049660 secs] [Times: user=0.03 sys=0.00, real=0.01 secs] 
88.813: [GC [PSYoungGen: 218038K->6890K(246784K)] 372499K->161351K(518656K), 0.0050020 secs] [Times: user=0.03 sys=0.01, real=0.01 secs] 
90.838: [GC [PSYoungGen: 220293K->6732K(248320K)] 374753K->161193K(520192K), 0.0034720 secs] [Times: user=0.02 sys=0.01, real=0.00 secs] 
92.954: [GC [PSYoungGen: 220217K->6312K(244736K)] 374947K->161042K(516608K), 0.0033550 secs] [Times: user=0.03 sys=0.00, real=0.01 secs] 
95.054: [GC [PSYoungGen: 220840K->3415K(246784K)] 381138K->163713K(518656K), 0.0053430 secs] [Times: user=0.02 sys=0.01, real=0.01 secs] 
97.134: [GC [PSYoungGen: 217943K->5211K(244736K)] 380749K->168017K(516608K), 0.0047260 secs] [Times: user=0.02 sys=0.01, real=0.01 secs] 
99.185: [GC [PSYoungGen: 220739K->6209K(222208K)] 384219K->169689K(494080K), 0.0056530 secs] [Times: user=0.03 sys=0.01, real=0.01 secs] 
101.246: [GC [PSYoungGen: 221761K->4169K(243200K)] 388276K->170684K(515072K), 0.0042950 secs] [Times: user=0.03 sys=0.01, real=0.00 secs] 
103.279: [GC [PSYoungGen: 220745K->5542K(222208K)] 389004K->173801K(494080K), 0.0044300 secs] [Times: user=0.03 sys=0.01, real=0.00 secs] 
105.331: [GC [PSYoungGen: 222064K->6052K(241664K)] 390458K->174445K(513536K), 0.0055550 secs] [Times: user=0.03 sys=0.01, real=0.01 secs] 
107.464: [GC [PSYoungGen: 223652K->2892K(242688K)] 398244K->177484K(514560K), 0.0054660 secs] [Times: user=0.03 sys=0.00, real=0.01 secs] 
109.566: [GC [PSYoungGen: 220378K->5888K(240640K)] 395104K->180614K(512512K), 0.0039800 secs] [Times: user=0.03 sys=0.00, real=0.01 secs] 
111.689: [GC [PSYoungGen: 224512K->2298K(241664K)] 406405K->184390K(513536K), 0.0047580 secs] [Times: user=0.03 sys=0.01, real=0.01 secs] 
113.730: [GC [PSYoungGen: 220917K->6986K(238592K)] 403009K->189229K(510464K), 0.0043680 secs] [Times: user=0.02 sys=0.01, real=0.01 secs] 
115.859: [GC [PSYoungGen: 226620K->6733K(240128K)] 408998K->189158K(512000K), 0.0056600 secs] [Times: user=0.03 sys=0.00, real=0.00 secs] 
117.982: [GC [PSYoungGen: 226381K->3107K(239104K)] 413625K->190780K(510976K), 0.0034680 secs] [Times: user=0.02 sys=0.01, real=0.01 secs] 
120.032: [GC [PSYoungGen: 223511K->6819K(239616K)] 411184K->194500K(511488K), 0.0040990 secs] [Times: user=0.03 sys=0.00, real=0.01 secs] 
122.194: [GC [PSYoungGen: 227481K->6132K(237568K)] 415297K->193964K(509440K), 0.0054360 secs] [Times: user=0.03 sys=0.01, real=0.00 secs] 
124.403: [GC [PSYoungGen: 227828K->5693K(238592K)] 416483K->194364K(510464K), 0.0051050 secs] [Times: user=0.03 sys=0.00, real=0.01 secs] 
126.520: [GC [PSYoungGen: 227389K->4916K(237568K)] 417978K->195530K(509440K), 0.0034140 secs] [Times: user=0.03 sys=0.00, real=0.00 secs] 
128.610: [GC [PSYoungGen: 227376K->5908K(238080K)] 418259K->197030K(509952K), 0.0055980 secs] [Times: user=0.03 sys=0.00, real=0.01 secs] 
130.743: [GC [PSYoungGen: 228628K->3918K(237056K)] 422932K->198365K(508928K), 0.0039850 secs] [Times: user=0.03 sys=0.00, real=0.01 secs] 
132.868: [GC [PSYoungGen: 227555K->5570K(237568K)] 422137K->200168K(509440K), 0.0039440 secs] [Times: user=0.03 sys=0.01, real=0.00 secs] 
135.004: [GC [PSYoungGen: 229314K->5686K(237056K)] 424503K->200899K(508928K), 0.0056840 secs] [Times: user=0.02 sys=0.01, real=0.01 secs] 
137.138: [GC [PSYoungGen: 230367K->6376K(237568K)] 425714K->201732K(509440K), 0.0046020 secs] [Times: user=0.03 sys=0.00, real=0.00 secs] 
139.344: [GC [PSYoungGen: 231144K->2568K(238080K)] 432644K->204092K(509952K), 0.0035700 secs] [Times: user=0.03 sys=0.00, real=0.01 secs] 
141.508: [GC [PSYoungGen: 228315K->6511K(238080K)] 429974K->208194K(509952K), 0.0045080 secs] [Times: user=0.04 sys=0.00, real=0.00 secs] 
143.677: [GC [PSYoungGen: 232303K->3591K(238080K)] 439177K->210489K(509952K), 0.0030050 secs] [Times: user=0.03 sys=0.00, real=0.00 secs] 
145.821: [GC [PSYoungGen: 229895K->6148K(238080K)] 437261K->213521K(509952K), 0.0052890 secs] [Times: user=0.03 sys=0.00, real=0.01 secs] 
147.955: [GC [PSYoungGen: 232218K->6616K(238080K)] 439592K->213998K(509952K), 0.0048720 secs] [Times: user=0.03 sys=0.00, real=0.00 secs] 
150.150: [GC [PSYoungGen: 233393K->6418K(238080K)] 440909K->213958K(509952K), 0.0064260 secs] [Times: user=0.04 sys=0.01, real=0.01 secs] 
152.467: [GC [PSYoungGen: 233234K->3815K(238592K)] 443641K->214231K(510464K), 0.0059150 secs] [Times: user=0.02 sys=0.00, real=0.00 secs] 
154.674: [GC [PSYoungGen: 231618K->6854K(238592K)] 442438K->217682K(510464K), 0.0034130 secs] [Times: user=0.03 sys=0.00, real=0.01 secs] 
156.904: [GC [PSYoungGen: 234694K->2570K(239616K)] 452077K->220042K(511488K), 0.0053260 secs] [Times: user=0.02 sys=0.00, real=0.01 secs] 
159.089: [GC [PSYoungGen: 231312K->6790K(239616K)] 448783K->224468K(511488K), 0.0047180 secs] [Times: user=0.02 sys=0.01, real=0.01 secs] 
161.258: [GC [PSYoungGen: 235521K->6918K(240640K)] 453199K->224604K(512512K), 0.0049960 secs] [Times: user=0.03 sys=0.00, real=0.00 secs] 
163.467: [GC [PSYoungGen: 236729K->5974K(240640K)] 454684K->223994K(512512K), 0.0049950 secs] [Times: user=0.02 sys=0.01, real=0.00 secs] 
165.697: [GC [PSYoungGen: 235862K->3457K(241152K)] 458383K->225985K(513024K), 0.0044650 secs] [Times: user=0.03 sys=0.00, real=0.00 secs] 
167.929: [GC [PSYoungGen: 234112K->7217K(241152K)] 456911K->230023K(513024K), 0.0056090 secs] [Times: user=0.03 sys=0.00, real=0.01 secs] 
170.228: [GC [PSYoungGen: 238129K->3100K(242688K)] 468108K->233095K(514560K), 0.0046670 secs] [Times: user=0.03 sys=0.00, real=0.00 secs] 
172.416: [GC [PSYoungGen: 234768K->7891K(242688K)] 464763K->237910K(514560K), 0.0053060 secs] [Times: user=0.03 sys=0.00, real=0.00 secs] 
174.623: [GC [PSYoungGen: 239738K->7438K(243200K)] 469757K->237688K(515072K), 0.0033560 secs] [Times: user=0.03 sys=0.00, real=0.01 secs] 
177.584: [GC [PSYoungGen: 239886K->6925K(243712K)] 470136K->237287K(515584K), 0.0049550 secs] [Times: user=0.03 sys=0.00, real=0.01 secs] 
179.874: [GC [PSYoungGen: 239319K->6671K(244224K)] 469681K->237041K(516096K), 0.0058270 secs] [Times: user=0.03 sys=0.00, real=0.00 secs] 
182.143: [GC [PSYoungGen: 240014K->6411K(244224K)] 470384K->236829K(516096K), 0.0035750 secs] [Times: user=0.03 sys=0.00, real=0.01 secs] 
184.370: [GC [PSYoungGen: 239762K->7390K(244736K)] 470180K->237816K(516608K), 0.0058800 secs] [Times: user=0.03 sys=0.00, real=0.01 secs] 
186.652: [GC [PSYoungGen: 241335K->6552K(244736K)] 471761K->237074K(516608K), 0.0058760 secs] [Times: user=0.03 sys=0.00, real=0.01 secs] 
188.823: [GC [PSYoungGen: 240307K->6684K(245248K)] 470829K->237627K(517120K), 0.0047680 secs] [Times: user=0.03 sys=0.00, real=0.01 secs] 
191.033: [GC [PSYoungGen: 241667K->5673K(245248K)] 472609K->236647K(517120K), 0.0052080 secs] [Times: user=0.03 sys=0.01, real=0.01 secs] 
193.281: [GC [PSYoungGen: 240646K->6353K(245760K)] 471620K->237344K(517632K), 0.0051400 secs] [Times: user=0.03 sys=0.00, real=0.01 secs] 
195.487: [GC [PSYoungGen: 242208K->5789K(245760K)] 473468K->237057K(517632K), 0.0047790 secs] [Times: user=0.03 sys=0.01, real=0.00 secs] 
197.781: [GC [PSYoungGen: 241821K->4660K(246272K)] 475225K->238072K(518144K), 0.0037830 secs] [Times: user=0.03 sys=0.00, real=0.00 secs] 
200.063: [GC [PSYoungGen: 241662K->6161K(246272K)] 475073K->239685K(518144K), 0.0046650 secs] [Times: user=0.02 sys=0.00, real=0.01 secs] 
202.321: [GC [PSYoungGen: 243079K->5728K(246272K)] 476603K->239672K(518144K), 0.0052820 secs] [Times: user=0.03 sys=0.01, real=0.01 secs] 
204.636: [GC [PSYoungGen: 243634K->5227K(246784K)] 477847K->239481K(518656K), 0.0052910 secs] [Times: user=0.03 sys=0.00, real=0.00 secs] 
206.952: [GC [PSYoungGen: 243307K->1933K(247296K)] 485845K->244478K(519168K), 0.0056710 secs] [Times: user=0.03 sys=0.01, real=0.01 secs] 
209.271: [GC [PSYoungGen: 240525K->1981K(247808K)] 489030K->250494K(519680K), 0.0053080 secs] [Times: user=0.03 sys=0.01, real=0.01 secs] 
211.595: [GC [PSYoungGen: 240551K->6013K(248832K)] 489064K->254639K(520704K), 0.0054880 secs] [Times: user=0.03 sys=0.01, real=0.00 secs] 
213.959: [GC [PSYoungGen: 245595K->5812K(248832K)] 494490K->254755K(520704K), 0.0059740 secs] [Times: user=0.03 sys=0.00, real=0.00 secs] 
216.344: [GC [PSYoungGen: 245428K->3290K(249856K)] 498569K->256439K(521728K), 0.0045660 secs] [Times: user=0.02 sys=0.01, real=0.01 secs] 
218.639: [GC [PSYoungGen: 243826K->6486K(249856K)] 496975K->259643K(521728K), 0.0059690 secs] [Times: user=0.03 sys=0.00, real=0.00 secs] 
221.025: [GC [PSYoungGen: 246931K->5792K(250880K)] 500088K->258965K(522752K), 0.0050360 secs] [Times: user=0.03 sys=0.01, real=0.01 secs] 
223.337: [GC [PSYoungGen: 247401K->6367K(250880K)] 500709K->259683K(522752K), 0.0036420 secs] [Times: user=0.03 sys=0.00, real=0.00 secs] 
225.718: [GC [PSYoungGen: 248031K->3194K(250880K)] 504314K->259485K(522752K), 0.0030400 secs] [Times: user=0.03 sys=0.00, real=0.00 secs] 
228.097: [GC [PSYoungGen: 245370K->1688K(251392K)] 509168K->265495K(523264K), 0.0048630 secs] [Times: user=0.03 sys=0.00, real=0.00 secs] 
230.496: [GC [PSYoungGen: 243864K->2045K(251904K)] 516374K->274562K(524800K), 0.0052500 secs] [Times: user=0.03 sys=0.00, real=0.00 secs] 
232.848: [Full GC [PSYoungGen: 244620K->0K(251904K)] [ParOldGen: 272652K->134025K(297472K)] 517272K->134025K(549376K) [PSPermGen: 5285K->5285K(21504K)], 0.0344850 secs] [Times: user=0.05 sys=0.06, real=0.03 secs] 
235.242: [GC [PSYoungGen: 242688K->2154K(251904K)] 382193K->141660K(549376K), 0.0030790 secs] [Times: user=0.03 sys=0.00, real=0.00 secs] 
237.643: [GC [PSYoungGen: 244842K->1371K(252928K)] 391918K->148447K(550400K), 0.0044740 secs] [Times: user=0.03 sys=0.01, real=0.01 secs] 
240.025: [GC [PSYoungGen: 245083K->1997K(252928K)] 398341K->155255K(550400K), 0.0046420 secs] [Times: user=0.02 sys=0.01, real=0.01 secs] 
242.491: [GC [PSYoungGen: 245709K->2013K(253952K)] 407211K->163515K(551424K), 0.0059160 secs] [Times: user=0.03 sys=0.01, real=0.01 secs] 
244.928: [GC [PSYoungGen: 246749K->3687K(253952K)] 411496K->168435K(551424K), 0.0033230 secs] [Times: user=0.03 sys=0.01, real=0.00 secs] 
247.267: [GC [PSYoungGen: 248323K->5609K(254464K)] 413071K->170357K(551936K), 0.0051630 secs] [Times: user=0.03 sys=0.00, real=0.00 secs] 
249.581: [GC [PSYoungGen: 251253K->6392K(254464K)] 416001K->171140K(551936K), 0.0062580 secs] [Times: user=0.02 sys=0.01, real=0.01 secs] 
251.938: [GC [PSYoungGen: 252033K->6187K(255488K)] 416780K->170935K(552960K), 0.0043220 secs] [Times: user=0.03 sys=0.00, real=0.00 secs] 
254.272: [GC [PSYoungGen: 252416K->6488K(256000K)] 417164K->171236K(553472K), 0.0051990 secs] [Times: user=0.03 sys=0.01, real=0.01 secs] 
256.661: [GC [PSYoungGen: 252740K->4951K(257024K)] 418360K->170571K(554496K), 0.0048290 secs] [Times: user=0.03 sys=0.00, real=0.01 secs] 
259.027: [GC [PSYoungGen: 252247K->4622K(257024K)] 421154K->173529K(554496K), 0.0050920 secs] [Times: user=0.03 sys=0.00, real=0.00 secs] 
261.430: [GC [PSYoungGen: 251898K->5497K(257536K)] 420940K->174539K(555008K), 0.0046700 secs] [Times: user=0.03 sys=0.00, real=0.01 secs] 
263.847: [GC [PSYoungGen: 253817K->3489K(257536K)] 427271K->176943K(555008K), 0.0047460 secs] [Times: user=0.03 sys=0.00, real=0.00 secs] 
266.219: [GC [PSYoungGen: 251743K->6399K(257536K)] 425602K->180257K(555008K), 0.0039630 secs] [Times: user=0.02 sys=0.01, real=0.00 secs] 
268.662: [GC [PSYoungGen: 255231K->3338K(258048K)] 434771K->182878K(555520K), 0.0043960 secs] [Times: user=0.03 sys=0.00, real=0.01 secs] 
271.034: [GC [PSYoungGen: 252112K->6177K(258048K)] 431652K->185869K(555520K), 0.0057870 secs] [Times: user=0.04 sys=0.00, real=0.00 secs] 
273.518: [GC [PSYoungGen: 255501K->5246K(258560K)] 435193K->184962K(556032K), 0.0055710 secs] [Times: user=0.03 sys=0.00, real=0.00 secs] 
275.914: [GC [PSYoungGen: 254583K->5869K(259072K)] 434299K->185617K(556544K), 0.0047930 secs] [Times: user=0.02 sys=0.01, real=0.01 secs] 
278.445: [GC [PSYoungGen: 256151K->6550K(259072K)] 435899K->186314K(556544K), 0.0050050 secs] [Times: user=0.03 sys=0.00, real=0.01 secs] 
280.824: [GC [PSYoungGen: 256902K->5734K(260608K)] 436801K->185689K(558080K), 0.0059360 secs] [Times: user=0.02 sys=0.02, real=0.01 secs] 
283.296: [GC [PSYoungGen: 257126K->3178K(260608K)] 443494K->189553K(558080K), 0.0038330 secs] [Times: user=0.03 sys=0.00, real=0.00 secs] 
285.753: [GC [PSYoungGen: 254570K->1608K(260608K)] 444838K->191884K(558080K), 0.0037840 secs] [Times: user=0.03 sys=0.00, real=0.01 secs] 
288.216: [GC [PSYoungGen: 253512K->3004K(261120K)] 447417K->196917K(558592K), 0.0044230 secs] [Times: user=0.02 sys=0.00, real=0.00 secs] 
290.600: [GC [PSYoungGen: 254901K->5657K(262144K)] 448814K->199578K(559616K), 0.0063010 secs] [Times: user=0.03 sys=0.00, real=0.01 secs] 
293.049: [GC [PSYoungGen: 258489K->6550K(262144K)] 452410K->200478K(559616K), 0.0054320 secs] [Times: user=0.03 sys=0.01, real=0.01 secs] 
295.435: [GC [PSYoungGen: 259455K->5894K(263168K)] 453383K->199831K(560640K), 0.0060180 secs] [Times: user=0.03 sys=0.00, real=0.00 secs] 
297.894: [GC [PSYoungGen: 259825K->6027K(263168K)] 453762K->199979K(560640K), 0.0047550 secs] [Times: user=0.03 sys=0.00, real=0.01 secs] 
300.293: [GC [PSYoungGen: 259878K->6075K(264192K)] 453831K->200099K(561664K), 0.0035910 secs] [Times: user=0.03 sys=0.01, real=0.01 secs] 
302.804: [GC [PSYoungGen: 261025K->5323K(264192K)] 455185K->199491K(561664K), 0.0050820 secs] [Times: user=0.04 sys=0.00, real=0.01 secs] 
305.342: [GC [PSYoungGen: 260299K->1108K(265216K)] 461782K->202615K(562688K), 0.0057990 secs] [Times: user=0.03 sys=0.01, real=0.01 secs] 
307.783: [GC [PSYoungGen: 257051K->5632K(265216K)] 458557K->207162K(562688K), 0.0052940 secs] [Times: user=0.03 sys=0.00, real=0.01 secs] 
310.222: [GC [PSYoungGen: 261622K->5780K(266240K)] 463622K->207795K(563712K), 0.0048640 secs] [Times: user=0.02 sys=0.01, real=0.01 secs] 
312.680: [GC [PSYoungGen: 262804K->3598K(266240K)] 467912K->208714K(563712K), 0.0045760 secs] [Times: user=0.02 sys=0.00, real=0.00 secs] 
315.233: [GC [PSYoungGen: 260586K->5981K(267264K)] 465702K->211105K(564736K), 0.0062150 secs] [Times: user=0.02 sys=0.01, real=0.01 secs] 
317.701: [GC [PSYoungGen: 263798K->5497K(267264K)] 468921K->210628K(564736K), 0.0061710 secs] [Times: user=0.04 sys=0.00, real=0.01 secs] 
320.138: [GC [PSYoungGen: 263417K->6171K(267776K)] 468549K->211326K(565248K), 0.0037990 secs] [Times: user=0.03 sys=0.00, real=0.00 secs] 
322.652: [GC [PSYoungGen: 265237K->4229K(267776K)] 471416K->210424K(565248K), 0.0051370 secs] [Times: user=0.03 sys=0.00, real=0.01 secs] 
325.126: [GC [PSYoungGen: 263301K->4702K(267776K)] 472211K->213619K(565248K), 0.0048550 secs] [Times: user=0.03 sys=0.00, real=0.00 secs] 
327.630: [GC [PSYoungGen: 264756K->5965K(268288K)] 473674K->214899K(565760K), 0.0066270 secs] [Times: user=0.03 sys=0.01, real=0.01 secs] 
330.075: [GC [PSYoungGen: 266025K->6643K(269824K)] 474959K->215585K(567296K), 0.0056410 secs] [Times: user=0.03 sys=0.00, real=0.00 secs] 
332.659: [GC [PSYoungGen: 267716K->6591K(269824K)] 476658K->215541K(567296K), 0.0050650 secs] [Times: user=0.03 sys=0.00, real=0.00 secs] 
335.207: [GC [PSYoungGen: 267656K->5497K(270848K)] 477415K->215263K(568320K), 0.0049000 secs] [Times: user=0.03 sys=0.01, real=0.00 secs] 
337.776: [GC [PSYoungGen: 267641K->2853K(270848K)] 483652K->218873K(568320K), 0.0044870 secs] [Times: user=0.03 sys=0.00, real=0.00 secs] 
340.317: [GC [PSYoungGen: 264997K->2369K(271872K)] 488921K->226300K(569344K), 0.0054140 secs] [Times: user=0.02 sys=0.00, real=0.00 secs] 
342.823: [GC [PSYoungGen: 265517K->6360K(271872K)] 489583K->230434K(569344K), 0.0054650 secs] [Times: user=0.02 sys=0.01, real=0.01 secs] 
345.342: [GC [PSYoungGen: 269528K->4359K(272384K)] 497712K->232551K(569856K), 0.0060420 secs] [Times: user=0.03 sys=0.00, real=0.01 secs] 
347.872: [GC [PSYoungGen: 268445K->6646K(272896K)] 496637K->234846K(570368K), 0.0052090 secs] [Times: user=0.03 sys=0.01, real=0.01 secs] 
350.391: [GC [PSYoungGen: 270774K->6267K(274432K)] 499379K->234911K(571904K), 0.0045100 secs] [Times: user=0.03 sys=0.00, real=0.01 secs] 
352.948: [GC [PSYoungGen: 271483K->3536K(274432K)] 504636K->236698K(571904K), 0.0056780 secs] [Times: user=0.03 sys=0.01, real=0.01 secs] 
355.470: [GC [PSYoungGen: 268664K->6893K(275456K)] 501825K->240062K(572928K), 0.0035350 secs] [Times: user=0.03 sys=0.00, real=0.00 secs] 
358.016: [GC [PSYoungGen: 272962K->6418K(275456K)] 506131K->239595K(572928K), 0.0049990 secs] [Times: user=0.04 sys=0.00, real=0.00 secs] 
360.607: [GC [PSYoungGen: 272626K->6931K(275968K)] 505938K->240251K(573440K), 0.0044850 secs] [Times: user=0.02 sys=0.02, real=0.00 secs] 
363.295: [GC [PSYoungGen: 273683K->3386K(276480K)] 511246K->240973K(573952K), 0.0048270 secs] [Times: user=0.02 sys=0.00, real=0.00 secs] 
365.840: [GC [PSYoungGen: 270063K->6495K(277504K)] 507650K->244510K(574976K), 0.0043600 secs] [Times: user=0.00 sys=0.02, real=0.00 secs] 
368.360: [GC [PSYoungGen: 274170K->7034K(277504K)] 512185K->245065K(574976K), 0.0050950 secs] [Times: user=0.04 sys=0.00, real=0.00 secs] 
370.926: [GC [PSYoungGen: 274760K->5981K(278528K)] 512990K->244219K(576000K), 0.0049780 secs] [Times: user=0.02 sys=0.01, real=0.01 secs] 
373.574: [GC [PSYoungGen: 274781K->1547K(278528K)] 519828K->246602K(576000K), 0.0051120 secs] [Times: user=0.03 sys=0.01, real=0.00 secs] 
376.142: [GC [PSYoungGen: 270290K->5766K(279552K)] 515480K->250996K(577024K), 0.0059730 secs] [Times: user=0.03 sys=0.00, real=0.01 secs] 
378.753: [GC [PSYoungGen: 275590K->2308K(279552K)] 527510K->254235K(577024K), 0.0045110 secs] [Times: user=0.02 sys=0.01, real=0.01 secs] 
380.356: [GC [PSYoungGen: 272129K->6000K(280576K)] 524057K->257952K(578048K), 0.0031670 secs] [Times: user=0.02 sys=0.00, real=0.00 secs] 
382.429: [GC [PSYoungGen: 276783K->6212K(280576K)] 528735K->258244K(578048K), 0.0051300 secs] [Times: user=0.03 sys=0.01, real=0.01 secs] 
384.984: [GC [PSYoungGen: 276959K->6070K(281600K)] 528991K->258182K(579072K), 0.0049300 secs] [Times: user=0.01 sys=0.03, real=0.01 secs] 
387.572: [GC [PSYoungGen: 277902K->5760K(281600K)] 530014K->257880K(579072K), 0.0049200 secs] [Times: user=0.03 sys=0.01, real=0.01 secs] 
390.158: [GC [PSYoungGen: 277540K->5673K(282112K)] 529660K->257857K(579584K), 0.0050350 secs] [Times: user=0.03 sys=0.00, real=0.00 secs] 
392.879: [GC [PSYoungGen: 278560K->5940K(282112K)] 531014K->258401K(579584K), 0.0059130 secs] [Times: user=0.03 sys=0.01, real=0.00 secs] 
395.511: [GC [PSYoungGen: 278836K->4137K(282112K)] 534601K->259911K(579584K), 0.0047060 secs] [Times: user=0.03 sys=0.00, real=0.01 secs] 
398.191: [GC [PSYoungGen: 278016K->6495K(282624K)] 533789K->262276K(580096K), 0.0049080 secs] [Times: user=0.03 sys=0.00, real=0.01 secs] 
400.833: [GC [PSYoungGen: 280357K->6527K(284160K)] 536139K->262324K(581632K), 0.0060710 secs] [Times: user=0.03 sys=0.00, real=0.01 secs] 
403.490: [GC [PSYoungGen: 281465K->5869K(284160K)] 537532K->262127K(581632K), 0.0050080 secs] [Times: user=0.03 sys=0.00, real=0.01 secs] 
406.213: [GC [PSYoungGen: 280813K->1910K(284160K)] 543260K->264365K(581632K), 0.0054420 secs] [Times: user=0.03 sys=0.00, real=0.01 secs] 
408.879: [GC [PSYoungGen: 277366K->2465K(284672K)] 544120K->269227K(582144K), 0.0049190 secs] [Times: user=0.03 sys=0.00, real=0.00 secs] 
411.568: [GC [PSYoungGen: 277822K->6004K(285696K)] 544719K->272925K(583168K), 0.0045880 secs] [Times: user=0.02 sys=0.01, real=0.00 secs] 
414.206: [GC [PSYoungGen: 282484K->2789K(285696K)] 554536K->274857K(583168K), 0.0045660 secs] [Times: user=0.03 sys=0.00, real=0.00 secs] 
416.807: [GC [PSYoungGen: 279149K->5301K(286720K)] 551217K->277392K(584192K), 0.0049560 secs] [Times: user=0.03 sys=0.00, real=0.00 secs] 
419.990: [GC [PSYoungGen: 282805K->224K(286720K)] 554896K->272387K(584192K), 0.0045790 secs] [Times: user=0.03 sys=0.00, real=0.01 secs] 
Heap
 PSYoungGen      total 286720K, used 34583K [0x00000000eaa80000, 0x00000000fcc80000, 0x0000000100000000)
  eden space 277504K, 12% used [0x00000000eaa80000,0x00000000ecc0de88,0x00000000fb980000)
  from space 9216K, 2% used [0x00000000fb980000,0x00000000fb9b8020,0x00000000fc280000)
  to   space 9216K, 0% used [0x00000000fc380000,0x00000000fc380000,0x00000000fcc80000)
 ParOldGen       total 297472K, used 272163K [0x00000000c0000000, 0x00000000d2280000, 0x00000000eaa80000)
  object space 297472K, 91% used [0x00000000c0000000,0x00000000d09c8ea8,0x00000000d2280000)
 PSPermGen       total 21504K, used 12246K [0x00000000bae00000, 0x00000000bc300000, 0x00000000c0000000)
  object space 21504K, 56% used [0x00000000bae00000,0x00000000bb9f5800,0x00000000bc300000)
