53.538: [GC [PSYoungGen: 10579K->3715K(35840K)] 10579K->3723K(116224K), 0.0093370 secs] [Times: user=0.02 sys=0.05, real=0.01 secs] 
53.547: [Full GC [PSYoungGen: 3715K->0K(35840K)] [ParOldGen: 8K->3139K(80384K)] 3723K->3139K(116224K) [PSPermGen: 5166K->5165K(21504K)], 0.0231410 secs] [Times: user=0.08 sys=0.06, real=0.03 secs] 
53.571: [GC [PSYoungGen: 0K->0K(35840K)] 3139K->3139K(116224K), 0.0031600 secs] [Times: user=0.00 sys=0.02, real=0.00 secs] 
53.574: [Full GC [PSYoungGen: 0K->0K(35840K)] [ParOldGen: 3139K->3139K(80384K)] 3139K->3139K(116224K) [PSPermGen: 5165K->5165K(21504K)], 0.0139850 secs] [Times: user=0.02 sys=0.04, real=0.01 secs] 
53.684: [GC [PSYoungGen: 28987K->4576K(35840K)] 32126K->29925K(116224K), 0.0137570 secs] [Times: user=0.17 sys=0.06, real=0.01 secs] 
53.706: [GC [PSYoungGen: 35642K->4448K(67072K)] 60991K->60757K(147456K), 0.0183100 secs] [Times: user=0.24 sys=0.11, real=0.02 secs] 
53.725: [Full GC [PSYoungGen: 4448K->0K(67072K)] [ParOldGen: 56309K->59435K(139264K)] 60757K->59435K(206336K) [PSPermGen: 5187K->5187K(21504K)], 0.0354550 secs] [Times: user=0.37 sys=0.04, real=0.04 secs] 
53.821: [GC [PSYoungGen: 62060K->3472K(67072K)] 121495K->121388K(206336K), 0.0291050 secs] [Times: user=0.25 sys=0.35, real=0.03 secs] 
53.850: [Full GC [PSYoungGen: 3472K->0K(67072K)] [ParOldGen: 117916K->121353K(243712K)] 121388K->121353K(310784K) [PSPermGen: 5187K->5187K(21504K)], 0.0289500 secs] [Times: user=0.18 sys=0.07, real=0.03 secs] 
54.484: [GC [PSYoungGen: 62447K->4600K(101376K)] 184071K->144353K(345088K), 0.0285320 secs] [Times: user=0.53 sys=0.09, real=0.03 secs] 
55.483: [GC [PSYoungGen: 101368K->4600K(106496K)] 246976K->161813K(350208K), 0.0166000 secs] [Times: user=0.23 sys=0.05, real=0.02 secs] 
56.578: [GC [PSYoungGen: 106488K->624K(163840K)] 272468K->166604K(407552K), 0.0041760 secs] [Times: user=0.02 sys=0.01, real=0.01 secs] 
57.863: [GC [PSYoungGen: 143984K->5686K(163840K)] 310163K->171865K(407552K), 0.0090380 secs] [Times: user=0.14 sys=0.00, real=0.01 secs] 
59.319: [GC [PSYoungGen: 149046K->3884K(194048K)] 320747K->175584K(437760K), 0.0045490 secs] [Times: user=0.04 sys=0.00, real=0.00 secs] 
61.099: [GC [PSYoungGen: 188484K->6251K(203264K)] 360454K->178221K(446976K), 0.0240130 secs] [Times: user=0.35 sys=0.11, real=0.02 secs] 
62.940: [GC [PSYoungGen: 191083K->4233K(218112K)] 367164K->180315K(461824K), 0.0037670 secs] [Times: user=0.02 sys=0.02, real=0.00 secs] 
65.016: [GC [PSYoungGen: 211067K->1560K(223744K)] 396870K->187363K(467456K), 0.0054520 secs] [Times: user=0.04 sys=0.00, real=0.01 secs] 
66.981: [GC [PSYoungGen: 208400K->5734K(233472K)] 394877K->192211K(477184K), 0.0064270 secs] [Times: user=0.05 sys=0.02, real=0.00 secs] 
69.128: [GC [PSYoungGen: 228454K->2821K(238080K)] 419231K->193599K(481792K), 0.0049560 secs] [Times: user=0.01 sys=0.02, real=0.01 secs] 
71.298: [GC [PSYoungGen: 225541K->4178K(244736K)] 419892K->198529K(488448K), 0.0044320 secs] [Times: user=0.02 sys=0.00, real=0.00 secs] 
73.510: [GC [PSYoungGen: 237646K->6472K(247808K)] 432195K->201021K(491520K), 0.0054600 secs] [Times: user=0.04 sys=0.01, real=0.00 secs] 
75.808: [GC [PSYoungGen: 239937K->1220K(252928K)] 443090K->204373K(496640K), 0.0046780 secs] [Times: user=0.03 sys=0.00, real=0.01 secs] 
78.078: [GC [PSYoungGen: 241726K->6893K(254464K)] 444879K->210045K(498176K), 0.0037510 secs] [Times: user=0.02 sys=0.01, real=0.00 secs] 
80.308: [GC [PSYoungGen: 247454K->6735K(256000K)] 450876K->210157K(499712K), 0.0047880 secs] [Times: user=0.00 sys=0.03, real=0.01 secs] 
82.724: [GC [PSYoungGen: 250447K->2616K(257024K)] 459576K->211809K(500736K), 0.0044710 secs] [Times: user=0.03 sys=0.00, real=0.00 secs] 
85.094: [Full GC [PSYoungGen: 246328K->0K(257024K)] [ParOldGen: 214208K->133825K(258560K)] 460536K->133825K(515584K) [PSPermGen: 5252K->5252K(21504K)], 0.0399360 secs] [Times: user=0.16 sys=0.01, real=0.04 secs] 
87.530: [GC [PSYoungGen: 243712K->608K(259072K)] 386017K->142914K(517632K), 0.0027470 secs] [Times: user=0.02 sys=0.00, real=0.00 secs] 
89.901: [GC [PSYoungGen: 246880K->2821K(259072K)] 394956K->150897K(517632K), 0.0045390 secs] [Times: user=0.02 sys=0.01, real=0.00 secs] 
92.234: [GC [PSYoungGen: 249055K->6899K(260608K)] 397131K->154975K(519168K), 0.0047970 secs] [Times: user=0.03 sys=0.01, real=0.01 secs] 
94.649: [GC [PSYoungGen: 255146K->5990K(261120K)] 403222K->154066K(519680K), 0.0047250 secs] [Times: user=0.02 sys=0.00, real=0.01 secs] 
96.992: [GC [PSYoungGen: 254287K->5956K(261632K)] 402427K->154096K(520192K), 0.0046850 secs] [Times: user=0.02 sys=0.01, real=0.00 secs] 
99.454: [GC [PSYoungGen: 256324K->3107K(262144K)] 408115K->154898K(520704K), 0.0037680 secs] [Times: user=0.02 sys=0.00, real=0.00 secs] 
101.880: [GC [PSYoungGen: 253474K->5766K(262656K)] 405265K->157558K(521216K), 0.0036140 secs] [Times: user=0.03 sys=0.00, real=0.00 secs] 
104.250: [GC [PSYoungGen: 257578K->5378K(263168K)] 409774K->157574K(521728K), 0.0031970 secs] [Times: user=0.03 sys=0.01, real=0.01 secs] 
106.710: [GC [PSYoungGen: 257282K->1903K(263680K)] 415646K->160267K(522240K), 0.0047310 secs] [Times: user=0.02 sys=0.00, real=0.01 secs] 
109.051: [GC [PSYoungGen: 254831K->4576K(263680K)] 414905K->164650K(522240K), 0.0048280 secs] [Times: user=0.03 sys=0.00, real=0.00 secs] 
111.475: [GC [PSYoungGen: 257405K->5878K(264192K)] 417479K->165952K(522752K), 0.0050100 secs] [Times: user=0.02 sys=0.00, real=0.01 secs] 
113.825: [GC [PSYoungGen: 259772K->6091K(264192K)] 420250K->166569K(522752K), 0.0043880 secs] [Times: user=0.02 sys=0.01, real=0.00 secs] 
116.291: [GC [PSYoungGen: 260043K->2227K(265216K)] 427346K->169531K(523776K), 0.0049280 secs] [Times: user=0.02 sys=0.00, real=0.00 secs] 
118.724: [GC [PSYoungGen: 257149K->6637K(265216K)] 424857K->174344K(523776K), 0.0045450 secs] [Times: user=0.03 sys=0.00, real=0.00 secs] 
121.141: [GC [PSYoungGen: 261613K->4434K(265216K)] 431803K->174625K(523776K), 0.0037810 secs] [Times: user=0.02 sys=0.01, real=0.00 secs] 
123.601: [GC [PSYoungGen: 260386K->6260K(265728K)] 430641K->176555K(524288K), 0.0059480 secs] [Times: user=0.02 sys=0.01, real=0.00 secs] 
126.116: [GC [PSYoungGen: 262260K->3559K(266752K)] 437424K->178747K(525312K), 0.0052380 secs] [Times: user=0.02 sys=0.00, real=0.01 secs] 
128.584: [GC [PSYoungGen: 260583K->4590K(266752K)] 440811K->185048K(525312K), 0.0046240 secs] [Times: user=0.04 sys=0.00, real=0.00 secs] 
131.003: [GC [PSYoungGen: 261610K->5766K(267264K)] 442822K->186987K(525824K), 0.0056720 secs] [Times: user=0.03 sys=0.00, real=0.00 secs] 
133.503: [GC [PSYoungGen: 263814K->2956K(267264K)] 449455K->188605K(525824K), 0.0046260 secs] [Times: user=0.03 sys=0.00, real=0.00 secs] 
135.924: [GC [PSYoungGen: 260925K->6363K(268288K)] 446574K->192052K(526848K), 0.0047620 secs] [Times: user=0.03 sys=0.00, real=0.00 secs] 
138.337: [GC [PSYoungGen: 265422K->5878K(268288K)] 451310K->191774K(526848K), 0.0050690 secs] [Times: user=0.02 sys=0.01, real=0.01 secs] 
140.823: [GC [PSYoungGen: 264950K->3440K(269312K)] 455450K->193948K(527872K), 0.0058020 secs] [Times: user=0.04 sys=0.00, real=0.00 secs] 
143.313: [GC [PSYoungGen: 263536K->3280K(269312K)] 459282K->199066K(527872K), 0.0040160 secs] [Times: user=0.03 sys=0.00, real=0.00 secs] 
145.713: [GC [PSYoungGen: 263319K->7573K(269824K)] 459105K->203367K(528384K), 0.0049250 secs] [Times: user=0.01 sys=0.02, real=0.00 secs] 
148.221: [GC [PSYoungGen: 268082K->7557K(270336K)] 463876K->203375K(528896K), 0.0060390 secs] [Times: user=0.03 sys=0.01, real=0.00 secs] 
150.704: [GC [PSYoungGen: 268036K->7557K(271360K)] 463854K->203383K(529920K), 0.0046170 secs] [Times: user=0.01 sys=0.02, real=0.00 secs] 
153.178: [GC [PSYoungGen: 268656K->7240K(271872K)] 464482K->203090K(530432K), 0.0052890 secs] [Times: user=0.03 sys=0.01, real=0.00 secs] 
155.727: [GC [PSYoungGen: 268245K->5798K(271872K)] 464499K->202211K(530432K), 0.0045860 secs] [Times: user=0.03 sys=0.00, real=0.01 secs] 
158.232: [GC [PSYoungGen: 267942K->2908K(272384K)] 470490K->205480K(530944K), 0.0044950 secs] [Times: user=0.03 sys=0.00, real=0.00 secs] 
160.672: [GC [PSYoungGen: 264941K->5940K(273408K)] 468052K->209479K(531968K), 0.0043740 secs] [Times: user=0.02 sys=0.00, real=0.00 secs] 
163.191: [GC [PSYoungGen: 269108K->3424K(273408K)] 475516K->209849K(531968K), 0.0035370 secs] [Times: user=0.02 sys=0.00, real=0.00 secs] 
165.668: [GC [PSYoungGen: 266574K->6225K(273408K)] 472998K->212666K(531968K), 0.0046640 secs] [Times: user=0.02 sys=0.01, real=0.01 secs] 
168.140: [GC [PSYoungGen: 270200K->6716K(273920K)] 476640K->213165K(532480K), 0.0048170 secs] [Times: user=0.02 sys=0.00, real=0.00 secs] 
170.641: [GC [PSYoungGen: 270825K->6328K(274432K)] 477677K->213205K(532992K), 0.0054760 secs] [Times: user=0.02 sys=0.01, real=0.00 secs] 
173.207: [GC [PSYoungGen: 271544K->1997K(274944K)] 483802K->214262K(533504K), 0.0045070 secs] [Times: user=0.02 sys=0.01, real=0.01 secs] 
175.726: [GC [PSYoungGen: 267123K->6264K(276480K)] 479388K->218538K(535040K), 0.0052080 secs] [Times: user=0.04 sys=0.00, real=0.01 secs] 
178.942: [GC [PSYoungGen: 272452K->5798K(276480K)] 484790K->218176K(535040K), 0.0031900 secs] [Times: user=0.03 sys=0.00, real=0.00 secs] 
181.592: [GC [PSYoungGen: 272038K->1284K(276480K)] 493281K->222591K(535040K), 0.0029720 secs] [Times: user=0.02 sys=0.00, real=0.00 secs] 
184.163: [GC [PSYoungGen: 267975K->5600K(276992K)] 489552K->227604K(535552K), 0.0049930 secs] [Times: user=0.02 sys=0.01, real=0.00 secs] 
186.794: [GC [PSYoungGen: 272352K->2481K(277504K)] 502848K->233002K(536064K), 0.0050280 secs] [Times: user=0.04 sys=0.00, real=0.01 secs] 
189.478: [GC [PSYoungGen: 270253K->1220K(277504K)] 509401K->240384K(536064K), 0.0051810 secs] [Times: user=0.02 sys=0.01, real=0.00 secs] 
192.082: [GC [PSYoungGen: 268996K->1275K(278528K)] 516270K->248556K(537088K), 0.0056620 secs] [Times: user=0.02 sys=0.00, real=0.00 secs] 
194.553: [GC [PSYoungGen: 270000K->5472K(278528K)] 517686K->253166K(537088K), 0.0047750 secs] [Times: user=0.03 sys=0.01, real=0.01 secs] 
197.182: [GC [PSYoungGen: 274272K->1528K(279552K)] 530598K->257879K(538112K), 0.0036730 secs] [Times: user=0.03 sys=0.00, real=0.00 secs] 
199.784: [GC [PSYoungGen: 271299K->5462K(279552K)] 528118K->262289K(538112K), 0.0050660 secs] [Times: user=0.03 sys=0.00, real=0.00 secs] 
202.443: [Full GC [PSYoungGen: 275286K->0K(279552K)] [ParOldGen: 264499K->134496K(284672K)] 539786K->134496K(564224K) [PSPermGen: 5284K->5284K(21504K)], 0.0207030 secs] [Times: user=0.06 sys=0.03, real=0.02 secs] 
205.130: [GC [PSYoungGen: 269824K->1464K(280576K)] 412629K->144270K(565248K), 0.0045500 secs] [Times: user=0.03 sys=0.00, real=0.00 secs] 
207.726: [GC [PSYoungGen: 272311K->1060K(280576K)] 422854K->151603K(565248K), 0.0046880 secs] [Times: user=0.03 sys=0.01, real=0.01 secs] 
210.383: [GC [PSYoungGen: 271908K->2369K(280576K)] 429045K->159506K(565248K), 0.0047840 secs] [Times: user=0.03 sys=0.01, real=0.00 secs] 
213.003: [GC [PSYoungGen: 274236K->5663K(281088K)] 431373K->162800K(565760K), 0.0048260 secs] [Times: user=0.03 sys=0.00, real=0.00 secs] 
215.667: [GC [PSYoungGen: 277328K->5506K(282624K)] 434465K->162643K(567296K), 0.0071730 secs] [Times: user=0.07 sys=0.01, real=0.01 secs] 
218.211: [GC [PSYoungGen: 278373K->5899K(282624K)] 435510K->163035K(567296K), 0.0049690 secs] [Times: user=0.02 sys=0.02, real=0.00 secs] 
220.773: [GC [PSYoungGen: 278744K->6294K(283136K)] 436150K->163700K(567808K), 0.0047280 secs] [Times: user=0.02 sys=0.00, real=0.01 secs] 
223.427: [GC [PSYoungGen: 279702K->3701K(283648K)] 440426K->164425K(568320K), 0.0034130 secs] [Times: user=0.02 sys=0.00, real=0.01 secs] 
226.004: [GC [PSYoungGen: 276868K->6312K(284160K)] 437593K->167036K(568832K), 0.0056770 secs] [Times: user=0.02 sys=0.02, real=0.01 secs] 
228.585: [GC [PSYoungGen: 280728K->4759K(284160K)] 441920K->165952K(568832K), 0.0047300 secs] [Times: user=0.03 sys=0.00, real=0.00 secs] 
231.273: [GC [PSYoungGen: 279191K->1172K(285184K)] 448747K->170728K(569856K), 0.0032900 secs] [Times: user=0.02 sys=0.01, real=0.00 secs] 
233.890: [GC [PSYoungGen: 276628K->2735K(285184K)] 452002K->178108K(569856K), 0.0043960 secs] [Times: user=0.03 sys=0.00, real=0.00 secs] 
236.484: [GC [PSYoungGen: 278166K->5846K(285184K)] 453540K->181220K(569856K), 0.0047370 secs] [Times: user=0.01 sys=0.01, real=0.00 secs] 
239.037: [GC [PSYoungGen: 281805K->5702K(285696K)] 457313K->181211K(570368K), 0.0043790 secs] [Times: user=0.03 sys=0.00, real=0.01 secs] 
241.687: [GC [PSYoungGen: 281670K->3473K(285696K)] 460243K->182045K(570368K), 0.0035850 secs] [Times: user=0.02 sys=0.00, real=0.01 secs] 
244.363: [GC [PSYoungGen: 280359K->6322K(286208K)] 458932K->184934K(570880K), 0.0040690 secs] [Times: user=0.02 sys=0.01, real=0.00 secs] 
247.027: [GC [PSYoungGen: 283300K->6584K(287744K)] 462047K->185340K(572416K), 0.0294380 secs] [Times: user=0.43 sys=0.10, real=0.03 secs] 
249.695: [GC [PSYoungGen: 284600K->2632K(287744K)] 469046K->187086K(572416K), 0.0055580 secs] [Times: user=0.02 sys=0.00, real=0.01 secs] 
252.322: [GC [PSYoungGen: 280640K->6559K(288768K)] 465094K->191029K(573440K), 0.0047090 secs] [Times: user=0.04 sys=0.00, real=0.00 secs] 
254.940: [GC [PSYoungGen: 286106K->6347K(289280K)] 470576K->190825K(573952K), 0.0056450 secs] [Times: user=0.03 sys=0.01, real=0.00 secs] 
257.619: [GC [PSYoungGen: 285892K->5737K(290304K)] 470639K->190492K(574976K), 0.0046370 secs] [Times: user=0.03 sys=0.00, real=0.00 secs] 
260.314: [GC [PSYoungGen: 286825K->2917K(290816K)] 477192K->193293K(575488K), 0.0057860 secs] [Times: user=0.03 sys=0.00, real=0.01 secs] 
262.957: [GC [PSYoungGen: 283767K->6292K(292352K)] 474142K->196723K(577024K), 0.0043170 secs] [Times: user=0.03 sys=0.01, real=0.01 secs] 
265.609: [GC [PSYoungGen: 288850K->6408K(292352K)] 479282K->196856K(577024K), 0.0051390 secs] [Times: user=0.02 sys=0.01, real=0.01 secs] 
268.260: [GC [PSYoungGen: 289011K->6646K(293376K)] 479593K->197236K(578048K), 0.0063610 secs] [Times: user=0.00 sys=0.03, real=0.00 secs] 
271.028: [GC [PSYoungGen: 290294K->1965K(293888K)] 488114K->199825K(578560K), 0.0044020 secs] [Times: user=0.03 sys=0.00, real=0.01 secs] 
273.784: [GC [PSYoungGen: 285613K->4130K(293888K)] 486884K->205442K(578560K), 0.0041080 secs] [Times: user=0.02 sys=0.00, real=0.00 secs] 
276.511: [GC [PSYoungGen: 288774K->6954K(294400K)] 490085K->208306K(579072K), 0.0054250 secs] [Times: user=0.04 sys=0.00, real=0.00 secs] 
279.179: [GC [PSYoungGen: 291439K->6196K(295936K)] 492791K->207555K(580608K), 0.0050890 secs] [Times: user=0.04 sys=0.00, real=0.00 secs] 
281.883: [GC [PSYoungGen: 291888K->6075K(295936K)] 493454K->207697K(580608K), 0.0046860 secs] [Times: user=0.03 sys=0.01, real=0.00 secs] 
284.644: [GC [PSYoungGen: 291771K->1410K(295936K)] 499667K->209727K(580608K), 0.0029400 secs] [Times: user=0.02 sys=0.01, real=0.00 secs] 
287.384: [GC [PSYoungGen: 287618K->2805K(296448K)] 501633K->216829K(581120K), 0.0046700 secs] [Times: user=0.02 sys=0.00, real=0.00 secs] 
290.081: [GC [PSYoungGen: 289007K->5520K(296448K)] 503173K->219741K(581120K), 0.0031090 secs] [Times: user=0.02 sys=0.01, real=0.00 secs] 
292.842: [GC [PSYoungGen: 292752K->3495K(296960K)] 511108K->221860K(581632K), 0.0063580 secs] [Times: user=0.02 sys=0.01, real=0.00 secs] 
295.595: [GC [PSYoungGen: 290727K->1672K(297984K)] 514419K->225373K(582656K), 0.0052810 secs] [Times: user=0.04 sys=0.00, real=0.01 secs] 
298.302: [GC [PSYoungGen: 289689K->5949K(297984K)] 513389K->229658K(582656K), 0.0049800 secs] [Times: user=0.03 sys=0.01, real=0.00 secs] 
301.031: [GC [PSYoungGen: 294195K->5798K(299008K)] 518038K->229665K(583680K), 0.0045700 secs] [Times: user=0.02 sys=0.00, real=0.00 secs] 
303.887: [GC [PSYoungGen: 295078K->2465K(299008K)] 526680K->234083K(583680K), 0.0049930 secs] [Times: user=0.02 sys=0.01, real=0.01 secs] 
306.694: [GC [PSYoungGen: 291658K->4951K(299008K)] 524085K->237385K(583680K), 0.0046560 secs] [Times: user=0.03 sys=0.00, real=0.01 secs] 
309.434: [GC [PSYoungGen: 295255K->3569K(299520K)] 530685K->239007K(584192K), 0.0047390 secs] [Times: user=0.03 sys=0.01, real=0.01 secs] 
312.166: [GC [PSYoungGen: 293830K->5182K(299520K)] 529673K->241048K(584192K), 0.0052170 secs] [Times: user=0.02 sys=0.01, real=0.01 secs] 
314.945: [GC [PSYoungGen: 296510K->2433K(300032K)] 537266K->243213K(584704K), 0.0046510 secs] [Times: user=0.02 sys=0.00, real=0.00 secs] 
317.767: [GC [PSYoungGen: 293761K->2077K(301056K)] 541397K->249753K(585728K), 0.0050270 secs] [Times: user=0.03 sys=0.00, real=0.01 secs] 
320.566: [GC [PSYoungGen: 294429K->2497K(301056K)] 546862K->254939K(585728K), 0.0045040 secs] [Times: user=0.03 sys=0.00, real=0.01 secs] 
323.323: [GC [PSYoungGen: 294651K->6331K(301568K)] 547093K->258780K(586240K), 0.0050190 secs] [Times: user=0.02 sys=0.02, real=0.00 secs] 
326.076: [GC [PSYoungGen: 299119K->6209K(302080K)] 551568K->258707K(586752K), 0.0052210 secs] [Times: user=0.03 sys=0.00, real=0.01 secs] 
328.817: [GC [PSYoungGen: 298977K->6139K(302592K)] 551475K->258660K(587264K), 0.0046300 secs] [Times: user=0.03 sys=0.00, real=0.01 secs] 
331.574: [GC [PSYoungGen: 299458K->5965K(303104K)] 551980K->258495K(587776K), 0.0072580 secs] [Times: user=0.03 sys=0.00, real=0.01 secs] 
334.425: [GC [PSYoungGen: 299319K->7041K(304128K)] 551849K->259627K(588800K), 0.0054030 secs] [Times: user=0.04 sys=0.01, real=0.01 secs] 
337.299: [GC [PSYoungGen: 301204K->6123K(304128K)] 553790K->258764K(588800K), 0.0051180 secs] [Times: user=0.02 sys=0.01, real=0.00 secs] 
340.090: [GC [PSYoungGen: 300519K->4948K(305152K)] 553898K->258352K(589824K), 0.0055970 secs] [Times: user=0.03 sys=0.00, real=0.00 secs] 
342.927: [GC [PSYoungGen: 300372K->2433K(305152K)] 559714K->261798K(589824K), 0.0032690 secs] [Times: user=0.03 sys=0.00, real=0.01 secs] 
345.715: [GC [PSYoungGen: 297852K->5330K(305152K)] 557424K->264910K(589824K), 0.0033990 secs] [Times: user=0.03 sys=0.01, real=0.01 secs] 
348.560: [GC [PSYoungGen: 301778K->1759K(305664K)] 567477K->267475K(590336K), 0.0031520 secs] [Times: user=0.02 sys=0.01, real=0.00 secs] 
351.395: [GC [PSYoungGen: 298120K->6383K(306176K)] 564240K->272535K(590848K), 0.0059430 secs] [Times: user=0.02 sys=0.00, real=0.01 secs] 
354.258: [GC [PSYoungGen: 303343K->1830K(306688K)] 575335K->273831K(591360K), 0.0029600 secs] [Times: user=0.02 sys=0.01, real=0.00 secs] 
357.052: [GC [PSYoungGen: 298679K->5538K(307712K)] 570679K->277611K(592384K), 0.0048420 secs] [Times: user=0.02 sys=0.01, real=0.00 secs] 
359.832: [GC [PSYoungGen: 303408K->6344K(307712K)] 575481K->278449K(592384K), 0.0086740 secs] [Times: user=0.03 sys=0.01, real=0.01 secs] 
362.680: [GC [PSYoungGen: 304307K->5766K(308736K)] 576547K->278022K(593408K), 0.0043470 secs] [Times: user=0.03 sys=0.01, real=0.00 secs] 
365.592: [GC [PSYoungGen: 304774K->1743K(308736K)] 582220K->279237K(593408K), 0.0033110 secs] [Times: user=0.03 sys=0.00, real=0.00 secs] 
368.454: [GC [PSYoungGen: 300751K->3036K(309760K)] 584854K->287147K(594432K), 0.0067600 secs] [Times: user=0.03 sys=0.00, real=0.01 secs] 
371.265: [GC [PSYoungGen: 303067K->4971K(309760K)] 587995K->289908K(594944K), 0.0039680 secs] [Times: user=0.03 sys=0.00, real=0.00 secs] 
374.149: [GC [PSYoungGen: 305003K->2298K(310272K)] 595170K->292473K(600576K), 0.0028820 secs] [Times: user=0.03 sys=0.00, real=0.01 secs] 
376.970: [GC [PSYoungGen: 303331K->6614K(310272K)] 593506K->296796K(600576K), 0.0055610 secs] [Times: user=0.04 sys=0.01, real=0.01 secs] 
379.806: [GC [PSYoungGen: 307536K->6173K(311808K)] 597719K->296364K(602112K), 0.0056150 secs] [Times: user=0.04 sys=0.00, real=0.01 secs] 
382.654: [GC [PSYoungGen: 308226K->5869K(311808K)] 598686K->296337K(602624K), 0.0115290 secs] [Times: user=0.06 sys=0.01, real=0.01 secs] 
385.519: [Full GC [PSYoungGen: 307949K->0K(311808K)] [ParOldGen: 293317K->133744K(341504K)] 601267K->133744K(653312K) [PSPermGen: 5292K->5292K(21504K)], 0.0238280 secs] [Times: user=0.08 sys=0.01, real=0.02 secs] 
388.358: [GC [PSYoungGen: 302002K->6043K(313344K)] 435747K->139788K(654848K), 0.0053980 secs] [Times: user=0.02 sys=0.01, real=0.01 secs] 
391.237: [GC [PSYoungGen: 309607K->5529K(313344K)] 443352K->139274K(654848K), 0.0038790 secs] [Times: user=0.03 sys=0.01, real=0.01 secs] 
394.160: [GC [PSYoungGen: 309040K->5728K(313856K)] 442785K->139472K(655360K), 0.0046560 secs] [Times: user=0.02 sys=0.01, real=0.00 secs] 
397.092: [GC [PSYoungGen: 310837K->5915K(314368K)] 444851K->139929K(655872K), 0.0060850 secs] [Times: user=0.03 sys=0.01, real=0.01 secs] 
400.011: [GC [PSYoungGen: 311067K->2965K(315904K)] 448050K->139949K(657408K), 0.0047170 secs] [Times: user=0.03 sys=0.01, real=0.00 secs] 
402.945: [GC [PSYoungGen: 309653K->2725K(315904K)] 451731K->144803K(657408K), 0.0027650 secs] [Times: user=0.02 sys=0.00, real=0.00 secs] 
405.812: [GC [PSYoungGen: 309302K->6479K(317440K)] 451379K->148557K(658944K), 0.0046690 secs] [Times: user=0.00 sys=0.03, real=0.00 secs] 
408.718: [GC [PSYoungGen: 314703K->5963K(317440K)] 457185K->148445K(658944K), 0.0049640 secs] [Times: user=0.03 sys=0.00, real=0.01 secs] 
411.711: [GC [PSYoungGen: 314187K->1291K(318464K)] 465269K->152373K(659968K), 0.0046500 secs] [Times: user=0.03 sys=0.00, real=0.00 secs] 
414.687: [GC [PSYoungGen: 310539K->1592K(318976K)] 467771K->158824K(660480K), 0.0029520 secs] [Times: user=0.03 sys=0.01, real=0.01 secs] 
417.593: [GC [PSYoungGen: 310814K->5949K(320512K)] 468046K->163181K(662016K), 0.0056840 secs] [Times: user=0.05 sys=0.00, real=0.01 secs] 
Heap
 PSYoungGen      total 320512K, used 305909K [0x00000000d8b00000, 0x00000000ecd80000, 0x0000000100000000)
  eden space 310784K, 96% used [0x00000000d8b00000,0x00000000eafee140,0x00000000eba80000)
  from space 9728K, 61% used [0x00000000ec400000,0x00000000ec9cf668,0x00000000ecd80000)
  to   space 9728K, 0% used [0x00000000eba80000,0x00000000eba80000,0x00000000ec400000)
 ParOldGen       total 341504K, used 157231K [0x000000008a200000, 0x000000009ef80000, 0x00000000d8b00000)
  object space 341504K, 46% used [0x000000008a200000,0x0000000093b8bf40,0x000000009ef80000)
 PSPermGen       total 21504K, used 12241K [0x0000000085000000, 0x0000000086500000, 0x000000008a200000)
  object space 21504K, 56% used [0x0000000085000000,0x0000000085bf4470,0x0000000086500000)
