54.355: [GC [PSYoungGen: 10579K->3619K(35840K)] 10579K->3627K(116224K), 0.0110170 secs] [Times: user=0.08 sys=0.00, real=0.01 secs] 
54.366: [Full GC [PSYoungGen: 3619K->0K(35840K)] [ParOldGen: 8K->3139K(80384K)] 3627K->3139K(116224K) [PSPermGen: 5166K->5165K(21504K)], 0.0246100 secs] [Times: user=0.17 sys=0.00, real=0.03 secs] 
54.391: [GC [PSYoungGen: 0K->0K(35840K)] 3139K->3139K(116224K), 0.0024430 secs] [Times: user=0.01 sys=0.01, real=0.00 secs] 
54.393: [Full GC [PSYoungGen: 0K->0K(35840K)] [ParOldGen: 3139K->3139K(80384K)] 3139K->3139K(116224K) [PSPermGen: 5165K->5165K(21504K)], 0.0136110 secs] [Times: user=0.04 sys=0.02, real=0.01 secs] 
54.478: [GC [PSYoungGen: 28987K->4576K(35840K)] 32126K->29925K(116224K), 0.0112560 secs] [Times: user=0.12 sys=0.05, real=0.01 secs] 
54.497: [GC [PSYoungGen: 35642K->4358K(67072K)] 60991K->60757K(147456K), 0.0152610 secs] [Times: user=0.18 sys=0.12, real=0.02 secs] 
54.512: [Full GC [PSYoungGen: 4358K->0K(67072K)] [ParOldGen: 56399K->59435K(141824K)] 60757K->59435K(208896K) [PSPermGen: 5187K->5187K(21504K)], 0.0451040 secs] [Times: user=0.42 sys=0.06, real=0.05 secs] 
54.615: [GC [PSYoungGen: 62060K->3472K(67072K)] 121495K->121388K(208896K), 0.0433530 secs] [Times: user=0.25 sys=0.69, real=0.05 secs] 
54.658: [Full GC [PSYoungGen: 3472K->0K(67072K)] [ParOldGen: 117916K->121354K(247808K)] 121388K->121354K(314880K) [PSPermGen: 5187K->5187K(21504K)], 0.0267290 secs] [Times: user=0.17 sys=0.07, real=0.02 secs] 
55.281: [GC [PSYoungGen: 62426K->4605K(100864K)] 183844K->148219K(348672K), 0.0153840 secs] [Times: user=0.17 sys=0.09, real=0.01 secs] 
56.215: [GC [PSYoungGen: 100861K->4576K(102400K)] 246508K->150492K(350208K), 0.0041250 secs] [Times: user=0.04 sys=0.00, real=0.01 secs] 
57.190: [GC [PSYoungGen: 102368K->2141K(150016K)] 257227K->157000K(397824K), 0.0047290 secs] [Times: user=0.02 sys=0.02, real=0.00 secs] 
58.477: [GC [PSYoungGen: 138845K->2940K(154624K)] 298343K->162438K(402432K), 0.0056010 secs] [Times: user=0.03 sys=0.02, real=0.01 secs] 
59.837: [GC [PSYoungGen: 139625K->5979K(180736K)] 299322K->165675K(428544K), 0.0056520 secs] [Times: user=0.05 sys=0.01, real=0.01 secs] 
61.574: [GC [PSYoungGen: 180059K->1974K(189952K)] 347740K->169655K(437760K), 0.0060150 secs] [Times: user=0.02 sys=0.01, real=0.01 secs] 
63.265: [GC [PSYoungGen: 175940K->6568K(202240K)] 343622K->174250K(450048K), 0.0055600 secs] [Times: user=0.04 sys=0.02, real=0.01 secs] 
65.159: [GC [PSYoungGen: 199485K->6219K(207872K)] 367301K->174035K(455680K), 0.0057080 secs] [Times: user=0.00 sys=0.06, real=0.00 secs] 
67.089: [GC [PSYoungGen: 199243K->2426K(217088K)] 374827K->178010K(464896K), 0.0060170 secs] [Times: user=0.02 sys=0.01, real=0.00 secs] 
69.041: [GC [PSYoungGen: 208498K->6925K(220672K)] 384082K->182509K(468480K), 0.0042650 secs] [Times: user=0.05 sys=0.01, real=0.00 secs] 
71.106: [GC [PSYoungGen: 213151K->6219K(226304K)] 388735K->181803K(474112K), 0.0061380 secs] [Times: user=0.02 sys=0.03, real=0.01 secs] 
73.178: [GC [PSYoungGen: 221695K->6116K(228864K)] 397279K->181700K(476672K), 0.0035730 secs] [Times: user=0.04 sys=0.00, real=0.00 secs] 
75.186: [GC [PSYoungGen: 221453K->6324K(232448K)] 397037K->181908K(480256K), 0.0058940 secs] [Times: user=0.03 sys=0.00, real=0.01 secs] 
77.230: [GC [PSYoungGen: 227832K->6440K(233984K)] 403416K->182024K(481792K), 0.0075150 secs] [Times: user=0.04 sys=0.01, real=0.01 secs] 
79.265: [GC [PSYoungGen: 228117K->6566K(236032K)] 404240K->182689K(483840K), 0.0034000 secs] [Times: user=0.02 sys=0.01, real=0.00 secs] 
81.437: [GC [PSYoungGen: 231334K->3521K(236544K)] 410036K->182644K(484352K), 0.0044240 secs] [Times: user=0.02 sys=0.01, real=0.00 secs] 
83.548: [GC [PSYoungGen: 228256K->6511K(237056K)] 407380K->185642K(484864K), 0.0050440 secs] [Times: user=0.02 sys=0.00, real=0.01 secs] 
85.650: [GC [PSYoungGen: 233274K->6607K(238080K)] 412405K->185802K(485888K), 0.0103530 secs] [Times: user=0.17 sys=0.00, real=0.01 secs] 
87.828: [GC [PSYoungGen: 233423K->5638K(239104K)] 413032K->185255K(486912K), 0.0060740 secs] [Times: user=0.03 sys=0.01, real=0.01 secs] 
90.122: [GC [PSYoungGen: 234502K->2616K(239616K)] 419888K->188025K(487424K), 0.0054480 secs] [Times: user=0.03 sys=0.01, real=0.00 secs] 
92.304: [GC [PSYoungGen: 231475K->6392K(241152K)] 416885K->191810K(488960K), 0.0032360 secs] [Times: user=0.02 sys=0.00, real=0.00 secs] 
94.500: [GC [PSYoungGen: 236586K->5924K(241152K)] 422004K->191350K(488960K), 0.0048380 secs] [Times: user=0.04 sys=0.00, real=0.00 secs] 
96.712: [GC [PSYoungGen: 236253K->6449K(241664K)] 421679K->191899K(489472K), 0.0047460 secs] [Times: user=0.04 sys=0.00, real=0.00 secs] 
99.062: [GC [PSYoungGen: 237835K->6225K(241664K)] 423555K->191969K(489472K), 0.0033660 secs] [Times: user=0.02 sys=0.01, real=0.00 secs] 
101.407: [GC [PSYoungGen: 237649K->3504K(226304K)] 426593K->192679K(474112K), 0.0039040 secs] [Times: user=0.02 sys=0.00, real=0.01 secs] 
103.541: [GC [PSYoungGen: 226224K->2353K(217088K)] 422644K->198805K(464896K), 0.0062480 secs] [Times: user=0.02 sys=0.01, real=0.00 secs] 
105.589: [GC [PSYoungGen: 216881K->3036K(209408K)] 418587K->204750K(457216K), 0.0034730 secs] [Times: user=0.02 sys=0.00, real=0.00 secs] 
107.554: [GC [PSYoungGen: 209238K->5163K(204288K)] 411491K->207432K(452096K), 0.0036960 secs] [Times: user=0.03 sys=0.00, real=0.01 secs] 
109.468: [GC [PSYoungGen: 203819K->2378K(194048K)] 412136K->210703K(441856K), 0.0041230 secs] [Times: user=0.02 sys=0.00, real=0.01 secs] 
111.329: [GC [PSYoungGen: 193866K->2237K(186880K)] 409324K->217702K(434688K), 0.0057390 secs] [Times: user=0.04 sys=0.00, real=0.01 secs] 
113.082: [GC [PSYoungGen: 186512K->5904K(183808K)] 401978K->221377K(431616K), 0.0040310 secs] [Times: user=0.03 sys=0.00, real=0.00 secs] 
114.733: [GC [PSYoungGen: 183517K->5760K(177664K)] 398990K->221249K(425472K), 0.0055030 secs] [Times: user=0.03 sys=0.00, real=0.01 secs] 
116.356: [GC [PSYoungGen: 177186K->6456K(172032K)] 392675K->222010K(419840K), 0.0031500 secs] [Times: user=0.02 sys=0.00, real=0.01 secs] 
117.905: [GC [PSYoungGen: 171727K->6392K(166400K)] 387280K->221970K(414208K), 0.0045800 secs] [Times: user=0.02 sys=0.00, real=0.01 secs] 
119.383: [GC [PSYoungGen: 166127K->5689K(160256K)] 381704K->221322K(408064K), 0.0037290 secs] [Times: user=0.03 sys=0.00, real=0.00 secs] 
120.830: [GC [PSYoungGen: 159702K->6219K(155648K)] 375336K->221860K(403456K), 0.0064900 secs] [Times: user=0.03 sys=0.00, real=0.00 secs] 
122.257: [GC [PSYoungGen: 155169K->5798K(150016K)] 370945K->221583K(397824K), 0.0042880 secs] [Times: user=0.03 sys=0.01, real=0.00 secs] 
123.639: [GC [PSYoungGen: 149670K->3957K(143360K)] 369177K->223472K(391168K), 0.0041970 secs] [Times: user=0.03 sys=0.00, real=0.00 secs] 
125.015: [GC [PSYoungGen: 143136K->5878K(140800K)] 362651K->225401K(388608K), 0.0052600 secs] [Times: user=0.04 sys=0.00, real=0.01 secs] 
126.314: [GC [PSYoungGen: 140534K->5321K(136192K)] 360335K->225218K(384000K), 0.0052640 secs] [Times: user=0.03 sys=0.01, real=0.01 secs] 
127.631: [GC [PSYoungGen: 135881K->2109K(129024K)] 360732K->227008K(376832K), 0.0052750 secs] [Times: user=0.03 sys=0.00, real=0.00 secs] 
128.866: [GC [PSYoungGen: 128462K->6052K(128512K)] 353361K->231031K(376320K), 0.0058840 secs] [Times: user=0.03 sys=0.00, real=0.01 secs] 
130.080: [GC [PSYoungGen: 128325K->6447K(125440K)] 353304K->231466K(373248K), 0.0059030 secs] [Times: user=0.02 sys=0.02, real=0.00 secs] 
131.191: [GC [PSYoungGen: 125125K->6701K(122368K)] 350145K->231760K(370176K), 0.0064940 secs] [Times: user=0.04 sys=0.00, real=0.01 secs] 
132.318: [GC [PSYoungGen: 121814K->5115K(116736K)] 346873K->231087K(364544K), 0.0054720 secs] [Times: user=0.03 sys=0.01, real=0.00 secs] 
133.354: [GC [PSYoungGen: 116669K->6200K(115200K)] 342641K->232180K(363008K), 0.0063580 secs] [Times: user=0.03 sys=0.01, real=0.01 secs] 
134.418: [GC [PSYoungGen: 114740K->5963K(111616K)] 341228K->232451K(359424K), 0.0050740 secs] [Times: user=0.03 sys=0.00, real=0.00 secs] 
135.465: [GC [PSYoungGen: 111435K->2520K(104960K)] 343264K->234358K(352768K), 0.0047040 secs] [Times: user=0.02 sys=0.01, real=0.01 secs] 
136.444: [GC [PSYoungGen: 104808K->6203K(105984K)] 336645K->238048K(353792K), 0.0055840 secs] [Times: user=0.01 sys=0.02, real=0.01 secs] 
137.412: [GC [PSYoungGen: 105433K->5545K(102400K)] 337683K->237803K(350208K), 0.0054220 secs] [Times: user=0.03 sys=0.01, real=0.01 secs] 
138.357: [GC [PSYoungGen: 102313K->5188K(99840K)] 334996K->237880K(347648K), 0.0053450 secs] [Times: user=0.03 sys=0.00, real=0.01 secs] 
139.253: [GC [PSYoungGen: 99375K->4745K(96768K)] 332470K->237849K(344576K), 0.0052390 secs] [Times: user=0.02 sys=0.01, real=0.01 secs] 
140.178: [GC [PSYoungGen: 96393K->1608K(91136K)] 335411K->240714K(338944K), 0.0038550 secs] [Times: user=0.02 sys=0.00, real=0.00 secs] 
140.985: [GC [PSYoungGen: 90616K->5940K(92672K)] 329721K->245196K(340480K), 0.0055560 secs] [Times: user=0.02 sys=0.01, real=0.01 secs] 
141.806: [GC [PSYoungGen: 92415K->5625K(90112K)] 331672K->244889K(337920K), 0.0045510 secs] [Times: user=0.02 sys=0.00, real=0.01 secs] 
142.625: [GC [PSYoungGen: 90077K->5378K(88064K)] 329540K->244865K(335872K), 0.0055480 secs] [Times: user=0.02 sys=0.01, real=0.01 secs] 
143.481: [GC [PSYoungGen: 87810K->2924K(83456K)] 334186K->249324K(331264K), 0.0050470 secs] [Times: user=0.03 sys=0.00, real=0.00 secs] 
144.285: [Full GC [PSYoungGen: 83308K->0K(83456K)] [ParOldGen: 249241K->133968K(235008K)] 332550K->133968K(318464K) [PSPermGen: 5257K->5257K(21504K)], 0.0353430 secs] [Times: user=0.16 sys=0.04, real=0.04 secs] 
145.089: [GC [PSYoungGen: 80382K->5700K(87040K)] 214351K->139669K(322048K), 0.0039740 secs] [Times: user=0.03 sys=0.00, real=0.00 secs] 
145.886: [GC [PSYoungGen: 86567K->5558K(87040K)] 220536K->139527K(322048K), 0.0056950 secs] [Times: user=0.02 sys=0.00, real=0.01 secs] 
146.624: [GC [PSYoungGen: 86816K->5410K(88064K)] 220785K->139379K(323072K), 0.0059620 secs] [Times: user=0.02 sys=0.01, real=0.01 secs] 
147.427: [GC [PSYoungGen: 87839K->4948K(88064K)] 222213K->139323K(323072K), 0.0031310 secs] [Times: user=0.03 sys=0.01, real=0.01 secs] 
148.278: [GC [PSYoungGen: 87892K->1981K(86016K)] 227830K->141918K(321024K), 0.0057290 secs] [Times: user=0.03 sys=0.00, real=0.00 secs] 
149.080: [GC [PSYoungGen: 85905K->6168K(91648K)] 225906K->146170K(326656K), 0.0051820 secs] [Times: user=0.03 sys=0.01, real=0.00 secs] 
149.940: [GC [PSYoungGen: 91160K->1727K(87552K)] 235997K->146563K(322560K), 0.0041410 secs] [Times: user=0.02 sys=0.00, real=0.00 secs] 
150.808: [GC [PSYoungGen: 87231K->3402K(94720K)] 235449K->151619K(329728K), 0.0047130 secs] [Times: user=0.03 sys=0.01, real=0.01 secs] 
151.626: [GC [PSYoungGen: 89930K->5385K(94720K)] 238600K->154055K(329728K), 0.0063120 secs] [Times: user=0.03 sys=0.01, real=0.01 secs] 
152.505: [GC [PSYoungGen: 91913K->3132K(95744K)] 244973K->156193K(330752K), 0.0045490 secs] [Times: user=0.02 sys=0.01, real=0.01 secs] 
153.359: [GC [PSYoungGen: 90684K->2783K(95744K)] 248128K->160227K(330752K), 0.0050490 secs] [Times: user=0.02 sys=0.01, real=0.00 secs] 
154.249: [GC [PSYoungGen: 90335K->3164K(96768K)] 253732K->166562K(331776K), 0.0050470 secs] [Times: user=0.03 sys=0.01, real=0.01 secs] 
155.115: [GC [PSYoungGen: 91740K->4178K(96768K)] 257284K->169722K(331776K), 0.0047160 secs] [Times: user=0.03 sys=0.00, real=0.01 secs] 
155.954: [GC [PSYoungGen: 92736K->6408K(96768K)] 258479K->172151K(331776K), 0.0066380 secs] [Times: user=0.04 sys=0.01, real=0.01 secs] 
156.891: [GC [PSYoungGen: 95496K->2673K(97280K)] 265566K->172743K(332288K), 0.0049280 secs] [Times: user=0.03 sys=0.00, real=0.00 secs] 
157.799: [GC [PSYoungGen: 91565K->6196K(97792K)] 261635K->176354K(332800K), 0.0049970 secs] [Times: user=0.01 sys=0.02, real=0.00 secs] 
158.684: [GC [PSYoungGen: 95718K->6248K(98304K)] 265876K->176422K(333312K), 0.0049440 secs] [Times: user=0.02 sys=0.01, real=0.01 secs] 
159.578: [GC [PSYoungGen: 95750K->6354K(98816K)] 265924K->176568K(333824K), 0.0051600 secs] [Times: user=0.03 sys=0.01, real=0.00 secs] 
160.440: [GC [PSYoungGen: 96392K->6084K(99328K)] 266606K->176338K(334336K), 0.0051240 secs] [Times: user=0.03 sys=0.00, real=0.00 secs] 
161.299: [GC [PSYoungGen: 96032K->6511K(100352K)] 266286K->176773K(335360K), 0.0047970 secs] [Times: user=0.01 sys=0.02, real=0.00 secs] 
162.195: [GC [PSYoungGen: 97598K->5959K(100352K)] 267860K->176237K(335360K), 0.0052300 secs] [Times: user=0.04 sys=0.00, real=0.01 secs] 
163.069: [GC [PSYoungGen: 97091K->6251K(101376K)] 267369K->176593K(336384K), 0.0050870 secs] [Times: user=0.03 sys=0.00, real=0.01 secs] 
164.001: [GC [PSYoungGen: 98383K->5520K(101376K)] 268789K->176093K(336384K), 0.0047820 secs] [Times: user=0.02 sys=0.01, real=0.00 secs] 
164.920: [GC [PSYoungGen: 97680K->2052K(102400K)] 272321K->176749K(337408K), 0.0049310 secs] [Times: user=0.03 sys=0.00, real=0.00 secs] 
165.866: [GC [PSYoungGen: 95236K->2138K(102400K)] 275632K->182607K(337408K), 0.0057940 secs] [Times: user=0.03 sys=0.01, real=0.01 secs] 
166.787: [GC [PSYoungGen: 95322K->2116K(103424K)] 279683K->186533K(338432K), 0.0049010 secs] [Times: user=0.03 sys=0.01, real=0.01 secs] 
167.677: [GC [PSYoungGen: 96202K->6621K(103424K)] 280618K->191046K(338432K), 0.0055880 secs] [Times: user=0.03 sys=0.00, real=0.00 secs] 
168.586: [GC [PSYoungGen: 100697K->6075K(104960K)] 285122K->190508K(339968K), 0.0035730 secs] [Times: user=0.02 sys=0.00, real=0.01 secs] 
169.496: [GC [PSYoungGen: 101259K->5805K(104960K)] 285827K->190413K(339968K), 0.0060870 secs] [Times: user=0.03 sys=0.00, real=0.01 secs] 
170.491: [GC [PSYoungGen: 101037K->2844K(105984K)] 289742K->191566K(340992K), 0.0047970 secs] [Times: user=0.03 sys=0.00, real=0.00 secs] 
171.481: [GC [PSYoungGen: 99100K->3075K(105984K)] 291562K->195545K(340992K), 0.0050890 secs] [Times: user=0.03 sys=0.00, real=0.00 secs] 
172.432: [GC [PSYoungGen: 99135K->6161K(105984K)] 291605K->198640K(340992K), 0.0046280 secs] [Times: user=0.00 sys=0.03, real=0.00 secs] 
173.357: [GC [PSYoungGen: 102841K->5346K(106496K)] 295589K->198102K(341504K), 0.0050260 secs] [Times: user=0.03 sys=0.00, real=0.01 secs] 
174.325: [GC [PSYoungGen: 102114K->2346K(107008K)] 300686K->200926K(342016K), 0.0032800 secs] [Times: user=0.03 sys=0.00, real=0.00 secs] 
175.362: [GC [PSYoungGen: 100138K->2298K(107008K)] 305883K->208059K(342016K), 0.0053610 secs] [Times: user=0.02 sys=0.00, real=0.00 secs] 
175.983: [GC [PSYoungGen: 99966K->6479K(107520K)] 305727K->212248K(342528K), 0.0033270 secs] [Times: user=0.02 sys=0.00, real=0.00 secs] 
176.510: [GC [PSYoungGen: 104765K->3614K(108032K)] 310533K->209407K(343040K), 0.0033950 secs] [Times: user=0.01 sys=0.00, real=0.00 secs] 
177.152: [GC [PSYoungGen: 101745K->5602K(108544K)] 307537K->211403K(343552K), 0.0034620 secs] [Times: user=0.02 sys=0.01, real=0.00 secs] 
177.676: [GC [PSYoungGen: 104810K->6139K(108544K)] 310611K->211995K(343552K), 0.0049310 secs] [Times: user=0.03 sys=0.00, real=0.01 secs] 
178.639: [GC [PSYoungGen: 105405K->7278K(109056K)] 311262K->213159K(344064K), 0.0043280 secs] [Times: user=0.00 sys=0.03, real=0.00 secs] 
179.654: [GC [PSYoungGen: 107108K->6479K(109568K)] 312989K->212510K(344576K), 0.0049820 secs] [Times: user=0.03 sys=0.00, real=0.01 secs] 
180.659: [GC [PSYoungGen: 106209K->6922K(110080K)] 312240K->212970K(345088K), 0.0040020 secs] [Times: user=0.03 sys=0.01, real=0.00 secs] 
181.625: [GC [PSYoungGen: 107261K->6557K(110592K)] 313578K->212882K(345600K), 0.0047570 secs] [Times: user=0.02 sys=0.01, real=0.01 secs] 
182.711: [GC [PSYoungGen: 106909K->2536K(111616K)] 318568K->214267K(346624K), 0.0049490 secs] [Times: user=0.03 sys=0.00, real=0.00 secs] 
183.683: [GC [PSYoungGen: 103898K->5047K(111616K)] 316034K->217223K(346624K), 0.0049650 secs] [Times: user=0.03 sys=0.01, real=0.00 secs] 
184.684: [GC [PSYoungGen: 106423K->2147K(112128K)] 326660K->222408K(347136K), 0.0050820 secs] [Times: user=0.03 sys=0.01, real=0.01 secs] 
185.647: [GC [PSYoungGen: 104505K->6463K(112128K)] 324766K->226732K(347136K), 0.0065430 secs] [Times: user=0.03 sys=0.00, real=0.01 secs] 
186.650: [GC [PSYoungGen: 108830K->6036K(113152K)] 329099K->226329K(348160K), 0.0049280 secs] [Times: user=0.04 sys=0.01, real=0.00 secs] 
187.686: [GC [PSYoungGen: 109314K->5766K(113152K)] 329607K->226083K(348160K), 0.0061720 secs] [Times: user=0.04 sys=0.00, real=0.01 secs] 
188.735: [GC [PSYoungGen: 109105K->5956K(114176K)] 329421K->226297K(349184K), 0.0053350 secs] [Times: user=0.02 sys=0.01, real=0.01 secs] 
189.786: [GC [PSYoungGen: 110355K->6248K(114176K)] 330696K->226740K(349184K), 0.0059760 secs] [Times: user=0.03 sys=0.01, real=0.01 secs] 
190.852: [GC [PSYoungGen: 110639K->5885K(114176K)] 331131K->226385K(349184K), 0.0041130 secs] [Times: user=0.00 sys=0.03, real=0.00 secs] 
191.884: [GC [PSYoungGen: 111283K->4836K(114688K)] 332052K->225694K(349696K), 0.0046560 secs] [Times: user=0.03 sys=0.01, real=0.00 secs] 
192.966: [GC [PSYoungGen: 110308K->1647K(115712K)] 339481K->230820K(350720K), 0.0059590 secs] [Times: user=0.03 sys=0.01, real=0.01 secs] 
193.982: [GC [PSYoungGen: 108114K->5821K(115712K)] 337287K->235066K(350720K), 0.0033270 secs] [Times: user=0.03 sys=0.01, real=0.00 secs] 
194.988: [GC [PSYoungGen: 112196K->5622K(116736K)] 341980K->235406K(351744K), 0.0053840 secs] [Times: user=0.02 sys=0.01, real=0.01 secs] 
196.038: [GC [PSYoungGen: 113142K->1576K(116736K)] 349870K->238312K(353792K), 0.0045720 secs] [Times: user=0.03 sys=0.00, real=0.00 secs] 
197.091: [GC [PSYoungGen: 109096K->1949K(117760K)] 352090K->244943K(360960K), 0.0037650 secs] [Times: user=0.03 sys=0.00, real=0.00 secs] 
198.169: [GC [PSYoungGen: 110493K->2805K(117760K)] 358447K->250832K(366080K), 0.0048420 secs] [Times: user=0.03 sys=0.00, real=0.00 secs] 
199.163: [Full GC [PSYoungGen: 111343K->0K(117760K)] [ParOldGen: 248296K->134274K(292352K)] 359639K->134274K(410112K) [PSPermGen: 5278K->5278K(21504K)], 0.0187280 secs] [Times: user=0.07 sys=0.01, real=0.02 secs] 
200.284: [GC [PSYoungGen: 108543K->1144K(118784K)] 251127K->143728K(411136K), 0.0050100 secs] [Times: user=0.02 sys=0.01, real=0.01 secs] 
201.404: [GC [PSYoungGen: 110712K->1901K(118784K)] 260256K->151445K(411136K), 0.0046410 secs] [Times: user=0.02 sys=0.00, real=0.00 secs] 
202.398: [GC [PSYoungGen: 111345K->5773K(119808K)] 261023K->155452K(412160K), 0.0046830 secs] [Times: user=0.02 sys=0.01, real=0.00 secs] 
203.490: [GC [PSYoungGen: 116365K->1615K(119808K)] 273081K->158331K(412160K), 0.0045540 secs] [Times: user=0.02 sys=0.00, real=0.00 secs] 
204.498: [GC [PSYoungGen: 112206K->6184K(120320K)] 269263K->163241K(412672K), 0.0051760 secs] [Times: user=0.03 sys=0.01, real=0.00 secs] 
205.576: [GC [PSYoungGen: 117288K->3329K(120832K)] 279402K->165442K(413184K), 0.0049540 secs] [Times: user=0.03 sys=0.00, real=0.01 secs] 
206.611: [GC [PSYoungGen: 114423K->6241K(120832K)] 276671K->168490K(413184K), 0.0044490 secs] [Times: user=0.02 sys=0.00, real=0.00 secs] 
207.725: [GC [PSYoungGen: 117857K->2828K(121344K)] 286057K->171028K(413696K), 0.0049190 secs] [Times: user=0.03 sys=0.00, real=0.01 secs] 
208.767: [GC [PSYoungGen: 114315K->5965K(121856K)] 282515K->174165K(414208K), 0.0054910 secs] [Times: user=0.03 sys=0.00, real=0.01 secs] 
209.811: [GC [PSYoungGen: 118435K->6835K(121856K)] 286635K->175035K(414208K), 0.0047740 secs] [Times: user=0.03 sys=0.00, real=0.00 secs] 
210.885: [GC [PSYoungGen: 119407K->6504K(122880K)] 287607K->174704K(415232K), 0.0053340 secs] [Times: user=0.03 sys=0.01, real=0.01 secs] 
212.001: [GC [PSYoungGen: 119625K->6463K(123392K)] 287959K->174797K(415744K), 0.0050180 secs] [Times: user=0.03 sys=0.00, real=0.00 secs] 
213.168: [GC [PSYoungGen: 119615K->3701K(123392K)] 292505K->176591K(415744K), 0.0039010 secs] [Times: user=0.03 sys=0.00, real=0.01 secs] 
214.299: [GC [PSYoungGen: 117877K->3450K(123904K)] 294415K->179988K(416256K), 0.0054700 secs] [Times: user=0.02 sys=0.00, real=0.00 secs] 
215.396: [GC [PSYoungGen: 117540K->6338K(124928K)] 294077K->182875K(417280K), 0.0056820 secs] [Times: user=0.02 sys=0.02, real=0.01 secs] 
216.511: [GC [PSYoungGen: 121448K->6392K(124928K)] 297986K->182962K(417280K), 0.0044040 secs] [Times: user=0.03 sys=0.00, real=0.00 secs] 
217.676: [GC [PSYoungGen: 121406K->5904K(125952K)] 297976K->182522K(418304K), 0.0063830 secs] [Times: user=0.03 sys=0.01, real=0.01 secs] 
218.799: [GC [PSYoungGen: 122052K->6717K(125952K)] 298669K->183477K(418304K), 0.0050500 secs] [Times: user=0.03 sys=0.01, real=0.00 secs] 
219.937: [GC [PSYoungGen: 122880K->6591K(127488K)] 299641K->183392K(419840K), 0.0061030 secs] [Times: user=0.04 sys=0.00, real=0.00 secs] 
221.098: [GC [PSYoungGen: 123839K->4656K(127488K)] 301512K->182749K(419840K), 0.0051090 secs] [Times: user=0.03 sys=0.00, real=0.00 secs] 
222.289: [GC [PSYoungGen: 121904K->1592K(128000K)] 306418K->186130K(420352K), 0.0035240 secs] [Times: user=0.03 sys=0.00, real=0.01 secs] 
223.447: [GC [PSYoungGen: 119747K->6027K(128000K)] 304284K->190636K(420352K), 0.0065360 secs] [Times: user=0.03 sys=0.01, real=0.01 secs] 
224.564: [GC [PSYoungGen: 124171K->6264K(129024K)] 308780K->190882K(421376K), 0.0031380 secs] [Times: user=0.03 sys=0.00, real=0.00 secs] 
225.670: [GC [PSYoungGen: 125478K->5433K(129024K)] 310366K->190328K(421376K), 0.0050370 secs] [Times: user=0.03 sys=0.00, real=0.00 secs] 
226.844: [GC [PSYoungGen: 124729K->3178K(129024K)] 313625K->192082K(421376K), 0.0043580 secs] [Times: user=0.03 sys=0.01, real=0.00 secs] 
228.088: [GC [PSYoungGen: 123498K->1592K(129536K)] 321255K->199366K(421888K), 0.0052290 secs] [Times: user=0.02 sys=0.01, real=0.01 secs] 
229.218: [GC [PSYoungGen: 121894K->5600K(131072K)] 319937K->203651K(423424K), 0.0048000 secs] [Times: user=0.03 sys=0.00, real=0.00 secs] 
230.391: [GC [PSYoungGen: 126944K->3655K(131072K)] 328493K->205269K(423424K), 0.0044320 secs] [Times: user=0.03 sys=0.00, real=0.00 secs] 
231.541: [GC [PSYoungGen: 124999K->5250K(131584K)] 327513K->207780K(423936K), 0.0047600 secs] [Times: user=0.03 sys=0.01, real=0.00 secs] 
232.786: [GC [PSYoungGen: 127618K->2385K(131584K)] 335754K->210529K(423936K), 0.0042960 secs] [Times: user=0.02 sys=0.00, real=0.01 secs] 
233.949: [GC [PSYoungGen: 124741K->5394K(131584K)] 333155K->213816K(423936K), 0.0049920 secs] [Times: user=0.03 sys=0.01, real=0.00 secs] 
235.161: [GC [PSYoungGen: 128786K->2924K(132096K)] 343962K->218108K(424448K), 0.0048750 secs] [Times: user=0.02 sys=0.01, real=0.00 secs] 
236.334: [GC [PSYoungGen: 126104K->6447K(132608K)] 341288K->221639K(424960K), 0.0051110 secs] [Times: user=0.04 sys=0.00, real=0.01 secs] 
237.547: [GC [PSYoungGen: 130339K->4880K(133120K)] 345666K->220231K(425472K), 0.0032840 secs] [Times: user=0.02 sys=0.01, real=0.01 secs] 
238.774: [GC [PSYoungGen: 128784K->4037K(133632K)] 348032K->223317K(425984K), 0.0048930 secs] [Times: user=0.02 sys=0.01, real=0.01 secs] 
239.952: [GC [PSYoungGen: 128881K->6177K(133632K)] 348700K->226004K(425984K), 0.0038930 secs] [Times: user=0.03 sys=0.00, real=0.00 secs] 
241.220: [GC [PSYoungGen: 131105K->1371K(134656K)] 357424K->227698K(427008K), 0.0044410 secs] [Times: user=0.03 sys=0.00, real=0.00 secs] 
242.406: [GC [PSYoungGen: 127271K->6219K(134656K)] 353598K->232554K(427008K), 0.0049040 secs] [Times: user=0.04 sys=0.00, real=0.01 secs] 
243.597: [GC [PSYoungGen: 132163K->5680K(136192K)] 358895K->232420K(428544K), 0.0052760 secs] [Times: user=0.02 sys=0.01, real=0.01 secs] 
244.853: [GC [PSYoungGen: 132656K->4249K(136192K)] 362698K->234340K(428544K), 0.0046190 secs] [Times: user=0.03 sys=0.00, real=0.01 secs] 
246.080: [GC [PSYoungGen: 131159K->6299K(136192K)] 361250K->236397K(428544K), 0.0054700 secs] [Times: user=0.02 sys=0.01, real=0.00 secs] 
247.333: [GC [PSYoungGen: 133783K->5949K(136704K)] 363881K->236088K(429056K), 0.0033660 secs] [Times: user=0.03 sys=0.00, real=0.00 secs] 
248.573: [GC [PSYoungGen: 133326K->6036K(137728K)] 363869K->236603K(430080K), 0.0036650 secs] [Times: user=0.03 sys=0.00, real=0.00 secs] 
249.922: [GC [PSYoungGen: 134548K->3043K(137728K)] 372064K->240608K(430080K), 0.0049710 secs] [Times: user=0.02 sys=0.02, real=0.00 secs] 
251.152: [GC [PSYoungGen: 131481K->6669K(138752K)] 369046K->244249K(431104K), 0.0058710 secs] [Times: user=0.03 sys=0.00, real=0.01 secs] 
252.400: [GC [PSYoungGen: 136205K->5170K(138752K)] 374901K->244017K(431104K), 0.0036630 secs] [Times: user=0.03 sys=0.00, real=0.00 secs] 
253.713: [GC [PSYoungGen: 134706K->2988K(138752K)] 378341K->246663K(431104K), 0.0049800 secs] [Times: user=0.02 sys=0.01, real=0.01 secs] 
254.989: [GC [PSYoungGen: 133548K->3425K(139264K)] 381839K->251723K(431616K), 0.0049250 secs] [Times: user=0.03 sys=0.00, real=0.00 secs] 
256.248: [GC [PSYoungGen: 133985K->3171K(140288K)] 386446K->255688K(432640K), 0.0051750 secs] [Times: user=0.02 sys=0.01, real=0.01 secs] 
257.552: [GC [PSYoungGen: 134755K->3345K(140288K)] 391146K->259744K(432640K), 0.0032710 secs] [Times: user=0.03 sys=0.01, real=0.00 secs] 
258.814: [GC [PSYoungGen: 134929K->2118K(141312K)] 397050K->264247K(433664K), 0.0037090 secs] [Times: user=0.03 sys=0.01, real=0.01 secs] 
260.075: [GC [PSYoungGen: 134656K->7349K(141312K)] 396786K->269519K(433664K), 0.0049360 secs] [Times: user=0.03 sys=0.00, real=0.01 secs] 
261.326: [GC [PSYoungGen: 139902K->6000K(142848K)] 402071K->268320K(435200K), 0.0052190 secs] [Times: user=0.02 sys=0.01, real=0.01 secs] 
262.598: [GC [PSYoungGen: 139550K->6187K(142848K)] 401870K->268539K(435200K), 0.0052700 secs] [Times: user=0.03 sys=0.00, real=0.00 secs] 
263.879: [GC [PSYoungGen: 139763K->6449K(144384K)] 402250K->268944K(436736K), 0.0049520 secs] [Times: user=0.00 sys=0.03, real=0.00 secs] 
265.219: [GC [PSYoungGen: 141105K->2975K(144384K)] 407277K->269154K(436736K), 0.0051230 secs] [Times: user=0.02 sys=0.00, real=0.00 secs] 
266.482: [GC [PSYoungGen: 137623K->5673K(144384K)] 404009K->272075K(436736K), 0.0051670 secs] [Times: user=0.02 sys=0.01, real=0.00 secs] 
267.827: [GC [PSYoungGen: 141353K->2641K(144896K)] 414922K->276218K(437248K), 0.0044000 secs] [Times: user=0.03 sys=0.00, real=0.01 secs] 
269.126: [GC [PSYoungGen: 138229K->5753K(145920K)] 412075K->279623K(438272K), 0.0037550 secs] [Times: user=0.03 sys=0.00, real=0.01 secs] 
270.461: [GC [PSYoungGen: 142457K->3687K(145920K)] 419229K->280587K(438272K), 0.0052340 secs] [Times: user=0.03 sys=0.01, real=0.00 secs] 
271.834: [GC [PSYoungGen: 140391K->1878K(146944K)] 423323K->284834K(439296K), 0.0046320 secs] [Times: user=0.03 sys=0.00, real=0.01 secs] 
273.166: [GC [PSYoungGen: 139606K->2561K(146944K)] 428854K->291889K(439296K), 0.0048750 secs] [Times: user=0.02 sys=0.01, real=0.01 secs] 
274.501: [GC [PSYoungGen: 140245K->6029K(147968K)] 429772K->295580K(440320K), 0.0053540 secs] [Times: user=0.02 sys=0.01, real=0.00 secs] 
275.882: [GC [PSYoungGen: 144781K->3601K(147968K)] 438800K->297660K(442368K), 0.0058960 secs] [Times: user=0.03 sys=0.00, real=0.00 secs] 
277.220: [GC [PSYoungGen: 142132K->6559K(147968K)] 436191K->300698K(442368K), 0.0055700 secs] [Times: user=0.04 sys=0.00, real=0.00 secs] 
278.609: [GC [PSYoungGen: 145565K->6337K(148480K)] 439704K->300548K(442880K), 0.0049890 secs] [Times: user=0.04 sys=0.00, real=0.00 secs] 
279.967: [GC [PSYoungGen: 145546K->5499K(148992K)] 440027K->299988K(443904K), 0.0055070 secs] [Times: user=0.03 sys=0.01, real=0.01 secs] 
281.370: [Full GC [PSYoungGen: 145787K->0K(148992K)] [ParOldGen: 298443K->133730K(353280K)] 444230K->133730K(502272K) [PSPermGen: 5282K->5282K(21504K)], 0.0220650 secs] [Times: user=0.07 sys=0.01, real=0.02 secs] 
282.749: [GC [PSYoungGen: 140288K->1953K(149504K)] 277732K->139397K(502784K), 0.0044230 secs] [Times: user=0.03 sys=0.00, real=0.00 secs] 
282.754: [GC [PSYoungGen: 1955K->2113K(150528K)] 139399K->139557K(503808K), 0.0053040 secs] [Times: user=0.02 sys=0.00, real=0.01 secs] 
284.102: [GC [PSYoungGen: 143299K->5693K(150528K)] 281013K->143407K(503808K), 0.0055780 secs] [Times: user=0.03 sys=0.01, real=0.00 secs] 
285.484: [GC [PSYoungGen: 147005K->2757K(165888K)] 289608K->145360K(519168K), 0.0043810 secs] [Times: user=0.03 sys=0.00, real=0.00 secs] 
287.055: [GC [PSYoungGen: 160965K->2837K(167424K)] 307173K->149045K(520704K), 0.0045100 secs] [Times: user=0.02 sys=0.01, real=0.01 secs] 
288.505: [GC [PSYoungGen: 160782K->6424K(179712K)] 306990K->152632K(532992K), 0.0060330 secs] [Times: user=0.04 sys=0.00, real=0.01 secs] 
290.166: [GC [PSYoungGen: 178931K->5198K(181760K)] 325337K->151604K(535040K), 0.0048870 secs] [Times: user=0.03 sys=0.00, real=0.01 secs] 
291.859: [GC [PSYoungGen: 177742K->2744K(190976K)] 329886K->154888K(544256K), 0.0044690 secs] [Times: user=0.02 sys=0.01, real=0.00 secs] 
293.689: [GC [PSYoungGen: 186552K->3068K(193024K)] 343291K->159808K(546304K), 0.0029020 secs] [Times: user=0.03 sys=0.00, real=0.01 secs] 
295.481: [GC [PSYoungGen: 186876K->2965K(198144K)] 349115K->165205K(551424K), 0.0035080 secs] [Times: user=0.03 sys=0.00, real=0.00 secs] 
297.363: [GC [PSYoungGen: 194453K->3100K(200192K)] 362067K->170713K(553472K), 0.0041720 secs] [Times: user=0.02 sys=0.00, real=0.00 secs] 
299.240: [GC [PSYoungGen: 194588K->3934K(203264K)] 367384K->176730K(556544K), 0.0038570 secs] [Times: user=0.00 sys=0.05, real=0.00 secs] 
301.102: [GC [PSYoungGen: 201046K->5974K(204800K)] 373977K->178905K(558080K), 0.0061710 secs] [Times: user=0.03 sys=0.01, real=0.00 secs] 
303.054: [GC [PSYoungGen: 203094K->3372K(208896K)] 381556K->181834K(562176K), 0.0050840 secs] [Times: user=0.03 sys=0.01, real=0.01 secs] 
304.994: [GC [PSYoungGen: 204588K->4101K(209408K)] 386717K->186230K(562688K), 0.0048720 secs] [Times: user=0.02 sys=0.01, real=0.01 secs] 
306.955: [GC [PSYoungGen: 205190K->5739K(211968K)] 387319K->187916K(565248K), 0.0047800 secs] [Times: user=0.00 sys=0.06, real=0.01 secs] 
308.965: [GC [PSYoungGen: 209978K->6475K(212480K)] 392154K->188660K(565760K), 0.0033640 secs] [Times: user=0.03 sys=0.00, real=0.00 secs] 
310.923: [GC [PSYoungGen: 210763K->5554K(214528K)] 393218K->188058K(567808K), 0.0045490 secs] [Times: user=0.03 sys=0.01, real=0.00 secs] 
312.920: [GC [PSYoungGen: 211890K->4174K(215040K)] 395626K->187934K(568320K), 0.0049290 secs] [Times: user=0.03 sys=0.00, real=0.00 secs] 
314.915: [GC [PSYoungGen: 210510K->2372K(215552K)] 399762K->191648K(568832K), 0.0036550 secs] [Times: user=0.03 sys=0.00, real=0.01 secs] 
316.947: [GC [PSYoungGen: 210244K->2125K(216064K)] 405742K->197631K(569344K), 0.0055590 secs] [Times: user=0.02 sys=0.01, real=0.01 secs] 
318.910: [GC [PSYoungGen: 209974K->6253K(217088K)] 405480K->201767K(570368K), 0.0051110 secs] [Times: user=0.03 sys=0.00, real=0.00 secs] 
320.916: [GC [PSYoungGen: 215145K->5602K(217600K)] 410731K->201268K(570880K), 0.0033990 secs] [Times: user=0.03 sys=0.00, real=0.01 secs] 
322.960: [GC [PSYoungGen: 214498K->3013K(219136K)] 416577K->205140K(572416K), 0.0050540 secs] [Times: user=0.03 sys=0.00, real=0.00 secs] 
324.953: [GC [PSYoungGen: 213424K->6235K(219136K)] 415551K->208401K(572416K), 0.0031960 secs] [Times: user=0.03 sys=0.00, real=0.00 secs] 
326.946: [GC [PSYoungGen: 216571K->6363K(220160K)] 418738K->208554K(573440K), 0.0038320 secs] [Times: user=0.03 sys=0.01, real=0.01 secs] 
328.975: [GC [PSYoungGen: 217804K->5997K(220672K)] 419995K->208228K(573952K), 0.0051480 secs] [Times: user=0.03 sys=0.00, real=0.01 secs] 
331.033: [GC [PSYoungGen: 217315K->6472K(221184K)] 419546K->208727K(574464K), 0.0041290 secs] [Times: user=0.03 sys=0.00, real=0.00 secs] 
333.052: [GC [PSYoungGen: 218915K->5988K(221696K)] 421170K->208299K(574976K), 0.0039730 secs] [Times: user=0.03 sys=0.01, real=0.00 secs] 
335.059: [GC [PSYoungGen: 218406K->5433K(222720K)] 420987K->208085K(576000K), 0.0051800 secs] [Times: user=0.03 sys=0.01, real=0.00 secs] 
337.184: [GC [PSYoungGen: 218937K->2093K(222720K)] 427281K->210453K(576000K), 0.0044600 secs] [Times: user=0.02 sys=0.01, real=0.00 secs] 
339.366: [GC [PSYoungGen: 215597K->2773K(223744K)] 430204K->217389K(577024K), 0.0047270 secs] [Times: user=0.03 sys=0.01, real=0.01 secs] 
341.479: [GC [PSYoungGen: 217301K->2449K(223744K)] 438829K->223985K(577024K), 0.0054400 secs] [Times: user=0.03 sys=0.00, real=0.00 secs] 
343.528: [GC [PSYoungGen: 216963K->5410K(224256K)] 439102K->227557K(577536K), 0.0033540 secs] [Times: user=0.03 sys=0.01, real=0.01 secs] 
345.575: [GC [PSYoungGen: 220962K->4311K(224768K)] 446291K->229688K(578048K), 0.0029690 secs] [Times: user=0.02 sys=0.00, real=0.01 secs] 
347.658: [GC [PSYoungGen: 219863K->3996K(224256K)] 448328K->232485K(577536K), 0.0044690 secs] [Times: user=0.03 sys=0.00, real=0.00 secs] 
349.702: [GC [PSYoungGen: 220568K->6470K(224768K)] 449256K->235166K(578048K), 0.0050100 secs] [Times: user=0.03 sys=0.01, real=0.00 secs] 
351.890: [GC [PSYoungGen: 223046K->2179K(226304K)] 458439K->237581K(579584K), 0.0047960 secs] [Times: user=0.03 sys=0.01, real=0.00 secs] 
354.024: [GC [PSYoungGen: 219779K->2035K(226304K)] 464281K->246577K(579584K), 0.0054960 secs] [Times: user=0.02 sys=0.01, real=0.01 secs] 
356.120: [GC [PSYoungGen: 219573K->6472K(226816K)] 464115K->251022K(580096K), 0.0052120 secs] [Times: user=0.02 sys=0.01, real=0.00 secs] 
358.175: [GC [PSYoungGen: 224514K->6241K(227328K)] 469063K->250799K(580608K), 0.0057720 secs] [Times: user=0.03 sys=0.00, real=0.01 secs] 
360.264: [GC [PSYoungGen: 224341K->5792K(228864K)] 469303K->250761K(582144K), 0.0048030 secs] [Times: user=0.03 sys=0.00, real=0.01 secs] 
362.402: [GC [PSYoungGen: 225440K->3306K(228864K)] 475522K->253396K(582144K), 0.0029850 secs] [Times: user=0.03 sys=0.00, real=0.00 secs] 
364.467: [GC [PSYoungGen: 222913K->6854K(229376K)] 473003K->256952K(582656K), 0.0041220 secs] [Times: user=0.01 sys=0.03, real=0.01 secs] 
366.559: [GC [PSYoungGen: 226968K->7018K(229888K)] 477067K->257124K(583168K), 0.0034660 secs] [Times: user=0.03 sys=0.01, real=0.00 secs] 
368.733: [GC [PSYoungGen: 227121K->6193K(230912K)] 477901K->257014K(584192K), 0.0051700 secs] [Times: user=0.03 sys=0.00, real=0.01 secs] 
370.858: [GC [PSYoungGen: 227377K->4274K(230912K)] 480224K->257137K(584192K), 0.0046310 secs] [Times: user=0.04 sys=0.00, real=0.00 secs] 
372.941: [GC [PSYoungGen: 225424K->6867K(231936K)] 478287K->259754K(585216K), 0.0054760 secs] [Times: user=0.04 sys=0.00, real=0.00 secs] 
375.086: [GC [PSYoungGen: 229023K->5339K(231936K)] 482179K->258916K(585216K), 0.0031840 secs] [Times: user=0.03 sys=0.00, real=0.01 secs] 
377.262: [GC [PSYoungGen: 227547K->3742K(231936K)] 486170K->262389K(585216K), 0.0040960 secs] [Times: user=0.02 sys=0.00, real=0.00 secs] 
379.386: [GC [PSYoungGen: 226883K->6749K(232448K)] 485530K->265420K(585728K), 0.0053980 secs] [Times: user=0.03 sys=0.01, real=0.01 secs] 
381.555: [GC [PSYoungGen: 229905K->6328K(233984K)] 488576K->265007K(587264K), 0.0047690 secs] [Times: user=0.00 sys=0.03, real=0.01 secs] 
383.718: [GC [PSYoungGen: 230581K->6890K(233984K)] 489260K->265609K(587264K), 0.0058670 secs] [Times: user=0.04 sys=0.00, real=0.00 secs] 
385.862: [GC [PSYoungGen: 230959K->6890K(235520K)] 489678K->265633K(588800K), 0.0051870 secs] [Times: user=0.03 sys=0.00, real=0.00 secs] 
388.004: [GC [PSYoungGen: 232545K->6232K(235520K)] 491288K->264983K(588800K), 0.0048200 secs] [Times: user=0.03 sys=0.00, real=0.00 secs] 
390.168: [GC [PSYoungGen: 231874K->6257K(236032K)] 490625K->265049K(589312K), 0.0035400 secs] [Times: user=0.03 sys=0.00, real=0.01 secs] 
392.290: [GC [PSYoungGen: 233068K->5853K(236544K)] 491994K->264787K(589824K), 0.0057690 secs] [Times: user=0.04 sys=0.01, real=0.00 secs] 
394.503: [GC [PSYoungGen: 232669K->1663K(237056K)] 498922K->267988K(590336K), 0.0046220 secs] [Times: user=0.02 sys=0.01, real=0.02 secs] 
396.764: [GC [PSYoungGen: 229503K->1560K(237568K)] 501575K->273783K(590848K), 0.0043450 secs] [Times: user=0.02 sys=0.01, real=0.00 secs] 
399.029: [GC [PSYoungGen: 229400K->3210K(238592K)] 506150K->279967K(591872K), 0.0048570 secs] [Times: user=0.03 sys=0.00, real=0.00 secs] 
401.231: [GC [PSYoungGen: 232071K->6915K(238592K)] 508829K->283697K(591872K), 0.0051420 secs] [Times: user=0.03 sys=0.00, real=0.00 secs] 
403.411: [GC [PSYoungGen: 235771K->6212K(240128K)] 512552K->283002K(593408K), 0.0054160 secs] [Times: user=0.00 sys=0.04, real=0.00 secs] 
405.560: [GC [PSYoungGen: 236554K->6598K(240128K)] 513344K->283395K(593408K), 0.0048090 secs] [Times: user=0.03 sys=0.00, real=0.00 secs] 
407.752: [GC [PSYoungGen: 236951K->6029K(241152K)] 513748K->282835K(594432K), 0.0048910 secs] [Times: user=0.02 sys=0.01, real=0.00 secs] 
409.931: [GC [PSYoungGen: 237960K->6589K(241664K)] 514765K->283450K(594944K), 0.0050850 secs] [Times: user=0.03 sys=0.01, real=0.00 secs] 
412.122: [GC [PSYoungGen: 238471K->6280K(243200K)] 515333K->283150K(596480K), 0.0038070 secs] [Times: user=0.03 sys=0.00, real=0.00 secs] 
414.333: [GC [PSYoungGen: 239716K->5828K(243200K)] 516848K->282968K(596480K), 0.0046370 secs] [Times: user=0.03 sys=0.01, real=0.01 secs] 
416.610: [GC [PSYoungGen: 239300K->2417K(244736K)] 521690K->284816K(598016K), 0.0056250 secs] [Times: user=0.04 sys=0.00, real=0.00 secs] 
418.879: [GC [PSYoungGen: 237407K->4852K(244736K)] 520742K->288196K(598016K), 0.0046750 secs] [Times: user=0.03 sys=0.00, real=0.00 secs] 
Heap
 PSYoungGen      total 244736K, used 110344K [0x00000000eaa80000, 0x00000000fa380000, 0x0000000100000000)
  eden space 235008K, 44% used [0x00000000eaa80000,0x00000000f1184ff0,0x00000000f9000000)
  from space 9728K, 49% used [0x00000000f9000000,0x00000000f94bd360,0x00000000f9980000)
  to   space 9216K, 0% used [0x00000000f9a80000,0x00000000f9a80000,0x00000000fa380000)
 ParOldGen       total 353280K, used 283343K [0x00000000c0000000, 0x00000000d5900000, 0x00000000eaa80000)
  object space 353280K, 80% used [0x00000000c0000000,0x00000000d14b3cb8,0x00000000d5900000)
 PSPermGen       total 21504K, used 12240K [0x00000000bae00000, 0x00000000bc300000, 0x00000000c0000000)
  object space 21504K, 56% used [0x00000000bae00000,0x00000000bb9f4148,0x00000000bc300000)
