52.688: [GC [PSYoungGen: 10579K->3570K(35840K)] 10579K->3578K(116224K), 0.0118130 secs] [Times: user=0.08 sys=0.00, real=0.02 secs] 
52.700: [Full GC [PSYoungGen: 3570K->0K(35840K)] [ParOldGen: 8K->3139K(80384K)] 3578K->3139K(116224K) [PSPermGen: 5166K->5164K(21504K)], 0.0258850 secs] [Times: user=0.14 sys=0.03, real=0.02 secs] 
52.726: [GC [PSYoungGen: 0K->0K(35840K)] 3139K->3139K(116224K), 0.0034890 secs] [Times: user=0.00 sys=0.01, real=0.01 secs] 
52.730: [Full GC [PSYoungGen: 0K->0K(35840K)] [ParOldGen: 3139K->3139K(80384K)] 3139K->3139K(116224K) [PSPermGen: 5164K->5164K(21504K)], 0.0123120 secs] [Times: user=0.02 sys=0.05, real=0.01 secs] 
52.837: [GC [PSYoungGen: 28987K->4576K(35840K)] 32126K->29925K(116224K), 0.0121650 secs] [Times: user=0.14 sys=0.08, real=0.01 secs] 
52.859: [GC [PSYoungGen: 35642K->4448K(67072K)] 60991K->60757K(147456K), 0.0155090 secs] [Times: user=0.18 sys=0.10, real=0.01 secs] 
52.875: [Full GC [PSYoungGen: 4448K->0K(67072K)] [ParOldGen: 56309K->59435K(140288K)] 60757K->59435K(207360K) [PSPermGen: 5187K->5187K(21504K)], 0.0359870 secs] [Times: user=0.38 sys=0.03, real=0.04 secs] 
52.967: [GC [PSYoungGen: 62060K->3472K(67072K)] 121495K->121388K(207360K), 0.0252040 secs] [Times: user=0.14 sys=0.40, real=0.03 secs] 
52.992: [Full GC [PSYoungGen: 3472K->0K(67072K)] [ParOldGen: 117916K->121354K(246784K)] 121388K->121354K(313856K) [PSPermGen: 5187K->5187K(21504K)], 0.0296460 secs] [Times: user=0.17 sys=0.09, real=0.03 secs] 
53.638: [GC [PSYoungGen: 62398K->4600K(99328K)] 183887K->148440K(346112K), 0.0365040 secs] [Times: user=0.54 sys=0.22, real=0.03 secs] 
54.656: [GC [PSYoungGen: 99320K->4593K(104448K)] 244995K->163619K(351232K), 0.0198210 secs] [Times: user=0.33 sys=0.05, real=0.02 secs] 
55.673: [GC [PSYoungGen: 104433K->1650K(152064K)] 269988K->167204K(398848K), 0.0051150 secs] [Times: user=0.02 sys=0.01, real=0.01 secs] 
56.965: [GC [PSYoungGen: 130581K->6001K(135168K)] 296809K->172229K(381952K), 0.0057250 secs] [Times: user=0.04 sys=0.01, real=0.01 secs] 
58.294: [GC [PSYoungGen: 135025K->1997K(151040K)] 307562K->174534K(397824K), 0.0043090 secs] [Times: user=0.03 sys=0.00, real=0.01 secs] 
59.640: [GC [PSYoungGen: 131533K->3906K(150528K)] 307261K->179635K(397312K), 0.0057650 secs] [Times: user=0.03 sys=0.00, real=0.00 secs] 
60.836: [GC [PSYoungGen: 133375K->5824K(152064K)] 309238K->181687K(398848K), 0.0033290 secs] [Times: user=0.03 sys=0.00, real=0.00 secs] 
62.238: [GC [PSYoungGen: 139453K->886K(152576K)] 324481K->185915K(399360K), 0.0049050 secs] [Times: user=0.03 sys=0.00, real=0.00 secs] 
63.556: [GC [PSYoungGen: 134518K->1663K(155136K)] 329339K->196484K(401920K), 0.0051910 secs] [Times: user=0.02 sys=0.01, real=0.01 secs] 
64.906: [GC [PSYoungGen: 138755K->6093K(155648K)] 333711K->201048K(402432K), 0.0056340 secs] [Times: user=0.03 sys=0.01, real=0.01 secs] 
66.352: [GC [PSYoungGen: 143309K->1307K(156160K)] 345532K->203530K(402944K), 0.0029330 secs] [Times: user=0.02 sys=0.01, real=0.00 secs] 
67.834: [Full GC [PSYoungGen: 140571K->0K(156160K)] [ParOldGen: 210911K->133950K(272384K)] 351483K->133950K(428544K) [PSPermGen: 5245K->5245K(21504K)], 0.0298650 secs] [Times: user=0.11 sys=0.01, real=0.03 secs] 
69.253: [GC [PSYoungGen: 139249K->6716K(156160K)] 273200K->140667K(428544K), 0.0032300 secs] [Times: user=0.03 sys=0.01, real=0.00 secs] 
70.521: [GC [PSYoungGen: 145860K->6623K(157696K)] 279811K->140574K(430080K), 0.0037620 secs] [Times: user=0.04 sys=0.00, real=0.00 secs] 
71.924: [GC [PSYoungGen: 148283K->5956K(157696K)] 282234K->139907K(430080K), 0.0043170 secs] [Times: user=0.03 sys=0.00, real=0.00 secs] 
73.227: [GC [PSYoungGen: 147693K->4631K(158720K)] 282453K->139390K(431104K), 0.0053890 secs] [Times: user=0.03 sys=0.00, real=0.01 secs] 
74.637: [GC [PSYoungGen: 148503K->5606K(158208K)] 283663K->140767K(430592K), 0.0046790 secs] [Times: user=0.02 sys=0.01, real=0.00 secs] 
76.021: [GC [PSYoungGen: 149357K->6091K(158208K)] 284652K->141386K(430592K), 0.0036350 secs] [Times: user=0.02 sys=0.01, real=0.00 secs] 
77.495: [GC [PSYoungGen: 152011K->2440K(158720K)] 293394K->143823K(431104K), 0.0047580 secs] [Times: user=0.03 sys=0.00, real=0.01 secs] 
78.947: [GC [PSYoungGen: 148309K->5776K(159744K)] 289827K->147294K(432128K), 0.0066630 secs] [Times: user=0.05 sys=0.00, real=0.01 secs] 
80.413: [GC [PSYoungGen: 153744K->3267K(160256K)] 298965K->148488K(432640K), 0.0034510 secs] [Times: user=0.02 sys=0.01, real=0.01 secs] 
81.858: [GC [PSYoungGen: 151202K->5988K(160256K)] 296424K->151209K(432640K), 0.0036180 secs] [Times: user=0.03 sys=0.00, real=0.00 secs] 
83.306: [GC [PSYoungGen: 155461K->5403K(160768K)] 300952K->150894K(433152K), 0.0044540 secs] [Times: user=0.03 sys=0.00, real=0.01 secs] 
84.841: [GC [PSYoungGen: 154907K->1743K(161280K)] 307485K->154320K(433664K), 0.0047730 secs] [Times: user=0.03 sys=0.00, real=0.00 secs] 
86.319: [GC [PSYoungGen: 152271K->2244K(161280K)] 312077K->162050K(433664K), 0.0048520 secs] [Times: user=0.03 sys=0.01, real=0.00 secs] 
87.771: [GC [PSYoungGen: 152723K->6838K(161792K)] 312529K->166644K(434176K), 0.0050820 secs] [Times: user=0.03 sys=0.01, real=0.01 secs] 
89.249: [GC [PSYoungGen: 157833K->5737K(162304K)] 317838K->165742K(434688K), 0.0049440 secs] [Times: user=0.02 sys=0.00, real=0.00 secs] 
90.767: [GC [PSYoungGen: 156777K->2741K(162816K)] 324764K->170975K(435200K), 0.0053350 secs] [Times: user=0.02 sys=0.01, real=0.01 secs] 
92.206: [GC [PSYoungGen: 154784K->7358K(162816K)] 323018K->175600K(435200K), 0.0039900 secs] [Times: user=0.03 sys=0.00, real=0.01 secs] 
93.666: [GC [PSYoungGen: 159383K->6084K(163840K)] 327625K->174334K(436224K), 0.0039710 secs] [Times: user=0.03 sys=0.00, real=0.01 secs] 
95.095: [GC [PSYoungGen: 159168K->6511K(163840K)] 327482K->174833K(436224K), 0.0049480 secs] [Times: user=0.03 sys=0.00, real=0.01 secs] 
96.653: [GC [PSYoungGen: 159599K->2520K(164352K)] 336087K->179016K(436736K), 0.0031320 secs] [Times: user=0.03 sys=0.00, real=0.01 secs] 
98.170: [GC [PSYoungGen: 156065K->5038K(158720K)] 332966K->181962K(431104K), 0.0033770 secs] [Times: user=0.03 sys=0.00, real=0.00 secs] 
99.670: [GC [PSYoungGen: 158638K->3313K(163840K)] 340484K->185183K(436224K), 0.0049950 secs] [Times: user=0.03 sys=0.00, real=0.00 secs] 
101.255: [GC [PSYoungGen: 156913K->4375K(163840K)] 344805K->192275K(436224K), 0.0049990 secs] [Times: user=0.03 sys=0.00, real=0.01 secs] 
102.808: [GC [PSYoungGen: 157855K->7326K(163840K)] 345890K->195418K(436224K), 0.0048780 secs] [Times: user=0.02 sys=0.01, real=0.01 secs] 
104.320: [GC [PSYoungGen: 161438K->4375K(164352K)] 353413K->196365K(436736K), 0.0046850 secs] [Times: user=0.02 sys=0.01, real=0.00 secs] 
105.856: [GC [PSYoungGen: 158487K->2401K(164864K)] 357564K->201487K(437248K), 0.0045630 secs] [Times: user=0.03 sys=0.01, real=0.01 secs] 
107.278: [GC [PSYoungGen: 157536K->7939K(164864K)] 356622K->207048K(437248K), 0.0043760 secs] [Times: user=0.03 sys=0.00, real=0.00 secs] 
108.858: [GC [PSYoungGen: 163017K->7320K(163840K)] 362126K->206461K(436224K), 0.0054370 secs] [Times: user=0.03 sys=0.00, real=0.00 secs] 
110.376: [GC [PSYoungGen: 160836K->6899K(164352K)] 359978K->206469K(436736K), 0.0031800 secs] [Times: user=0.03 sys=0.00, real=0.01 secs] 
111.905: [GC [PSYoungGen: 160419K->6100K(164352K)] 360393K->206082K(436736K), 0.0037020 secs] [Times: user=0.02 sys=0.00, real=0.01 secs] 
113.482: [GC [PSYoungGen: 159700K->1901K(164352K)] 366294K->208511K(436736K), 0.0058010 secs] [Times: user=0.03 sys=0.00, real=0.00 secs] 
114.879: [GC [PSYoungGen: 155435K->6463K(164352K)] 362045K->213502K(436736K), 0.0050710 secs] [Times: user=0.03 sys=0.01, real=0.00 secs] 
116.399: [GC [PSYoungGen: 160049K->5012K(158720K)] 367357K->212329K(431104K), 0.0051780 secs] [Times: user=0.02 sys=0.01, real=0.00 secs] 
117.882: [GC [PSYoungGen: 158612K->2045K(163840K)] 373010K->216450K(436224K), 0.0045600 secs] [Times: user=0.02 sys=0.00, real=0.00 secs] 
119.523: [GC [PSYoungGen: 155645K->2353K(163840K)] 377801K->224518K(436224K), 0.0033260 secs] [Times: user=0.03 sys=0.01, real=0.00 secs] 
121.009: [GC [PSYoungGen: 155866K->6353K(164864K)] 378031K->228526K(437248K), 0.0049940 secs] [Times: user=0.03 sys=0.00, real=0.00 secs] 
122.486: [GC [PSYoungGen: 160972K->5606K(164864K)] 383748K->228470K(437248K), 0.0049610 secs] [Times: user=0.03 sys=0.00, real=0.01 secs] 
124.026: [GC [PSYoungGen: 160230K->2892K(163840K)] 388022K->230716K(436224K), 0.0030620 secs] [Times: user=0.03 sys=0.00, real=0.01 secs] 
125.490: [GC [PSYoungGen: 157473K->6036K(164352K)] 385297K->234304K(436736K), 0.0047140 secs] [Times: user=0.03 sys=0.00, real=0.00 secs] 
126.991: [GC [PSYoungGen: 160647K->5885K(165376K)] 389320K->234582K(437760K), 0.0034690 secs] [Times: user=0.02 sys=0.01, real=0.00 secs] 
128.478: [GC [PSYoungGen: 161533K->2805K(165376K)] 394001K->235297K(437760K), 0.0030280 secs] [Times: user=0.02 sys=0.00, real=0.00 secs] 
129.958: [GC [PSYoungGen: 158453K->5805K(165376K)] 391204K->238579K(437760K), 0.0043540 secs] [Times: user=0.03 sys=0.00, real=0.00 secs] 
131.448: [GC [PSYoungGen: 161437K->5638K(165376K)] 394609K->238866K(437760K), 0.0059610 secs] [Times: user=0.03 sys=0.01, real=0.01 secs] 
132.986: [GC [PSYoungGen: 161286K->3004K(164352K)] 398255K->239981K(436736K), 0.0041470 secs] [Times: user=0.02 sys=0.00, real=0.01 secs] 
134.467: [GC [PSYoungGen: 158535K->6582K(164864K)] 395647K->243701K(437248K), 0.0050230 secs] [Times: user=0.03 sys=0.00, real=0.01 secs] 
135.958: [GC [PSYoungGen: 162230K->3925K(165376K)] 403153K->244880K(437760K), 0.0044040 secs] [Times: user=0.03 sys=0.01, real=0.00 secs] 
137.490: [GC [PSYoungGen: 159992K->6486K(165376K)] 401352K->247854K(437760K), 0.0045930 secs] [Times: user=0.03 sys=0.00, real=0.00 secs] 
139.103: [GC [PSYoungGen: 162646K->2029K(165376K)] 412179K->251586K(437760K), 0.0045860 secs] [Times: user=0.03 sys=0.01, real=0.00 secs] 
140.670: [GC [PSYoungGen: 157612K->6148K(165376K)] 407439K->255991K(437760K), 0.0047630 secs] [Times: user=0.03 sys=0.00, real=0.00 secs] 
142.232: [GC [PSYoungGen: 161796K->3900K(164352K)] 415055K->257175K(436736K), 0.0050590 secs] [Times: user=0.02 sys=0.01, real=0.01 secs] 
143.708: [GC [PSYoungGen: 159363K->7249K(164864K)] 412638K->260540K(437248K), 0.0054810 secs] [Times: user=0.03 sys=0.01, real=0.01 secs] 
145.265: [GC [PSYoungGen: 162874K->7454K(164352K)] 416166K->260762K(436736K), 0.0042580 secs] [Times: user=0.04 sys=0.00, real=0.01 secs] 
146.809: [GC [PSYoungGen: 162044K->5718K(164864K)] 416025K->259748K(437248K), 0.0036400 secs] [Times: user=0.03 sys=0.00, real=0.00 secs] 
148.312: [GC [PSYoungGen: 160342K->4130K(163840K)] 419062K->263286K(436224K), 0.0036150 secs] [Times: user=0.03 sys=0.00, real=0.00 secs] 
149.857: [GC [PSYoungGen: 158597K->6411K(164352K)] 417753K->265591K(436736K), 0.0034460 secs] [Times: user=0.02 sys=0.01, real=0.00 secs] 
151.349: [GC [PSYoungGen: 161017K->6180K(164864K)] 420601K->265772K(437248K), 0.0052660 secs] [Times: user=0.02 sys=0.01, real=0.00 secs] 
152.938: [GC [PSYoungGen: 161316K->2837K(164864K)] 426733K->268263K(437248K), 0.0033360 secs] [Times: user=0.03 sys=0.00, real=0.00 secs] 
154.430: [GC [PSYoungGen: 157724K->7139K(164352K)] 423150K->272605K(436736K), 0.0059810 secs] [Times: user=0.03 sys=0.00, real=0.00 secs] 
155.896: [GC [PSYoungGen: 161739K->7162K(164864K)] 427204K->272652K(437248K), 0.0063300 secs] [Times: user=0.03 sys=0.01, real=0.00 secs] 
157.363: [GC [PSYoungGen: 161748K->8096K(163840K)] 427237K->273602K(436224K), 0.0035490 secs] [Times: user=0.03 sys=0.01, real=0.00 secs] 
158.814: [GC [PSYoungGen: 161551K->7898K(161792K)] 427057K->273411K(434176K), 0.0058570 secs] [Times: user=0.03 sys=0.00, real=0.01 secs] 
160.312: [GC [PSYoungGen: 161492K->6838K(164352K)] 427450K->272820K(436736K), 0.0050250 secs] [Times: user=0.03 sys=0.00, real=0.02 secs] 
161.786: [GC [PSYoungGen: 159926K->6842K(163840K)] 426761K->273693K(436224K), 0.0060720 secs] [Times: user=0.04 sys=0.00, real=0.01 secs] 
163.238: [GC [PSYoungGen: 159842K->7548K(163840K)] 426693K->274693K(436224K), 0.0061220 secs] [Times: user=0.02 sys=0.01, real=0.00 secs] 
164.696: [GC [PSYoungGen: 160609K->6854K(163840K)] 427753K->274039K(436224K), 0.0057420 secs] [Times: user=0.03 sys=0.01, real=0.01 secs] 
166.166: [GC [PSYoungGen: 159880K->6456K(163328K)] 427199K->273991K(435712K), 0.0046380 secs] [Times: user=0.02 sys=0.01, real=0.01 secs] 
167.662: [Full GC [PSYoungGen: 160056K->0K(163328K)] [ParOldGen: 275634K->134605K(287232K)] 435691K->134605K(450560K) [PSPermGen: 5257K->5257K(21504K)], 0.0236190 secs] [Times: user=0.09 sys=0.01, real=0.02 secs] 
169.191: [GC [PSYoungGen: 153548K->5773K(163840K)] 288288K->140513K(451072K), 0.0047550 secs] [Times: user=0.03 sys=0.01, real=0.00 secs] 
170.786: [GC [PSYoungGen: 159373K->2908K(164864K)] 299452K->142987K(452096K), 0.0055840 secs] [Times: user=0.03 sys=0.00, real=0.01 secs] 
172.321: [GC [PSYoungGen: 157532K->2314K(164864K)] 302578K->147360K(452096K), 0.0046350 secs] [Times: user=0.03 sys=0.00, real=0.00 secs] 
173.811: [GC [PSYoungGen: 156767K->6036K(164864K)] 302082K->151351K(452096K), 0.0035700 secs] [Times: user=0.03 sys=0.00, real=0.00 secs] 
175.436: [GC [PSYoungGen: 160660K->1702K(164864K)] 311262K->152304K(452096K), 0.0042520 secs] [Times: user=0.03 sys=0.00, real=0.01 secs] 
177.683: [GC [PSYoungGen: 156326K->2632K(164864K)] 314433K->160739K(452096K), 0.0059860 secs] [Times: user=0.04 sys=0.00, real=0.01 secs] 
179.270: [GC [PSYoungGen: 157179K->5833K(164864K)] 315286K->163940K(452096K), 0.0053360 secs] [Times: user=0.03 sys=0.00, real=0.00 secs] 
180.801: [GC [PSYoungGen: 160397K->6045K(164864K)] 318908K->164556K(452096K), 0.0034350 secs] [Times: user=0.03 sys=0.00, real=0.00 secs] 
182.269: [GC [PSYoungGen: 160669K->2490K(164864K)] 323259K->165080K(452096K), 0.0033590 secs] [Times: user=0.02 sys=0.00, real=0.00 secs] 
183.836: [GC [PSYoungGen: 157114K->3749K(163840K)] 323673K->170307K(451072K), 0.0043290 secs] [Times: user=0.02 sys=0.00, real=0.00 secs] 
185.364: [GC [PSYoungGen: 158354K->6071K(164352K)] 325047K->172764K(451584K), 0.0046710 secs] [Times: user=0.03 sys=0.01, real=0.01 secs] 
186.929: [GC [PSYoungGen: 160695K->1435K(165376K)] 335221K->175962K(452608K), 0.0037330 secs] [Times: user=0.03 sys=0.00, real=0.00 secs] 
188.519: [GC [PSYoungGen: 157083K->1483K(165376K)] 340060K->184460K(452608K), 0.0032980 secs] [Times: user=0.03 sys=0.00, real=0.00 secs] 
189.919: [GC [PSYoungGen: 157129K->7240K(164352K)] 340106K->190217K(451584K), 0.0054840 secs] [Times: user=0.02 sys=0.00, real=0.00 secs] 
191.435: [GC [PSYoungGen: 161786K->6591K(161280K)] 345167K->189973K(448512K), 0.0047150 secs] [Times: user=0.02 sys=0.01, real=0.01 secs] 
192.919: [GC [PSYoungGen: 161215K->2061K(164352K)] 351962K->193070K(451584K), 0.0044860 secs] [Times: user=0.02 sys=0.00, real=0.00 secs] 
194.468: [GC [PSYoungGen: 155661K->1720K(155648K)] 354843K->201015K(442880K), 0.0029560 secs] [Times: user=0.02 sys=0.00, real=0.00 secs] 
195.973: [GC [PSYoungGen: 155258K->6187K(163328K)] 354553K->205505K(450560K), 0.0035230 secs] [Times: user=0.03 sys=0.00, real=0.01 secs] 
197.397: [GC [PSYoungGen: 159132K->6518K(163840K)] 358451K->206011K(451072K), 0.0053930 secs] [Times: user=0.02 sys=0.00, real=0.00 secs] 
198.891: [GC [PSYoungGen: 159587K->6075K(164352K)] 359080K->205656K(451584K), 0.0055350 secs] [Times: user=0.03 sys=0.00, real=0.01 secs] 
200.369: [GC [PSYoungGen: 159663K->6264K(164352K)] 359245K->205934K(451584K), 0.0054420 secs] [Times: user=0.03 sys=0.00, real=0.00 secs] 
201.869: [GC [PSYoungGen: 159864K->5385K(163328K)] 360081K->205776K(450560K), 0.0033010 secs] [Times: user=0.02 sys=0.00, real=0.00 secs] 
203.328: [GC [PSYoungGen: 158985K->3884K(163840K)] 362296K->207211K(451072K), 0.0049980 secs] [Times: user=0.02 sys=0.00, real=0.00 secs] 
204.927: [GC [PSYoungGen: 157484K->1791K(164864K)] 368516K->212832K(452096K), 0.0048680 secs] [Times: user=0.03 sys=0.01, real=0.01 secs] 
206.493: [GC [PSYoungGen: 156352K->6168K(164864K)] 367393K->217368K(452096K), 0.0054600 secs] [Times: user=0.03 sys=0.01, real=0.01 secs] 
207.939: [GC [PSYoungGen: 160714K->6168K(164864K)] 371913K->217392K(452096K), 0.0041770 secs] [Times: user=0.03 sys=0.00, real=0.00 secs] 
209.414: [GC [PSYoungGen: 160592K->6216K(164864K)] 371815K->217448K(452096K), 0.0045450 secs] [Times: user=0.02 sys=0.00, real=0.01 secs] 
210.886: [GC [PSYoungGen: 160716K->5599K(163840K)] 372217K->217108K(451072K), 0.0044930 secs] [Times: user=0.03 sys=0.00, real=0.01 secs] 
212.406: [GC [PSYoungGen: 160223K->4178K(164352K)] 374043K->218006K(451584K), 0.0044010 secs] [Times: user=0.02 sys=0.01, real=0.01 secs] 
213.857: [GC [PSYoungGen: 158741K->6139K(165376K)] 372568K->219974K(452608K), 0.0032810 secs] [Times: user=0.03 sys=0.00, real=0.00 secs] 
215.312: [GC [PSYoungGen: 161709K->6075K(165376K)] 375545K->219934K(452608K), 0.0056680 secs] [Times: user=0.04 sys=0.01, real=0.01 secs] 
216.792: [GC [PSYoungGen: 161623K->6091K(164352K)] 375483K->219958K(451584K), 0.0038820 secs] [Times: user=0.02 sys=0.01, real=0.01 secs] 
218.359: [GC [PSYoungGen: 161650K->5561K(164864K)] 375652K->219571K(452096K), 0.0046430 secs] [Times: user=0.03 sys=0.00, real=0.00 secs] 
219.892: [GC [PSYoungGen: 161209K->2735K(165888K)] 379197K->220731K(453120K), 0.0032420 secs] [Times: user=0.03 sys=0.00, real=0.00 secs] 
221.344: [GC [PSYoungGen: 159312K->5481K(165888K)] 377713K->223890K(453120K), 0.0060300 secs] [Times: user=0.03 sys=0.00, real=0.01 secs] 
222.887: [GC [PSYoungGen: 162153K->3662K(164864K)] 385157K->226674K(452096K), 0.0046120 secs] [Times: user=0.03 sys=0.01, real=0.01 secs] 
224.395: [GC [PSYoungGen: 160077K->5949K(165376K)] 383089K->228977K(452608K), 0.0034670 secs] [Times: user=0.03 sys=0.00, real=0.01 secs] 
225.886: [GC [PSYoungGen: 162483K->5997K(166400K)] 385511K->229041K(453632K), 0.0047940 secs] [Times: user=0.03 sys=0.01, real=0.01 secs] 
227.385: [GC [PSYoungGen: 163659K->5876K(166400K)] 386703K->228944K(453632K), 0.0050100 secs] [Times: user=0.03 sys=0.01, real=0.01 secs] 
228.902: [GC [PSYoungGen: 163530K->6209K(166400K)] 386598K->229301K(453632K), 0.0046840 secs] [Times: user=0.02 sys=0.01, real=0.00 secs] 
230.428: [GC [PSYoungGen: 163794K->6472K(166400K)] 386886K->229572K(453632K), 0.0050760 secs] [Times: user=0.03 sys=0.00, real=0.00 secs] 
232.009: [GC [PSYoungGen: 164155K->5734K(166400K)] 387659K->229247K(453632K), 0.0050310 secs] [Times: user=0.03 sys=0.00, real=0.00 secs] 
233.603: [GC [PSYoungGen: 163430K->3623K(166400K)] 390493K->230718K(453632K), 0.0039650 secs] [Times: user=0.04 sys=0.00, real=0.00 secs] 
235.119: [GC [PSYoungGen: 161119K->6091K(166400K)] 388213K->233257K(453632K), 0.0059070 secs] [Times: user=0.03 sys=0.00, real=0.00 secs] 
236.627: [GC [PSYoungGen: 163722K->6091K(166400K)] 390889K->233265K(453632K), 0.0046680 secs] [Times: user=0.03 sys=0.01, real=0.01 secs] 
238.088: [GC [PSYoungGen: 163740K->5670K(166400K)] 391319K->233265K(453632K), 0.0056780 secs] [Times: user=0.02 sys=0.01, real=0.01 secs] 
239.645: [GC [PSYoungGen: 163366K->3226K(166400K)] 395913K->235789K(453632K), 0.0053750 secs] [Times: user=0.04 sys=0.00, real=0.01 secs] 
241.190: [GC [PSYoungGen: 160922K->2250K(166400K)] 399509K->240846K(453632K), 0.0047790 secs] [Times: user=0.03 sys=0.00, real=0.00 secs] 
242.746: [GC [PSYoungGen: 159946K->4281K(166400K)] 401179K->245554K(453632K), 0.0055370 secs] [Times: user=0.02 sys=0.00, real=0.01 secs] 
244.254: [GC [PSYoungGen: 161921K->5435K(165376K)] 403194K->246716K(452608K), 0.0046540 secs] [Times: user=0.03 sys=0.01, real=0.01 secs] 
245.809: [GC [PSYoungGen: 163012K->6232K(165888K)] 404292K->247545K(453120K), 0.0039830 secs] [Times: user=0.03 sys=0.01, real=0.00 secs] 
247.317: [GC [PSYoungGen: 163914K->5680K(166400K)] 405226K->247000K(453632K), 0.0045450 secs] [Times: user=0.02 sys=0.00, real=0.00 secs] 
248.802: [GC [PSYoungGen: 163199K->5538K(163328K)] 404519K->246867K(450560K), 0.0061270 secs] [Times: user=0.03 sys=0.01, real=0.01 secs] 
250.299: [GC [PSYoungGen: 163227K->6739K(165376K)] 404555K->248084K(452608K), 0.0047620 secs] [Times: user=0.03 sys=0.00, real=0.00 secs] 
251.845: [GC [PSYoungGen: 163830K->5664K(165888K)] 405175K->247016K(453120K), 0.0055470 secs] [Times: user=0.03 sys=0.00, real=0.01 secs] 
253.393: [GC [PSYoungGen: 162845K->4403K(166400K)] 404865K->246432K(453632K), 0.0047140 secs] [Times: user=0.03 sys=0.00, real=0.01 secs] 
254.929: [GC [PSYoungGen: 162611K->2109K(166400K)] 411512K->251058K(453632K), 0.0029860 secs] [Times: user=0.03 sys=0.00, real=0.00 secs] 
256.452: [GC [PSYoungGen: 160238K->6091K(166400K)] 409187K->255048K(453632K), 0.0034780 secs] [Times: user=0.03 sys=0.00, real=0.00 secs] 
257.956: [GC [PSYoungGen: 163730K->5760K(166400K)] 412687K->254733K(453632K), 0.0047240 secs] [Times: user=0.03 sys=0.00, real=0.01 secs] 
259.463: [GC [PSYoungGen: 163428K->5782K(166400K)] 412536K->254906K(453632K), 0.0036310 secs] [Times: user=0.03 sys=0.01, real=0.00 secs] 
261.067: [GC [PSYoungGen: 163478K->2719K(166400K)] 419023K->258271K(453632K), 0.0046330 secs] [Times: user=0.03 sys=0.00, real=0.01 secs] 
262.637: [GC [PSYoungGen: 160365K->5664K(166400K)] 415918K->261320K(453632K), 0.0047160 secs] [Times: user=0.02 sys=0.01, real=0.00 secs] 
264.135: [GC [PSYoungGen: 163358K->6328K(166400K)] 419015K->262072K(453632K), 0.0051200 secs] [Times: user=0.03 sys=0.00, real=0.01 secs] 
265.649: [GC [PSYoungGen: 163893K->5821K(166400K)] 419638K->261573K(453632K), 0.0048070 secs] [Times: user=0.03 sys=0.00, real=0.01 secs] 
267.148: [GC [PSYoungGen: 163423K->5670K(166400K)] 419445K->261700K(453632K), 0.0030540 secs] [Times: user=0.03 sys=0.00, real=0.00 secs] 
268.694: [GC [PSYoungGen: 163366K->2013K(166400K)] 425024K->263678K(453632K), 0.0045290 secs] [Times: user=0.03 sys=0.01, real=0.01 secs] 
270.215: [GC [PSYoungGen: 159699K->5837K(166400K)] 421634K->267780K(453632K), 0.0049840 secs] [Times: user=0.02 sys=0.00, real=0.01 secs] 
271.773: [GC [PSYoungGen: 163533K->2725K(166400K)] 429861K->269061K(453632K), 0.0045510 secs] [Times: user=0.03 sys=0.00, real=0.01 secs] 
273.268: [GC [PSYoungGen: 160421K->4098K(166400K)] 429742K->273427K(453632K), 0.0050320 secs] [Times: user=0.03 sys=0.00, real=0.01 secs] 
274.764: [GC [PSYoungGen: 161758K->6203K(166400K)] 431491K->275943K(453632K), 0.0049130 secs] [Times: user=0.02 sys=0.01, real=0.01 secs] 
276.307: [GC [PSYoungGen: 163899K->5154K(163328K)] 435380K->276659K(450560K), 0.0042010 secs] [Times: user=0.03 sys=0.01, real=0.01 secs] 
277.813: [GC [PSYoungGen: 162727K->6749K(165376K)] 434232K->278278K(452608K), 0.0051190 secs] [Times: user=0.02 sys=0.01, real=0.01 secs] 
279.339: [GC [PSYoungGen: 163921K->5111K(165888K)] 435450K->276648K(453120K), 0.0048610 secs] [Times: user=0.03 sys=0.00, real=0.00 secs] 
280.788: [GC [PSYoungGen: 162276K->6385K(166400K)] 433813K->277931K(453632K), 0.0047570 secs] [Times: user=0.02 sys=0.00, real=0.02 secs] 
282.289: [GC [PSYoungGen: 164075K->6241K(166400K)] 435620K->277811K(453632K), 0.0052120 secs] [Times: user=0.03 sys=0.01, real=0.00 secs] 
283.758: [GC [PSYoungGen: 163823K->5641K(166400K)] 435662K->277488K(453632K), 0.0047730 secs] [Times: user=0.03 sys=0.00, real=0.00 secs] 
285.284: [GC [PSYoungGen: 163337K->3694K(166400K)] 439176K->279541K(453632K), 0.0030010 secs] [Times: user=0.03 sys=0.00, real=0.00 secs] 
286.872: [GC [PSYoungGen: 161388K->2093K(166400K)] 445480K->286201K(453632K), 0.0048390 secs] [Times: user=0.03 sys=0.01, real=0.01 secs] 
288.461: [Full GC [PSYoungGen: 159789K->0K(166400K)] [ParOldGen: 290814K->134135K(346112K)] 450603K->134135K(512512K) [PSPermGen: 5285K->5285K(21504K)], 0.0205230 secs] [Times: user=0.06 sys=0.02, real=0.02 secs] 
290.069: [GC [PSYoungGen: 157696K->2668K(166400K)] 296173K->141145K(512512K), 0.0049500 secs] [Times: user=0.03 sys=0.00, real=0.00 secs] 
291.639: [GC [PSYoungGen: 160319K->5179K(166400K)] 298995K->143855K(512512K), 0.0051220 secs] [Times: user=0.03 sys=0.00, real=0.00 secs] 
293.263: [GC [PSYoungGen: 162875K->870K(166400K)] 309240K->147236K(512512K), 0.0027790 secs] [Times: user=0.02 sys=0.00, real=0.00 secs] 
294.714: [GC [PSYoungGen: 158492K->6059K(165376K)] 304992K->152559K(511488K), 0.0046320 secs] [Times: user=0.03 sys=0.00, real=0.01 secs] 
296.268: [GC [PSYoungGen: 162731K->2908K(165888K)] 315167K->155345K(512000K), 0.0047190 secs] [Times: user=0.02 sys=0.00, real=0.00 secs] 
297.747: [GC [PSYoungGen: 159483K->6511K(165376K)] 311920K->158948K(511488K), 0.0029890 secs] [Times: user=0.03 sys=0.00, real=0.01 secs] 
299.240: [GC [PSYoungGen: 163158K->6659K(163840K)] 315594K->159096K(509952K), 0.0109710 secs] [Times: user=0.04 sys=0.00, real=0.01 secs] 
300.776: [GC [PSYoungGen: 163282K->6187K(165376K)] 315853K->158758K(511488K), 0.0045410 secs] [Times: user=0.03 sys=0.00, real=0.00 secs] 
302.207: [GC [PSYoungGen: 161835K->6001K(165376K)] 315040K->159207K(511488K), 0.0049510 secs] [Times: user=0.03 sys=0.00, real=0.01 secs] 
303.697: [GC [PSYoungGen: 161641K->6977K(165376K)] 314847K->160182K(511488K), 0.0049510 secs] [Times: user=0.02 sys=0.01, real=0.00 secs] 
305.208: [GC [PSYoungGen: 162586K->6621K(162304K)] 315856K->159890K(508416K), 0.0034470 secs] [Times: user=0.03 sys=0.00, real=0.01 secs] 
306.683: [GC [PSYoungGen: 162269K->5369K(165376K)] 316657K->159757K(511488K), 0.0035370 secs] [Times: user=0.02 sys=0.01, real=0.00 secs] 
308.170: [GC [PSYoungGen: 160461K->6273K(164864K)] 315118K->160931K(510976K), 0.0061320 secs] [Times: user=0.03 sys=0.01, real=0.01 secs] 
309.675: [GC [PSYoungGen: 161409K->3986K(164864K)] 319989K->162566K(510976K), 0.0038170 secs] [Times: user=0.03 sys=0.00, real=0.01 secs] 
311.228: [GC [PSYoungGen: 159634K->3932K(164864K)] 321628K->165926K(510976K), 0.0036600 secs] [Times: user=0.02 sys=0.01, real=0.01 secs] 
312.777: [GC [PSYoungGen: 159580K->2693K(165888K)] 328454K->171639K(512000K), 0.0046290 secs] [Times: user=0.02 sys=0.00, real=0.00 secs] 
314.296: [GC [PSYoungGen: 159365K->3020K(165888K)] 332173K->175868K(512000K), 0.0043400 secs] [Times: user=0.03 sys=0.00, real=0.00 secs] 
315.859: [GC [PSYoungGen: 159692K->1965K(165888K)] 340523K->182811K(512000K), 0.0042000 secs] [Times: user=0.02 sys=0.00, real=0.00 secs] 
317.387: [GC [PSYoungGen: 158637K->2433K(165888K)] 344373K->188606K(512000K), 0.0044890 secs] [Times: user=0.03 sys=0.00, real=0.01 secs] 
318.901: [GC [PSYoungGen: 159105K->4361K(164864K)] 348033K->193313K(510976K), 0.0059210 secs] [Times: user=0.03 sys=0.00, real=0.00 secs] 
320.482: [GC [PSYoungGen: 160964K->5972K(165376K)] 350320K->195336K(511488K), 0.0057680 secs] [Times: user=0.03 sys=0.01, real=0.00 secs] 
322.110: [GC [PSYoungGen: 162644K->4487K(166400K)] 354806K->196657K(512512K), 0.0051160 secs] [Times: user=0.03 sys=0.00, real=0.00 secs] 
323.645: [GC [PSYoungGen: 162183K->4679K(162816K)] 355698K->198218K(508928K), 0.0031350 secs] [Times: user=0.02 sys=0.00, real=0.01 secs] 
325.161: [GC [PSYoungGen: 162307K->6171K(165376K)] 355847K->199766K(511488K), 0.0051580 secs] [Times: user=0.03 sys=0.01, real=0.00 secs] 
326.645: [GC [PSYoungGen: 163328K->6591K(165888K)] 356924K->200195K(512000K), 0.0054700 secs] [Times: user=0.03 sys=0.00, real=0.01 secs] 
328.134: [GC [PSYoungGen: 163774K->6306K(165376K)] 357378K->199933K(511488K), 0.0045220 secs] [Times: user=0.03 sys=0.01, real=0.01 secs] 
329.680: [GC [PSYoungGen: 162977K->5092K(165888K)] 357037K->199177K(512000K), 0.0037280 secs] [Times: user=0.02 sys=0.00, real=0.00 secs] 
331.167: [GC [PSYoungGen: 161764K->5424K(165888K)] 356575K->200242K(512000K), 0.0045050 secs] [Times: user=0.03 sys=0.00, real=0.01 secs] 
332.744: [GC [PSYoungGen: 162568K->5513K(165888K)] 357386K->200379K(512000K), 0.0048600 secs] [Times: user=0.03 sys=0.01, real=0.01 secs] 
334.261: [GC [PSYoungGen: 162687K->5577K(165888K)] 357688K->200618K(512000K), 0.0060360 secs] [Times: user=0.04 sys=0.00, real=0.00 secs] 
335.840: [GC [PSYoungGen: 163273K->1046K(165888K)] 367090K->204896K(512000K), 0.0035780 secs] [Times: user=0.03 sys=0.00, real=0.00 secs] 
337.406: [GC [PSYoungGen: 158742K->1576K(166400K)] 369139K->212005K(512512K), 0.0041030 secs] [Times: user=0.03 sys=0.01, real=0.01 secs] 
338.894: [GC [PSYoungGen: 159159K->6447K(164352K)] 369723K->217035K(510464K), 0.0049720 secs] [Times: user=0.03 sys=0.00, real=0.01 secs] 
340.502: [GC [PSYoungGen: 164143K->3146K(165888K)] 379656K->218691K(512000K), 0.0055640 secs] [Times: user=0.03 sys=0.00, real=0.00 secs] 
342.023: [GC [PSYoungGen: 159697K->5234K(162304K)] 375916K->221461K(508416K), 0.0055510 secs] [Times: user=0.03 sys=0.01, real=0.01 secs] 
343.537: [GC [PSYoungGen: 161906K->2330K(165376K)] 383094K->223566K(511488K), 0.0061480 secs] [Times: user=0.03 sys=0.00, real=0.00 secs] 
345.033: [GC [PSYoungGen: 158982K->6065K(165376K)] 380623K->227730K(511488K), 0.0060040 secs] [Times: user=0.03 sys=0.01, real=0.01 secs] 
346.623: [GC [PSYoungGen: 162737K->1965K(165888K)] 391866K->231101K(512000K), 0.0042590 secs] [Times: user=0.03 sys=0.00, real=0.00 secs] 
348.101: [GC [PSYoungGen: 158637K->4868K(161792K)] 389316K->235579K(507904K), 0.0043220 secs] [Times: user=0.03 sys=0.00, real=0.00 secs] 
349.650: [GC [PSYoungGen: 161522K->5670K(165376K)] 392431K->236588K(511488K), 0.0054140 secs] [Times: user=0.02 sys=0.01, real=0.00 secs] 
351.281: [GC [PSYoungGen: 162342K->1997K(165376K)] 400775K->240437K(511488K), 0.0028360 secs] [Times: user=0.02 sys=0.00, real=0.00 secs] 
352.773: [GC [PSYoungGen: 158588K->5759K(165376K)] 397029K->244208K(511488K), 0.0049950 secs] [Times: user=0.03 sys=0.00, real=0.01 secs] 
354.302: [GC [PSYoungGen: 162286K->5775K(165888K)] 400734K->244240K(512000K), 0.0052770 secs] [Times: user=0.03 sys=0.01, real=0.00 secs] 
355.750: [GC [PSYoungGen: 162402K->5581K(165888K)] 401335K->244530K(512000K), 0.0046130 secs] [Times: user=0.03 sys=0.00, real=0.00 secs] 
357.302: [GC [PSYoungGen: 162253K->2757K(165888K)] 408003K->248515K(512000K), 0.0058260 secs] [Times: user=0.02 sys=0.02, real=0.01 secs] 
358.834: [GC [PSYoungGen: 159429K->1752K(165888K)] 412025K->254356K(512000K), 0.0049990 secs] [Times: user=0.02 sys=0.00, real=0.01 secs] 
360.311: [GC [PSYoungGen: 158374K->6059K(165888K)] 411177K->258886K(512000K), 0.0033690 secs] [Times: user=0.03 sys=0.00, real=0.00 secs] 
361.833: [GC [PSYoungGen: 162731K->3440K(164864K)] 421350K->262140K(510976K), 0.0051600 secs] [Times: user=0.02 sys=0.00, real=0.01 secs] 
363.325: [GC [PSYoungGen: 160038K->6290K(165376K)] 418737K->264997K(511488K), 0.0033200 secs] [Times: user=0.03 sys=0.00, real=0.01 secs] 
364.772: [GC [PSYoungGen: 162870K->6383K(164864K)] 421846K->265400K(510976K), 0.0051750 secs] [Times: user=0.03 sys=0.01, real=0.01 secs] 
366.320: [GC [PSYoungGen: 162031K->2292K(165376K)] 428505K->268773K(511488K), 0.0054920 secs] [Times: user=0.02 sys=0.00, real=0.00 secs] 
367.882: [GC [PSYoungGen: 157940K->3315K(165376K)] 430571K->275963K(511488K), 0.0045840 secs] [Times: user=0.03 sys=0.01, real=0.00 secs] 
369.382: [GC [PSYoungGen: 159427K->5689K(165376K)] 432209K->278487K(511488K), 0.0062220 secs] [Times: user=0.03 sys=0.00, real=0.01 secs] 
370.942: [GC [PSYoungGen: 161849K->3690K(164864K)] 437755K->279604K(510976K), 0.0046720 secs] [Times: user=0.03 sys=0.01, real=0.00 secs] 
372.448: [GC [PSYoungGen: 160362K->2760K(165376K)] 441920K->284342K(511488K), 0.0048220 secs] [Times: user=0.02 sys=0.00, real=0.01 secs] 
373.935: [GC [PSYoungGen: 159385K->5981K(166400K)] 441372K->287975K(512512K), 0.0046420 secs] [Times: user=0.03 sys=0.00, real=0.01 secs] 
375.508: [GC [PSYoungGen: 163677K->4117K(166400K)] 448029K->288485K(512512K), 0.0055560 secs] [Times: user=0.03 sys=0.01, real=0.01 secs] 
376.998: [GC [PSYoungGen: 161813K->3498K(165376K)] 450256K->291949K(511488K), 0.0055590 secs] [Times: user=0.04 sys=0.00, real=0.00 secs] 
378.482: [GC [PSYoungGen: 161153K->6370K(165888K)] 449603K->294852K(512000K), 0.0049810 secs] [Times: user=0.03 sys=0.00, real=0.00 secs] 
380.058: [GC [PSYoungGen: 164025K->6431K(165376K)] 452572K->295018K(511488K), 0.0051080 secs] [Times: user=0.03 sys=0.00, real=0.00 secs] 
381.598: [GC [PSYoungGen: 163103K->2269K(165888K)] 457230K->296428K(512000K), 0.0045590 secs] [Times: user=0.03 sys=0.01, real=0.00 secs] 
383.120: [GC [PSYoungGen: 158905K->5696K(165888K)] 453128K->300197K(512000K), 0.0057630 secs] [Times: user=0.04 sys=0.00, real=0.00 secs] 
384.664: [GC [PSYoungGen: 162368K->1688K(165888K)] 465049K->304450K(512000K), 0.0054640 secs] [Times: user=0.03 sys=0.00, real=0.01 secs] 
386.172: [GC [PSYoungGen: 158360K->2885K(164864K)] 464557K->309098K(510976K), 0.0032850 secs] [Times: user=0.03 sys=0.00, real=0.00 secs] 
387.697: [GC [PSYoungGen: 159557K->3155K(165376K)] 470435K->314057K(511488K), 0.0058820 secs] [Times: user=0.03 sys=0.00, real=0.00 secs] 
389.157: [GC [PSYoungGen: 159819K->6203K(165376K)] 470721K->317121K(511488K), 0.0039420 secs] [Times: user=0.03 sys=0.00, real=0.00 secs] 
390.647: [GC [PSYoungGen: 162819K->6004K(165888K)] 473871K->317081K(512000K), 0.0049930 secs] [Times: user=0.03 sys=0.00, real=0.01 secs] 
392.197: [GC [PSYoungGen: 162676K->1997K(165888K)] 479143K->318520K(512000K), 0.0035290 secs] [Times: user=0.03 sys=0.00, real=0.00 secs] 
393.652: [GC [PSYoungGen: 158466K->6424K(163328K)] 474989K->323012K(509440K), 0.0049000 secs] [Times: user=0.03 sys=0.00, real=0.01 secs] 
395.123: [GC [PSYoungGen: 163081K->5885K(165376K)] 479668K->322521K(511488K), 0.0036730 secs] [Times: user=0.03 sys=0.01, real=0.00 secs] 
396.591: [GC [PSYoungGen: 161278K->6091K(165376K)] 477913K->322766K(511488K), 0.0045800 secs] [Times: user=0.03 sys=0.01, real=0.00 secs] 
398.070: [GC [PSYoungGen: 161651K->6155K(165376K)] 478326K->322854K(511488K), 0.0053000 secs] [Times: user=0.03 sys=0.01, real=0.00 secs] 
399.556: [GC [PSYoungGen: 161729K->6392K(165376K)] 478428K->323099K(511488K), 0.0043040 secs] [Times: user=0.02 sys=0.01, real=0.01 secs] 
401.004: [GC [PSYoungGen: 162008K->5773K(165376K)] 478780K->322584K(511488K), 0.0046200 secs] [Times: user=0.03 sys=0.01, real=0.01 secs] 
402.562: [GC [PSYoungGen: 161421K->1512K(165376K)] 486532K->326639K(511488K), 0.0045020 secs] [Times: user=0.03 sys=0.00, real=0.00 secs] 
404.006: [GC [PSYoungGen: 157135K->6161K(165376K)] 482531K->331613K(511488K), 0.0049060 secs] [Times: user=0.04 sys=0.00, real=0.01 secs] 
405.517: [GC [PSYoungGen: 161809K->2940K(165376K)] 494021K->335168K(511488K), 0.0044600 secs] [Times: user=0.03 sys=0.00, real=0.00 secs] 
407.070: [GC [PSYoungGen: 158588K->4297K(164352K)] 494729K->340471K(510464K), 0.0047230 secs] [Times: user=0.03 sys=0.00, real=0.00 secs] 
408.539: [GC [PSYoungGen: 159945K->5805K(164864K)] 496912K->342779K(510976K), 0.0048300 secs] [Times: user=0.03 sys=0.01, real=0.00 secs] 
410.065: [GC [PSYoungGen: 161434K->6511K(164864K)] 498408K->343574K(510976K), 0.0046800 secs] [Times: user=0.04 sys=0.00, real=0.01 secs] 
411.563: [GC [PSYoungGen: 162063K->6472K(165376K)] 499260K->343685K(511488K), 0.0052320 secs] [Times: user=0.02 sys=0.01, real=0.01 secs] 
413.131: [GC [PSYoungGen: 162120K->1608K(165376K)] 506310K->345806K(511488K), 0.0027750 secs] [Times: user=0.02 sys=0.01, real=0.00 secs] 
414.600: [GC [PSYoungGen: 157141K->6961K(162816K)] 501474K->351302K(508928K), 0.0047410 secs] [Times: user=0.03 sys=0.00, real=0.00 secs] 
416.114: [GC [PSYoungGen: 162609K->3258K(165376K)] 510129K->350794K(513024K), 0.0047600 secs] [Times: user=0.03 sys=0.01, real=0.01 secs] 
416.119: [Full GC [PSYoungGen: 3258K->0K(165376K)] [ParOldGen: 347536K->133715K(349184K)] 350794K->133715K(514560K) [PSPermGen: 5285K->5285K(21504K)], 0.0187500 secs] [Times: user=0.05 sys=0.01, real=0.02 secs] 
417.570: [GC [PSYoungGen: 155108K->5629K(164864K)] 288824K->139345K(514048K), 0.0050760 secs] [Times: user=0.03 sys=0.01, real=0.00 secs] 
419.259: [GC [PSYoungGen: 160548K->4295K(164864K)] 294264K->138010K(514048K), 0.0036210 secs] [Times: user=0.02 sys=0.01, real=0.00 secs] 
Heap
 PSYoungGen      total 164864K, used 63338K [0x00000000f5500000, 0x00000000fff00000, 0x0000000100000000)
  eden space 155648K, 37% used [0x00000000f5500000,0x00000000f8ea8c38,0x00000000fed00000)
  from space 9216K, 46% used [0x00000000ff600000,0x00000000ffa31cc8,0x00000000fff00000)
  to   space 9216K, 0% used [0x00000000fed00000,0x00000000fed00000,0x00000000ff600000)
 ParOldGen       total 349184K, used 133715K [0x00000000e0000000, 0x00000000f5500000, 0x00000000f5500000)
  object space 349184K, 38% used [0x00000000e0000000,0x00000000e8294e68,0x00000000f5500000)
 PSPermGen       total 21504K, used 12234K [0x00000000dae00000, 0x00000000dc300000, 0x00000000e0000000)
  object space 21504K, 56% used [0x00000000dae00000,0x00000000db9f28a8,0x00000000dc300000)
