52.479: [GC [PSYoungGen: 10579K->3626K(35840K)] 10579K->3634K(116224K), 0.0093530 secs] [Times: user=0.02 sys=0.06, real=0.01 secs] 
52.488: [Full GC [PSYoungGen: 3626K->0K(35840K)] [ParOldGen: 8K->3139K(80384K)] 3634K->3139K(116224K) [PSPermGen: 5166K->5164K(21504K)], 0.0261720 secs] [Times: user=0.11 sys=0.05, real=0.02 secs] 
52.515: [GC [PSYoungGen: 0K->0K(35840K)] 3139K->3139K(116224K), 0.0024440 secs] [Times: user=0.02 sys=0.00, real=0.01 secs] 
52.517: [Full GC [PSYoungGen: 0K->0K(35840K)] [ParOldGen: 3139K->3139K(80384K)] 3139K->3139K(116224K) [PSPermGen: 5164K->5164K(21504K)], 0.0137810 secs] [Times: user=0.06 sys=0.00, real=0.01 secs] 
52.607: [GC [PSYoungGen: 28987K->4544K(35840K)] 32126K->29893K(116224K), 0.0103400 secs] [Times: user=0.10 sys=0.05, real=0.01 secs] 
52.623: [GC [PSYoungGen: 35610K->4576K(67072K)] 60959K->60901K(147456K), 0.0095330 secs] [Times: user=0.06 sys=0.09, real=0.01 secs] 
52.633: [Full GC [PSYoungGen: 4576K->0K(67072K)] [ParOldGen: 56325K->59435K(142336K)] 60901K->59435K(209408K) [PSPermGen: 5187K->5187K(21504K)], 0.0380420 secs] [Times: user=0.39 sys=0.06, real=0.04 secs] 
52.705: [GC [PSYoungGen: 62060K->3472K(67072K)] 121495K->121388K(209408K), 0.0155810 secs] [Times: user=0.12 sys=0.16, real=0.01 secs] 
52.720: [Full GC [PSYoungGen: 3472K->0K(67072K)] [ParOldGen: 117916K->121352K(253440K)] 121388K->121352K(320512K) [PSPermGen: 5187K->5187K(21504K)], 0.0262300 secs] [Times: user=0.17 sys=0.05, real=0.03 secs] 
53.340: [GC [PSYoungGen: 62435K->4593K(94208K)] 184326K->148450K(347648K), 0.0105020 secs] [Times: user=0.16 sys=0.05, real=0.01 secs] 
54.307: [GC [PSYoungGen: 94193K->3904K(99840K)] 248452K->168482K(353280K), 0.0114640 secs] [Times: user=0.10 sys=0.06, real=0.01 secs] 
55.274: [GC [PSYoungGen: 99109K->15336K(140800K)] 273339K->189566K(394240K), 0.0106790 secs] [Times: user=0.15 sys=0.02, real=0.02 secs] 
56.351: [GC [PSYoungGen: 121320K->15416K(121856K)] 302961K->197057K(375296K), 0.0111870 secs] [Times: user=0.13 sys=0.05, real=0.01 secs] 
57.380: [GC [PSYoungGen: 121400K->14868K(140288K)] 310452K->203919K(393728K), 0.0054520 secs] [Times: user=0.04 sys=0.01, real=0.01 secs] 
58.400: [GC [PSYoungGen: 121788K->18930K(139264K)] 311513K->208655K(392704K), 0.0130840 secs] [Times: user=0.18 sys=0.02, real=0.01 secs] 
59.473: [GC [PSYoungGen: 125938K->14836K(140288K)] 323731K->212629K(393728K), 0.0074150 secs] [Times: user=0.08 sys=0.01, real=0.01 secs] 
60.516: [GC [PSYoungGen: 124915K->19334K(141312K)] 322971K->217390K(394752K), 0.0118020 secs] [Times: user=0.16 sys=0.01, real=0.02 secs] 
61.677: [Full GC [PSYoungGen: 129414K->0K(141312K)] [ParOldGen: 206871K->133944K(285184K)] 336286K->133944K(426496K) [PSPermGen: 5242K->5242K(21504K)], 0.0255420 secs] [Times: user=0.09 sys=0.01, real=0.02 secs] 
62.740: [GC [PSYoungGen: 110037K->6136K(143360K)] 244046K->140145K(428544K), 0.0034220 secs] [Times: user=0.02 sys=0.00, real=0.00 secs] 
63.842: [GC [PSYoungGen: 118264K->1156K(143360K)] 260630K->143522K(428544K), 0.0052080 secs] [Times: user=0.03 sys=0.01, real=0.01 secs] 
64.975: [GC [PSYoungGen: 113284K->2671K(143360K)] 262465K->151852K(428544K), 0.0052190 secs] [Times: user=0.04 sys=0.00, real=0.01 secs] 
66.025: [GC [PSYoungGen: 114709K->6091K(118272K)] 263890K->155272K(403456K), 0.0045350 secs] [Times: user=0.03 sys=0.00, real=0.00 secs] 
67.125: [GC [PSYoungGen: 118000K->5632K(144384K)] 267181K->154813K(429568K), 0.0048170 secs] [Times: user=0.03 sys=0.00, real=0.00 secs] 
68.250: [GC [PSYoungGen: 119742K->5522K(142848K)] 268924K->154703K(428032K), 0.0037840 secs] [Times: user=0.03 sys=0.00, real=0.00 secs] 
69.343: [GC [PSYoungGen: 119693K->5227K(141824K)] 269144K->154678K(427008K), 0.0043500 secs] [Times: user=0.03 sys=0.00, real=0.01 secs] 
70.507: [GC [PSYoungGen: 121451K->1949K(142848K)] 277670K->158168K(428032K), 0.0033980 secs] [Times: user=0.03 sys=0.00, real=0.00 secs] 
71.595: [GC [PSYoungGen: 118125K->6319K(140288K)] 274479K->162673K(425472K), 0.0058820 secs] [Times: user=0.03 sys=0.00, real=0.01 secs] 
72.858: [GC [PSYoungGen: 124079K->800K(142336K)] 287750K->164471K(427520K), 0.0032600 secs] [Times: user=0.03 sys=0.00, real=0.00 secs] 
73.979: [GC [PSYoungGen: 118560K->2997K(141824K)] 286034K->170472K(427008K), 0.0044810 secs] [Times: user=0.03 sys=0.00, real=0.00 secs] 
75.145: [GC [PSYoungGen: 122293K->3242K(142848K)] 292682K->173630K(428032K), 0.0030130 secs] [Times: user=0.02 sys=0.01, real=0.00 secs] 
76.331: [GC [PSYoungGen: 122538K->1560K(141312K)] 301353K->180375K(426496K), 0.0064860 secs] [Times: user=0.03 sys=0.01, real=0.01 secs] 
77.573: [GC [PSYoungGen: 122392K->4050K(142336K)] 303093K->184751K(427520K), 0.0051650 secs] [Times: user=0.02 sys=0.01, real=0.01 secs] 
78.692: [GC [PSYoungGen: 124881K->6733K(140288K)] 305582K->187433K(425472K), 0.0069490 secs] [Times: user=0.02 sys=0.01, real=0.01 secs] 
79.885: [GC [PSYoungGen: 128581K->6191K(141312K)] 309489K->187210K(426496K), 0.0057040 secs] [Times: user=0.03 sys=0.01, real=0.00 secs] 
81.129: [GC [PSYoungGen: 128047K->3395K(139264K)] 312804K->188168K(424448K), 0.0039090 secs] [Times: user=0.03 sys=0.01, real=0.00 secs] 
82.363: [GC [PSYoungGen: 126131K->5664K(140288K)] 310905K->190461K(425472K), 0.0055650 secs] [Times: user=0.04 sys=0.01, real=0.01 secs] 
83.513: [GC [PSYoungGen: 128507K->5702K(138240K)] 313369K->190571K(423424K), 0.0066410 secs] [Times: user=0.02 sys=0.00, real=0.01 secs] 
84.720: [GC [PSYoungGen: 129606K->4272K(139264K)] 317029K->191710K(424448K), 0.0055280 secs] [Times: user=0.02 sys=0.00, real=0.01 secs] 
85.905: [GC [PSYoungGen: 128039K->6248K(137728K)] 315477K->193695K(422912K), 0.0060660 secs] [Times: user=0.03 sys=0.00, real=0.00 secs] 
87.158: [GC [PSYoungGen: 131156K->5124K(138752K)] 319007K->192975K(423936K), 0.0050390 secs] [Times: user=0.03 sys=0.00, real=0.00 secs] 
88.378: [GC [PSYoungGen: 130052K->3274K(138240K)] 322492K->195737K(423424K), 0.0051480 secs] [Times: user=0.02 sys=0.00, real=0.00 secs] 
89.577: [GC [PSYoungGen: 129127K->6235K(138752K)] 321590K->198706K(423936K), 0.0048120 secs] [Times: user=0.03 sys=0.01, real=0.00 secs] 
90.802: [GC [PSYoungGen: 132163K->5554K(138240K)] 324634K->198049K(423424K), 0.0046980 secs] [Times: user=0.03 sys=0.00, real=0.01 secs] 
92.029: [GC [PSYoungGen: 132425K->5593K(138752K)] 324920K->198120K(423936K), 0.0058460 secs] [Times: user=0.03 sys=0.00, real=0.00 secs] 
93.213: [GC [PSYoungGen: 132443K->6251K(139264K)] 324971K->198794K(424448K), 0.0057260 secs] [Times: user=0.03 sys=0.00, real=0.01 secs] 
94.480: [GC [PSYoungGen: 134178K->5823K(139264K)] 326721K->198391K(424448K), 0.0049440 secs] [Times: user=0.03 sys=0.01, real=0.01 secs] 
95.704: [GC [PSYoungGen: 133770K->5949K(138752K)] 326337K->198532K(423936K), 0.0063630 secs] [Times: user=0.02 sys=0.00, real=0.01 secs] 
96.918: [GC [PSYoungGen: 134773K->6408K(139264K)] 327356K->199007K(424448K), 0.0060270 secs] [Times: user=0.03 sys=0.01, real=0.00 secs] 
98.181: [GC [PSYoungGen: 135379K->6572K(140288K)] 327978K->199180K(425472K), 0.0049700 secs] [Times: user=0.03 sys=0.00, real=0.01 secs] 
99.434: [GC [PSYoungGen: 136406K->5426K(140288K)] 329014K->198065K(425472K), 0.0050660 secs] [Times: user=0.03 sys=0.00, real=0.01 secs] 
100.654: [GC [PSYoungGen: 135387K->5901K(139776K)] 328027K->198573K(424960K), 0.0048290 secs] [Times: user=0.03 sys=0.01, real=0.01 secs] 
101.921: [GC [PSYoungGen: 136869K->5661K(140288K)] 330214K->199038K(425472K), 0.0060400 secs] [Times: user=0.03 sys=0.00, real=0.01 secs] 
103.221: [GC [PSYoungGen: 136733K->2568K(141312K)] 335451K->201302K(426496K), 0.0054940 secs] [Times: user=0.03 sys=0.00, real=0.01 secs] 
104.510: [GC [PSYoungGen: 134569K->6550K(141312K)] 333303K->205307K(426496K), 0.0035450 secs] [Times: user=0.03 sys=0.00, real=0.00 secs] 
105.819: [GC [PSYoungGen: 138540K->5892K(142336K)] 337297K->204690K(427520K), 0.0042070 secs] [Times: user=0.02 sys=0.00, real=0.00 secs] 
107.129: [GC [PSYoungGen: 138996K->4704K(142336K)] 338127K->203843K(427520K), 0.0047430 secs] [Times: user=0.02 sys=0.01, real=0.00 secs] 
108.480: [GC [PSYoungGen: 137824K->2369K(141824K)] 344081K->208658K(427008K), 0.0050100 secs] [Times: user=0.03 sys=0.00, real=0.01 secs] 
109.800: [GC [PSYoungGen: 135489K->2885K(142336K)] 344998K->212403K(427520K), 0.0049220 secs] [Times: user=0.03 sys=0.00, real=0.01 secs] 
111.150: [GC [PSYoungGen: 136005K->4811K(141824K)] 347328K->216142K(427008K), 0.0051440 secs] [Times: user=0.03 sys=0.00, real=0.00 secs] 
112.453: [GC [PSYoungGen: 138382K->5798K(142336K)] 349847K->217280K(427520K), 0.0031440 secs] [Times: user=0.02 sys=0.00, real=0.00 secs] 
113.767: [GC [PSYoungGen: 139430K->3774K(142848K)] 353188K->217540K(428032K), 0.0037780 secs] [Times: user=0.02 sys=0.00, real=0.00 secs] 
115.036: [GC [PSYoungGen: 137803K->6136K(142848K)] 351569K->219910K(428032K), 0.0054640 secs] [Times: user=0.03 sys=0.01, real=0.01 secs] 
116.314: [GC [PSYoungGen: 140030K->5392K(143360K)] 354343K->219713K(428544K), 0.0054590 secs] [Times: user=0.02 sys=0.01, real=0.01 secs] 
117.659: [GC [PSYoungGen: 140048K->2321K(143360K)] 360337K->222651K(428544K), 0.0055600 secs] [Times: user=0.03 sys=0.00, real=0.01 secs] 
118.970: [GC [PSYoungGen: 136891K->5602K(143872K)] 357221K->225964K(429056K), 0.0052620 secs] [Times: user=0.03 sys=0.00, real=0.00 secs] 
120.274: [GC [PSYoungGen: 140640K->4681K(143872K)] 361541K->225598K(429056K), 0.0046570 secs] [Times: user=0.03 sys=0.00, real=0.01 secs] 
121.569: [GC [PSYoungGen: 139849K->4898K(143872K)] 362436K->227541K(429056K), 0.0060870 secs] [Times: user=0.02 sys=0.01, real=0.00 secs] 
122.865: [GC [PSYoungGen: 140389K->6239K(143872K)] 363301K->229191K(429056K), 0.0046530 secs] [Times: user=0.03 sys=0.00, real=0.00 secs] 
124.215: [GC [PSYoungGen: 141919K->1965K(144384K)] 371292K->231345K(429568K), 0.0033200 secs] [Times: user=0.03 sys=0.00, real=0.01 secs] 
125.541: [GC [PSYoungGen: 138097K->5259K(144384K)] 367748K->234918K(429568K), 0.0053480 secs] [Times: user=0.03 sys=0.00, real=0.01 secs] 
126.856: [GC [PSYoungGen: 141451K->5661K(144896K)] 371780K->235998K(430080K), 0.0067670 secs] [Times: user=0.03 sys=0.00, real=0.00 secs] 
128.180: [GC [PSYoungGen: 142302K->5981K(144896K)] 372639K->236398K(430080K), 0.0057160 secs] [Times: user=0.03 sys=0.00, real=0.01 secs] 
129.488: [GC [PSYoungGen: 142636K->4579K(144896K)] 373386K->235345K(430080K), 0.0039610 secs] [Times: user=0.02 sys=0.00, real=0.00 secs] 
130.883: [GC [PSYoungGen: 141795K->3210K(145408K)] 377910K->239333K(430592K), 0.0043600 secs] [Times: user=0.03 sys=0.00, real=0.01 secs] 
132.201: [GC [PSYoungGen: 140267K->6203K(145920K)] 376391K->242342K(431104K), 0.0047020 secs] [Times: user=0.03 sys=0.00, real=0.01 secs] 
133.549: [GC [PSYoungGen: 143884K->5417K(145920K)] 380222K->241795K(431104K), 0.0056240 secs] [Times: user=0.03 sys=0.00, real=0.00 secs] 
134.899: [GC [PSYoungGen: 143145K->3900K(146432K)] 382642K->243413K(431616K), 0.0045050 secs] [Times: user=0.03 sys=0.00, real=0.00 secs] 
136.193: [GC [PSYoungGen: 142011K->5837K(146432K)] 381524K->245414K(431616K), 0.0039470 secs] [Times: user=0.03 sys=0.00, real=0.01 secs] 
137.543: [GC [PSYoungGen: 143820K->5680K(146944K)] 383397K->245265K(432128K), 0.0049610 secs] [Times: user=0.03 sys=0.01, real=0.01 secs] 
138.880: [GC [PSYoungGen: 144201K->5616K(146944K)] 383787K->245209K(432128K), 0.0049650 secs] [Times: user=0.03 sys=0.00, real=0.01 secs] 
140.258: [GC [PSYoungGen: 144317K->5798K(147456K)] 383910K->245407K(432640K), 0.0052300 secs] [Times: user=0.04 sys=0.00, real=0.00 secs] 
141.637: [GC [PSYoungGen: 144978K->5284K(147456K)] 384587K->244942K(432640K), 0.0053470 secs] [Times: user=0.03 sys=0.00, real=0.00 secs] 
142.968: [GC [PSYoungGen: 144447K->5933K(147456K)] 384105K->245614K(432640K), 0.0062780 secs] [Times: user=0.03 sys=0.01, real=0.00 secs] 
144.328: [GC [PSYoungGen: 145661K->6139K(147456K)] 385342K->245860K(432640K), 0.0049570 secs] [Times: user=0.03 sys=0.01, real=0.00 secs] 
145.672: [GC [PSYoungGen: 145856K->5760K(146944K)] 385577K->245513K(432128K), 0.0047940 secs] [Times: user=0.03 sys=0.00, real=0.01 secs] 
147.028: [GC [PSYoungGen: 145914K->5513K(147968K)] 385802K->245417K(433152K), 0.0049100 secs] [Times: user=0.03 sys=0.01, real=0.00 secs] 
148.424: [GC [PSYoungGen: 145801K->2853K(147968K)] 390056K->247116K(433152K), 0.0047530 secs] [Times: user=0.03 sys=0.00, real=0.00 secs] 
149.790: [GC [PSYoungGen: 143141K->3582K(148480K)] 390606K->251103K(433664K), 0.0045090 secs] [Times: user=0.03 sys=0.00, real=0.00 secs] 
151.181: [GC [PSYoungGen: 143870K->3029K(148992K)] 393997K->253164K(434176K), 0.0046800 secs] [Times: user=0.03 sys=0.00, real=0.01 secs] 
152.532: [GC [PSYoungGen: 143826K->5359K(148992K)] 394275K->255840K(434176K), 0.0041750 secs] [Times: user=0.03 sys=0.00, real=0.00 secs] 
153.943: [GC [PSYoungGen: 146159K->2504K(149504K)] 403210K->259562K(434688K), 0.0046450 secs] [Times: user=0.03 sys=0.00, real=0.01 secs] 
155.320: [GC [PSYoungGen: 143742K->6906K(149504K)] 400800K->264044K(434688K), 0.0047400 secs] [Times: user=0.03 sys=0.00, real=0.01 secs] 
156.697: [GC [PSYoungGen: 148146K->5204K(149504K)] 405419K->262486K(434688K), 0.0045630 secs] [Times: user=0.03 sys=0.00, real=0.00 secs] 
158.064: [GC [PSYoungGen: 147028K->3948K(150016K)] 406506K->263433K(435200K), 0.0047530 secs] [Times: user=0.03 sys=0.00, real=0.01 secs] 
159.442: [GC [PSYoungGen: 145546K->5342K(150528K)] 405032K->264843K(435712K), 0.0047420 secs] [Times: user=0.03 sys=0.00, real=0.01 secs] 
160.800: [GC [PSYoungGen: 147653K->5840K(150528K)] 407289K->265484K(435712K), 0.0040790 secs] [Times: user=0.03 sys=0.00, real=0.00 secs] 
162.212: [GC [PSYoungGen: 148176K->2933K(151040K)] 413026K->267791K(436224K), 0.0033850 secs] [Times: user=0.03 sys=0.00, real=0.00 secs] 
163.658: [GC [PSYoungGen: 145781K->2568K(151040K)] 417477K->274304K(436224K), 0.0034670 secs] [Times: user=0.02 sys=0.01, real=0.00 secs] 
165.055: [GC [PSYoungGen: 145416K->3845K(151552K)] 421117K->279554K(436736K), 0.0045740 secs] [Times: user=0.04 sys=0.00, real=0.01 secs] 
166.426: [GC [PSYoungGen: 147138K->6363K(151552K)] 422847K->282080K(436736K), 0.0048370 secs] [Times: user=0.03 sys=0.00, real=0.00 secs] 
167.815: [GC [PSYoungGen: 149610K->6331K(151552K)] 425866K->282595K(436736K), 0.0042090 secs] [Times: user=0.05 sys=0.00, real=0.01 secs] 
169.257: [GC [PSYoungGen: 149691K->1666K(152064K)] 432360K->284463K(437248K), 0.0059570 secs] [Times: user=0.04 sys=0.00, real=0.00 secs] 
170.674: [GC [PSYoungGen: 145010K->7098K(152064K)] 427807K->289911K(437248K), 0.0058800 secs] [Times: user=0.01 sys=0.04, real=0.01 secs] 
172.041: [GC [PSYoungGen: 150210K->6514K(152576K)] 433023K->289478K(437760K), 0.0050520 secs] [Times: user=0.03 sys=0.01, real=0.01 secs] 
173.421: [GC [PSYoungGen: 149700K->6308K(153600K)] 432664K->289296K(438784K), 0.0044980 secs] [Times: user=0.02 sys=0.00, real=0.01 secs] 
174.883: [GC [PSYoungGen: 149945K->4665K(153600K)] 432933K->287693K(438784K), 0.0045270 secs] [Times: user=0.03 sys=0.00, real=0.01 secs] 
176.953: [GC [PSYoungGen: 148460K->6022K(153600K)] 431488K->289059K(438784K), 0.0055400 secs] [Times: user=0.03 sys=0.01, real=0.01 secs] 
178.457: [GC [PSYoungGen: 150391K->6472K(153600K)] 433562K->289667K(438784K), 0.0041750 secs] [Times: user=0.03 sys=0.01, real=0.00 secs] 
179.800: [GC [PSYoungGen: 150856K->2648K(154112K)] 439660K->291540K(443392K), 0.0046470 secs] [Times: user=0.02 sys=0.00, real=0.01 secs] 
181.221: [GC [PSYoungGen: 147513K->6440K(154112K)] 436405K->295412K(443392K), 0.0044540 secs] [Times: user=0.04 sys=0.00, real=0.01 secs] 
182.553: [Full GC [PSYoungGen: 151235K->0K(154112K)] [ParOldGen: 289241K->133338K(297472K)] 440477K->133338K(451584K) [PSPermGen: 5279K->5279K(21504K)], 0.0219330 secs] [Times: user=0.08 sys=0.02, real=0.02 secs] 
184.055: [GC [PSYoungGen: 144896K->1211K(155136K)] 286692K->143007K(452608K), 0.0042130 secs] [Times: user=0.03 sys=0.00, real=0.01 secs] 
185.475: [GC [PSYoungGen: 146612K->1907K(155136K)] 296201K->151497K(452608K), 0.0057150 secs] [Times: user=0.03 sys=0.00, real=0.01 secs] 
186.960: [GC [PSYoungGen: 147315K->2860K(156160K)] 303428K->158973K(453632K), 0.0042660 secs] [Times: user=0.03 sys=0.00, real=0.01 secs] 
188.283: [GC [PSYoungGen: 149189K->5330K(156160K)] 305302K->161443K(453632K), 0.0055900 secs] [Times: user=0.03 sys=0.00, real=0.01 secs] 
189.681: [GC [PSYoungGen: 151670K->6495K(156160K)] 307783K->162608K(453632K), 0.0047920 secs] [Times: user=0.03 sys=0.00, real=0.01 secs] 
191.042: [GC [PSYoungGen: 153388K->5346K(156672K)] 309635K->161594K(454144K), 0.0050110 secs] [Times: user=0.03 sys=0.01, real=0.01 secs] 
192.555: [GC [PSYoungGen: 152290K->1243K(157696K)] 315466K->164419K(455168K), 0.0054140 secs] [Times: user=0.03 sys=0.01, real=0.01 secs] 
193.911: [GC [PSYoungGen: 149211K->3875K(157696K)] 317394K->172057K(455168K), 0.0029160 secs] [Times: user=0.03 sys=0.00, real=0.00 secs] 
195.371: [GC [PSYoungGen: 151775K->5513K(158208K)] 319957K->173696K(455680K), 0.0047060 secs] [Times: user=0.02 sys=0.02, real=0.00 secs] 
196.698: [GC [PSYoungGen: 154263K->6367K(158208K)] 322446K->174550K(455680K), 0.0034950 secs] [Times: user=0.03 sys=0.00, real=0.00 secs] 
198.188: [GC [PSYoungGen: 155316K->5830K(158720K)] 323499K->174013K(456192K), 0.0052710 secs] [Times: user=0.02 sys=0.00, real=0.00 secs] 
199.554: [GC [PSYoungGen: 155747K->6438K(159232K)] 324334K->175025K(456704K), 0.0039770 secs] [Times: user=0.03 sys=0.01, real=0.01 secs] 
201.113: [GC [PSYoungGen: 156454K->2035K(160768K)] 330264K->175846K(458240K), 0.0035190 secs] [Times: user=0.02 sys=0.01, real=0.01 secs] 
202.559: [GC [PSYoungGen: 153075K->5026K(160768K)] 327851K->179802K(458240K), 0.0040810 secs] [Times: user=0.02 sys=0.00, real=0.00 secs] 
204.025: [GC [PSYoungGen: 156066K->1974K(161280K)] 336111K->182019K(458752K), 0.0046300 secs] [Times: user=0.02 sys=0.01, real=0.00 secs] 
205.444: [GC [PSYoungGen: 153922K->6049K(161280K)] 334372K->186666K(458752K), 0.0050640 secs] [Times: user=0.03 sys=0.00, real=0.01 secs] 
206.910: [GC [PSYoungGen: 158113K->2949K(161792K)] 343944K->188788K(459264K), 0.0029800 secs] [Times: user=0.03 sys=0.00, real=0.00 secs] 
208.414: [GC [PSYoungGen: 156037K->2568K(162304K)] 346870K->193424K(459776K), 0.0048720 secs] [Times: user=0.02 sys=0.01, real=0.01 secs] 
209.867: [GC [PSYoungGen: 155394K->6164K(163328K)] 346250K->197036K(460800K), 0.0052740 secs] [Times: user=0.00 sys=0.03, real=0.00 secs] 
211.343: [GC [PSYoungGen: 160262K->5725K(163328K)] 351269K->196740K(460800K), 0.0047100 secs] [Times: user=0.03 sys=0.00, real=0.01 secs] 
212.861: [GC [PSYoungGen: 159837K->3020K(164352K)] 357510K->200701K(461824K), 0.0027590 secs] [Times: user=0.01 sys=0.01, real=0.01 secs] 
214.381: [GC [PSYoungGen: 158156K->2038K(164352K)] 362076K->205966K(461824K), 0.0049450 secs] [Times: user=0.03 sys=0.00, real=0.01 secs] 
215.807: [GC [PSYoungGen: 157139K->6481K(164864K)] 361067K->210434K(462336K), 0.0035820 secs] [Times: user=0.03 sys=0.00, real=0.00 secs] 
217.293: [GC [PSYoungGen: 162055K->5657K(165376K)] 366142K->209752K(462848K), 0.0046400 secs] [Times: user=0.02 sys=0.00, real=0.01 secs] 
218.732: [GC [PSYoungGen: 161305K->5590K(164352K)] 366186K->210479K(461824K), 0.0059010 secs] [Times: user=0.04 sys=0.00, real=0.01 secs] 
220.279: [GC [PSYoungGen: 161238K->2211K(164864K)] 373752K->214733K(462336K), 0.0042500 secs] [Times: user=0.03 sys=0.01, real=0.00 secs] 
221.755: [GC [PSYoungGen: 157853K->6502K(164864K)] 370715K->219373K(462336K), 0.0052380 secs] [Times: user=0.03 sys=0.00, real=0.01 secs] 
223.205: [GC [PSYoungGen: 162150K->5654K(165376K)] 376215K->219784K(462848K), 0.0048070 secs] [Times: user=0.02 sys=0.01, real=0.00 secs] 
224.707: [GC [PSYoungGen: 161192K->7169K(164352K)] 375591K->221576K(461824K), 0.0042510 secs] [Times: user=0.03 sys=0.00, real=0.00 secs] 
226.235: [GC [PSYoungGen: 161793K->2924K(164864K)] 383413K->224552K(462336K), 0.0050040 secs] [Times: user=0.03 sys=0.00, real=0.01 secs] 
227.755: [GC [PSYoungGen: 157548K->3258K(164864K)] 386594K->232319K(462336K), 0.0034320 secs] [Times: user=0.03 sys=0.01, real=0.01 secs] 
229.240: [GC [PSYoungGen: 158361K->7281K(164864K)] 387422K->236383K(462336K), 0.0056960 secs] [Times: user=0.04 sys=0.01, real=0.01 secs] 
230.709: [GC [PSYoungGen: 162327K->6607K(164864K)] 391428K->235765K(462336K), 0.0061110 secs] [Times: user=0.03 sys=0.01, real=0.00 secs] 
232.249: [GC [PSYoungGen: 161229K->6584K(164864K)] 390386K->235885K(462336K), 0.0040510 secs] [Times: user=0.02 sys=0.00, real=0.00 secs] 
233.661: [GC [PSYoungGen: 161069K->6605K(164864K)] 390639K->236183K(462336K), 0.0047690 secs] [Times: user=0.03 sys=0.00, real=0.01 secs] 
235.211: [GC [PSYoungGen: 161229K->2703K(164864K)] 397742K->239232K(462336K), 0.0052150 secs] [Times: user=0.02 sys=0.00, real=0.00 secs] 
236.721: [GC [PSYoungGen: 157327K->3351K(164864K)] 398467K->244516K(462336K), 0.0033270 secs] [Times: user=0.03 sys=0.00, real=0.01 secs] 
238.161: [GC [PSYoungGen: 157975K->3685K(158720K)] 402096K->248225K(456192K), 0.0048620 secs] [Times: user=0.03 sys=0.00, real=0.01 secs] 
239.641: [GC [PSYoungGen: 158221K->6305K(164352K)] 402762K->250870K(461824K), 0.0061430 secs] [Times: user=0.03 sys=0.01, real=0.01 secs] 
241.075: [GC [PSYoungGen: 160797K->6511K(164352K)] 405362K->251124K(461824K), 0.0050430 secs] [Times: user=0.03 sys=0.01, real=0.01 secs] 
242.545: [GC [PSYoungGen: 161008K->6226K(164864K)] 405620K->250870K(462336K), 0.0063200 secs] [Times: user=0.04 sys=0.00, real=0.00 secs] 
243.975: [GC [PSYoungGen: 160743K->5876K(160768K)] 405523K->251092K(458240K), 0.0046630 secs] [Times: user=0.03 sys=0.01, real=0.01 secs] 
245.445: [GC [PSYoungGen: 160500K->4409K(164352K)] 407187K->251105K(461824K), 0.0050590 secs] [Times: user=0.03 sys=0.01, real=0.00 secs] 
246.926: [GC [PSYoungGen: 158912K->4451K(164352K)] 406146K->251693K(461824K), 0.0049480 secs] [Times: user=0.02 sys=0.00, real=0.00 secs] 
248.403: [GC [PSYoungGen: 159075K->1656K(164864K)] 410802K->253392K(462336K), 0.0046350 secs] [Times: user=0.02 sys=0.01, real=0.01 secs] 
249.946: [GC [PSYoungGen: 157304K->3495K(164864K)] 413875K->260130K(462336K), 0.0047490 secs] [Times: user=0.03 sys=0.00, real=0.00 secs] 
251.410: [GC [PSYoungGen: 159143K->5074K(164864K)] 416846K->262785K(462336K), 0.0033080 secs] [Times: user=0.03 sys=0.01, real=0.00 secs] 
252.836: [GC [PSYoungGen: 161627K->6675K(165376K)] 419339K->264395K(462848K), 0.0040370 secs] [Times: user=0.03 sys=0.00, real=0.01 secs] 
254.337: [GC [PSYoungGen: 163239K->6803K(164864K)] 420958K->264538K(462336K), 0.0041730 secs] [Times: user=0.03 sys=0.00, real=0.00 secs] 
255.799: [GC [PSYoungGen: 162254K->6107K(165376K)] 419989K->263890K(462848K), 0.0046110 secs] [Times: user=0.03 sys=0.00, real=0.00 secs] 
257.277: [GC [PSYoungGen: 161671K->5821K(164352K)] 419723K->263890K(461824K), 0.0033750 secs] [Times: user=0.02 sys=0.01, real=0.00 secs] 
258.761: [GC [PSYoungGen: 161469K->2831K(164864K)] 423306K->264692K(462336K), 0.0047500 secs] [Times: user=0.03 sys=0.00, real=0.01 secs] 
260.370: [GC [PSYoungGen: 158476K->2273K(165888K)] 428257K->272094K(463360K), 0.0053890 secs] [Times: user=0.03 sys=0.00, real=0.00 secs] 
261.960: [GC [PSYoungGen: 158945K->2655K(165888K)] 434227K->277944K(463360K), 0.0055550 secs] [Times: user=0.03 sys=0.01, real=0.01 secs] 
263.466: [GC [PSYoungGen: 159327K->2019K(165888K)] 439945K->282646K(463360K), 0.0059480 secs] [Times: user=0.03 sys=0.00, real=0.00 secs] 
264.935: [GC [PSYoungGen: 158691K->5453K(165888K)] 441095K->287864K(463360K), 0.0055810 secs] [Times: user=0.03 sys=0.00, real=0.01 secs] 
266.470: [GC [PSYoungGen: 162099K->6810K(164864K)] 444511K->289230K(462336K), 0.0058600 secs] [Times: user=0.03 sys=0.00, real=0.00 secs] 
267.970: [GC [PSYoungGen: 162458K->4884K(165376K)] 445489K->287931K(462848K), 0.0050350 secs] [Times: user=0.03 sys=0.00, real=0.00 secs] 
269.485: [GC [PSYoungGen: 160532K->2940K(165376K)] 448665K->291081K(462848K), 0.0046160 secs] [Times: user=0.03 sys=0.00, real=0.00 secs] 
271.011: [GC [PSYoungGen: 159061K->6778K(165376K)] 447202K->294951K(462848K), 0.0063530 secs] [Times: user=0.02 sys=0.01, real=0.01 secs] 
272.504: [GC [PSYoungGen: 162823K->6335K(165376K)] 451400K->295071K(462848K), 0.0052770 secs] [Times: user=0.02 sys=0.00, real=0.00 secs] 
274.083: [GC [PSYoungGen: 161983K->2488K(165376K)] 456531K->297226K(462848K), 0.0045140 secs] [Times: user=0.02 sys=0.01, real=0.01 secs] 
275.551: [GC [PSYoungGen: 158074K->6116K(165376K)] 452813K->300870K(462848K), 0.0049370 secs] [Times: user=0.03 sys=0.01, real=0.01 secs] 
277.068: [GC [PSYoungGen: 161685K->5474K(165376K)] 456709K->300538K(462848K), 0.0052860 secs] [Times: user=0.02 sys=0.01, real=0.00 secs] 
278.587: [GC [PSYoungGen: 161122K->3980K(164352K)] 459213K->302079K(462848K), 0.0058030 secs] [Times: user=0.03 sys=0.01, real=0.00 secs] 
280.029: [GC [PSYoungGen: 159628K->6579K(164864K)] 458195K->305171K(463872K), 0.0049650 secs] [Times: user=0.03 sys=0.00, real=0.00 secs] 
281.598: [GC [PSYoungGen: 162227K->2773K(165376K)] 467105K->307675K(470528K), 0.0041110 secs] [Times: user=0.02 sys=0.00, real=0.00 secs] 
283.087: [GC [PSYoungGen: 158834K->6520K(165376K)] 463736K->311573K(470528K), 0.0049970 secs] [Times: user=0.03 sys=0.00, real=0.00 secs] 
283.092: [Full GC [PSYoungGen: 6520K->0K(165376K)] [ParOldGen: 305052K->134198K(349184K)] 311573K->134198K(514560K) [PSPermGen: 5284K->5284K(21504K)], 0.0165220 secs] [Times: user=0.07 sys=0.01, real=0.02 secs] 
284.623: [GC [PSYoungGen: 156034K->5796K(165376K)] 290502K->140264K(514560K), 0.0046540 secs] [Times: user=0.03 sys=0.00, real=0.01 secs] 
286.122: [GC [PSYoungGen: 161444K->3011K(158720K)] 299536K->141103K(507904K), 0.0056850 secs] [Times: user=0.03 sys=0.01, real=0.01 secs] 
287.667: [GC [PSYoungGen: 158659K->3226K(164864K)] 301421K->145988K(514048K), 0.0030770 secs] [Times: user=0.02 sys=0.01, real=0.00 secs] 
289.177: [GC [PSYoungGen: 158869K->6563K(164864K)] 301632K->149325K(514048K), 0.0050790 secs] [Times: user=0.03 sys=0.00, real=0.00 secs] 
290.700: [GC [PSYoungGen: 162164K->5266K(165376K)] 305125K->148227K(514560K), 0.0066590 secs] [Times: user=0.03 sys=0.01, real=0.01 secs] 
292.362: [GC [PSYoungGen: 161426K->2638K(165376K)] 308730K->149942K(514560K), 0.0053090 secs] [Times: user=0.02 sys=0.01, real=0.01 secs] 
293.901: [GC [PSYoungGen: 158674K->6193K(165888K)] 305977K->153497K(515072K), 0.0066800 secs] [Times: user=0.03 sys=0.00, real=0.01 secs] 
295.447: [GC [PSYoungGen: 162762K->5766K(165888K)] 310066K->153070K(515072K), 0.0060690 secs] [Times: user=0.03 sys=0.00, real=0.00 secs] 
296.938: [GC [PSYoungGen: 162390K->5583K(165888K)] 309892K->153086K(515072K), 0.0047280 secs] [Times: user=0.03 sys=0.01, real=0.00 secs] 
298.501: [GC [PSYoungGen: 162255K->1782K(165888K)] 316148K->155674K(515072K), 0.0047670 secs] [Times: user=0.02 sys=0.00, real=0.01 secs] 
300.057: [GC [PSYoungGen: 158454K->3630K(165888K)] 315790K->160967K(515072K), 0.0034950 secs] [Times: user=0.03 sys=0.00, real=0.00 secs] 
301.554: [GC [PSYoungGen: 160197K->6248K(165888K)] 317669K->163719K(515072K), 0.0033380 secs] [Times: user=0.02 sys=0.01, real=0.01 secs] 
303.103: [GC [PSYoungGen: 162920K->3283K(165888K)] 323032K->163395K(515072K), 0.0043820 secs] [Times: user=0.02 sys=0.00, real=0.01 secs] 
304.622: [GC [PSYoungGen: 159955K->2250K(165888K)] 323877K->166172K(515072K), 0.0044500 secs] [Times: user=0.03 sys=0.00, real=0.01 secs] 
306.167: [GC [PSYoungGen: 158922K->2584K(164864K)] 329462K->173124K(514048K), 0.0053490 secs] [Times: user=0.03 sys=0.01, real=0.00 secs] 
307.725: [GC [PSYoungGen: 159244K->6232K(165376K)] 329784K->176947K(514560K), 0.0035730 secs] [Times: user=0.03 sys=0.00, real=0.00 secs] 
309.215: [GC [PSYoungGen: 162816K->5686K(165888K)] 333935K->176838K(515072K), 0.0044950 secs] [Times: user=0.03 sys=0.00, real=0.01 secs] 
310.737: [GC [PSYoungGen: 162358K->3566K(160256K)] 336574K->177789K(509440K), 0.0046330 secs] [Times: user=0.02 sys=0.00, real=0.00 secs] 
312.244: [GC [PSYoungGen: 160063K->6550K(164864K)] 334286K->180781K(514048K), 0.0055350 secs] [Times: user=0.04 sys=0.00, real=0.01 secs] 
313.757: [GC [PSYoungGen: 162704K->5988K(165376K)] 337205K->180497K(514560K), 0.0056130 secs] [Times: user=0.03 sys=0.00, real=0.00 secs] 
315.339: [GC [PSYoungGen: 162148K->2093K(165888K)] 343624K->183577K(515072K), 0.0053810 secs] [Times: user=0.03 sys=0.00, real=0.01 secs] 
316.861: [GC [PSYoungGen: 158732K->5696K(165888K)] 340216K->187196K(515072K), 0.0034120 secs] [Times: user=0.03 sys=0.01, real=0.01 secs] 
318.397: [GC [PSYoungGen: 162272K->6851K(164864K)] 343772K->188359K(514048K), 0.0055050 secs] [Times: user=0.03 sys=0.00, real=0.00 secs] 
319.976: [GC [PSYoungGen: 162499K->4640K(165376K)] 344839K->187005K(514560K), 0.0031860 secs] [Times: user=0.03 sys=0.00, real=0.01 secs] 
321.481: [GC [PSYoungGen: 160288K->4656K(164352K)] 343940K->188332K(513536K), 0.0030110 secs] [Times: user=0.03 sys=0.00, real=0.00 secs] 
323.078: [GC [PSYoungGen: 160816K->1544K(164864K)] 351642K->192419K(514048K), 0.0057520 secs] [Times: user=0.03 sys=0.01, real=0.00 secs] 
324.613: [GC [PSYoungGen: 157704K->2901K(165888K)] 354626K->199839K(515072K), 0.0049460 secs] [Times: user=0.03 sys=0.00, real=0.01 secs] 
326.100: [GC [PSYoungGen: 160065K->5664K(165888K)] 357272K->202895K(515072K), 0.0038500 secs] [Times: user=0.03 sys=0.00, real=0.00 secs] 
327.643: [GC [PSYoungGen: 162848K->4843K(165888K)] 361552K->203603K(515072K), 0.0064670 secs] [Times: user=0.03 sys=0.01, real=0.01 secs] 
329.182: [GC [PSYoungGen: 161892K->6312K(165888K)] 360653K->205080K(515072K), 0.0050340 secs] [Times: user=0.02 sys=0.00, real=0.01 secs] 
330.693: [GC [PSYoungGen: 163473K->5837K(165888K)] 362511K->204883K(515072K), 0.0058810 secs] [Times: user=0.03 sys=0.00, real=0.01 secs] 
332.243: [GC [PSYoungGen: 162509K->2869K(159744K)] 366485K->206853K(508928K), 0.0032920 secs] [Times: user=0.03 sys=0.00, real=0.01 secs] 
333.719: [GC [PSYoungGen: 159366K->5712K(165376K)] 363350K->209752K(514560K), 0.0053640 secs] [Times: user=0.03 sys=0.01, real=0.01 secs] 
335.254: [GC [PSYoungGen: 162340K->4745K(165376K)] 366650K->209063K(514560K), 0.0050410 secs] [Times: user=0.03 sys=0.00, real=0.01 secs] 
336.809: [GC [PSYoungGen: 161417K->1624K(166400K)] 372678K->212901K(515584K), 0.0029260 secs] [Times: user=0.02 sys=0.00, real=0.00 secs] 
338.322: [GC [PSYoungGen: 159278K->5506K(166400K)] 370554K->216806K(515584K), 0.0039530 secs] [Times: user=0.03 sys=0.01, real=0.01 secs] 
339.819: [GC [PSYoungGen: 163016K->6059K(166400K)] 374317K->217375K(515584K), 0.0045890 secs] [Times: user=0.03 sys=0.00, real=0.00 secs] 
341.351: [GC [PSYoungGen: 163723K->5712K(166400K)] 375103K->217100K(515584K), 0.0050290 secs] [Times: user=0.03 sys=0.01, real=0.01 secs] 
342.881: [GC [PSYoungGen: 163408K->2369K(166400K)] 379635K->218613K(515584K), 0.0039810 secs] [Times: user=0.03 sys=0.01, real=0.01 secs] 
344.468: [GC [PSYoungGen: 160065K->2029K(166400K)] 382809K->224789K(515584K), 0.0043420 secs] [Times: user=0.02 sys=0.00, real=0.00 secs] 
345.940: [GC [PSYoungGen: 159456K->6321K(165376K)] 382216K->229121K(514560K), 0.0048900 secs] [Times: user=0.03 sys=0.00, real=0.01 secs] 
347.473: [GC [PSYoungGen: 162937K->6337K(163328K)] 385737K->229193K(512512K), 0.0033040 secs] [Times: user=0.03 sys=0.00, real=0.00 secs] 
348.979: [GC [PSYoungGen: 162985K->6433K(165376K)] 385841K->229297K(514560K), 0.0051950 secs] [Times: user=0.03 sys=0.00, real=0.00 secs] 
350.478: [GC [PSYoungGen: 162029K->6385K(165376K)] 384892K->229257K(514560K), 0.0054510 secs] [Times: user=0.03 sys=0.00, real=0.00 secs] 
352.020: [GC [PSYoungGen: 161863K->6527K(165376K)] 384735K->229407K(514560K), 0.0051060 secs] [Times: user=0.03 sys=0.00, real=0.01 secs] 
353.500: [GC [PSYoungGen: 162123K->6155K(165376K)] 385003K->229051K(514560K), 0.0049980 secs] [Times: user=0.02 sys=0.00, real=0.01 secs] 
355.027: [GC [PSYoungGen: 161761K->5417K(164352K)] 385260K->228940K(513536K), 0.0051860 secs] [Times: user=0.04 sys=0.00, real=0.00 secs] 
356.603: [GC [PSYoungGen: 161065K->2029K(164864K)] 391022K->231994K(514048K), 0.0047300 secs] [Times: user=0.02 sys=0.00, real=0.01 secs] 
358.184: [GC [PSYoungGen: 157677K->3694K(165376K)] 392139K->238164K(514560K), 0.0034190 secs] [Times: user=0.02 sys=0.01, real=0.01 secs] 
359.701: [GC [PSYoungGen: 159854K->4798K(165376K)] 396264K->241231K(514560K), 0.0052660 secs] [Times: user=0.03 sys=0.01, real=0.01 secs] 
361.169: [GC [PSYoungGen: 160903K->6771K(164864K)] 397471K->243348K(514048K), 0.0049710 secs] [Times: user=0.03 sys=0.01, real=0.00 secs] 
362.720: [GC [PSYoungGen: 162931K->3148K(165376K)] 404316K->244541K(514560K), 0.0047060 secs] [Times: user=0.03 sys=0.01, real=0.01 secs] 
364.280: [GC [PSYoungGen: 159250K->7027K(164864K)] 400643K->248444K(514048K), 0.0051140 secs] [Times: user=0.03 sys=0.00, real=0.01 secs] 
365.806: [GC [PSYoungGen: 162637K->6070K(165376K)] 404053K->247559K(514560K), 0.0039640 secs] [Times: user=0.04 sys=0.01, real=0.00 secs] 
367.282: [GC [PSYoungGen: 161715K->6787K(165376K)] 403211K->248332K(514560K), 0.0045910 secs] [Times: user=0.03 sys=0.00, real=0.01 secs] 
368.799: [GC [PSYoungGen: 162435K->2988K(165376K)] 410423K->251397K(514560K), 0.0042960 secs] [Times: user=0.03 sys=0.00, real=0.00 secs] 
370.257: [GC [PSYoungGen: 158564K->5908K(165376K)] 407377K->254729K(514560K), 0.0051120 secs] [Times: user=0.03 sys=0.01, real=0.00 secs] 
371.799: [GC [PSYoungGen: 161556K->2648K(165376K)] 416345K->257445K(514560K), 0.0041690 secs] [Times: user=0.02 sys=0.01, real=0.00 secs] 
373.302: [GC [PSYoungGen: 158271K->5365K(164352K)] 413203K->260305K(513536K), 0.0032710 secs] [Times: user=0.03 sys=0.00, real=0.01 secs] 
374.808: [GC [PSYoungGen: 161013K->4126K(164864K)] 417311K->260433K(514048K), 0.0047450 secs] [Times: user=0.02 sys=0.01, real=0.00 secs] 
376.346: [GC [PSYoungGen: 159774K->1490K(165888K)] 423736K->265460K(515072K), 0.0058400 secs] [Times: user=0.03 sys=0.01, real=0.00 secs] 
377.881: [GC [PSYoungGen: 158162K->4002K(160768K)] 425737K->271634K(509952K), 0.0051160 secs] [Times: user=0.03 sys=0.00, real=0.01 secs] 
379.462: [GC [PSYoungGen: 160674K->3084K(165376K)] 435399K->277857K(514560K), 0.0045750 secs] [Times: user=0.03 sys=0.00, real=0.01 secs] 
381.038: [GC [PSYoungGen: 159756K->3575K(165376K)] 438273K->282124K(514560K), 0.0047320 secs] [Times: user=0.03 sys=0.00, real=0.00 secs] 
382.594: [GC [PSYoungGen: 160247K->2584K(165888K)] 444980K->287332K(515072K), 0.0032410 secs] [Times: user=0.03 sys=0.00, real=0.01 secs] 
384.133: [GC [PSYoungGen: 160280K->4035K(165888K)] 449100K->292894K(515072K), 0.0040750 secs] [Times: user=0.02 sys=0.00, real=0.01 secs] 
385.664: [GC [PSYoungGen: 161731K->2696K(165888K)] 456051K->297080K(515072K), 0.0033740 secs] [Times: user=0.03 sys=0.00, real=0.01 secs] 
387.217: [GC [PSYoungGen: 161416K->4252K(166400K)] 459579K->302574K(515584K), 0.0047450 secs] [Times: user=0.03 sys=0.00, real=0.00 secs] 
388.718: [GC [PSYoungGen: 162912K->6324K(166400K)] 461234K->304654K(515584K), 0.0047140 secs] [Times: user=0.03 sys=0.03, real=0.00 secs] 
390.191: [GC [PSYoungGen: 164903K->5673K(166912K)] 463502K->304280K(516096K), 0.0048970 secs] [Times: user=0.03 sys=0.00, real=0.00 secs] 
391.771: [GC [PSYoungGen: 164393K->1833K(166912K)] 470033K->307520K(516096K), 0.0047270 secs] [Times: user=0.03 sys=0.00, real=0.00 secs] 
393.306: [GC [PSYoungGen: 160553K->3815K(166912K)] 471819K->315090K(516096K), 0.0057490 secs] [Times: user=0.03 sys=0.00, real=0.00 secs] 
394.795: [GC [PSYoungGen: 162407K->6080K(166912K)] 473681K->317386K(516096K), 0.0047150 secs] [Times: user=0.03 sys=0.00, real=0.01 secs] 
396.295: [GC [PSYoungGen: 164720K->7044K(165888K)] 476027K->318374K(515072K), 0.0055460 secs] [Times: user=0.03 sys=0.00, real=0.01 secs] 
397.862: [GC [PSYoungGen: 165756K->6957K(164864K)] 477086K->318343K(514048K), 0.0036140 secs] [Times: user=0.03 sys=0.01, real=0.01 secs] 
399.318: [GC [PSYoungGen: 162533K->6947K(165376K)] 474323K->318945K(514560K), 0.0034940 secs] [Times: user=0.03 sys=0.00, real=0.00 secs] 
400.863: [GC [PSYoungGen: 162595K->3235K(165376K)] 481896K->322767K(514560K), 0.0042770 secs] [Times: user=0.03 sys=0.01, real=0.01 secs] 
402.387: [GC [PSYoungGen: 158883K->2433K(165376K)] 485581K->329306K(514560K), 0.0044350 secs] [Times: user=0.02 sys=0.00, real=0.00 secs] 
403.858: [GC [PSYoungGen: 158081K->4862K(164352K)] 486789K->333610K(513536K), 0.0041580 secs] [Times: user=0.02 sys=0.01, real=0.00 secs] 
405.326: [GC [PSYoungGen: 160466K->6694K(164864K)] 489349K->335601K(514048K), 0.0038410 secs] [Times: user=0.04 sys=0.00, real=0.00 secs] 
406.799: [GC [PSYoungGen: 162342K->4098K(165376K)] 493970K->335831K(514560K), 0.0048140 secs] [Times: user=0.03 sys=0.01, real=0.00 secs] 
408.336: [GC [PSYoungGen: 160258K->2988K(165376K)] 497197K->339991K(514560K), 0.0049870 secs] [Times: user=0.02 sys=0.01, real=0.01 secs] 
409.834: [GC [PSYoungGen: 159146K->5846K(165888K)] 496149K->342937K(515072K), 0.0049050 secs] [Times: user=0.04 sys=0.00, real=0.01 secs] 
411.348: [GC [PSYoungGen: 162490K->4868K(161792K)] 500383K->342778K(510976K), 0.0033320 secs] [Times: user=0.03 sys=0.00, real=0.00 secs] 
412.951: [GC [PSYoungGen: 161540K->2821K(165376K)] 504745K->346050K(514560K), 0.0031110 secs] [Times: user=0.03 sys=0.00, real=0.00 secs] 
414.446: [GC [PSYoungGen: 159493K->4018K(165376K)] 505621K->350202K(514560K), 0.0038920 secs] [Times: user=0.03 sys=0.00, real=0.00 secs] 
415.913: [GC [PSYoungGen: 160684K->6139K(165376K)] 507009K->352615K(514560K), 0.0064890 secs] [Times: user=0.03 sys=0.01, real=0.01 secs] 
417.453: [Full GC [PSYoungGen: 163321K->0K(165376K)] [ParOldGen: 349182K->133132K(349184K)] 512503K->133132K(514560K) [PSPermGen: 5285K->5285K(21504K)], 0.0312090 secs] [Times: user=0.09 sys=0.01, real=0.04 secs] 
420.593: [GC [PSYoungGen: 157184K->5608K(165888K)] 292427K->140923K(515072K), 0.0083070 secs] [Times: user=0.06 sys=0.01, real=0.01 secs] 
Heap
 PSYoungGen      total 165888K, used 17354K [0x00000000f5500000, 0x0000000100000000, 0x0000000100000000)
  eden space 157184K, 7% used [0x00000000f5500000,0x00000000f6078918,0x00000000fee80000)
  from space 8704K, 64% used [0x00000000fee80000,0x00000000ff3fa180,0x00000000ff700000)
  to   space 8704K, 0% used [0x00000000ff780000,0x00000000ff780000,0x0000000100000000)
 ParOldGen       total 349184K, used 135315K [0x00000000e0000000, 0x00000000f5500000, 0x00000000f5500000)
  object space 349184K, 38% used [0x00000000e0000000,0x00000000e8424c70,0x00000000f5500000)
 PSPermGen       total 21504K, used 12233K [0x00000000dae00000, 0x00000000dc300000, 0x00000000e0000000)
  object space 21504K, 56% used [0x00000000dae00000,0x00000000db9f27b8,0x00000000dc300000)
