51.653: [GC [PSYoungGen: 10579K->3674K(35840K)] 10579K->3682K(116224K), 0.0091440 secs] [Times: user=0.05 sys=0.01, real=0.01 secs] 
51.662: [Full GC [PSYoungGen: 3674K->0K(35840K)] [ParOldGen: 8K->3139K(80384K)] 3682K->3139K(116224K) [PSPermGen: 5166K->5164K(21504K)], 0.0266110 secs] [Times: user=0.13 sys=0.05, real=0.03 secs] 
51.689: [GC [PSYoungGen: 0K->0K(35840K)] 3139K->3139K(116224K), 0.0026860 secs] [Times: user=0.02 sys=0.00, real=0.00 secs] 
51.692: [Full GC [PSYoungGen: 0K->0K(35840K)] [ParOldGen: 3139K->3139K(80384K)] 3139K->3139K(116224K) [PSPermGen: 5164K->5164K(21504K)], 0.0114820 secs] [Times: user=0.06 sys=0.00, real=0.02 secs] 
51.769: [GC [PSYoungGen: 28987K->4576K(35840K)] 32126K->29941K(116224K), 0.0092060 secs] [Times: user=0.09 sys=0.07, real=0.01 secs] 
51.785: [GC [PSYoungGen: 35642K->4576K(67072K)] 61007K->60909K(147456K), 0.0128990 secs] [Times: user=0.12 sys=0.11, real=0.01 secs] 
51.798: [Full GC [PSYoungGen: 4576K->0K(67072K)] [ParOldGen: 56333K->59435K(141824K)] 60909K->59435K(208896K) [PSPermGen: 5187K->5187K(21504K)], 0.0349770 secs] [Times: user=0.40 sys=0.03, real=0.03 secs] 
51.878: [GC [PSYoungGen: 62060K->3472K(67072K)] 121495K->121388K(208896K), 0.0212230 secs] [Times: user=0.13 sys=0.29, real=0.02 secs] 
51.899: [Full GC [PSYoungGen: 3472K->0K(67072K)] [ParOldGen: 117916K->121353K(250880K)] 121388K->121353K(317952K) [PSPermGen: 5187K->5187K(21504K)], 0.0296590 secs] [Times: user=0.21 sys=0.10, real=0.03 secs] 
52.564: [GC [PSYoungGen: 62398K->4600K(96256K)] 184291K->148054K(347136K), 0.0137770 secs] [Times: user=0.15 sys=0.09, real=0.01 secs] 
53.586: [GC [PSYoungGen: 96248K->3824K(101376K)] 248423K->162879K(352256K), 0.0131450 secs] [Times: user=0.17 sys=0.02, real=0.01 secs] 
54.639: [GC [PSYoungGen: 100592K->11492K(168960K)] 269439K->180339K(419840K), 0.0106170 secs] [Times: user=0.15 sys=0.03, real=0.01 secs] 
55.880: [GC [PSYoungGen: 141009K->16452K(170496K)] 309991K->185434K(421376K), 0.0126810 secs] [Times: user=0.10 sys=0.11, real=0.01 secs] 
57.316: [GC [PSYoungGen: 145982K->11168K(188416K)] 323878K->189063K(439296K), 0.0123740 secs] [Times: user=0.16 sys=0.04, real=0.01 secs] 
58.816: [GC [PSYoungGen: 170752K->16982K(196608K)] 348647K->194877K(447488K), 0.0128620 secs] [Times: user=0.20 sys=0.03, real=0.01 secs] 
60.451: [GC [PSYoungGen: 176688K->16356K(203776K)] 354584K->194251K(454656K), 0.0127410 secs] [Times: user=0.20 sys=0.03, real=0.02 secs] 
62.163: [GC [PSYoungGen: 190896K->15929K(208896K)] 368990K->194023K(459776K), 0.0149660 secs] [Times: user=0.25 sys=0.01, real=0.01 secs] 
63.901: [GC [PSYoungGen: 190521K->13649K(211968K)] 371096K->194223K(462848K), 0.0109980 secs] [Times: user=0.19 sys=0.02, real=0.01 secs] 
65.697: [GC [PSYoungGen: 198752K->12781K(216576K)] 379327K->193356K(467456K), 0.0110930 secs] [Times: user=0.16 sys=0.04, real=0.01 secs] 
67.521: [GC [PSYoungGen: 198036K->15984K(219648K)] 378611K->196558K(470528K), 0.0128120 secs] [Times: user=0.19 sys=0.03, real=0.01 secs] 
69.449: [GC [PSYoungGen: 208902K->15342K(222208K)] 389747K->196186K(473088K), 0.0134240 secs] [Times: user=0.16 sys=0.05, real=0.01 secs] 
71.387: [GC [PSYoungGen: 208366K->14521K(222208K)] 392208K->198364K(473088K), 0.0070550 secs] [Times: user=0.10 sys=0.02, real=0.01 secs] 
73.441: [GC [PSYoungGen: 213177K->13077K(225280K)] 402489K->202389K(476160K), 0.0056430 secs] [Times: user=0.03 sys=0.00, real=0.01 secs] 
75.442: [GC [PSYoungGen: 211732K->16577K(226304K)] 401044K->205890K(477184K), 0.0064370 secs] [Times: user=0.08 sys=0.01, real=0.01 secs] 
77.402: [GC [PSYoungGen: 217790K->6312K(226816K)] 407102K->206024K(477696K), 0.0148000 secs] [Times: user=0.23 sys=0.03, real=0.02 secs] 
79.383: [GC [PSYoungGen: 207452K->6004K(228864K)] 407164K->205724K(479744K), 0.0043050 secs] [Times: user=0.02 sys=0.01, real=0.00 secs] 
81.379: [GC [PSYoungGen: 209175K->6344K(229376K)] 409030K->206263K(480256K), 0.0049640 secs] [Times: user=0.03 sys=0.00, real=0.01 secs] 
83.431: [GC [PSYoungGen: 209608K->2616K(230400K)] 414449K->207465K(481280K), 0.0036850 secs] [Times: user=0.02 sys=0.00, real=0.01 secs] 
85.510: [GC [PSYoungGen: 207416K->5375K(230912K)] 413025K->211000K(481792K), 0.0062040 secs] [Times: user=0.03 sys=0.00, real=0.01 secs] 
87.612: [GC [PSYoungGen: 210175K->2282K(231936K)] 422069K->214192K(482816K), 0.0050810 secs] [Times: user=0.05 sys=0.00, real=0.01 secs] 
89.670: [GC [PSYoungGen: 208493K->6171K(231936K)] 420403K->218096K(482816K), 0.0066070 secs] [Times: user=0.03 sys=0.01, real=0.01 secs] 
91.729: [GC [PSYoungGen: 212449K->6084K(230912K)] 424375K->218018K(481792K), 0.0033830 secs] [Times: user=0.03 sys=0.00, real=0.00 secs] 
93.831: [GC [PSYoungGen: 213429K->6235K(231424K)] 425363K->218200K(482304K), 0.0044200 secs] [Times: user=0.04 sys=0.00, real=0.01 secs] 
95.926: [GC [PSYoungGen: 213582K->6431K(211968K)] 425683K->218547K(462848K), 0.0037470 secs] [Times: user=0.03 sys=0.00, real=0.00 secs] 
98.037: [GC [PSYoungGen: 206111K->1618K(194560K)] 424537K->220060K(445440K), 0.0043490 secs] [Times: user=0.03 sys=0.00, real=0.00 secs] 
100.064: [GC [PSYoungGen: 194130K->1309K(199168K)] 421482K->228685K(450048K), 0.0052840 secs] [Times: user=0.03 sys=0.00, real=0.00 secs] 
101.959: [GC [PSYoungGen: 186606K->6764K(185856K)] 414117K->234291K(436736K), 0.0046470 secs] [Times: user=0.03 sys=0.01, real=0.01 secs] 
103.862: [GC [PSYoungGen: 185452K->4249K(184832K)] 416377K->235222K(435712K), 0.0041110 secs] [Times: user=0.03 sys=0.01, real=0.01 secs] 
105.655: [GC [PSYoungGen: 176792K->5680K(172544K)] 408034K->237160K(423424K), 0.0058130 secs] [Times: user=0.03 sys=0.01, real=0.00 secs] 
107.425: [GC [PSYoungGen: 172080K->2632K(172544K)] 409862K->240431K(423424K), 0.0056250 secs] [Times: user=0.03 sys=0.00, real=0.00 secs] 
109.053: [Full GC [PSYoungGen: 163400K->0K(172544K)] [ParOldGen: 241617K->134999K(251904K)] 405017K->134999K(424448K) [PSPermGen: 5252K->5252K(21504K)], 0.0340170 secs] [Times: user=0.07 sys=0.05, real=0.04 secs] 
110.721: [GC [PSYoungGen: 160681K->6024K(166912K)] 295680K->141023K(418816K), 0.0050550 secs] [Times: user=0.03 sys=0.01, real=0.01 secs] 
112.400: [GC [PSYoungGen: 166688K->5947K(176128K)] 301687K->140946K(428032K), 0.0050790 secs] [Times: user=0.03 sys=0.00, real=0.01 secs] 
114.050: [GC [PSYoungGen: 167150K->6088K(177152K)] 302419K->141357K(429056K), 0.0051910 secs] [Times: user=0.02 sys=0.01, real=0.01 secs] 
115.762: [GC [PSYoungGen: 167368K->1496K(176128K)] 310754K->144882K(428032K), 0.0038700 secs] [Times: user=0.02 sys=0.00, real=0.01 secs] 
117.498: [GC [PSYoungGen: 163288K->2741K(176640K)] 312492K->151945K(428544K), 0.0045500 secs] [Times: user=0.02 sys=0.00, real=0.00 secs] 
119.092: [GC [PSYoungGen: 164521K->5782K(175104K)] 313725K->154986K(427008K), 0.0039870 secs] [Times: user=0.03 sys=0.00, real=0.01 secs] 
120.712: [GC [PSYoungGen: 167989K->6049K(176128K)] 317193K->155253K(428032K), 0.0056180 secs] [Times: user=0.03 sys=0.00, real=0.01 secs] 
122.390: [GC [PSYoungGen: 168233K->5529K(175104K)] 317436K->154732K(427008K), 0.0055210 secs] [Times: user=0.03 sys=0.00, real=0.01 secs] 
123.986: [GC [PSYoungGen: 168319K->6659K(175616K)] 317657K->155997K(427520K), 0.0052080 secs] [Times: user=0.03 sys=0.00, real=0.00 secs] 
125.667: [GC [PSYoungGen: 169475K->4012K(174080K)] 321643K->156180K(425984K), 0.0032510 secs] [Times: user=0.03 sys=0.00, real=0.00 secs] 
127.337: [GC [PSYoungGen: 167305K->5195K(175104K)] 320012K->157902K(427008K), 0.0044670 secs] [Times: user=0.03 sys=0.01, real=0.00 secs] 
128.999: [GC [PSYoungGen: 168523K->2853K(175104K)] 324770K->159101K(427008K), 0.0063960 secs] [Times: user=0.03 sys=0.01, real=0.01 secs] 
130.689: [GC [PSYoungGen: 166693K->2671K(175104K)] 327488K->163465K(427008K), 0.0047010 secs] [Times: user=0.03 sys=0.00, real=0.00 secs] 
132.386: [GC [PSYoungGen: 166274K->6383K(176128K)] 327069K->167178K(428032K), 0.0050920 secs] [Times: user=0.03 sys=0.00, real=0.00 secs] 
134.153: [GC [PSYoungGen: 171142K->6717K(176128K)] 331936K->167511K(428032K), 0.0056770 secs] [Times: user=0.03 sys=0.00, real=0.01 secs] 
135.867: [GC [PSYoungGen: 171576K->5709K(175104K)] 332641K->166813K(427008K), 0.0037070 secs] [Times: user=0.02 sys=0.01, real=0.00 secs] 
137.633: [GC [PSYoungGen: 171085K->1259K(176128K)] 339760K->169965K(428032K), 0.0052770 secs] [Times: user=0.02 sys=0.00, real=0.01 secs] 
139.352: [GC [PSYoungGen: 166635K->2956K(176640K)] 340706K->177035K(428544K), 0.0051320 secs] [Times: user=0.03 sys=0.00, real=0.01 secs] 
141.000: [GC [PSYoungGen: 168607K->5783K(176640K)] 342686K->179910K(428544K), 0.0043310 secs] [Times: user=0.03 sys=0.00, real=0.01 secs] 
142.691: [GC [PSYoungGen: 171634K->4775K(175616K)] 346365K->179513K(427520K), 0.0048410 secs] [Times: user=0.02 sys=0.00, real=0.01 secs] 
144.417: [GC [PSYoungGen: 171175K->1839K(176128K)] 351517K->182324K(428032K), 0.0053650 secs] [Times: user=0.02 sys=0.01, real=0.01 secs] 
146.157: [GC [PSYoungGen: 168239K->3020K(176640K)] 352601K->187398K(428544K), 0.0045340 secs] [Times: user=0.03 sys=0.00, real=0.00 secs] 
147.853: [GC [PSYoungGen: 169932K->3463K(176640K)] 359983K->193522K(428544K), 0.0048550 secs] [Times: user=0.03 sys=0.01, real=0.01 secs] 
149.553: [GC [PSYoungGen: 170316K->5924K(176640K)] 360779K->196403K(428544K), 0.0046850 secs] [Times: user=0.03 sys=0.00, real=0.01 secs] 
151.301: [GC [PSYoungGen: 173348K->3036K(176640K)] 368700K->198396K(428544K), 0.0032570 secs] [Times: user=0.03 sys=0.00, real=0.01 secs] 
153.030: [GC [PSYoungGen: 170445K->6354K(176640K)] 366075K->201991K(428544K), 0.0049500 secs] [Times: user=0.02 sys=0.00, real=0.01 secs] 
154.740: [GC [PSYoungGen: 173778K->3020K(177152K)] 374606K->203913K(429056K), 0.0051120 secs] [Times: user=0.03 sys=0.01, real=0.01 secs] 
156.497: [GC [PSYoungGen: 170444K->3052K(177152K)] 375029K->207677K(429056K), 0.0042900 secs] [Times: user=0.02 sys=0.00, real=0.00 secs] 
158.250: [GC [PSYoungGen: 170988K->3591K(177152K)] 379823K->212435K(429056K), 0.0049200 secs] [Times: user=0.02 sys=0.00, real=0.01 secs] 
159.992: [GC [PSYoungGen: 171527K->3100K(177152K)] 383803K->215384K(429056K), 0.0048600 secs] [Times: user=0.03 sys=0.01, real=0.01 secs] 
161.667: [GC [PSYoungGen: 171513K->6465K(177152K)] 384066K->219026K(429056K), 0.0034860 secs] [Times: user=0.02 sys=0.00, real=0.00 secs] 
163.470: [GC [PSYoungGen: 174913K->4512K(177664K)] 389335K->218957K(429568K), 0.0054390 secs] [Times: user=0.03 sys=0.00, real=0.01 secs] 
165.261: [GC [PSYoungGen: 173436K->6360K(177664K)] 388016K->220980K(429568K), 0.0052790 secs] [Times: user=0.04 sys=0.00, real=0.01 secs] 
167.071: [GC [PSYoungGen: 175320K->2276K(178176K)] 397645K->224609K(430080K), 0.0050190 secs] [Times: user=0.03 sys=0.00, real=0.01 secs] 
168.769: [GC [PSYoungGen: 171744K->6893K(178176K)] 394077K->229234K(430080K), 0.0052140 secs] [Times: user=0.04 sys=0.00, real=0.00 secs] 
170.499: [GC [PSYoungGen: 176324K->5659K(179200K)] 398800K->228191K(431104K), 0.0039330 secs] [Times: user=0.03 sys=0.01, real=0.01 secs] 
172.228: [GC [PSYoungGen: 175643K->3964K(179200K)] 401091K->229443K(431104K), 0.0052070 secs] [Times: user=0.03 sys=0.00, real=0.00 secs] 
173.978: [GC [PSYoungGen: 173931K->5054K(178688K)] 399410K->230573K(430592K), 0.0046650 secs] [Times: user=0.03 sys=0.00, real=0.01 secs] 
176.142: [GC [PSYoungGen: 175494K->5515K(179200K)] 401078K->231250K(431104K), 0.0054920 secs] [Times: user=0.03 sys=0.01, real=0.01 secs] 
177.913: [GC [PSYoungGen: 175974K->1556K(179712K)] 411365K->236972K(431616K), 0.0043710 secs] [Times: user=0.03 sys=0.00, real=0.01 secs] 
179.629: [GC [PSYoungGen: 172562K->6020K(179712K)] 408041K->241508K(431616K), 0.0049130 secs] [Times: user=0.03 sys=0.00, real=0.00 secs] 
181.478: [GC [PSYoungGen: 177028K->2789K(179712K)] 419363K->245253K(431616K), 0.0046170 secs] [Times: user=0.03 sys=0.00, real=0.01 secs] 
183.240: [GC [PSYoungGen: 174158K->5894K(180224K)] 416621K->248374K(432128K), 0.0055980 secs] [Times: user=0.03 sys=0.00, real=0.01 secs] 
184.897: [GC [PSYoungGen: 177357K->5689K(181248K)] 420106K->248454K(433152K), 0.0058650 secs] [Times: user=0.03 sys=0.01, real=0.01 secs] 
186.685: [GC [PSYoungGen: 177721K->3980K(181248K)] 423594K->249861K(433152K), 0.0048630 secs] [Times: user=0.02 sys=0.00, real=0.00 secs] 
188.426: [GC [PSYoungGen: 176003K->6620K(180736K)] 421948K->252582K(432640K), 0.0047380 secs] [Times: user=0.03 sys=0.00, real=0.00 secs] 
190.224: [GC [PSYoungGen: 178652K->3187K(181248K)] 429512K->254054K(433152K), 0.0049470 secs] [Times: user=0.03 sys=0.00, real=0.00 secs] 
191.930: [GC [PSYoungGen: 175214K->6527K(181760K)] 426082K->257443K(433664K), 0.0050280 secs] [Times: user=0.04 sys=0.00, real=0.01 secs] 
193.726: [GC [PSYoungGen: 178938K->6155K(181760K)] 430258K->257515K(433664K), 0.0053110 secs] [Times: user=0.03 sys=0.01, real=0.00 secs] 
195.624: [GC [PSYoungGen: 178699K->2083K(182272K)] 436844K->260665K(441344K), 0.0042000 secs] [Times: user=0.03 sys=0.00, real=0.00 secs] 
197.462: [Full GC [PSYoungGen: 175139K->0K(182272K)] [ParOldGen: 264530K->135231K(302592K)] 439670K->135231K(484864K) [PSPermGen: 5280K->5280K(21504K)], 0.0512710 secs] [Times: user=0.11 sys=0.01, real=0.05 secs] 
199.233: [GC [PSYoungGen: 172929K->5545K(182272K)] 308160K->140776K(484864K), 0.0048390 secs] [Times: user=0.03 sys=0.00, real=0.01 secs] 
200.946: [GC [PSYoungGen: 178393K->6232K(183296K)] 313625K->141463K(485888K), 0.0046910 secs] [Times: user=0.03 sys=0.00, real=0.00 secs] 
202.638: [GC [PSYoungGen: 180270K->5734K(183296K)] 315502K->140966K(485888K), 0.0043670 secs] [Times: user=0.03 sys=0.01, real=0.00 secs] 
204.342: [GC [PSYoungGen: 179786K->6296K(184320K)] 315017K->141527K(486912K), 0.0058030 secs] [Times: user=0.03 sys=0.01, real=0.01 secs] 
206.094: [GC [PSYoungGen: 181371K->5686K(184320K)] 316872K->141187K(486912K), 0.0032990 secs] [Times: user=0.02 sys=0.01, real=0.01 secs] 
207.869: [GC [PSYoungGen: 180790K->3351K(185344K)] 320768K->143329K(487936K), 0.0030810 secs] [Times: user=0.02 sys=0.01, real=0.00 secs] 
209.668: [GC [PSYoungGen: 179469K->6463K(185344K)] 319446K->146440K(487936K), 0.0037710 secs] [Times: user=0.03 sys=0.00, real=0.00 secs] 
211.458: [GC [PSYoungGen: 182589K->5709K(185344K)] 323375K->146495K(487936K), 0.0032810 secs] [Times: user=0.03 sys=0.01, real=0.00 secs] 
213.267: [GC [PSYoungGen: 182349K->2488K(185856K)] 327367K->147506K(488448K), 0.0033650 secs] [Times: user=0.02 sys=0.00, real=0.00 secs] 
215.003: [GC [PSYoungGen: 179128K->5186K(186368K)] 325553K->151611K(488960K), 0.0049780 secs] [Times: user=0.02 sys=0.00, real=0.00 secs] 
216.738: [GC [PSYoungGen: 182811K->6906K(186368K)] 329236K->153331K(488960K), 0.0052890 secs] [Times: user=0.03 sys=0.00, real=0.01 secs] 
218.486: [GC [PSYoungGen: 184543K->6739K(187904K)] 331237K->153434K(490496K), 0.0063520 secs] [Times: user=0.02 sys=0.01, real=0.00 secs] 
220.301: [GC [PSYoungGen: 185427K->3265K(187904K)] 336257K->154094K(490496K), 0.0035070 secs] [Times: user=0.03 sys=0.00, real=0.01 secs] 
222.122: [GC [PSYoungGen: 181953K->3804K(188928K)] 337313K->159164K(491520K), 0.0050160 secs] [Times: user=0.03 sys=0.01, real=0.01 secs] 
223.974: [GC [PSYoungGen: 183497K->6765K(188928K)] 338857K->162125K(491520K), 0.0052620 secs] [Times: user=0.02 sys=0.01, real=0.01 secs] 
225.833: [GC [PSYoungGen: 186439K->4951K(189440K)] 342339K->161287K(492032K), 0.0044760 secs] [Times: user=0.01 sys=0.02, real=0.01 secs] 
227.656: [GC [PSYoungGen: 185687K->2433K(189952K)] 349076K->165831K(492544K), 0.0045120 secs] [Times: user=0.03 sys=0.00, real=0.01 secs] 
229.552: [GC [PSYoungGen: 183169K->2077K(190976K)] 352288K->171204K(493568K), 0.0055760 secs] [Times: user=0.03 sys=0.00, real=0.01 secs] 
231.491: [GC [PSYoungGen: 183834K->1339K(190976K)] 361531K->179044K(493568K), 0.0059960 secs] [Times: user=0.03 sys=0.01, real=0.01 secs] 
233.311: [GC [PSYoungGen: 183034K->6241K(191488K)] 361008K->184232K(494080K), 0.0063540 secs] [Times: user=0.03 sys=0.01, real=0.01 secs] 
235.241: [GC [PSYoungGen: 188513K->1775K(192000K)] 374081K->187439K(494592K), 0.0043990 secs] [Times: user=0.02 sys=0.00, real=0.01 secs] 
237.151: [GC [PSYoungGen: 183957K->5853K(193024K)] 369891K->191945K(495616K), 0.0058140 secs] [Times: user=0.02 sys=0.00, real=0.01 secs] 
239.043: [GC [PSYoungGen: 189149K->3290K(193024K)] 380971K->195120K(495616K), 0.0046580 secs] [Times: user=0.03 sys=0.00, real=0.00 secs] 
240.932: [GC [PSYoungGen: 186504K->6449K(193024K)] 378334K->198336K(495616K), 0.0040690 secs] [Times: user=0.05 sys=0.01, real=0.01 secs] 
242.738: [GC [PSYoungGen: 190235K->6630K(193536K)] 382256K->198659K(496128K), 0.0048160 secs] [Times: user=0.03 sys=0.01, real=0.01 secs] 
244.613: [GC [PSYoungGen: 190438K->3210K(194048K)] 389060K->201840K(496640K), 0.0049760 secs] [Times: user=0.03 sys=0.00, real=0.01 secs] 
246.434: [GC [PSYoungGen: 187993K->7025K(194560K)] 386623K->205671K(497152K), 0.0038960 secs] [Times: user=0.03 sys=0.00, real=0.01 secs] 
248.335: [GC [PSYoungGen: 191844K->5718K(196096K)] 390824K->204706K(498688K), 0.0059590 secs] [Times: user=0.03 sys=0.00, real=0.00 secs] 
250.174: [GC [PSYoungGen: 191574K->5204K(196096K)] 391419K->205121K(498688K), 0.0036930 secs] [Times: user=0.03 sys=0.00, real=0.01 secs] 
252.025: [GC [PSYoungGen: 190987K->6068K(196608K)] 391039K->206143K(499200K), 0.0054070 secs] [Times: user=0.01 sys=0.02, real=0.00 secs] 
254.062: [GC [PSYoungGen: 192948K->2956K(196608K)] 399798K->209815K(499200K), 0.0051030 secs] [Times: user=0.02 sys=0.01, real=0.01 secs] 
256.026: [GC [PSYoungGen: 189836K->2892K(196608K)] 403004K->216084K(499200K), 0.0055570 secs] [Times: user=0.03 sys=0.01, real=0.00 secs] 
257.948: [GC [PSYoungGen: 190796K->2671K(197120K)] 409345K->221283K(499712K), 0.0048250 secs] [Times: user=0.03 sys=0.00, real=0.00 secs] 
259.865: [GC [PSYoungGen: 190543K->7185K(197632K)] 409291K->225940K(500224K), 0.0059350 secs] [Times: user=0.02 sys=0.01, real=0.00 secs] 
261.802: [GC [PSYoungGen: 195601K->4528K(198144K)] 417340K->226275K(500736K), 0.0045840 secs] [Times: user=0.02 sys=0.01, real=0.01 secs] 
263.706: [GC [PSYoungGen: 192886K->7336K(198144K)] 414633K->229115K(500736K), 0.0061100 secs] [Times: user=0.03 sys=0.01, real=0.00 secs] 
265.594: [GC [PSYoungGen: 196236K->5721K(198656K)] 418150K->228047K(501248K), 0.0049860 secs] [Times: user=0.03 sys=0.00, real=0.01 secs] 
267.533: [GC [PSYoungGen: 194649K->2783K(199680K)] 421924K->230114K(502272K), 0.0043750 secs] [Times: user=0.03 sys=0.00, real=0.01 secs] 
269.487: [GC [PSYoungGen: 192735K->2362K(199680K)] 426542K->236177K(502272K), 0.0056140 secs] [Times: user=0.03 sys=0.00, real=0.00 secs] 
271.374: [GC [PSYoungGen: 192294K->5933K(200704K)] 426648K->240295K(503296K), 0.0040960 secs] [Times: user=0.03 sys=0.00, real=0.01 secs] 
273.340: [GC [PSYoungGen: 196909K->2545K(200704K)] 436344K->241996K(503296K), 0.0052140 secs] [Times: user=0.02 sys=0.01, real=0.01 secs] 
275.244: [GC [PSYoungGen: 193481K->6854K(201728K)] 432932K->246448K(504320K), 0.0039240 secs] [Times: user=0.03 sys=0.00, real=0.00 secs] 
277.148: [GC [PSYoungGen: 198853K->6315K(201728K)] 438455K->245925K(504320K), 0.0061660 secs] [Times: user=0.05 sys=0.00, real=0.00 secs] 
279.126: [GC [PSYoungGen: 198315K->1538K(203264K)] 444087K->247317K(505856K), 0.0056430 secs] [Times: user=0.02 sys=0.01, real=0.00 secs] 
281.102: [GC [PSYoungGen: 194562K->3354K(203264K)] 444430K->253238K(505856K), 0.0051690 secs] [Times: user=0.03 sys=0.00, real=0.01 secs] 
283.121: [GC [PSYoungGen: 196378K->3822K(202752K)] 451318K->258802K(505344K), 0.0056850 secs] [Times: user=0.02 sys=0.02, real=0.01 secs] 
285.142: [GC [PSYoungGen: 197816K->6305K(203264K)] 453335K->261881K(505856K), 0.0047490 secs] [Times: user=0.03 sys=0.00, real=0.01 secs] 
287.151: [GC [PSYoungGen: 200353K->3411K(203776K)] 460670K->263799K(506368K), 0.0044950 secs] [Times: user=0.03 sys=0.00, real=0.01 secs] 
289.172: [GC [PSYoungGen: 198483K->3393K(204288K)] 463750K->268834K(506880K), 0.0041440 secs] [Times: user=0.04 sys=0.00, real=0.01 secs] 
291.108: [GC [PSYoungGen: 198376K->6385K(205312K)] 463952K->272018K(507904K), 0.0056330 secs] [Times: user=0.04 sys=0.01, real=0.00 secs] 
293.112: [GC [PSYoungGen: 202481K->3607K(205312K)] 472443K->273641K(507904K), 0.0058980 secs] [Times: user=0.03 sys=0.00, real=0.01 secs] 
295.070: [GC [PSYoungGen: 199592K->6536K(206336K)] 469626K->276578K(508928K), 0.0053200 secs] [Times: user=0.03 sys=0.00, real=0.01 secs] 
297.061: [GC [PSYoungGen: 203585K->6187K(206336K)] 473897K->276522K(508928K), 0.0058830 secs] [Times: user=0.03 sys=0.01, real=0.01 secs] 
299.069: [GC [PSYoungGen: 203307K->4836K(206848K)] 477452K->279029K(509440K), 0.0048150 secs] [Times: user=0.03 sys=0.00, real=0.00 secs] 
301.036: [GC [PSYoungGen: 202726K->6449K(207360K)] 476919K->280809K(509952K), 0.0036310 secs] [Times: user=0.03 sys=0.00, real=0.00 secs] 
303.017: [GC [PSYoungGen: 204593K->6504K(208384K)] 479096K->281047K(510976K), 0.0050010 secs] [Times: user=0.00 sys=0.04, real=0.00 secs] 
305.104: [GC [PSYoungGen: 205672K->2173K(208384K)] 486449K->282966K(510976K), 0.0036490 secs] [Times: user=0.02 sys=0.01, real=0.00 secs] 
307.173: [GC [PSYoungGen: 201341K->3489K(208896K)] 489165K->291321K(511488K), 0.0030340 secs] [Times: user=0.02 sys=0.01, real=0.01 secs] 
309.181: [GC [PSYoungGen: 203677K->5760K(209408K)] 491957K->294048K(512000K), 0.0054800 secs] [Times: user=0.03 sys=0.01, real=0.01 secs] 
311.223: [GC [PSYoungGen: 205952K->2959K(210432K)] 499130K->296336K(513024K), 0.0045730 secs] [Times: user=0.02 sys=0.00, real=0.00 secs] 
313.302: [GC [PSYoungGen: 204129K->6257K(210432K)] 497506K->299707K(513024K), 0.0057610 secs] [Times: user=0.03 sys=0.00, real=0.01 secs] 
315.451: [GC [PSYoungGen: 207354K->6520K(210944K)] 500803K->299977K(513536K), 0.0055120 secs] [Times: user=0.03 sys=0.00, real=0.01 secs] 
317.511: [GC [PSYoungGen: 208209K->6235K(211456K)] 501666K->299724K(514048K), 0.0051240 secs] [Times: user=0.04 sys=0.00, real=0.01 secs] 
319.594: [GC [PSYoungGen: 207942K->5522K(211456K)] 501496K->299083K(514048K), 0.0048060 secs] [Times: user=0.03 sys=0.01, real=0.01 secs] 
321.729: [GC [PSYoungGen: 208274K->1926K(211968K)] 507529K->301205K(514560K), 0.0043270 secs] [Times: user=0.03 sys=0.00, real=0.00 secs] 
323.829: [GC [PSYoungGen: 204646K->5705K(212480K)] 503924K->305016K(515072K), 0.0060700 secs] [Times: user=0.00 sys=0.04, real=0.01 secs] 
325.889: [GC [PSYoungGen: 209332K->6059K(212992K)] 508642K->305449K(515584K), 0.0049580 secs] [Times: user=0.03 sys=0.00, real=0.00 secs] 
327.915: [GC [PSYoungGen: 209724K->6376K(213504K)] 509115K->305775K(516096K), 0.0064490 secs] [Times: user=0.03 sys=0.01, real=0.00 secs] 
329.994: [GC [PSYoungGen: 210657K->6113K(214016K)] 510056K->305584K(516608K), 0.0049330 secs] [Times: user=0.02 sys=0.01, real=0.01 secs] 
332.069: [GC [PSYoungGen: 210329K->6155K(214528K)] 510070K->305911K(517120K), 0.0045320 secs] [Times: user=0.02 sys=0.01, real=0.00 secs] 
334.283: [Full GC [PSYoungGen: 211467K->0K(214528K)] [ParOldGen: 306010K->134122K(367616K)] 517477K->134122K(582144K) [PSPermGen: 5285K->5285K(21504K)], 0.0509460 secs] [Times: user=0.16 sys=0.02, real=0.04 secs] 
336.422: [GC [PSYoungGen: 205312K->1512K(214528K)] 346075K->142276K(582144K), 0.0054100 secs] [Times: user=0.03 sys=0.01, real=0.01 secs] 
338.472: [GC [PSYoungGen: 206744K->6296K(216064K)] 347912K->147464K(583680K), 0.0054030 secs] [Times: user=0.03 sys=0.01, real=0.01 secs] 
340.551: [GC [PSYoungGen: 212632K->4130K(216064K)] 357041K->148540K(583680K), 0.0044780 secs] [Times: user=0.03 sys=0.00, real=0.01 secs] 
342.584: [GC [PSYoungGen: 210378K->5953K(216576K)] 355192K->150767K(584192K), 0.0062030 secs] [Times: user=0.03 sys=0.01, real=0.00 secs] 
344.788: [GC [PSYoungGen: 213313K->2725K(216576K)] 364809K->154221K(584192K), 0.0048090 secs] [Times: user=0.02 sys=0.01, real=0.00 secs] 
346.867: [GC [PSYoungGen: 209931K->6550K(217088K)] 361427K->158045K(584704K), 0.0057460 secs] [Times: user=0.03 sys=0.01, real=0.00 secs] 
348.884: [GC [PSYoungGen: 214297K->6755K(217600K)] 366332K->158790K(585216K), 0.0057390 secs] [Times: user=0.03 sys=0.00, real=0.00 secs] 
350.974: [GC [PSYoungGen: 214627K->3123K(218624K)] 371917K->160413K(586240K), 0.0046720 secs] [Times: user=0.03 sys=0.00, real=0.01 secs] 
353.000: [GC [PSYoungGen: 211852K->7009K(218624K)] 369142K->164299K(586240K), 0.0051250 secs] [Times: user=0.03 sys=0.00, real=0.01 secs] 
355.109: [GC [PSYoungGen: 215904K->5600K(219136K)] 373599K->163294K(586752K), 0.0034590 secs] [Times: user=0.01 sys=0.03, real=0.00 secs] 
357.186: [GC [PSYoungGen: 215520K->5652K(219648K)] 375344K->165476K(587264K), 0.0058330 secs] [Times: user=0.02 sys=0.01, real=0.00 secs] 
359.332: [GC [PSYoungGen: 215560K->5718K(220160K)] 375853K->166011K(587776K), 0.0033810 secs] [Times: user=0.02 sys=0.02, real=0.01 secs] 
361.460: [GC [PSYoungGen: 216662K->3495K(220160K)] 381197K->168030K(587776K), 0.0043240 secs] [Times: user=0.02 sys=0.00, real=0.01 secs] 
363.585: [GC [PSYoungGen: 214439K->3806K(221184K)] 382131K->171498K(588800K), 0.0043640 secs] [Times: user=0.02 sys=0.01, real=0.00 secs] 
365.736: [GC [PSYoungGen: 215774K->2115K(221184K)] 389991K->176332K(588800K), 0.0046310 secs] [Times: user=0.03 sys=0.00, real=0.00 secs] 
367.798: [GC [PSYoungGen: 214083K->5844K(222208K)] 389197K->181005K(589824K), 0.0049820 secs] [Times: user=0.03 sys=0.00, real=0.01 secs] 
369.905: [GC [PSYoungGen: 218784K->5166K(222208K)] 394009K->180803K(589824K), 0.0048700 secs] [Times: user=0.03 sys=0.00, real=0.00 secs] 
372.047: [GC [PSYoungGen: 218158K->3932K(222720K)] 395957K->181755K(590336K), 0.0052270 secs] [Times: user=0.03 sys=0.01, real=0.00 secs] 
374.222: [GC [PSYoungGen: 217929K->6161K(222720K)] 395753K->183993K(590336K), 0.0048050 secs] [Times: user=0.03 sys=0.00, real=0.01 secs] 
376.320: [GC [PSYoungGen: 220050K->6415K(223232K)] 397882K->184295K(590848K), 0.0043920 secs] [Times: user=0.02 sys=0.01, real=0.01 secs] 
378.440: [GC [PSYoungGen: 220893K->5972K(223744K)] 398773K->183995K(591360K), 0.0049200 secs] [Times: user=0.03 sys=0.01, real=0.01 secs] 
380.571: [GC [PSYoungGen: 220347K->5243K(224256K)] 398639K->183543K(591872K), 0.0045710 secs] [Times: user=0.02 sys=0.00, real=0.01 secs] 
382.756: [GC [PSYoungGen: 220795K->1512K(224256K)] 403890K->184631K(591872K), 0.0049270 secs] [Times: user=0.03 sys=0.00, real=0.00 secs] 
384.918: [GC [PSYoungGen: 217064K->2869K(225280K)] 407984K->193805K(592896K), 0.0044890 secs] [Times: user=0.03 sys=0.00, real=0.01 secs] 
387.079: [GC [PSYoungGen: 219424K->5821K(225280K)] 410629K->197034K(592896K), 0.0050070 secs] [Times: user=0.03 sys=0.00, real=0.01 secs] 
389.281: [GC [PSYoungGen: 222397K->1220K(225792K)] 418274K->197121K(593408K), 0.0046980 secs] [Times: user=0.02 sys=0.00, real=0.01 secs] 
391.430: [GC [PSYoungGen: 218289K->5901K(226304K)] 414189K->201810K(593920K), 0.0050170 secs] [Times: user=0.03 sys=0.00, real=0.01 secs] 
393.556: [GC [PSYoungGen: 222975K->6511K(226816K)] 418884K->202452K(594432K), 0.0055260 secs] [Times: user=0.03 sys=0.02, real=0.00 secs] 
395.675: [GC [PSYoungGen: 224063K->5981K(227328K)] 420004K->201954K(594944K), 0.0048320 secs] [Times: user=0.03 sys=0.01, real=0.00 secs] 
397.864: [GC [PSYoungGen: 223522K->5490K(227328K)] 419495K->201510K(594944K), 0.0048610 secs] [Times: user=0.03 sys=0.00, real=0.00 secs] 
400.042: [GC [PSYoungGen: 224005K->5163K(227840K)] 420700K->201874K(595456K), 0.0041640 secs] [Times: user=0.03 sys=0.00, real=0.01 secs] 
402.336: [GC [PSYoungGen: 223787K->1512K(228864K)] 427442K->205175K(596480K), 0.0044720 secs] [Times: user=0.02 sys=0.00, real=0.00 secs] 
404.595: [GC [PSYoungGen: 221031K->5391K(228864K)] 425233K->209601K(596480K), 0.0053610 secs] [Times: user=0.03 sys=0.00, real=0.00 secs] 
406.922: [GC [PSYoungGen: 225039K->1949K(229888K)] 437345K->214271K(597504K), 0.0052460 secs] [Times: user=0.02 sys=0.00, real=0.01 secs] 
409.192: [GC [PSYoungGen: 222621K->1592K(229888K)] 441823K->220835K(597504K), 0.0048490 secs] [Times: user=0.02 sys=0.00, real=0.01 secs] 
411.381: [GC [PSYoungGen: 222061K->6472K(230400K)] 441304K->225723K(598016K), 0.0057480 secs] [Times: user=0.00 sys=0.04, real=0.01 secs] 
413.634: [GC [PSYoungGen: 227623K->5997K(230912K)] 446874K->225256K(598528K), 0.0048160 secs] [Times: user=0.03 sys=0.01, real=0.01 secs] 
415.850: [GC [PSYoungGen: 227127K->5481K(231936K)] 446790K->225200K(599552K), 0.0049190 secs] [Times: user=0.03 sys=0.00, real=0.01 secs] 
Heap
 PSYoungGen      total 231936K, used 202262K [0x00000007caa80000, 0x00000007d9680000, 0x0000000800000000)
  eden space 222208K, 88% used [0x00000007caa80000,0x00000007d6aab328,0x00000007d8380000)
  from space 9728K, 56% used [0x00000007d8d00000,0x00000007d925a508,0x00000007d9680000)
  to   space 9728K, 0% used [0x00000007d8380000,0x00000007d8380000,0x00000007d8d00000)
 ParOldGen       total 367616K, used 219719K [0x0000000760000000, 0x0000000776700000, 0x00000007caa80000)
  object space 367616K, 59% used [0x0000000760000000,0x000000076d691c48,0x0000000776700000)
 PSPermGen       total 21504K, used 12234K [0x000000075ae00000, 0x000000075c300000, 0x0000000760000000)
  object space 21504K, 56% used [0x000000075ae00000,0x000000075b9f2960,0x000000075c300000)
