51.890: [GC [PSYoungGen: 10939K->3683K(35840K)] 10939K->3691K(116224K), 0.0082170 secs] [Times: user=0.01 sys=0.05, real=0.01 secs] 
51.899: [Full GC [PSYoungGen: 3683K->0K(35840K)] [ParOldGen: 8K->3139K(80384K)] 3691K->3139K(116224K) [PSPermGen: 5166K->5165K(21504K)], 0.0256360 secs] [Times: user=0.11 sys=0.01, real=0.03 secs] 
51.925: [GC [PSYoungGen: 0K->0K(35840K)] 3139K->3139K(116224K), 0.0025960 secs] [Times: user=0.02 sys=0.02, real=0.00 secs] 
51.927: [Full GC [PSYoungGen: 0K->0K(35840K)] [ParOldGen: 3139K->3139K(80384K)] 3139K->3139K(116224K) [PSPermGen: 5165K->5165K(21504K)], 0.0126810 secs] [Times: user=0.01 sys=0.04, real=0.02 secs] 
52.037: [GC [PSYoungGen: 6040K->832K(35840K)] 336860K->331651K(385024K), 0.0030680 secs] [Times: user=0.02 sys=0.00, real=0.01 secs] 
52.040: [GC [PSYoungGen: 832K->704K(67072K)] 331651K->331523K(416256K), 0.0024910 secs] [Times: user=0.03 sys=0.00, real=0.00 secs] 
52.043: [Full GC [PSYoungGen: 704K->0K(67072K)] [ParOldGen: 330819K->330256K(349184K)] 331523K->330256K(416256K) [PSPermGen: 5198K->5198K(21504K)], 0.0834040 secs] [Times: user=1.05 sys=0.04, real=0.08 secs] 
52.161: [GC-- [PSYoungGen: 33184K->33184K(67072K)] 363441K->363441K(416256K), 0.0050770 secs] [Times: user=0.03 sys=0.00, real=0.00 secs] 
52.166: [Full GC [PSYoungGen: 33184K->32768K(67072K)] [ParOldGen: 330256K->330256K(349184K)] 363441K->363025K(416256K) [PSPermGen: 5198K->5198K(21504K)], 0.0177820 secs] [Times: user=0.09 sys=0.00, real=0.02 secs] 
52.184: [GC-- [PSYoungGen: 32768K->32768K(67072K)] 363025K->363025K(416256K), 0.0032340 secs] [Times: user=0.03 sys=0.00, real=0.00 secs] 
52.188: [Full GC [PSYoungGen: 32768K->32768K(67072K)] [ParOldGen: 330256K->329189K(349184K)] 363025K->361957K(416256K) [PSPermGen: 5198K->5195K(21504K)], 0.0538130 secs] [Times: user=0.90 sys=0.03, real=0.06 secs] 
52.242: [GC-- [PSYoungGen: 33185K->33185K(67072K)] 362374K->362374K(416256K), 0.0038460 secs] [Times: user=0.04 sys=0.02, real=0.00 secs] 
52.246: [Full GC [PSYoungGen: 33185K->32769K(67072K)] [ParOldGen: 329189K->329189K(349184K)] 362374K->361958K(416256K) [PSPermGen: 5195K->5195K(21504K)], 0.0130090 secs] [Times: user=0.06 sys=0.00, real=0.02 secs] 
52.259: [GC-- [PSYoungGen: 32769K->32769K(67072K)] 361958K->361958K(416256K), 0.0028090 secs] [Times: user=0.02 sys=0.00, real=0.00 secs] 
52.262: [Full GC [PSYoungGen: 32769K->32769K(67072K)] [ParOldGen: 329189K->329189K(349184K)] 361958K->361958K(416256K) [PSPermGen: 5195K->5195K(21504K)], 0.0121870 secs] [Times: user=0.06 sys=0.00, real=0.01 secs] 
52.275: [GC-- [PSYoungGen: 33185K->33185K(67072K)] 362374K->362374K(416256K), 0.0030050 secs] [Times: user=0.03 sys=0.00, real=0.00 secs] 
52.278: [Full GC [PSYoungGen: 33185K->32769K(67072K)] [ParOldGen: 329189K->329188K(349184K)] 362374K->361958K(416256K) [PSPermGen: 5195K->5195K(21504K)], 0.0113810 secs] [Times: user=0.06 sys=0.00, real=0.01 secs] 
52.290: [GC-- [PSYoungGen: 32769K->32769K(67072K)] 361958K->361958K(416256K), 0.0046900 secs] [Times: user=0.03 sys=0.00, real=0.01 secs] 
52.294: [Full GC [PSYoungGen: 32769K->32769K(67072K)] [ParOldGen: 329188K->329188K(349184K)] 361958K->361958K(416256K) [PSPermGen: 5195K->5195K(21504K)], 0.0117340 secs] [Times: user=0.05 sys=0.00, real=0.01 secs] 
52.307: [GC-- [PSYoungGen: 33401K->33401K(67072K)] 362590K->362590K(416256K), 0.0045980 secs] [Times: user=0.02 sys=0.00, real=0.01 secs] 
52.312: [Full GC [PSYoungGen: 33401K->32786K(67072K)] [ParOldGen: 329188K->329188K(349184K)] 362590K->361975K(416256K) [PSPermGen: 5195K->5195K(21504K)], 0.0107350 secs] [Times: user=0.06 sys=0.00, real=0.01 secs] 
52.322: [GC-- [PSYoungGen: 32786K->32786K(67072K)] 361975K->361999K(416256K), 0.0043700 secs] [Times: user=0.03 sys=0.00, real=0.00 secs] 
52.327: [Full GC [PSYoungGen: 32786K->32786K(67072K)] [ParOldGen: 329212K->329189K(349184K)] 361999K->361975K(416256K) [PSPermGen: 5195K->5195K(21504K)], 0.0123380 secs] [Times: user=0.06 sys=0.00, real=0.01 secs] 
52.340: [GC-- [PSYoungGen: 33202K->33202K(67072K)] 362392K->362392K(416256K), 0.0041540 secs] [Times: user=0.03 sys=0.00, real=0.00 secs] 
52.344: [Full GC [PSYoungGen: 33202K->32786K(67072K)] [ParOldGen: 329189K->329189K(349184K)] 362392K->361975K(416256K) [PSPermGen: 5195K->5195K(21504K)], 0.0102130 secs] [Times: user=0.06 sys=0.00, real=0.01 secs] 
52.355: [GC-- [PSYoungGen: 32786K->32786K(67072K)] 361975K->362007K(416256K), 0.0040150 secs] [Times: user=0.03 sys=0.00, real=0.00 secs] 
52.359: [Full GC [PSYoungGen: 32786K->32786K(67072K)] [ParOldGen: 329221K->329189K(349184K)] 362007K->361975K(416256K) [PSPermGen: 5195K->5195K(21504K)], 0.0123510 secs] [Times: user=0.05 sys=0.00, real=0.01 secs] 
52.382: [GC-- [PSYoungGen: 34554K->34554K(67072K)] 363744K->363744K(416256K), 0.0042590 secs] [Times: user=0.03 sys=0.00, real=0.00 secs] 
52.386: [Full GC [PSYoungGen: 34554K->32892K(67072K)] [ParOldGen: 329189K->329169K(349184K)] 363744K->362062K(416256K) [PSPermGen: 5224K->5224K(21504K)], 0.0520770 secs] [Times: user=0.91 sys=0.00, real=0.05 secs] 
52.438: [GC-- [PSYoungGen: 32892K->32892K(67072K)] 362062K->362070K(416256K), 0.0040020 secs] [Times: user=0.03 sys=0.00, real=0.01 secs] 
52.442: [Full GC [PSYoungGen: 32892K->32823K(67072K)] [ParOldGen: 329177K->329169K(349184K)] 362070K->361993K(416256K) [PSPermGen: 5224K->5224K(21504K)], 0.0116080 secs] [Times: user=0.06 sys=0.00, real=0.01 secs] 
52.460: [GC-- [PSYoungGen: 33566K->33566K(67072K)] 362736K->362736K(416256K), 0.0034260 secs] [Times: user=0.03 sys=0.00, real=0.00 secs] 
52.463: [Full GC [PSYoungGen: 33566K->32830K(67072K)] [ParOldGen: 329169K->329140K(349184K)] 362736K->361971K(416256K) [PSPermGen: 5225K->5225K(21504K)], 0.0507850 secs] [Times: user=0.89 sys=0.00, real=0.05 secs] 
52.514: [GC-- [PSYoungGen: 32830K->32830K(67072K)] 361971K->361979K(416256K), 0.0044550 secs] [Times: user=0.03 sys=0.00, real=0.00 secs] 
52.519: [Full GC [PSYoungGen: 32830K->32830K(67072K)] [ParOldGen: 329148K->329140K(349184K)] 361979K->361971K(416256K) [PSPermGen: 5225K->5225K(21504K)], 0.0114970 secs] [Times: user=0.06 sys=0.00, real=0.01 secs] 
52.531: [GC-- [PSYoungGen: 32989K->32989K(67072K)] 362130K->362130K(416256K), 0.0029480 secs] [Times: user=0.04 sys=0.00, real=0.01 secs] 
52.534: [Full GC [PSYoungGen: 32989K->32830K(67072K)] [ParOldGen: 329140K->329112K(349184K)] 362130K->361943K(416256K) [PSPermGen: 5225K->5225K(21504K)], 0.0121220 secs] [Times: user=0.05 sys=0.00, real=0.01 secs] 
52.546: [GC-- [PSYoungGen: 32830K->32830K(67072K)] 361943K->361951K(416256K), 0.0037460 secs] [Times: user=0.04 sys=0.00, real=0.00 secs] 
52.550: [Full GC [PSYoungGen: 32830K->32830K(67072K)] [ParOldGen: 329120K->329112K(349184K)] 361951K->361943K(416256K) [PSPermGen: 5225K->5225K(21504K)], 0.0122070 secs] [Times: user=0.06 sys=0.00, real=0.02 secs] 
52.567: [GC-- [PSYoungGen: 33126K->33126K(67072K)] 362239K->362247K(416256K), 0.0047970 secs] [Times: user=0.05 sys=0.00, real=0.01 secs] 
52.572: [Full GC [PSYoungGen: 33126K->32800K(67072K)] [ParOldGen: 329120K->329083K(349184K)] 362247K->361884K(416256K) [PSPermGen: 5225K->5225K(21504K)], 0.0479200 secs] [Times: user=0.84 sys=0.00, real=0.05 secs] 
52.620: [GC-- [PSYoungGen: 32800K->32800K(67072K)] 361884K->361940K(416256K), 0.0044830 secs] [Times: user=0.03 sys=0.00, real=0.00 secs] 
52.624: [Full GC [PSYoungGen: 32800K->32799K(67072K)] [ParOldGen: 329139K->329084K(349184K)] 361940K->361884K(416256K) [PSPermGen: 5225K->5225K(21504K)], 0.0104150 secs] [Times: user=0.05 sys=0.00, real=0.01 secs] 
52.638: [GC-- [PSYoungGen: 32890K->32890K(67072K)] 361975K->361991K(416256K), 0.0028610 secs] [Times: user=0.03 sys=0.00, real=0.01 secs] 
52.640: [Full GC [PSYoungGen: 32890K->32797K(67072K)] [ParOldGen: 329100K->329056K(349184K)] 361991K->361853K(416256K) [PSPermGen: 5225K->5225K(21504K)], 0.0462020 secs] [Times: user=0.81 sys=0.00, real=0.04 secs] 
52.687: [GC-- [PSYoungGen: 32797K->32797K(67072K)] 361853K->361853K(416256K), 0.0028280 secs] [Times: user=0.03 sys=0.00, real=0.00 secs] 
52.690: [Full GC [PSYoungGen: 32797K->32797K(67072K)] [ParOldGen: 329056K->329056K(349184K)] 361853K->361853K(416256K) [PSPermGen: 5225K->5225K(21504K)], 0.0127210 secs] [Times: user=0.05 sys=0.00, real=0.02 secs] 
55.755: [GC-- [PSYoungGen: 37219K->37219K(67072K)] 366275K->366283K(416256K), 0.0051020 secs] [Times: user=0.02 sys=0.02, real=0.01 secs] 
55.761: [Full GC [PSYoungGen: 37219K->32857K(67072K)] [ParOldGen: 329064K->329027K(349184K)] 366283K->361884K(416256K) [PSPermGen: 5229K->5229K(21504K)], 0.0490870 secs] [Times: user=0.80 sys=0.05, real=0.04 secs] 
55.810: [GC-- [PSYoungGen: 32857K->32857K(67072K)] 361884K->361884K(416256K), 0.0047420 secs] [Times: user=0.03 sys=0.00, real=0.01 secs] 
55.815: [Full GC [PSYoungGen: 32857K->32788K(67072K)] [ParOldGen: 329027K->329027K(349184K)] 361884K->361815K(416256K) [PSPermGen: 5229K->5229K(21504K)], 0.0117150 secs] [Times: user=0.05 sys=0.00, real=0.01 secs] 
55.829: [GC-- [PSYoungGen: 33003K->33003K(67072K)] 362030K->362030K(416256K), 0.0034360 secs] [Times: user=0.02 sys=0.02, real=0.01 secs] 
55.832: [Full GC [PSYoungGen: 33003K->32800K(67072K)] [ParOldGen: 329027K->329027K(349184K)] 362030K->361827K(416256K) [PSPermGen: 5229K->5229K(21504K)], 0.0139050 secs] [Times: user=0.03 sys=0.03, real=0.01 secs] 
55.846: [GC-- [PSYoungGen: 32800K->32800K(67072K)] 361827K->361835K(416256K), 0.0041820 secs] [Times: user=0.04 sys=0.00, real=0.00 secs] 
55.850: [Full GC [PSYoungGen: 32800K->32800K(67072K)] [ParOldGen: 329035K->329027K(349184K)] 361835K->361827K(416256K) [PSPermGen: 5229K->5229K(21504K)], 0.0110140 secs] [Times: user=0.05 sys=0.00, real=0.02 secs] 
55.915: [GC-- [PSYoungGen: 33015K->33015K(67072K)] 362042K->362042K(416256K), 0.0054700 secs] [Times: user=0.03 sys=0.02, real=0.01 secs] 
55.921: [Full GC [PSYoungGen: 33015K->32827K(67072K)] [ParOldGen: 329027K->329026K(349184K)] 362042K->361854K(416256K) [PSPermGen: 5229K->5229K(21504K)], 0.0146450 secs] [Times: user=0.06 sys=0.00, real=0.01 secs] 
55.936: [GC-- [PSYoungGen: 32827K->32827K(67072K)] 361854K->361862K(416256K), 0.0061190 secs] [Times: user=0.04 sys=0.01, real=0.01 secs] 
55.942: [Full GC [PSYoungGen: 32827K->32826K(67072K)] [ParOldGen: 329034K->329027K(349184K)] 361862K->361854K(416256K) [PSPermGen: 5229K->5229K(21504K)], 0.0120080 secs] [Times: user=0.05 sys=0.00, real=0.01 secs] 
56.032: [GC-- [PSYoungGen: 33042K->33042K(67072K)] 362069K->362069K(416256K), 0.0064440 secs] [Times: user=0.07 sys=0.00, real=0.00 secs] 
56.038: [Full GC [PSYoungGen: 33042K->32855K(67072K)] [ParOldGen: 329027K->329027K(349184K)] 362069K->361882K(416256K) [PSPermGen: 5229K->5229K(21504K)], 0.0114960 secs] [Times: user=0.06 sys=0.00, real=0.01 secs] 
56.050: [GC-- [PSYoungGen: 32855K->32855K(67072K)] 361882K->361922K(416256K), 0.0038210 secs] [Times: user=0.03 sys=0.00, real=0.01 secs] 
56.054: [Full GC [PSYoungGen: 32855K->32854K(67072K)] [ParOldGen: 329067K->329027K(349184K)] 361922K->361882K(416256K) [PSPermGen: 5229K->5229K(21504K)], 0.0118530 secs] [Times: user=0.05 sys=0.00, real=0.01 secs] 
56.146: [GC-- [PSYoungGen: 33070K->33070K(67072K)] 362098K->362130K(416256K), 0.0058070 secs] [Times: user=0.09 sys=0.00, real=0.01 secs] 
56.152: [Full GC [PSYoungGen: 33070K->32883K(67072K)] [ParOldGen: 329059K->329028K(349184K)] 362130K->361911K(416256K) [PSPermGen: 5229K->5229K(21504K)], 0.0119570 secs] [Times: user=0.06 sys=0.00, real=0.01 secs] 
56.164: [GC-- [PSYoungGen: 32883K->32883K(67072K)] 361911K->361951K(416256K), 0.0028250 secs] [Times: user=0.03 sys=0.00, real=0.00 secs] 
56.167: [Full GC [PSYoungGen: 32883K->32854K(67072K)] [ParOldGen: 329068K->329056K(349184K)] 361951K->361911K(416256K) [PSPermGen: 5229K->5229K(21504K)], 0.0123320 secs] [Times: user=0.06 sys=0.00, real=0.01 secs] 
56.200: [GC-- [PSYoungGen: 33069K->33069K(67072K)] 362126K->362126K(416256K), 0.0044500 secs] [Times: user=0.02 sys=0.01, real=0.00 secs] 
56.204: [Full GC [PSYoungGen: 33069K->32883K(67072K)] [ParOldGen: 329056K->329056K(349184K)] 362126K->361940K(416256K) [PSPermGen: 5229K->5229K(21504K)], 0.0124900 secs] [Times: user=0.03 sys=0.03, real=0.01 secs] 
56.217: [GC-- [PSYoungGen: 32883K->32883K(67072K)] 361940K->361956K(416256K), 0.0028370 secs] [Times: user=0.02 sys=0.01, real=0.01 secs] 
56.220: [Full GC [PSYoungGen: 32883K->32878K(67072K)] [ParOldGen: 329072K->329061K(349184K)] 361956K->361940K(416256K) [PSPermGen: 5229K->5229K(21504K)], 0.0138180 secs] [Times: user=0.03 sys=0.03, real=0.01 secs] 
56.235: [GC-- [PSYoungGen: 33094K->33094K(67072K)] 362155K->362171K(416256K), 0.0040970 secs] [Times: user=0.03 sys=0.00, real=0.00 secs] 
56.239: [Full GC [PSYoungGen: 33094K->32878K(67072K)] [ParOldGen: 329077K->329061K(349184K)] 362171K->361940K(416256K) [PSPermGen: 5229K->5229K(21504K)], 0.0091210 secs] [Times: user=0.05 sys=0.00, real=0.01 secs] 
56.248: [GC-- [PSYoungGen: 32878K->32878K(67072K)] 361940K->361972K(416256K), 0.0032990 secs] [Times: user=0.02 sys=0.01, real=0.00 secs] 
56.251: [Full GC [PSYoungGen: 32878K->32850K(67072K)] [ParOldGen: 329093K->329090K(349184K)] 361972K->361940K(416256K) [PSPermGen: 5229K->5229K(21504K)], 0.0131130 secs] [Times: user=0.03 sys=0.03, real=0.02 secs] 
56.347: [GC-- [PSYoungGen: 33136K->33136K(67072K)] 362226K->362226K(416256K), 0.0031580 secs] [Times: user=0.02 sys=0.01, real=0.00 secs] 
56.350: [Full GC [PSYoungGen: 33136K->32907K(67072K)] [ParOldGen: 329090K->329089K(349184K)] 362226K->361997K(416256K) [PSPermGen: 5229K->5229K(21504K)], 0.0132820 secs] [Times: user=0.06 sys=0.00, real=0.02 secs] 
56.363: [GC-- [PSYoungGen: 32907K->32907K(67072K)] 361997K->362037K(416256K), 0.0053970 secs] [Times: user=0.09 sys=0.00, real=0.00 secs] 
56.369: [Full GC [PSYoungGen: 32907K->32878K(67072K)] [ParOldGen: 329129K->329118K(349184K)] 362037K->361997K(416256K) [PSPermGen: 5229K->5229K(21504K)], 0.0110130 secs] [Times: user=0.03 sys=0.01, real=0.02 secs] 
56.408: [GC-- [PSYoungGen: 33093K->33093K(67072K)] 362212K->362212K(416256K), 0.0046020 secs] [Times: user=0.02 sys=0.01, real=0.01 secs] 
56.413: [Full GC [PSYoungGen: 33093K->32907K(67072K)] [ParOldGen: 329118K->329118K(349184K)] 362212K->362026K(416256K) [PSPermGen: 5229K->5229K(21504K)], 0.0108030 secs] [Times: user=0.03 sys=0.03, real=0.01 secs] 
56.423: [GC-- [PSYoungGen: 32907K->32907K(67072K)] 362026K->362066K(416256K), 0.0027320 secs] [Times: user=0.01 sys=0.02, real=0.00 secs] 
56.426: [Full GC [PSYoungGen: 32907K->32878K(67072K)] [ParOldGen: 329158K->329147K(349184K)] 362066K->362026K(416256K) [PSPermGen: 5229K->5229K(21504K)], 0.0119920 secs] [Times: user=0.06 sys=0.00, real=0.01 secs] 
56.458: [GC-- [PSYoungGen: 33094K->33094K(67072K)] 362241K->362241K(416256K), 0.0031910 secs] [Times: user=0.03 sys=0.00, real=0.01 secs] 
56.461: [Full GC [PSYoungGen: 33094K->32907K(67072K)] [ParOldGen: 329147K->329147K(349184K)] 362241K->362054K(416256K) [PSPermGen: 5229K->5229K(21504K)], 0.0130290 secs] [Times: user=0.06 sys=0.00, real=0.01 secs] 
56.474: [GC-- [PSYoungGen: 32907K->32907K(67072K)] 362054K->362102K(416256K), 0.0040420 secs] [Times: user=0.02 sys=0.00, real=0.00 secs] 
56.478: [Full GC [PSYoungGen: 32907K->32883K(67072K)] [ParOldGen: 329195K->329171K(349184K)] 362102K->362054K(416256K) [PSPermGen: 5229K->5229K(21504K)], 0.0108730 secs] [Times: user=0.06 sys=0.00, real=0.01 secs] 
56.508: [GC-- [PSYoungGen: 33098K->33098K(67072K)] 362269K->362269K(416256K), 0.0044790 secs] [Times: user=0.03 sys=0.00, real=0.01 secs] 
56.512: [Full GC [PSYoungGen: 33098K->32911K(67072K)] [ParOldGen: 329171K->329171K(349184K)] 362269K->362083K(416256K) [PSPermGen: 5229K->5229K(21504K)], 0.0124880 secs] [Times: user=0.05 sys=0.01, real=0.01 secs] 
56.525: [GC-- [PSYoungGen: 32911K->32911K(67072K)] 362083K->362143K(416256K), 0.0041980 secs] [Times: user=0.03 sys=0.00, real=0.00 secs] 
56.529: [Full GC [PSYoungGen: 32911K->32870K(67072K)] [ParOldGen: 329231K->329212K(349184K)] 362143K->362083K(416256K) [PSPermGen: 5229K->5229K(21504K)], 0.0119440 secs] [Times: user=0.04 sys=0.01, real=0.02 secs] 
59.143: [GC-- [PSYoungGen: 33085K->33085K(67072K)] 362298K->362306K(416256K), 0.0036450 secs] [Times: user=0.02 sys=0.02, real=0.00 secs] 
59.147: [Full GC [PSYoungGen: 33085K->0K(67072K)] [ParOldGen: 329220K->329296K(349184K)] 362306K->329296K(416256K) [PSPermGen: 5229K->5229K(21504K)], 0.0438740 secs] [Times: user=0.72 sys=0.01, real=0.04 secs] 
59.553: [GC-- [PSYoungGen: 32768K->32768K(67072K)] 362064K->362064K(416256K), 0.0039950 secs] [Times: user=0.03 sys=0.00, real=0.00 secs] 
59.557: [Full GC [PSYoungGen: 32768K->32768K(67072K)] [ParOldGen: 329296K->329286K(349184K)] 362064K->362054K(416256K) [PSPermGen: 5229K->5229K(21504K)], 0.0353700 secs] [Times: user=0.59 sys=0.00, real=0.04 secs] 
59.593: [GC-- [PSYoungGen: 32768K->32768K(67072K)] 362054K->362054K(416256K), 0.0044460 secs] [Times: user=0.04 sys=0.00, real=0.00 secs] 
59.597: [Full GC [PSYoungGen: 32768K->32768K(67072K)] [ParOldGen: 329286K->329286K(349184K)] 362054K->362054K(416256K) [PSPermGen: 5229K->5229K(21504K)], 0.0134910 secs] [Times: user=0.06 sys=0.00, real=0.01 secs] 
59.613: [GC-- [PSYoungGen: 32910K->32910K(67072K)] 362197K->362197K(416256K), 0.0056620 secs] [Times: user=0.07 sys=0.00, real=0.00 secs] 
59.619: [Full GC [PSYoungGen: 32910K->0K(67072K)] [ParOldGen: 329286K->329229K(349184K)] 362197K->329229K(416256K) [PSPermGen: 5229K->5229K(21504K)], 0.0130730 secs] [Times: user=0.09 sys=0.00, real=0.02 secs] 
59.666: [GC-- [PSYoungGen: 32768K->32768K(67072K)] 361997K->361997K(416256K), 0.0038270 secs] [Times: user=0.02 sys=0.00, real=0.00 secs] 
59.670: [Full GC [PSYoungGen: 32768K->32768K(67072K)] [ParOldGen: 329229K->329229K(349184K)] 361997K->361997K(416256K) [PSPermGen: 5229K->5229K(21504K)], 0.0105540 secs] [Times: user=0.06 sys=0.00, real=0.02 secs] 
59.681: [GC-- [PSYoungGen: 32768K->32768K(67072K)] 361997K->361997K(416256K), 0.0045730 secs] [Times: user=0.02 sys=0.01, real=0.00 secs] 
59.685: [Full GC [PSYoungGen: 32768K->32768K(67072K)] [ParOldGen: 329229K->329229K(349184K)] 361997K->361997K(416256K) [PSPermGen: 5229K->5229K(21504K)], 0.0120520 secs] [Times: user=0.05 sys=0.00, real=0.01 secs] 
59.757: [GC-- [PSYoungGen: 32910K->32910K(67072K)] 362140K->362140K(416256K), 0.0073980 secs] [Times: user=0.08 sys=0.00, real=0.01 secs] 
59.765: [Full GC [PSYoungGen: 32910K->0K(67072K)] [ParOldGen: 329229K->329182K(349184K)] 362140K->329182K(416256K) [PSPermGen: 5229K->5229K(21504K)], 0.0481630 secs] [Times: user=0.83 sys=0.02, real=0.05 secs] 
59.923: [GC-- [PSYoungGen: 32768K->32768K(67072K)] 361950K->361950K(416256K), 0.0048400 secs] [Times: user=0.03 sys=0.01, real=0.00 secs] 
59.928: [Full GC [PSYoungGen: 32768K->32768K(67072K)] [ParOldGen: 329182K->329172K(349184K)] 361950K->361940K(416256K) [PSPermGen: 5229K->5229K(21504K)], 0.0404120 secs] [Times: user=0.65 sys=0.01, real=0.04 secs] 
59.968: [GC-- [PSYoungGen: 32768K->32768K(67072K)] 361940K->361940K(416256K), 0.0033330 secs] [Times: user=0.02 sys=0.02, real=0.01 secs] 
59.972: [Full GC [PSYoungGen: 32768K->32768K(67072K)] [ParOldGen: 329172K->329172K(349184K)] 361940K->361940K(416256K) [PSPermGen: 5229K->5229K(21504K)], 0.0117140 secs] [Times: user=0.04 sys=0.01, real=0.01 secs] 
59.985: [GC-- [PSYoungGen: 32910K->32910K(67072K)] 362082K->362082K(416256K), 0.0043040 secs] [Times: user=0.03 sys=0.01, real=0.00 secs] 
59.989: [Full GC [PSYoungGen: 32910K->0K(67072K)] [ParOldGen: 329172K->329125K(349184K)] 362082K->329125K(416256K) [PSPermGen: 5229K->5229K(21504K)], 0.0246280 secs] [Times: user=0.27 sys=0.02, real=0.03 secs] 
60.051: [GC-- [PSYoungGen: 32768K->32768K(67072K)] 361893K->361893K(416256K), 0.0028610 secs] [Times: user=0.02 sys=0.01, real=0.00 secs] 
60.054: [Full GC [PSYoungGen: 32768K->32768K(67072K)] [ParOldGen: 329125K->329114K(349184K)] 361893K->361882K(416256K) [PSPermGen: 5229K->5229K(21504K)], 0.0230120 secs] [Times: user=0.26 sys=0.03, real=0.02 secs] 
60.077: [GC-- [PSYoungGen: 32768K->32768K(67072K)] 361882K->361882K(416256K), 0.0040020 secs] [Times: user=0.03 sys=0.00, real=0.01 secs] 
60.081: [Full GC [PSYoungGen: 32768K->32768K(67072K)] [ParOldGen: 329114K->329114K(349184K)] 361882K->361882K(416256K) [PSPermGen: 5229K->5229K(21504K)], 0.0128130 secs] [Times: user=0.06 sys=0.00, real=0.01 secs] 
60.096: [GC-- [PSYoungGen: 32910K->32910K(67072K)] 362025K->362025K(416256K), 0.0054970 secs] [Times: user=0.09 sys=0.00, real=0.01 secs] 
60.101: [Full GC [PSYoungGen: 32910K->0K(67072K)] [ParOldGen: 329114K->329067K(349184K)] 362025K->329067K(416256K) [PSPermGen: 5229K->5229K(21504K)], 0.0471310 secs] [Times: user=0.84 sys=0.00, real=0.04 secs] 
60.174: [GC-- [PSYoungGen: 32768K->32768K(67072K)] 361835K->361835K(416256K), 0.0043240 secs] [Times: user=0.02 sys=0.00, real=0.00 secs] 
60.178: [Full GC [PSYoungGen: 32768K->32768K(67072K)] [ParOldGen: 329067K->329057K(349184K)] 361835K->361825K(416256K) [PSPermGen: 5229K->5229K(21504K)], 0.0409470 secs] [Times: user=0.71 sys=0.00, real=0.04 secs] 
60.219: [GC-- [PSYoungGen: 32768K->32768K(67072K)] 361825K->361825K(416256K), 0.0027090 secs] [Times: user=0.02 sys=0.00, real=0.01 secs] 
60.222: [Full GC [PSYoungGen: 32768K->32768K(67072K)] [ParOldGen: 329057K->329057K(349184K)] 361825K->361825K(416256K) [PSPermGen: 5229K->5229K(21504K)], 0.0125380 secs] [Times: user=0.06 sys=0.00, real=0.01 secs] 
Heap
 PSYoungGen      total 67072K, used 56749K [0x00000000f5500000, 0x00000000f9b00000, 0x0000000100000000)
  eden space 62464K, 90% used [0x00000000f5500000,0x00000000f8c6b430,0x00000000f9200000)
  from space 4608K, 0% used [0x00000000f9680000,0x00000000f9680000,0x00000000f9b00000)
  to   space 4608K, 0% used [0x00000000f9200000,0x00000000f9200000,0x00000000f9680000)
 ParOldGen       total 349184K, used 329057K [0x00000000e0000000, 0x00000000f5500000, 0x00000000f5500000)
  object space 349184K, 94% used [0x00000000e0000000,0x00000000f4158670,0x00000000f5500000)
 PSPermGen       total 21504K, used 12057K [0x00000000dae00000, 0x00000000dc300000, 0x00000000e0000000)
  object space 21504K, 56% used [0x00000000dae00000,0x00000000db9c66a0,0x00000000dc300000)
