51.288: [GC [PSYoungGen: 10939K->3635K(35840K)] 10939K->3643K(116224K), 0.0100210 secs] [Times: user=0.02 sys=0.04, real=0.01 secs] 
51.298: [Full GC [PSYoungGen: 3635K->0K(35840K)] [ParOldGen: 8K->3139K(80384K)] 3643K->3139K(116224K) [PSPermGen: 5167K->5165K(21504K)], 0.0251080 secs] [Times: user=0.12 sys=0.00, real=0.02 secs] 
51.323: [GC [PSYoungGen: 0K->0K(35840K)] 3139K->3139K(116224K), 0.0035540 secs] [Times: user=0.03 sys=0.00, real=0.01 secs] 
51.327: [Full GC [PSYoungGen: 0K->0K(35840K)] [ParOldGen: 3139K->3139K(80384K)] 3139K->3139K(116224K) [PSPermGen: 5165K->5165K(21504K)], 0.0126320 secs] [Times: user=0.06 sys=0.00, real=0.01 secs] 
51.414: [GC [PSYoungGen: 6040K->784K(35840K)] 336860K->331603K(385024K), 0.0048360 secs] [Times: user=0.03 sys=0.00, real=0.01 secs] 
51.419: [GC [PSYoungGen: 784K->656K(67072K)] 331603K->331475K(416256K), 0.0040890 secs] [Times: user=0.03 sys=0.00, real=0.00 secs] 
51.423: [Full GC [PSYoungGen: 656K->0K(67072K)] [ParOldGen: 330819K->330256K(349184K)] 331475K->330256K(416256K) [PSPermGen: 5198K->5198K(21504K)], 0.0819270 secs] [Times: user=1.04 sys=0.03, real=0.09 secs] 
51.541: [GC-- [PSYoungGen: 32768K->32768K(67072K)] 363024K->363024K(416256K), 0.0049340 secs] [Times: user=0.01 sys=0.02, real=0.01 secs] 
51.546: [Full GC [PSYoungGen: 32768K->32768K(67072K)] [ParOldGen: 330256K->330256K(349184K)] 363024K->363024K(416256K) [PSPermGen: 5198K->5198K(21504K)], 0.0163620 secs] [Times: user=0.06 sys=0.00, real=0.01 secs] 
51.563: [GC-- [PSYoungGen: 32768K->32768K(67072K)] 363024K->363024K(416256K), 0.0042780 secs] [Times: user=0.03 sys=0.00, real=0.01 secs] 
51.567: [Full GC [PSYoungGen: 32768K->32768K(67072K)] [ParOldGen: 330256K->329189K(349184K)] 363024K->361957K(416256K) [PSPermGen: 5198K->5195K(21504K)], 0.0523710 secs] [Times: user=0.92 sys=0.00, real=0.05 secs] 
51.620: [GC-- [PSYoungGen: 33184K->33184K(67072K)] 362373K->362373K(416256K), 0.0030160 secs] [Times: user=0.04 sys=0.00, real=0.00 secs] 
51.623: [Full GC [PSYoungGen: 33184K->32768K(67072K)] [ParOldGen: 329189K->329189K(349184K)] 362373K->361957K(416256K) [PSPermGen: 5195K->5195K(21504K)], 0.0127960 secs] [Times: user=0.05 sys=0.01, real=0.02 secs] 
51.636: [GC-- [PSYoungGen: 32768K->32768K(67072K)] 361957K->361957K(416256K), 0.0043570 secs] [Times: user=0.00 sys=0.02, real=0.00 secs] 
51.641: [Full GC [PSYoungGen: 32768K->32768K(67072K)] [ParOldGen: 329189K->329189K(349184K)] 361957K->361957K(416256K) [PSPermGen: 5195K->5195K(21504K)], 0.0118160 secs] [Times: user=0.02 sys=0.04, real=0.01 secs] 
51.653: [GC-- [PSYoungGen: 33184K->33184K(67072K)] 362374K->362374K(416256K), 0.0043160 secs] [Times: user=0.01 sys=0.02, real=0.01 secs] 
51.658: [Full GC [PSYoungGen: 33184K->32768K(67072K)] [ParOldGen: 329189K->329188K(349184K)] 362374K->361957K(416256K) [PSPermGen: 5195K->5195K(21504K)], 0.0141420 secs] [Times: user=0.05 sys=0.00, real=0.01 secs] 
51.672: [GC-- [PSYoungGen: 32768K->32768K(67072K)] 361957K->361957K(416256K), 0.0041490 secs] [Times: user=0.01 sys=0.01, real=0.01 secs] 
51.676: [Full GC [PSYoungGen: 32768K->32768K(67072K)] [ParOldGen: 329188K->329188K(349184K)] 361957K->361957K(416256K) [PSPermGen: 5195K->5195K(21504K)], 0.0108400 secs] [Times: user=0.06 sys=0.01, real=0.01 secs] 
51.688: [GC-- [PSYoungGen: 33185K->33185K(67072K)] 362374K->362374K(416256K), 0.0043770 secs] [Times: user=0.01 sys=0.02, real=0.00 secs] 
51.692: [Full GC [PSYoungGen: 33185K->32768K(67072K)] [ParOldGen: 329188K->329188K(349184K)] 362374K->361957K(416256K) [PSPermGen: 5196K->5196K(21504K)], 0.0118120 secs] [Times: user=0.03 sys=0.02, real=0.02 secs] 
51.704: [GC-- [PSYoungGen: 32768K->32768K(67072K)] 361957K->361965K(416256K), 0.0027650 secs] [Times: user=0.01 sys=0.02, real=0.00 secs] 
51.707: [Full GC [PSYoungGen: 32768K->32768K(67072K)] [ParOldGen: 329196K->329188K(349184K)] 361965K->361957K(416256K) [PSPermGen: 5196K->5196K(21504K)], 0.0118120 secs] [Times: user=0.05 sys=0.00, real=0.01 secs] 
51.720: [GC-- [PSYoungGen: 33185K->33185K(67072K)] 362374K->362374K(416256K), 0.0025880 secs] [Times: user=0.02 sys=0.00, real=0.00 secs] 
51.722: [Full GC [PSYoungGen: 33185K->32769K(67072K)] [ParOldGen: 329188K->329188K(349184K)] 362374K->361957K(416256K) [PSPermGen: 5196K->5196K(21504K)], 0.0123680 secs] [Times: user=0.06 sys=0.00, real=0.01 secs] 
51.735: [GC-- [PSYoungGen: 32769K->32769K(67072K)] 361957K->361973K(416256K), 0.0030540 secs] [Times: user=0.03 sys=0.00, real=0.01 secs] 
51.738: [Full GC [PSYoungGen: 32769K->32768K(67072K)] [ParOldGen: 329204K->329188K(349184K)] 361973K->361957K(416256K) [PSPermGen: 5196K->5196K(21504K)], 0.0130690 secs] [Times: user=0.06 sys=0.00, real=0.01 secs] 
51.762: [GC-- [PSYoungGen: 34882K->34882K(67072K)] 364071K->364071K(416256K), 0.0028740 secs] [Times: user=0.03 sys=0.00, real=0.01 secs] 
51.765: [Full GC [PSYoungGen: 34882K->32892K(67072K)] [ParOldGen: 329188K->329169K(349184K)] 364071K->362062K(416256K) [PSPermGen: 5224K->5224K(21504K)], 0.0515550 secs] [Times: user=0.88 sys=0.00, real=0.05 secs] 
51.817: [GC-- [PSYoungGen: 32892K->32892K(67072K)] 362062K->362086K(416256K), 0.0058860 secs] [Times: user=0.04 sys=0.00, real=0.00 secs] 
51.823: [Full GC [PSYoungGen: 32892K->32824K(67072K)] [ParOldGen: 329193K->329169K(349184K)] 362086K->361993K(416256K) [PSPermGen: 5224K->5224K(21504K)], 0.0121510 secs] [Times: user=0.05 sys=0.00, real=0.01 secs] 
51.841: [GC-- [PSYoungGen: 33612K->33612K(67072K)] 362782K->362782K(416256K), 0.0051540 secs] [Times: user=0.03 sys=0.00, real=0.01 secs] 
51.846: [Full GC [PSYoungGen: 33612K->32803K(67072K)] [ParOldGen: 329169K->329140K(349184K)] 362782K->361943K(416256K) [PSPermGen: 5225K->5225K(21504K)], 0.0461410 secs] [Times: user=0.81 sys=0.01, real=0.04 secs] 
51.892: [GC-- [PSYoungGen: 32803K->32803K(67072K)] 361943K->361951K(416256K), 0.0033300 secs] [Times: user=0.01 sys=0.03, real=0.00 secs] 
51.896: [Full GC [PSYoungGen: 32803K->32803K(67072K)] [ParOldGen: 329148K->329140K(349184K)] 361951K->361943K(416256K) [PSPermGen: 5225K->5225K(21504K)], 0.0108330 secs] [Times: user=0.03 sys=0.02, real=0.02 secs] 
51.910: [GC-- [PSYoungGen: 33183K->33183K(67072K)] 362323K->362323K(416256K), 0.0044010 secs] [Times: user=0.04 sys=0.00, real=0.00 secs] 
51.915: [Full GC [PSYoungGen: 33183K->32802K(67072K)] [ParOldGen: 329140K->329111K(349184K)] 362323K->361914K(416256K) [PSPermGen: 5226K->5226K(21504K)], 0.0465660 secs] [Times: user=0.82 sys=0.00, real=0.05 secs] 
51.961: [GC-- [PSYoungGen: 32802K->32802K(67072K)] 361914K->361922K(416256K), 0.0030610 secs] [Times: user=0.03 sys=0.00, real=0.01 secs] 
51.964: [Full GC [PSYoungGen: 32802K->32802K(67072K)] [ParOldGen: 329119K->329111K(349184K)] 361922K->361914K(416256K) [PSPermGen: 5226K->5226K(21504K)], 0.0119560 secs] [Times: user=0.06 sys=0.00, real=0.01 secs] 
51.978: [GC-- [PSYoungGen: 32991K->32991K(67072K)] 362103K->362103K(416256K), 0.0058300 secs] [Times: user=0.03 sys=0.00, real=0.01 secs] 
51.984: [Full GC [PSYoungGen: 32991K->32801K(67072K)] [ParOldGen: 329111K->329082K(349184K)] 362103K->361884K(416256K) [PSPermGen: 5226K->5226K(21504K)], 0.0479260 secs] [Times: user=0.82 sys=0.00, real=0.04 secs] 
52.032: [GC-- [PSYoungGen: 32801K->32801K(67072K)] 361884K->361932K(416256K), 0.0042180 secs] [Times: user=0.03 sys=0.00, real=0.01 secs] 
52.036: [Full GC [PSYoungGen: 32801K->32797K(67072K)] [ParOldGen: 329130K->329087K(349184K)] 361932K->361884K(416256K) [PSPermGen: 5226K->5226K(21504K)], 0.0118750 secs] [Times: user=0.04 sys=0.01, real=0.01 secs] 
52.052: [GC-- [PSYoungGen: 32880K->32880K(67072K)] 361968K->362000K(416256K), 0.0053900 secs] [Times: user=0.01 sys=0.02, real=0.01 secs] 
52.058: [Full GC [PSYoungGen: 32880K->32796K(67072K)] [ParOldGen: 329119K->329056K(349184K)] 362000K->361853K(416256K) [PSPermGen: 5226K->5226K(21504K)], 0.0506530 secs] [Times: user=0.84 sys=0.04, real=0.05 secs] 
52.108: [GC-- [PSYoungGen: 32796K->32796K(67072K)] 361853K->361869K(416256K), 0.0055670 secs] [Times: user=0.01 sys=0.02, real=0.00 secs] 
52.114: [Full GC [PSYoungGen: 32796K->32796K(67072K)] [ParOldGen: 329072K->329056K(349184K)] 361869K->361853K(416256K) [PSPermGen: 5226K->5226K(21504K)], 0.0127960 secs] [Times: user=0.04 sys=0.02, real=0.02 secs] 
54.621: [GC-- [PSYoungGen: 36371K->36371K(67072K)] 365428K->365428K(416256K), 0.0033160 secs] [Times: user=0.03 sys=0.00, real=0.01 secs] 
54.625: [Full GC [PSYoungGen: 36371K->32856K(67072K)] [ParOldGen: 329056K->329027K(349184K)] 365428K->361884K(416256K) [PSPermGen: 5230K->5230K(21504K)], 0.0513910 secs] [Times: user=0.91 sys=0.00, real=0.05 secs] 
54.676: [GC-- [PSYoungGen: 32856K->32856K(67072K)] 361884K->361892K(416256K), 0.0032080 secs] [Times: user=0.04 sys=0.00, real=0.00 secs] 
54.679: [Full GC [PSYoungGen: 32856K->32787K(67072K)] [ParOldGen: 329035K->329027K(349184K)] 361892K->361815K(416256K) [PSPermGen: 5230K->5230K(21504K)], 0.0101310 secs] [Times: user=0.05 sys=0.00, real=0.01 secs] 
55.105: [GC-- [PSYoungGen: 33003K->33003K(67072K)] 362031K->362031K(416256K), 0.0055780 secs] [Times: user=0.04 sys=0.00, real=0.00 secs] 
55.111: [Full GC [PSYoungGen: 33003K->32798K(67072K)] [ParOldGen: 329027K->329027K(349184K)] 362031K->361825K(416256K) [PSPermGen: 5230K->5230K(21504K)], 0.0117510 secs] [Times: user=0.05 sys=0.00, real=0.01 secs] 
55.123: [GC-- [PSYoungGen: 32798K->32798K(67072K)] 361825K->361833K(416256K), 0.0030900 secs] [Times: user=0.03 sys=0.00, real=0.01 secs] 
55.126: [Full GC [PSYoungGen: 32798K->32798K(67072K)] [ParOldGen: 329035K->329027K(349184K)] 361833K->361825K(416256K) [PSPermGen: 5230K->5230K(21504K)], 0.0121260 secs] [Times: user=0.06 sys=0.00, real=0.01 secs] 
55.203: [GC-- [PSYoungGen: 33013K->33013K(67072K)] 362041K->362041K(416256K), 0.0050290 secs] [Times: user=0.06 sys=0.00, real=0.01 secs] 
55.208: [Full GC [PSYoungGen: 33013K->32826K(67072K)] [ParOldGen: 329027K->329027K(349184K)] 362041K->361854K(416256K) [PSPermGen: 5230K->5230K(21504K)], 0.0141500 secs] [Times: user=0.06 sys=0.00, real=0.01 secs] 
55.222: [GC-- [PSYoungGen: 32826K->32826K(67072K)] 361854K->361862K(416256K), 0.0037180 secs] [Times: user=0.03 sys=0.00, real=0.01 secs] 
55.226: [Full GC [PSYoungGen: 32826K->32826K(67072K)] [ParOldGen: 329035K->329027K(349184K)] 361862K->361854K(416256K) [PSPermGen: 5230K->5230K(21504K)], 0.0117530 secs] [Times: user=0.06 sys=0.00, real=0.01 secs] 
55.264: [GC-- [PSYoungGen: 32969K->32969K(67072K)] 361997K->361997K(416256K), 0.0041770 secs] [Times: user=0.02 sys=0.01, real=0.01 secs] 
55.268: [Full GC [PSYoungGen: 32969K->32855K(67072K)] [ParOldGen: 329027K->329027K(349184K)] 361997K->361882K(416256K) [PSPermGen: 5230K->5230K(21504K)], 0.0116050 secs] [Times: user=0.03 sys=0.03, real=0.01 secs] 
55.280: [GC-- [PSYoungGen: 32855K->32855K(67072K)] 361882K->361914K(416256K), 0.0050250 secs] [Times: user=0.03 sys=0.02, real=0.01 secs] 
55.285: [Full GC [PSYoungGen: 32855K->32854K(67072K)] [ParOldGen: 329059K->329028K(349184K)] 361914K->361882K(416256K) [PSPermGen: 5230K->5230K(21504K)], 0.0120270 secs] [Times: user=0.03 sys=0.03, real=0.01 secs] 
55.443: [GC-- [PSYoungGen: 33070K->33070K(67072K)] 362098K->362106K(416256K), 0.0050280 secs] [Times: user=0.04 sys=0.01, real=0.01 secs] 
55.448: [Full GC [PSYoungGen: 33070K->32883K(67072K)] [ParOldGen: 329036K->329028K(349184K)] 362106K->361911K(416256K) [PSPermGen: 5230K->5230K(21504K)], 0.0149480 secs] [Times: user=0.06 sys=0.00, real=0.01 secs] 
55.463: [GC-- [PSYoungGen: 32883K->32883K(67072K)] 361911K->361951K(416256K), 0.0038010 secs] [Times: user=0.03 sys=0.00, real=0.01 secs] 
55.467: [Full GC [PSYoungGen: 32883K->32854K(67072K)] [ParOldGen: 329068K->329056K(349184K)] 361951K->361911K(416256K) [PSPermGen: 5230K->5230K(21504K)], 0.0124320 secs] [Times: user=0.05 sys=0.00, real=0.01 secs] 
55.561: [GC-- [PSYoungGen: 33070K->33070K(67072K)] 362126K->362134K(416256K), 0.0049260 secs] [Times: user=0.04 sys=0.00, real=0.01 secs] 
55.566: [Full GC [PSYoungGen: 33070K->32883K(67072K)] [ParOldGen: 329064K->329056K(349184K)] 362134K->361940K(416256K) [PSPermGen: 5230K->5230K(21504K)], 0.0118290 secs] [Times: user=0.05 sys=0.00, real=0.01 secs] 
55.578: [GC-- [PSYoungGen: 32883K->32883K(67072K)] 361940K->361980K(416256K), 0.0025870 secs] [Times: user=0.01 sys=0.02, real=0.00 secs] 
55.580: [Full GC [PSYoungGen: 32883K->32854K(67072K)] [ParOldGen: 329096K->329085K(349184K)] 361980K->361940K(416256K) [PSPermGen: 5230K->5230K(21504K)], 0.0135110 secs] [Times: user=0.04 sys=0.02, real=0.01 secs] 
55.614: [GC-- [PSYoungGen: 33070K->33070K(67072K)] 362155K->362155K(416256K), 0.0067910 secs] [Times: user=0.09 sys=0.00, real=0.01 secs] 
55.620: [Full GC [PSYoungGen: 33070K->32883K(67072K)] [ParOldGen: 329085K->329085K(349184K)] 362155K->361968K(416256K) [PSPermGen: 5230K->5230K(21504K)], 0.0139090 secs] [Times: user=0.03 sys=0.03, real=0.01 secs] 
55.634: [GC-- [PSYoungGen: 32883K->32883K(67072K)] 361968K->362008K(416256K), 0.0056810 secs] [Times: user=0.07 sys=0.00, real=0.01 secs] 
55.640: [Full GC [PSYoungGen: 32883K->32854K(67072K)] [ParOldGen: 329125K->329114K(349184K)] 362008K->361968K(416256K) [PSPermGen: 5230K->5230K(21504K)], 0.0130010 secs] [Times: user=0.03 sys=0.02, real=0.01 secs] 
55.724: [GC-- [PSYoungGen: 33271K->33271K(67072K)] 362385K->362385K(416256K), 0.0043610 secs] [Times: user=0.02 sys=0.02, real=0.00 secs] 
55.729: [Full GC [PSYoungGen: 33271K->32883K(67072K)] [ParOldGen: 329114K->329113K(349184K)] 362385K->361997K(416256K) [PSPermGen: 5230K->5230K(21504K)], 0.0137340 secs] [Times: user=0.03 sys=0.03, real=0.01 secs] 
55.742: [GC-- [PSYoungGen: 32883K->32883K(67072K)] 361997K->362005K(416256K), 0.0048430 secs] [Times: user=0.04 sys=0.00, real=0.01 secs] 
55.747: [Full GC [PSYoungGen: 32883K->32883K(67072K)] [ParOldGen: 329121K->329113K(349184K)] 362005K->361997K(416256K) [PSPermGen: 5230K->5230K(21504K)], 0.0139790 secs] [Times: user=0.05 sys=0.00, real=0.01 secs] 
55.781: [GC-- [PSYoungGen: 33098K->33098K(67072K)] 362212K->362228K(416256K), 0.0073420 secs] [Times: user=0.09 sys=0.00, real=0.01 secs] 
55.789: [Full GC [PSYoungGen: 33098K->32911K(67072K)] [ParOldGen: 329129K->329114K(349184K)] 362228K->362026K(416256K) [PSPermGen: 5230K->5230K(21504K)], 0.0137620 secs] [Times: user=0.05 sys=0.01, real=0.01 secs] 
55.803: [GC-- [PSYoungGen: 32911K->32911K(67072K)] 362026K->362066K(416256K), 0.0042840 secs] [Times: user=0.04 sys=0.00, real=0.01 secs] 
55.807: [Full GC [PSYoungGen: 32911K->32883K(67072K)] [ParOldGen: 329154K->329142K(349184K)] 362066K->362026K(416256K) [PSPermGen: 5230K->5230K(21504K)], 0.0121550 secs] [Times: user=0.05 sys=0.00, real=0.01 secs] 
55.855: [GC-- [PSYoungGen: 33098K->33098K(67072K)] 362241K->362241K(416256K), 0.0052190 secs] [Times: user=0.04 sys=0.00, real=0.01 secs] 
55.860: [Full GC [PSYoungGen: 33098K->32911K(67072K)] [ParOldGen: 329142K->329142K(349184K)] 362241K->362054K(416256K) [PSPermGen: 5230K->5230K(21504K)], 0.0128960 secs] [Times: user=0.05 sys=0.01, real=0.01 secs] 
55.873: [GC-- [PSYoungGen: 32911K->32911K(67072K)] 362054K->362094K(416256K), 0.0040680 secs] [Times: user=0.02 sys=0.01, real=0.01 secs] 
55.877: [Full GC [PSYoungGen: 32911K->32883K(67072K)] [ParOldGen: 329182K->329171K(349184K)] 362094K->362054K(416256K) [PSPermGen: 5230K->5230K(21504K)], 0.0124400 secs] [Times: user=0.03 sys=0.03, real=0.01 secs] 
55.909: [GC-- [PSYoungGen: 33098K->33098K(67072K)] 362270K->362270K(416256K), 0.0044210 secs] [Times: user=0.01 sys=0.01, real=0.00 secs] 
55.913: [Full GC [PSYoungGen: 33098K->32911K(67072K)] [ParOldGen: 329171K->329171K(349184K)] 362270K->362083K(416256K) [PSPermGen: 5230K->5230K(21504K)], 0.0121040 secs] [Times: user=0.03 sys=0.03, real=0.02 secs] 
55.925: [GC-- [PSYoungGen: 32911K->32911K(67072K)] 362083K->362099K(416256K), 0.0042860 secs] [Times: user=0.02 sys=0.01, real=0.00 secs] 
55.930: [Full GC [PSYoungGen: 32911K->32903K(67072K)] [ParOldGen: 329187K->329179K(349184K)] 362099K->362083K(416256K) [PSPermGen: 5230K->5230K(21504K)], 0.0125400 secs] [Times: user=0.06 sys=0.00, real=0.01 secs] 
57.564: [GC-- [PSYoungGen: 33320K->33320K(67072K)] 362499K->362499K(416256K), 0.0048530 secs] [Times: user=0.02 sys=0.02, real=0.00 secs] 
57.569: [Full GC [PSYoungGen: 33320K->0K(67072K)] [ParOldGen: 329179K->329296K(349184K)] 362499K->329296K(416256K) [PSPermGen: 5230K->5230K(21504K)], 0.0162460 secs] [Times: user=0.08 sys=0.03, real=0.02 secs] 
58.024: [GC-- [PSYoungGen: 32768K->32768K(67072K)] 362064K->362064K(416256K), 0.0044860 secs] [Times: user=0.02 sys=0.01, real=0.00 secs] 
58.028: [Full GC [PSYoungGen: 32768K->32768K(67072K)] [ParOldGen: 329296K->329286K(349184K)] 362064K->362054K(416256K) [PSPermGen: 5230K->5230K(21504K)], 0.0142700 secs] [Times: user=0.09 sys=0.00, real=0.01 secs] 
58.043: [GC-- [PSYoungGen: 32768K->32768K(67072K)] 362054K->362054K(416256K), 0.0040990 secs] [Times: user=0.03 sys=0.00, real=0.01 secs] 
58.047: [Full GC [PSYoungGen: 32768K->32768K(67072K)] [ParOldGen: 329286K->329286K(349184K)] 362054K->362054K(416256K) [PSPermGen: 5230K->5230K(21504K)], 0.0099920 secs] [Times: user=0.06 sys=0.00, real=0.01 secs] 
58.134: [GC-- [PSYoungGen: 32910K->32910K(67072K)] 362197K->362197K(416256K), 0.0034640 secs] [Times: user=0.03 sys=0.00, real=0.01 secs] 
58.138: [Full GC [PSYoungGen: 32910K->0K(67072K)] [ParOldGen: 329286K->329239K(349184K)] 362197K->329239K(416256K) [PSPermGen: 5230K->5230K(21504K)], 0.0283640 secs] [Times: user=0.40 sys=0.00, real=0.03 secs] 
58.253: [GC-- [PSYoungGen: 32768K->32768K(67072K)] 362007K->362007K(416256K), 0.0046330 secs] [Times: user=0.03 sys=0.00, real=0.01 secs] 
58.257: [Full GC [PSYoungGen: 32768K->32768K(67072K)] [ParOldGen: 329239K->329229K(349184K)] 362007K->361997K(416256K) [PSPermGen: 5230K->5230K(21504K)], 0.0255960 secs] [Times: user=0.36 sys=0.00, real=0.02 secs] 
58.283: [GC-- [PSYoungGen: 32768K->32768K(67072K)] 361997K->361997K(416256K), 0.0040860 secs] [Times: user=0.03 sys=0.00, real=0.01 secs] 
58.287: [Full GC [PSYoungGen: 32768K->32768K(67072K)] [ParOldGen: 329229K->329229K(349184K)] 361997K->361997K(416256K) [PSPermGen: 5230K->5230K(21504K)], 0.0115320 secs] [Times: user=0.06 sys=0.00, real=0.01 secs] 
58.760: [GC-- [PSYoungGen: 32862K->32862K(67072K)] 362092K->362092K(416256K), 0.0042740 secs] [Times: user=0.02 sys=0.01, real=0.01 secs] 
58.764: [Full GC [PSYoungGen: 32862K->0K(67072K)] [ParOldGen: 329229K->329182K(349184K)] 362092K->329182K(416256K) [PSPermGen: 5230K->5230K(21504K)], 0.0386240 secs] [Times: user=0.62 sys=0.02, real=0.03 secs] 
58.900: [GC-- [PSYoungGen: 32768K->32768K(67072K)] 361950K->361950K(416256K), 0.0047710 secs] [Times: user=0.02 sys=0.01, real=0.01 secs] 
58.905: [Full GC [PSYoungGen: 32768K->32768K(67072K)] [ParOldGen: 329182K->329172K(349184K)] 361950K->361940K(416256K) [PSPermGen: 5230K->5230K(21504K)], 0.0341420 secs] [Times: user=0.56 sys=0.01, real=0.03 secs] 
58.939: [GC-- [PSYoungGen: 32768K->32768K(67072K)] 361940K->361940K(416256K), 0.0038990 secs] [Times: user=0.03 sys=0.00, real=0.00 secs] 
58.943: [Full GC [PSYoungGen: 32768K->32768K(67072K)] [ParOldGen: 329172K->329172K(349184K)] 361940K->361940K(416256K) [PSPermGen: 5230K->5230K(21504K)], 0.0113470 secs] [Times: user=0.05 sys=0.00, real=0.01 secs] 
58.967: [GC-- [PSYoungGen: 32984K->32984K(67072K)] 362156K->362156K(416256K), 0.0059870 secs] [Times: user=0.05 sys=0.00, real=0.00 secs] 
58.973: [Full GC [PSYoungGen: 32984K->0K(67072K)] [ParOldGen: 329172K->329125K(349184K)] 362156K->329125K(416256K) [PSPermGen: 5230K->5230K(21504K)], 0.0498010 secs] [Times: user=0.89 sys=0.05, real=0.05 secs] 
59.064: [GC-- [PSYoungGen: 32768K->32768K(67072K)] 361893K->361893K(416256K), 0.0039920 secs] [Times: user=0.02 sys=0.01, real=0.01 secs] 
59.068: [Full GC [PSYoungGen: 32768K->32768K(67072K)] [ParOldGen: 329125K->329114K(349184K)] 361893K->361882K(416256K) [PSPermGen: 5230K->5230K(21504K)], 0.0459930 secs] [Times: user=0.82 sys=0.02, real=0.04 secs] 
59.114: [GC-- [PSYoungGen: 32768K->32768K(67072K)] 361882K->361882K(416256K), 0.0044360 secs] [Times: user=0.01 sys=0.02, real=0.01 secs] 
59.118: [Full GC [PSYoungGen: 32768K->32768K(67072K)] [ParOldGen: 329114K->329114K(349184K)] 361882K->361882K(416256K) [PSPermGen: 5230K->5230K(21504K)], 0.0120160 secs] [Times: user=0.06 sys=0.00, real=0.01 secs] 
59.145: [GC-- [PSYoungGen: 32910K->32910K(67072K)] 362025K->362025K(416256K), 0.0035900 secs] [Times: user=0.04 sys=0.00, real=0.00 secs] 
59.149: [Full GC [PSYoungGen: 32910K->0K(67072K)] [ParOldGen: 329114K->329067K(349184K)] 362025K->329067K(416256K) [PSPermGen: 5230K->5230K(21504K)], 0.0429150 secs] [Times: user=0.74 sys=0.00, real=0.04 secs] 
59.228: [GC-- [PSYoungGen: 32768K->32768K(67072K)] 361835K->361835K(416256K), 0.0031460 secs] [Times: user=0.02 sys=0.01, real=0.00 secs] 
59.231: [Full GC [PSYoungGen: 32768K->32768K(67072K)] [ParOldGen: 329067K->329057K(349184K)] 361835K->361825K(416256K) [PSPermGen: 5230K->5230K(21504K)], 0.0386080 secs] [Times: user=0.63 sys=0.02, real=0.04 secs] 
59.270: [GC-- [PSYoungGen: 32768K->32768K(67072K)] 361825K->361825K(416256K), 0.0072040 secs] [Times: user=0.09 sys=0.00, real=0.01 secs] 
59.277: [Full GC [PSYoungGen: 32768K->32768K(67072K)] [ParOldGen: 329057K->329057K(349184K)] 361825K->361825K(416256K) [PSPermGen: 5230K->5230K(21504K)], 0.0107980 secs] [Times: user=0.04 sys=0.02, real=0.01 secs] 
Heap
 PSYoungGen      total 67072K, used 55613K [0x00000000f5500000, 0x00000000f9b00000, 0x0000000100000000)
  eden space 62464K, 89% used [0x00000000f5500000,0x00000000f8b4f4f0,0x00000000f9200000)
  from space 4608K, 0% used [0x00000000f9680000,0x00000000f9680000,0x00000000f9b00000)
  to   space 4608K, 0% used [0x00000000f9200000,0x00000000f9200000,0x00000000f9680000)
 ParOldGen       total 349184K, used 329057K [0x00000000e0000000, 0x00000000f5500000, 0x00000000f5500000)
  object space 349184K, 94% used [0x00000000e0000000,0x00000000f4158628,0x00000000f5500000)
 PSPermGen       total 21504K, used 12058K [0x00000000dae00000, 0x00000000dc300000, 0x00000000e0000000)
  object space 21504K, 56% used [0x00000000dae00000,0x00000000db9c68c8,0x00000000dc300000)
