51.019: [GC [PSYoungGen: 10309K->3658K(35840K)] 10309K->3666K(116224K), 0.0076780 secs] [Times: user=0.02 sys=0.03, real=0.01 secs] 
51.027: [Full GC [PSYoungGen: 3658K->0K(35840K)] [ParOldGen: 8K->3139K(80384K)] 3666K->3139K(116224K) [PSPermGen: 5166K->5165K(21504K)], 0.0245250 secs] [Times: user=0.14 sys=0.00, real=0.02 secs] 
51.052: [GC [PSYoungGen: 0K->0K(35840K)] 3139K->3139K(116224K), 0.0026980 secs] [Times: user=0.00 sys=0.02, real=0.00 secs] 
51.055: [Full GC [PSYoungGen: 0K->0K(35840K)] [ParOldGen: 3139K->3139K(80384K)] 3139K->3139K(116224K) [PSPermGen: 5165K->5165K(21504K)], 0.0119240 secs] [Times: user=0.06 sys=0.00, real=0.01 secs] 
51.135: [GC [PSYoungGen: 6040K->864K(35840K)] 336860K->331683K(385024K), 0.0046010 secs] [Times: user=0.02 sys=0.01, real=0.01 secs] 
51.140: [GC [PSYoungGen: 864K->672K(67072K)] 331683K->331491K(416256K), 0.0040000 secs] [Times: user=0.00 sys=0.02, real=0.00 secs] 
51.144: [Full GC [PSYoungGen: 672K->0K(67072K)] [ParOldGen: 330819K->330256K(349184K)] 331491K->330256K(416256K) [PSPermGen: 5198K->5198K(21504K)], 0.0763780 secs] [Times: user=1.02 sys=0.06, real=0.08 secs] 
51.240: [GC-- [PSYoungGen: 32768K->32768K(67072K)] 363024K->363024K(416256K), 0.0044730 secs] [Times: user=0.01 sys=0.02, real=0.00 secs] 
51.245: [Full GC [PSYoungGen: 32768K->32768K(67072K)] [ParOldGen: 330256K->330256K(349184K)] 363024K->363024K(416256K) [PSPermGen: 5198K->5198K(21504K)], 0.0158260 secs] [Times: user=0.07 sys=0.00, real=0.02 secs] 
51.260: [GC-- [PSYoungGen: 32768K->32768K(67072K)] 363024K->363024K(416256K), 0.0045440 secs] [Times: user=0.02 sys=0.01, real=0.00 secs] 
51.265: [Full GC [PSYoungGen: 32768K->32768K(67072K)] [ParOldGen: 330256K->329189K(349184K)] 363024K->361957K(416256K) [PSPermGen: 5198K->5195K(21504K)], 0.0524590 secs] [Times: user=0.85 sys=0.06, real=0.05 secs] 
51.318: [GC-- [PSYoungGen: 33184K->33184K(67072K)] 362373K->362373K(416256K), 0.0040870 secs] [Times: user=0.03 sys=0.00, real=0.01 secs] 
51.323: [Full GC [PSYoungGen: 33184K->32768K(67072K)] [ParOldGen: 329189K->329189K(349184K)] 362373K->361957K(416256K) [PSPermGen: 5195K->5195K(21504K)], 0.0114530 secs] [Times: user=0.06 sys=0.00, real=0.01 secs] 
51.334: [GC-- [PSYoungGen: 32768K->32768K(67072K)] 361957K->361957K(416256K), 0.0040940 secs] [Times: user=0.03 sys=0.00, real=0.00 secs] 
51.338: [Full GC [PSYoungGen: 32768K->32768K(67072K)] [ParOldGen: 329189K->329189K(349184K)] 361957K->361957K(416256K) [PSPermGen: 5195K->5195K(21504K)], 0.0089860 secs] [Times: user=0.05 sys=0.00, real=0.01 secs] 
51.348: [GC-- [PSYoungGen: 33401K->33401K(67072K)] 362590K->362590K(416256K), 0.0041890 secs] [Times: user=0.03 sys=0.00, real=0.01 secs] 
51.352: [Full GC [PSYoungGen: 33401K->32768K(67072K)] [ParOldGen: 329189K->329188K(349184K)] 362590K->361957K(416256K) [PSPermGen: 5195K->5195K(21504K)], 0.0120670 secs] [Times: user=0.05 sys=0.00, real=0.01 secs] 
51.365: [GC-- [PSYoungGen: 32768K->32768K(67072K)] 361957K->361957K(416256K), 0.0040350 secs] [Times: user=0.03 sys=0.00, real=0.00 secs] 
51.369: [Full GC [PSYoungGen: 32768K->32768K(67072K)] [ParOldGen: 329188K->329188K(349184K)] 361957K->361957K(416256K) [PSPermGen: 5195K->5195K(21504K)], 0.0127880 secs] [Times: user=0.02 sys=0.04, real=0.02 secs] 
51.382: [GC-- [PSYoungGen: 33185K->33185K(67072K)] 362374K->362374K(416256K), 0.0041880 secs] [Times: user=0.03 sys=0.00, real=0.00 secs] 
51.386: [Full GC [PSYoungGen: 33185K->32768K(67072K)] [ParOldGen: 329188K->329188K(349184K)] 362374K->361957K(416256K) [PSPermGen: 5195K->5195K(21504K)], 0.0126800 secs] [Times: user=0.06 sys=0.00, real=0.01 secs] 
51.399: [GC-- [PSYoungGen: 32768K->32768K(67072K)] 361957K->361965K(416256K), 0.0027510 secs] [Times: user=0.03 sys=0.00, real=0.01 secs] 
51.402: [Full GC [PSYoungGen: 32768K->32768K(67072K)] [ParOldGen: 329196K->329188K(349184K)] 361965K->361957K(416256K) [PSPermGen: 5195K->5195K(21504K)], 0.0123900 secs] [Times: user=0.05 sys=0.00, real=0.01 secs] 
51.415: [GC-- [PSYoungGen: 33185K->33185K(67072K)] 362374K->362374K(416256K), 0.0047200 secs] [Times: user=0.02 sys=0.00, real=0.00 secs] 
51.420: [Full GC [PSYoungGen: 33185K->32769K(67072K)] [ParOldGen: 329188K->329188K(349184K)] 362374K->361957K(416256K) [PSPermGen: 5195K->5195K(21504K)], 0.0129570 secs] [Times: user=0.07 sys=0.00, real=0.02 secs] 
51.433: [GC-- [PSYoungGen: 32769K->32769K(67072K)] 361957K->361989K(416256K), 0.0044400 secs] [Times: user=0.02 sys=0.00, real=0.00 secs] 
51.437: [Full GC [PSYoungGen: 32769K->32768K(67072K)] [ParOldGen: 329220K->329189K(349184K)] 361989K->361957K(416256K) [PSPermGen: 5195K->5195K(21504K)], 0.0124960 secs] [Times: user=0.06 sys=0.00, real=0.01 secs] 
51.461: [GC-- [PSYoungGen: 34536K->34536K(67072K)] 363725K->363725K(416256K), 0.0046860 secs] [Times: user=0.03 sys=0.00, real=0.00 secs] 
51.466: [Full GC [PSYoungGen: 34536K->32892K(67072K)] [ParOldGen: 329189K->329169K(349184K)] 363725K->362061K(416256K) [PSPermGen: 5224K->5224K(21504K)], 0.0507690 secs] [Times: user=0.85 sys=0.00, real=0.05 secs] 
51.517: [GC-- [PSYoungGen: 32892K->32892K(67072K)] 362061K->362069K(416256K), 0.0051590 secs] [Times: user=0.01 sys=0.02, real=0.01 secs] 
51.522: [Full GC [PSYoungGen: 32892K->32823K(67072K)] [ParOldGen: 329177K->329169K(349184K)] 362069K->361993K(416256K) [PSPermGen: 5224K->5224K(21504K)], 0.0134970 secs] [Times: user=0.05 sys=0.01, real=0.01 secs] 
51.540: [GC-- [PSYoungGen: 34198K->34198K(67072K)] 363367K->363375K(416256K), 0.0029850 secs] [Times: user=0.01 sys=0.02, real=0.00 secs] 
51.543: [Full GC [PSYoungGen: 34198K->32803K(67072K)] [ParOldGen: 329177K->329140K(349184K)] 363375K->361944K(416256K) [PSPermGen: 5225K->5225K(21504K)], 0.0492780 secs] [Times: user=0.84 sys=0.01, real=0.05 secs] 
51.593: [GC-- [PSYoungGen: 32803K->32803K(67072K)] 361944K->361944K(416256K), 0.0048490 secs] [Times: user=0.01 sys=0.03, real=0.00 secs] 
51.598: [Full GC [PSYoungGen: 32803K->32803K(67072K)] [ParOldGen: 329140K->329140K(349184K)] 361944K->361944K(416256K) [PSPermGen: 5225K->5225K(21504K)], 0.0128710 secs] [Times: user=0.06 sys=0.00, real=0.01 secs] 
51.611: [GC-- [PSYoungGen: 33152K->33152K(67072K)] 362293K->362293K(416256K), 0.0037120 secs] [Times: user=0.03 sys=0.00, real=0.01 secs] 
51.615: [Full GC [PSYoungGen: 33152K->32802K(67072K)] [ParOldGen: 329140K->329111K(349184K)] 362293K->361914K(416256K) [PSPermGen: 5225K->5225K(21504K)], 0.0512060 secs] [Times: user=0.87 sys=0.02, real=0.05 secs] 
51.667: [GC-- [PSYoungGen: 32802K->32802K(67072K)] 361914K->361922K(416256K), 0.0048230 secs] [Times: user=0.04 sys=0.00, real=0.00 secs] 
51.671: [Full GC [PSYoungGen: 32802K->32802K(67072K)] [ParOldGen: 329119K->329111K(349184K)] 361922K->361914K(416256K) [PSPermGen: 5225K->5225K(21504K)], 0.0138430 secs] [Times: user=0.05 sys=0.01, real=0.02 secs] 
51.689: [GC-- [PSYoungGen: 32991K->32991K(67072K)] 362103K->362103K(416256K), 0.0045200 secs] [Times: user=0.03 sys=0.00, real=0.01 secs] 
51.694: [Full GC [PSYoungGen: 32991K->32801K(67072K)] [ParOldGen: 329111K->329082K(349184K)] 362103K->361884K(416256K) [PSPermGen: 5225K->5225K(21504K)], 0.0506660 secs] [Times: user=0.85 sys=0.03, real=0.05 secs] 
51.744: [GC-- [PSYoungGen: 32801K->32801K(67072K)] 361884K->361956K(416256K), 0.0048720 secs] [Times: user=0.01 sys=0.02, real=0.00 secs] 
51.749: [Full GC [PSYoungGen: 32801K->32797K(67072K)] [ParOldGen: 329154K->329086K(349184K)] 361956K->361884K(416256K) [PSPermGen: 5225K->5225K(21504K)], 0.0146560 secs] [Times: user=0.06 sys=0.00, real=0.02 secs] 
51.767: [GC-- [PSYoungGen: 32881K->32881K(67072K)] 361967K->361967K(416256K), 0.0030260 secs] [Times: user=0.04 sys=0.00, real=0.00 secs] 
51.770: [Full GC [PSYoungGen: 32881K->32797K(67072K)] [ParOldGen: 329086K->329055K(349184K)] 361967K->361853K(416256K) [PSPermGen: 5225K->5225K(21504K)], 0.0483350 secs] [Times: user=0.83 sys=0.00, real=0.05 secs] 
51.818: [GC-- [PSYoungGen: 32797K->32797K(67072K)] 361853K->361901K(416256K), 0.0052150 secs] [Times: user=0.04 sys=0.00, real=0.01 secs] 
51.824: [Full GC [PSYoungGen: 32797K->32796K(67072K)] [ParOldGen: 329103K->329056K(349184K)] 361901K->361853K(416256K) [PSPermGen: 5225K->5225K(21504K)], 0.0113820 secs] [Times: user=0.06 sys=0.00, real=0.01 secs] 
54.868: [GC-- [PSYoungGen: 37204K->37204K(67072K)] 366261K->366261K(416256K), 0.0052830 secs] [Times: user=0.04 sys=0.00, real=0.01 secs] 
54.873: [Full GC [PSYoungGen: 37204K->32856K(67072K)] [ParOldGen: 329056K->329027K(349184K)] 366261K->361884K(416256K) [PSPermGen: 5229K->5229K(21504K)], 0.0471820 secs] [Times: user=0.84 sys=0.00, real=0.05 secs] 
54.921: [GC-- [PSYoungGen: 32856K->32856K(67072K)] 361884K->361892K(416256K), 0.0043900 secs] [Times: user=0.03 sys=0.00, real=0.00 secs] 
54.925: [Full GC [PSYoungGen: 32856K->32787K(67072K)] [ParOldGen: 329035K->329027K(349184K)] 361892K->361815K(416256K) [PSPermGen: 5229K->5229K(21504K)], 0.0144540 secs] [Times: user=0.04 sys=0.02, real=0.01 secs] 
54.966: [GC-- [PSYoungGen: 33003K->33003K(67072K)] 362030K->362030K(416256K), 0.0041100 secs] [Times: user=0.04 sys=0.00, real=0.00 secs] 
54.971: [Full GC [PSYoungGen: 33003K->32798K(67072K)] [ParOldGen: 329027K->329027K(349184K)] 362030K->361825K(416256K) [PSPermGen: 5229K->5229K(21504K)], 0.0140370 secs] [Times: user=0.06 sys=0.00, real=0.02 secs] 
54.985: [GC-- [PSYoungGen: 32798K->32798K(67072K)] 361825K->361833K(416256K), 0.0040040 secs] [Times: user=0.02 sys=0.01, real=0.00 secs] 
54.989: [Full GC [PSYoungGen: 32798K->32797K(67072K)] [ParOldGen: 329035K->329027K(349184K)] 361833K->361825K(416256K) [PSPermGen: 5229K->5229K(21504K)], 0.0107260 secs] [Times: user=0.05 sys=0.00, real=0.01 secs] 
55.036: [GC-- [PSYoungGen: 32940K->32940K(67072K)] 361968K->361968K(416256K), 0.0039590 secs] [Times: user=0.03 sys=0.01, real=0.01 secs] 
55.040: [Full GC [PSYoungGen: 32940K->32826K(67072K)] [ParOldGen: 329027K->329027K(349184K)] 361968K->361854K(416256K) [PSPermGen: 5229K->5229K(21504K)], 0.0124420 secs] [Times: user=0.03 sys=0.03, real=0.01 secs] 
55.053: [GC-- [PSYoungGen: 32826K->32826K(67072K)] 361854K->361862K(416256K), 0.0054060 secs] [Times: user=0.02 sys=0.01, real=0.00 secs] 
55.058: [Full GC [PSYoungGen: 32826K->32826K(67072K)] [ParOldGen: 329035K->329027K(349184K)] 361862K->361854K(416256K) [PSPermGen: 5229K->5229K(21504K)], 0.0127640 secs] [Times: user=0.06 sys=0.00, real=0.01 secs] 
55.121: [GC-- [PSYoungGen: 33042K->33042K(67072K)] 362069K->362069K(416256K), 0.0079770 secs] [Times: user=0.09 sys=0.00, real=0.00 secs] 
55.129: [Full GC [PSYoungGen: 33042K->32855K(67072K)] [ParOldGen: 329027K->329027K(349184K)] 362069K->361882K(416256K) [PSPermGen: 5229K->5229K(21504K)], 0.0123390 secs] [Times: user=0.04 sys=0.02, real=0.02 secs] 
55.141: [GC-- [PSYoungGen: 32855K->32855K(67072K)] 361882K->361922K(416256K), 0.0039210 secs] [Times: user=0.02 sys=0.02, real=0.00 secs] 
55.145: [Full GC [PSYoungGen: 32855K->32854K(67072K)] [ParOldGen: 329067K->329028K(349184K)] 361922K->361882K(416256K) [PSPermGen: 5229K->5229K(21504K)], 0.0125250 secs] [Times: user=0.02 sys=0.03, real=0.01 secs] 
55.196: [GC-- [PSYoungGen: 33069K->33069K(67072K)] 362098K->362098K(416256K), 0.0051140 secs] [Times: user=0.08 sys=0.00, real=0.01 secs] 
55.201: [Full GC [PSYoungGen: 33069K->32883K(67072K)] [ParOldGen: 329028K->329028K(349184K)] 362098K->361911K(416256K) [PSPermGen: 5229K->5229K(21504K)], 0.0113320 secs] [Times: user=0.03 sys=0.02, real=0.01 secs] 
55.212: [GC-- [PSYoungGen: 32883K->32883K(67072K)] 361911K->361943K(416256K), 0.0040600 secs] [Times: user=0.02 sys=0.02, real=0.00 secs] 
55.216: [Full GC [PSYoungGen: 32883K->32854K(67072K)] [ParOldGen: 329060K->329057K(349184K)] 361943K->361911K(416256K) [PSPermGen: 5229K->5229K(21504K)], 0.0100970 secs] [Times: user=0.05 sys=0.00, real=0.01 secs] 
55.319: [GC-- [PSYoungGen: 33069K->33069K(67072K)] 362126K->362126K(416256K), 0.0077310 secs] [Times: user=0.10 sys=0.00, real=0.01 secs] 
55.327: [Full GC [PSYoungGen: 33069K->32883K(67072K)] [ParOldGen: 329057K->329056K(349184K)] 362126K->361940K(416256K) [PSPermGen: 5229K->5229K(21504K)], 0.0114730 secs] [Times: user=0.06 sys=0.00, real=0.01 secs] 
55.339: [GC-- [PSYoungGen: 32883K->32883K(67072K)] 361940K->361980K(416256K), 0.0068940 secs] [Times: user=0.08 sys=0.00, real=0.01 secs] 
55.346: [Full GC [PSYoungGen: 32883K->32854K(67072K)] [ParOldGen: 329096K->329085K(349184K)] 361980K->361940K(416256K) [PSPermGen: 5229K->5229K(21504K)], 0.0128330 secs] [Times: user=0.06 sys=0.00, real=0.01 secs] 
55.385: [GC-- [PSYoungGen: 33069K->33069K(67072K)] 362155K->362155K(416256K), 0.0047970 secs] [Times: user=0.02 sys=0.01, real=0.00 secs] 
55.390: [Full GC [PSYoungGen: 33069K->32883K(67072K)] [ParOldGen: 329085K->329085K(349184K)] 362155K->361968K(416256K) [PSPermGen: 5229K->5229K(21504K)], 0.0108100 secs] [Times: user=0.05 sys=0.00, real=0.02 secs] 
55.401: [GC-- [PSYoungGen: 32883K->32883K(67072K)] 361968K->362000K(416256K), 0.0040240 secs] [Times: user=0.03 sys=0.01, real=0.00 secs] 
55.405: [Full GC [PSYoungGen: 32883K->32858K(67072K)] [ParOldGen: 329117K->329109K(349184K)] 362000K->361968K(416256K) [PSPermGen: 5229K->5229K(21504K)], 0.0123040 secs] [Times: user=0.03 sys=0.02, real=0.01 secs] 
55.461: [GC-- [PSYoungGen: 33074K->33074K(67072K)] 362184K->362192K(416256K), 0.0051930 secs] [Times: user=0.02 sys=0.01, real=0.00 secs] 
55.466: [Full GC [PSYoungGen: 33074K->32887K(67072K)] [ParOldGen: 329117K->329109K(349184K)] 362192K->361997K(416256K) [PSPermGen: 5229K->5229K(21504K)], 0.0127150 secs] [Times: user=0.06 sys=0.00, real=0.01 secs] 
55.479: [GC-- [PSYoungGen: 32887K->32887K(67072K)] 361997K->362037K(416256K), 0.0041720 secs] [Times: user=0.03 sys=0.00, real=0.01 secs] 
55.483: [Full GC [PSYoungGen: 32887K->32862K(67072K)] [ParOldGen: 329149K->329134K(349184K)] 362037K->361997K(416256K) [PSPermGen: 5229K->5229K(21504K)], 0.0125550 secs] [Times: user=0.06 sys=0.00, real=0.01 secs] 
55.497: [GC-- [PSYoungGen: 33078K->33078K(67072K)] 362212K->362212K(416256K), 0.0065700 secs] [Times: user=0.08 sys=0.00, real=0.01 secs] 
55.503: [Full GC [PSYoungGen: 33078K->32863K(67072K)] [ParOldGen: 329134K->329134K(349184K)] 362212K->361997K(416256K) [PSPermGen: 5229K->5229K(21504K)], 0.0117990 secs] [Times: user=0.04 sys=0.01, real=0.01 secs] 
55.515: [GC-- [PSYoungGen: 32863K->32863K(67072K)] 361997K->362045K(416256K), 0.0033240 secs] [Times: user=0.03 sys=0.00, real=0.00 secs] 
55.518: [Full GC [PSYoungGen: 32863K->32834K(67072K)] [ParOldGen: 329182K->329163K(349184K)] 362045K->361997K(416256K) [PSPermGen: 5229K->5229K(21504K)], 0.0118800 secs] [Times: user=0.06 sys=0.00, real=0.01 secs] 
55.554: [GC-- [PSYoungGen: 33049K->33049K(67072K)] 362213K->362213K(416256K), 0.0028910 secs] [Times: user=0.03 sys=0.00, real=0.00 secs] 
55.557: [Full GC [PSYoungGen: 33049K->32863K(67072K)] [ParOldGen: 329163K->329162K(349184K)] 362213K->362026K(416256K) [PSPermGen: 5229K->5229K(21504K)], 0.0109370 secs] [Times: user=0.06 sys=0.00, real=0.01 secs] 
55.568: [GC-- [PSYoungGen: 32863K->32863K(67072K)] 362026K->362058K(416256K), 0.0058470 secs] [Times: user=0.02 sys=0.00, real=0.01 secs] 
55.573: [Full GC [PSYoungGen: 32863K->32839K(67072K)] [ParOldGen: 329194K->329187K(349184K)] 362058K->362026K(416256K) [PSPermGen: 5229K->5229K(21504K)], 0.0110250 secs] [Times: user=0.04 sys=0.02, real=0.01 secs] 
55.630: [GC-- [PSYoungGen: 33197K->33197K(67072K)] 362384K->362392K(416256K), 0.0059870 secs] [Times: user=0.06 sys=0.01, real=0.01 secs] 
55.636: [Full GC [PSYoungGen: 33197K->32896K(67072K)] [ParOldGen: 329195K->329187K(349184K)] 362392K->362083K(416256K) [PSPermGen: 5229K->5229K(21504K)], 0.0143850 secs] [Times: user=0.03 sys=0.03, real=0.01 secs] 
55.651: [GC-- [PSYoungGen: 32896K->32896K(67072K)] 362083K->362143K(416256K), 0.0054540 secs] [Times: user=0.05 sys=0.01, real=0.01 secs] 
55.656: [Full GC [PSYoungGen: 32896K->32862K(67072K)] [ParOldGen: 329247K->329220K(349184K)] 362143K->362083K(416256K) [PSPermGen: 5229K->5229K(21504K)], 0.0151660 secs] [Times: user=0.03 sys=0.02, real=0.01 secs] 
58.148: [GC-- [PSYoungGen: 33078K->33078K(67072K)] 362298K->362298K(416256K), 0.0040440 secs] [Times: user=0.03 sys=0.01, real=0.01 secs] 
58.152: [Full GC [PSYoungGen: 33078K->0K(67072K)] [ParOldGen: 329220K->329296K(349184K)] 362298K->329296K(416256K) [PSPermGen: 5229K->5229K(21504K)], 0.0274610 secs] [Times: user=0.38 sys=0.00, real=0.03 secs] 
58.400: [GC-- [PSYoungGen: 32768K->32768K(67072K)] 362064K->362064K(416256K), 0.0040080 secs] [Times: user=0.01 sys=0.01, real=0.00 secs] 
58.404: [Full GC [PSYoungGen: 32768K->32768K(67072K)] [ParOldGen: 329296K->329286K(349184K)] 362064K->362054K(416256K) [PSPermGen: 5229K->5229K(21504K)], 0.0241320 secs] [Times: user=0.31 sys=0.02, real=0.02 secs] 
58.429: [GC-- [PSYoungGen: 32768K->32768K(67072K)] 362054K->362054K(416256K), 0.0046630 secs] [Times: user=0.02 sys=0.01, real=0.01 secs] 
58.433: [Full GC [PSYoungGen: 32768K->32768K(67072K)] [ParOldGen: 329286K->329286K(349184K)] 362054K->362054K(416256K) [PSPermGen: 5229K->5229K(21504K)], 0.0129070 secs] [Times: user=0.04 sys=0.02, real=0.01 secs] 
58.561: [GC-- [PSYoungGen: 32910K->32910K(67072K)] 362197K->362197K(416256K), 0.0048660 secs] [Times: user=0.02 sys=0.01, real=0.00 secs] 
58.566: [Full GC [PSYoungGen: 32910K->0K(67072K)] [ParOldGen: 329286K->329229K(349184K)] 362197K->329229K(416256K) [PSPermGen: 5229K->5229K(21504K)], 0.0166430 secs] [Times: user=0.10 sys=0.00, real=0.02 secs] 
58.639: [GC-- [PSYoungGen: 32768K->32768K(67072K)] 361997K->361997K(416256K), 0.0057270 secs] [Times: user=0.02 sys=0.01, real=0.01 secs] 
58.645: [Full GC [PSYoungGen: 32768K->32768K(67072K)] [ParOldGen: 329229K->329229K(349184K)] 361997K->361997K(416256K) [PSPermGen: 5229K->5229K(21504K)], 0.0140610 secs] [Times: user=0.09 sys=0.00, real=0.01 secs] 
58.659: [GC-- [PSYoungGen: 32768K->32768K(67072K)] 361997K->361997K(416256K), 0.0039670 secs] [Times: user=0.03 sys=0.01, real=0.01 secs] 
58.663: [Full GC [PSYoungGen: 32768K->32768K(67072K)] [ParOldGen: 329229K->329229K(349184K)] 361997K->361997K(416256K) [PSPermGen: 5229K->5229K(21504K)], 0.0130780 secs] [Times: user=0.05 sys=0.01, real=0.01 secs] 
58.763: [GC-- [PSYoungGen: 32910K->32910K(67072K)] 362140K->362140K(416256K), 0.0082570 secs] [Times: user=0.11 sys=0.00, real=0.00 secs] 
58.771: [Full GC [PSYoungGen: 32910K->0K(67072K)] [ParOldGen: 329229K->329182K(349184K)] 362140K->329182K(416256K) [PSPermGen: 5229K->5229K(21504K)], 0.0314320 secs] [Times: user=0.46 sys=0.01, real=0.04 secs] 
58.850: [GC-- [PSYoungGen: 32768K->32768K(67072K)] 361950K->361950K(416256K), 0.0044210 secs] [Times: user=0.03 sys=0.00, real=0.01 secs] 
58.854: [Full GC [PSYoungGen: 32768K->32768K(67072K)] [ParOldGen: 329182K->329172K(349184K)] 361950K->361940K(416256K) [PSPermGen: 5229K->5229K(21504K)], 0.0268970 secs] [Times: user=0.41 sys=0.00, real=0.03 secs] 
58.881: [GC-- [PSYoungGen: 32768K->32768K(67072K)] 361940K->361940K(416256K), 0.0030710 secs] [Times: user=0.03 sys=0.00, real=0.00 secs] 
58.884: [Full GC [PSYoungGen: 32768K->32768K(67072K)] [ParOldGen: 329172K->329172K(349184K)] 361940K->361940K(416256K) [PSPermGen: 5229K->5229K(21504K)], 0.0137160 secs] [Times: user=0.04 sys=0.02, real=0.01 secs] 
58.900: [GC-- [PSYoungGen: 32910K->32910K(67072K)] 362082K->362082K(416256K), 0.0041240 secs] [Times: user=0.02 sys=0.01, real=0.01 secs] 
58.904: [Full GC [PSYoungGen: 32910K->0K(67072K)] [ParOldGen: 329172K->329125K(349184K)] 362082K->329125K(416256K) [PSPermGen: 5229K->5229K(21504K)], 0.0358700 secs] [Times: user=0.53 sys=0.03, real=0.04 secs] 
58.975: [GC-- [PSYoungGen: 32768K->32768K(67072K)] 361893K->361893K(416256K), 0.0064070 secs] [Times: user=0.03 sys=0.01, real=0.01 secs] 
58.981: [Full GC [PSYoungGen: 32768K->32768K(67072K)] [ParOldGen: 329125K->329114K(349184K)] 361893K->361882K(416256K) [PSPermGen: 5229K->5229K(21504K)], 0.0292110 secs] [Times: user=0.49 sys=0.01, real=0.02 secs] 
59.011: [GC-- [PSYoungGen: 32768K->32768K(67072K)] 361882K->361882K(416256K), 0.0044070 secs] [Times: user=0.03 sys=0.00, real=0.01 secs] 
59.015: [Full GC [PSYoungGen: 32768K->32768K(67072K)] [ParOldGen: 329114K->329114K(349184K)] 361882K->361882K(416256K) [PSPermGen: 5229K->5229K(21504K)], 0.0125230 secs] [Times: user=0.06 sys=0.00, real=0.01 secs] 
59.064: [GC-- [PSYoungGen: 32910K->32910K(67072K)] 362025K->362025K(416256K), 0.0046990 secs] [Times: user=0.02 sys=0.01, real=0.00 secs] 
59.069: [Full GC [PSYoungGen: 32910K->0K(67072K)] [ParOldGen: 329114K->329067K(349184K)] 362025K->329067K(416256K) [PSPermGen: 5229K->5229K(21504K)], 0.0408670 secs] [Times: user=0.65 sys=0.03, real=0.04 secs] 
59.115: [GC-- [PSYoungGen: 32768K->32768K(67072K)] 361835K->361835K(416256K), 0.0056370 secs] [Times: user=0.03 sys=0.00, real=0.01 secs] 
59.120: [Full GC [PSYoungGen: 32768K->32768K(67072K)] [ParOldGen: 329067K->329057K(349184K)] 361835K->361825K(416256K) [PSPermGen: 5229K->5229K(21504K)], 0.0356010 secs] [Times: user=0.58 sys=0.01, real=0.03 secs] 
59.156: [GC-- [PSYoungGen: 32768K->32768K(67072K)] 361825K->361825K(416256K), 0.0042720 secs] [Times: user=0.02 sys=0.01, real=0.01 secs] 
59.160: [Full GC [PSYoungGen: 32768K->32768K(67072K)] [ParOldGen: 329057K->329057K(349184K)] 361825K->361825K(416256K) [PSPermGen: 5229K->5229K(21504K)], 0.0112120 secs] [Times: user=0.05 sys=0.00, real=0.00 secs] 
Heap
 PSYoungGen      total 67072K, used 55610K [0x00000000f5500000, 0x00000000f9b00000, 0x0000000100000000)
  eden space 62464K, 89% used [0x00000000f5500000,0x00000000f8b4e8a0,0x00000000f9200000)
  from space 4608K, 0% used [0x00000000f9680000,0x00000000f9680000,0x00000000f9b00000)
  to   space 4608K, 0% used [0x00000000f9200000,0x00000000f9200000,0x00000000f9680000)
 ParOldGen       total 349184K, used 329057K [0x00000000e0000000, 0x00000000f5500000, 0x00000000f5500000)
  object space 349184K, 94% used [0x00000000e0000000,0x00000000f4158628,0x00000000f5500000)
 PSPermGen       total 21504K, used 12057K [0x00000000dae00000, 0x00000000dc300000, 0x00000000e0000000)
  object space 21504K, 56% used [0x00000000dae00000,0x00000000db9c66a0,0x00000000dc300000)
