52.210: [GC [PSYoungGen: 10936K->3635K(35840K)] 10936K->3643K(116224K), 0.0068680 secs] [Times: user=0.06 sys=0.00, real=0.00 secs] 
52.217: [Full GC [PSYoungGen: 3635K->0K(35840K)] [ParOldGen: 8K->3139K(80384K)] 3643K->3139K(116224K) [PSPermGen: 5167K->5165K(21504K)], 0.0244660 secs] [Times: user=0.13 sys=0.01, real=0.03 secs] 
52.242: [GC [PSYoungGen: 0K->0K(35840K)] 3139K->3139K(116224K), 0.0040040 secs] [Times: user=0.01 sys=0.02, real=0.00 secs] 
52.246: [Full GC [PSYoungGen: 0K->0K(35840K)] [ParOldGen: 3139K->3139K(80384K)] 3139K->3139K(116224K) [PSPermGen: 5165K->5165K(21504K)], 0.0127080 secs] [Times: user=0.01 sys=0.05, real=0.02 secs] 
72.694: [GC [PSYoungGen: 6080K->768K(35840K)] 1745924K->1740612K(1783296K), 0.0041600 secs] [Times: user=0.04 sys=0.01, real=0.01 secs] 
72.698: [GC [PSYoungGen: 768K->656K(35840K)] 1740612K->1740500K(1783296K), 0.0030790 secs] [Times: user=0.03 sys=0.01, real=0.00 secs] 
72.701: [Full GC [PSYoungGen: 656K->0K(35840K)] [ParOldGen: 1739844K->690715K(729088K)] 1740500K->690715K(764928K) [PSPermGen: 5214K->5214K(21504K)], 0.3340970 secs] [Times: user=1.99 sys=0.26, real=0.33 secs] 
90.985: [GC [PSYoungGen: 3332K->624K(35840K)] 1742624K->1739916K(1783296K), 0.0062780 secs] [Times: user=0.03 sys=0.01, real=0.01 secs] 
90.991: [GC [PSYoungGen: 624K->640K(66560K)] 1739916K->1739932K(1814016K), 0.0044320 secs] [Times: user=0.04 sys=0.00, real=0.00 secs] 
90.996: [Full GC [PSYoungGen: 640K->0K(66560K)] [ParOldGen: 1739292K->690696K(730112K)] 1739932K->690696K(796672K) [PSPermGen: 5216K->5216K(21504K)], 0.1557380 secs] [Times: user=0.59 sys=0.12, real=0.16 secs] 
108.865: [GC [PSYoungGen: 39377K->624K(66560K)] 1778650K->1739897K(1814016K), 0.0065860 secs] [Times: user=0.04 sys=0.01, real=0.01 secs] 
108.881: [GC-- [PSYoungGen: 33392K->33392K(66560K)] 1772665K->1772665K(1814016K), 0.0033920 secs] [Times: user=0.04 sys=0.00, real=0.00 secs] 
108.884: [Full GC [PSYoungGen: 33392K->0K(66560K)] [ParOldGen: 1739273K->756235K(796672K)] 1772665K->756235K(863232K) [PSPermGen: 5218K->5218K(21504K)], 0.1575730 secs] [Times: user=0.75 sys=0.12, real=0.16 secs] 
126.771: [GC [PSYoungGen: 36177K->656K(125952K)] 1775453K->1739932K(1873408K), 0.0054440 secs] [Times: user=0.05 sys=0.00, real=0.00 secs] 
127.306: [GC-- [PSYoungGen: 99519K->99519K(125952K)] 1838795K->1838795K(1873408K), 0.0060520 secs] [Times: user=0.04 sys=0.00, real=0.01 secs] 
127.312: [Full GC [PSYoungGen: 99519K->0K(125952K)] [ParOldGen: 1739275K->821774K(862720K)] 1838795K->821774K(988672K) [PSPermGen: 5218K->5218K(21504K)], 0.1636130 secs] [Times: user=1.03 sys=0.11, real=0.16 secs] 
128.170: [GC [PSYoungGen: 98863K->0K(125952K)] 920637K->920078K(1055232K), 0.0489620 secs] [Times: user=0.97 sys=0.08, real=0.05 secs] 
128.219: [Full GC [PSYoungGen: 0K->0K(125952K)] [ParOldGen: 920078K->920078K(1001472K)] 920078K->920078K(1127424K) [PSPermGen: 5218K->5218K(21504K)], 0.0162910 secs] [Times: user=0.07 sys=0.01, real=0.01 secs] 
129.772: [GC [PSYoungGen: 98863K->0K(239104K)] 1018941K->1018382K(1273856K), 0.0429050 secs] [Times: user=0.82 sys=0.10, real=0.04 secs] 
129.815: [Full GC [PSYoungGen: 0K->0K(239104K)] [ParOldGen: 1018382K->1018382K(1130496K)] 1018382K->1018382K(1369600K) [PSPermGen: 5218K->5218K(21504K)], 0.0155690 secs] [Times: user=0.08 sys=0.00, real=0.02 secs] 
135.907: [GC [PSYoungGen: 236953K->880K(242688K)] 1255336K->1215870K(1473024K), 0.0772300 secs] [Times: user=1.35 sys=0.34, real=0.08 secs] 
135.984: [Full GC [PSYoungGen: 880K->0K(242688K)] [ParOldGen: 1214990K->723471K(897024K)] 1215870K->723471K(1139712K) [PSPermGen: 5219K->5219K(21504K)], 0.0824110 secs] [Times: user=0.71 sys=0.05, real=0.08 secs] 
137.342: [GC [PSYoungGen: 231036K->0K(460800K)] 954508K->952847K(1424384K), 0.0746800 secs] [Times: user=1.47 sys=0.12, real=0.07 secs] 
137.417: [Full GC [PSYoungGen: 0K->0K(460800K)] [ParOldGen: 952847K->952847K(1189888K)] 952847K->952847K(1650688K) [PSPermGen: 5219K->5219K(21504K)], 0.0184030 secs] [Times: user=0.07 sys=0.02, real=0.02 secs] 
145.597: [GC [PSYoungGen: 434457K->976K(460800K)] 1387305K->1281503K(1750528K), 0.1025720 secs] [Times: user=1.40 sys=0.81, real=0.10 secs] 
145.700: [Full GC [PSYoungGen: 976K->0K(460800K)] [ParOldGen: 1280527K->854544K(1179648K)] 1281503K->854544K(1640448K) [PSPermGen: 5219K->5219K(21504K)], 0.0737380 secs] [Times: user=1.07 sys=0.02, real=0.07 secs] 
153.936: [GC [PSYoungGen: 431554K->912K(849920K)] 1286099K->1084832K(2029568K), 0.0267580 secs] [Times: user=0.51 sys=0.01, real=0.03 secs] 
153.963: [Full GC [PSYoungGen: 912K->0K(849920K)] [ParOldGen: 1083920K->756241K(1117184K)] 1084832K->756241K(1967104K) [PSPermGen: 5220K->5220K(21504K)], 0.0562160 secs] [Times: user=0.73 sys=0.02, real=0.06 secs] 
170.596: [GC [PSYoungGen: 825984K->736K(861696K)] 1582225K->789745K(1978880K), 0.0080550 secs] [Times: user=0.10 sys=0.02, real=0.01 secs] 
181.346: [GC [PSYoungGen: 857216K->944K(871424K)] 1646225K->1117665K(1988608K), 0.0340890 secs] [Times: user=0.71 sys=0.01, real=0.04 secs] 
181.380: [Full GC [PSYoungGen: 944K->0K(871424K)] [ParOldGen: 1116721K->821752K(1240576K)] 1117665K->821752K(2112000K) [PSPermGen: 5224K->5224K(21504K)], 0.0973310 secs] [Times: user=1.84 sys=0.01, real=0.09 secs] 
189.690: [GC-- [PSYoungGen: 847610K->847610K(871424K)] 1669362K->2586867K(2618880K), 0.2197970 secs] [Times: user=1.61 sys=3.16, real=0.22 secs] 
189.910: [Full GC [PSYoungGen: 847610K->0K(871424K)] [ParOldGen: 1739256K->657940K(1080832K)] 2586867K->657940K(1952256K) [PSPermGen: 5245K->5245K(21504K)], 0.5360610 secs] [Times: user=2.20 sys=0.44, real=0.53 secs] 
199.461: [GC [PSYoungGen: 862102K->1056K(871424K)] 1520042K->1117749K(2018816K), 0.1081100 secs] [Times: user=2.24 sys=0.14, real=0.10 secs] 
199.569: [Full GC [PSYoungGen: 1056K->0K(871424K)] [ParOldGen: 1116692K->985626K(1513984K)] 1117749K->985626K(2385408K) [PSPermGen: 5245K->5245K(21504K)], 0.0879690 secs] [Times: user=1.64 sys=0.01, real=0.09 secs] 
214.938: [GC [PSYoungGen: 858627K->928K(870400K)] 1844254K->1248698K(2384384K), 0.1024520 secs] [Times: user=1.91 sys=0.33, real=0.10 secs] 
215.040: [Full GC [PSYoungGen: 928K->0K(870400K)] [ParOldGen: 1247770K->789020K(1331712K)] 1248698K->789020K(2202112K) [PSPermGen: 5245K->5245K(21504K)], 0.0539030 secs] [Times: user=0.83 sys=0.01, real=0.05 secs] 
230.197: [GC [PSYoungGen: 856343K->768K(870912K)] 1645364K->855324K(2202624K), 0.0108890 secs] [Times: user=0.17 sys=0.00, real=0.01 secs] 
240.446: [GC [PSYoungGen: 855611K->960K(871936K)] 1710168K->1248772K(2203648K), 0.0427170 secs] [Times: user=0.87 sys=0.02, real=0.04 secs] 
240.489: [Full GC [PSYoungGen: 960K->0K(871936K)] [ParOldGen: 1247812K->920096K(1510400K)] 1248772K->920096K(2382336K) [PSPermGen: 5246K->5246K(21504K)], 0.0713850 secs] [Times: user=1.26 sys=0.00, real=0.08 secs] 
255.595: [GC [PSYoungGen: 856008K->912K(871936K)] 1776104K->1117616K(2382336K), 0.0366900 secs] [Times: user=0.72 sys=0.03, real=0.04 secs] 
255.632: [Full GC [PSYoungGen: 912K->0K(871936K)] [ParOldGen: 1116704K->723490K(1292800K)] 1117616K->723490K(2164736K) [PSPermGen: 5246K->5246K(21504K)], 0.0485500 secs] [Times: user=0.71 sys=0.01, real=0.05 secs] 
271.938: [GC [PSYoungGen: 855442K->560K(871936K)] 1578932K->724050K(2164736K), 0.0050720 secs] [Times: user=0.03 sys=0.00, real=0.00 secs] 
282.004: [GC [PSYoungGen: 854199K->992K(871936K)] 1577689K->1052162K(2164736K), 0.0369490 secs] [Times: user=0.76 sys=0.01, real=0.04 secs] 
282.041: [Full GC [PSYoungGen: 992K->0K(871936K)] [ParOldGen: 1051170K->854565K(1458176K)] 1052162K->854565K(2330112K) [PSPermGen: 5247K->5247K(21504K)], 0.0603660 secs] [Times: user=1.02 sys=0.02, real=0.06 secs] 
297.090: [GC [PSYoungGen: 854657K->832K(871936K)] 1709223K->986469K(2330112K), 0.0306530 secs] [Times: user=0.63 sys=0.00, real=0.03 secs] 
297.120: [Full GC [PSYoungGen: 832K->0K(871936K)] [ParOldGen: 985637K->657959K(1242624K)] 986469K->657959K(2114560K) [PSPermGen: 5247K->5247K(21504K)], 0.0347970 secs] [Times: user=0.42 sys=0.01, real=0.03 secs] 
307.734: [GC [PSYoungGen: 853302K->1136K(871936K)] 1511261K->1117848K(2114560K), 0.0502710 secs] [Times: user=1.05 sys=0.01, real=0.05 secs] 
307.784: [Full GC [PSYoungGen: 1136K->0K(871936K)] [ParOldGen: 1116712K->985641K(1653248K)] 1117848K->985641K(2525184K) [PSPermGen: 5247K->5247K(21504K)], 0.0770790 secs] [Times: user=1.37 sys=0.02, real=0.08 secs] 
322.230: [GC [PSYoungGen: 854574K->928K(871936K)] 1840215K->1248713K(2525184K), 0.0375370 secs] [Times: user=0.78 sys=0.03, real=0.03 secs] 
322.267: [Full GC [PSYoungGen: 928K->0K(871936K)] [ParOldGen: 1247785K->789035K(1453056K)] 1248713K->789035K(2324992K) [PSPermGen: 5248K->5248K(21504K)], 0.0531180 secs] [Times: user=0.83 sys=0.01, real=0.06 secs] 
337.035: [GC [PSYoungGen: 854601K->752K(832512K)] 1643636K->855323K(2285568K), 0.0129620 secs] [Times: user=0.20 sys=0.01, real=0.01 secs] 
347.202: [GC [PSYoungGen: 821273K->1040K(796160K)] 1675844K->1216059K(2249216K), 0.0399960 secs] [Times: user=0.82 sys=0.00, real=0.04 secs] 
347.242: [Full GC [PSYoungGen: 1040K->0K(796160K)] [ParOldGen: 1215019K->887342K(1566720K)] 1216059K->887342K(2362880K) [PSPermGen: 5248K->5248K(21504K)], 0.0697790 secs] [Times: user=1.23 sys=0.00, real=0.07 secs] 
361.883: [GC [PSYoungGen: 789064K->896K(760832K)] 1676407K->986542K(2327552K), 0.0124490 secs] [Times: user=0.22 sys=0.01, real=0.01 secs] 
371.302: [GC [PSYoungGen: 755863K->1008K(727552K)] 1741509K->1314335K(2294272K), 0.0934790 secs] [Times: user=1.90 sys=0.19, real=0.09 secs] 
371.396: [Full GC [PSYoungGen: 1008K->0K(727552K)] [ParOldGen: 1313326K->854578K(1528320K)] 1314335K->854578K(2255872K) [PSPermGen: 5248K->5248K(21504K)], 0.0628260 secs] [Times: user=1.07 sys=0.01, real=0.07 secs] 
384.651: [GC [PSYoungGen: 723341K->720K(695808K)] 1577919K->920834K(2224128K), 0.0112680 secs] [Times: user=0.18 sys=0.00, real=0.01 secs] 
393.993: [GC [PSYoungGen: 690244K->992K(665600K)] 1610358K->1117714K(2193920K), 0.0242380 secs] [Times: user=0.46 sys=0.01, real=0.02 secs] 
394.017: [Full GC [PSYoungGen: 992K->0K(665600K)] [ParOldGen: 1116722K->723510K(1350144K)] 1117714K->723510K(2015744K) [PSPermGen: 5250K->5250K(21504K)], 0.0431570 secs] [Times: user=0.63 sys=0.02, real=0.05 secs] 
403.456: [GC [PSYoungGen: 656756K->896K(636928K)] 1380266K->1019318K(1987072K), 0.0327130 secs] [Times: user=0.69 sys=0.01, real=0.03 secs] 
403.489: [Full GC [PSYoungGen: 896K->0K(636928K)] [ParOldGen: 1018422K->821815K(1451520K)] 1019318K->821815K(2088448K) [PSPermGen: 5250K->5250K(21504K)], 0.0575450 secs] [Times: user=0.93 sys=0.01, real=0.06 secs] 
412.098: [GC [PSYoungGen: 623908K->1072K(610304K)] 1445723K->1216103K(2061824K), 0.0440520 secs] [Times: user=0.92 sys=0.01, real=0.04 secs] 
412.142: [Full GC [PSYoungGen: 1072K->0K(610304K)] [ParOldGen: 1215031K->920120K(1586688K)] 1216103K->920120K(2196992K) [PSPermGen: 5252K->5252K(21504K)], 0.0690650 secs] [Times: user=1.26 sys=0.01, real=0.07 secs] 
421.184: [GC [PSYoungGen: 591301K->1088K(584192K)] 1511422K->1314425K(2170880K), 0.0412580 secs] [Times: user=0.88 sys=0.02, real=0.04 secs] 
421.226: [Full GC [PSYoungGen: 1088K->0K(584192K)] [ParOldGen: 1313337K->920122K(1614848K)] 1314425K->920122K(2199040K) [PSPermGen: 5252K->5252K(21504K)], 0.0726620 secs] [Times: user=1.27 sys=0.01, real=0.08 secs] 
430.459: [GC [PSYoungGen: 558614K->496K(558592K)] 1478736K->1248546K(2173440K), 0.0359570 secs] [Times: user=0.72 sys=0.02, real=0.03 secs] 
430.495: [Full GC [PSYoungGen: 496K->0K(558592K)] [ParOldGen: 1248050K->854587K(1559040K)] 1248546K->854587K(2117632K) [PSPermGen: 5252K->5252K(21504K)], 0.0612180 secs] [Times: user=1.04 sys=0.01, real=0.06 secs] 
Heap
 PSYoungGen      total 558592K, used 519446K [0x00000007caa80000, 0x00000007ffa80000, 0x0000000800000000)
  eden space 558080K, 93% used [0x00000007caa80000,0x00000007ea5c5a58,0x00000007ecb80000)
  from space 512K, 0% used [0x00000007ffa00000,0x00000007ffa00000,0x00000007ffa80000)
  to   space 122880K, 0% used [0x00000007f0a80000,0x00000007f0a80000,0x00000007f8280000)
 ParOldGen       total 1559040K, used 854587K [0x0000000760000000, 0x00000007bf280000, 0x00000007caa80000)
  object space 1559040K, 54% used [0x0000000760000000,0x000000079428ed88,0x00000007bf280000)
 PSPermGen       total 21504K, used 12146K [0x000000075ae00000, 0x000000075c300000, 0x0000000760000000)
  object space 21504K, 56% used [0x000000075ae00000,0x000000075b9dc860,0x000000075c300000)
