51.903: [GC [PSYoungGen: 10933K->3642K(35840K)] 10933K->3650K(116224K), 0.0082710 secs] [Times: user=0.05 sys=0.01, real=0.01 secs] 
51.911: [Full GC [PSYoungGen: 3642K->0K(35840K)] [ParOldGen: 8K->3139K(80384K)] 3650K->3139K(116224K) [PSPermGen: 5167K->5165K(21504K)], 0.0195000 secs] [Times: user=0.13 sys=0.00, real=0.02 secs] 
51.931: [GC [PSYoungGen: 0K->0K(35840K)] 3139K->3139K(116224K), 0.0037060 secs] [Times: user=0.03 sys=0.00, real=0.01 secs] 
51.935: [Full GC [PSYoungGen: 0K->0K(35840K)] [ParOldGen: 3139K->3139K(80384K)] 3139K->3139K(116224K) [PSPermGen: 5165K->5165K(21504K)], 0.0109860 secs] [Times: user=0.06 sys=0.00, real=0.01 secs] 
56.361: [GC [PSYoungGen: 6040K->928K(35840K)] 697308K->692195K(734720K), 0.0055220 secs] [Times: user=0.01 sys=0.02, real=0.01 secs] 
56.366: [GC [PSYoungGen: 928K->720K(35840K)] 692195K->691987K(734720K), 0.0043480 secs] [Times: user=0.01 sys=0.01, real=0.00 secs] 
56.371: [Full GC [PSYoungGen: 720K->0K(35840K)] [ParOldGen: 691267K->690708K(698880K)] 691987K->690708K(734720K) [PSPermGen: 5203K->5203K(21504K)], 0.1290340 secs] [Times: user=1.95 sys=0.03, real=0.13 secs] 
56.500: [GC [PSYoungGen: 0K->0K(35840K)] 690708K->690708K(734720K), 0.0042760 secs] [Times: user=0.02 sys=0.01, real=0.00 secs] 
56.504: [Full GC [PSYoungGen: 0K->0K(35840K)] [ParOldGen: 690708K->689641K(698880K)] 690708K->689641K(734720K) [PSPermGen: 5203K->5200K(21504K)], 0.0901200 secs] [Times: user=1.73 sys=0.02, real=0.10 secs] 
56.606: [GC [PSYoungGen: 208K->96K(43008K)] 689849K->689737K(741888K), 0.0057930 secs] [Times: user=0.01 sys=0.01, real=0.00 secs] 
56.639: [GC-- [PSYoungGen: 33147K->33147K(43008K)] 722788K->722788K(741888K), 0.0042380 secs] [Times: user=0.02 sys=0.00, real=0.00 secs] 
56.644: [Full GC [PSYoungGen: 33147K->32768K(43008K)] [ParOldGen: 689641K->689620K(698880K)] 722788K->722388K(741888K) [PSPermGen: 5200K->5200K(21504K)], 0.0144700 secs] [Times: user=0.07 sys=0.00, real=0.02 secs] 
56.658: [GC-- [PSYoungGen: 32768K->32768K(43008K)] 722388K->722388K(741888K), 0.0042090 secs] [Times: user=0.03 sys=0.00, real=0.00 secs] 
56.662: [Full GC [PSYoungGen: 32768K->32768K(43008K)] [ParOldGen: 689620K->689620K(698880K)] 722388K->722388K(741888K) [PSPermGen: 5200K->5200K(21504K)], 0.0135620 secs] [Times: user=0.06 sys=0.00, real=0.02 secs] 
56.680: [GC-- [PSYoungGen: 33052K->33052K(43008K)] 722672K->722672K(741888K), 0.0058570 secs] [Times: user=0.04 sys=0.00, real=0.01 secs] 
56.686: [Full GC [PSYoungGen: 33052K->32768K(43008K)] [ParOldGen: 689620K->689619K(698880K)] 722672K->722388K(741888K) [PSPermGen: 5200K->5200K(21504K)], 0.0148610 secs] [Times: user=0.06 sys=0.00, real=0.01 secs] 
56.701: [GC-- [PSYoungGen: 32768K->32768K(43008K)] 722388K->722388K(741888K), 0.0031550 secs] [Times: user=0.04 sys=0.00, real=0.00 secs] 
56.704: [Full GC [PSYoungGen: 32768K->32768K(43008K)] [ParOldGen: 689619K->689619K(698880K)] 722388K->722388K(741888K) [PSPermGen: 5200K->5200K(21504K)], 0.0143720 secs] [Times: user=0.04 sys=0.02, real=0.02 secs] 
56.719: [GC-- [PSYoungGen: 33052K->33052K(43008K)] 722672K->722672K(741888K), 0.0042520 secs] [Times: user=0.04 sys=0.00, real=0.00 secs] 
56.724: [Full GC [PSYoungGen: 33052K->32769K(43008K)] [ParOldGen: 689619K->689619K(698880K)] 722672K->722388K(741888K) [PSPermGen: 5200K->5200K(21504K)], 0.0149060 secs] [Times: user=0.06 sys=0.00, real=0.02 secs] 
56.739: [GC-- [PSYoungGen: 32769K->32769K(43008K)] 722388K->722388K(741888K), 0.0038260 secs] [Times: user=0.03 sys=0.00, real=0.00 secs] 
56.742: [Full GC [PSYoungGen: 32769K->32769K(43008K)] [ParOldGen: 689619K->689619K(698880K)] 722388K->722388K(741888K) [PSPermGen: 5200K->5200K(21504K)], 0.0112940 secs] [Times: user=0.06 sys=0.00, real=0.02 secs] 
56.759: [GC-- [PSYoungGen: 33197K->33197K(43008K)] 722817K->722849K(741888K), 0.0045920 secs] [Times: user=0.03 sys=0.01, real=0.00 secs] 
56.764: [Full GC [PSYoungGen: 33197K->32843K(43008K)] [ParOldGen: 689651K->689619K(698880K)] 722849K->722463K(741888K) [PSPermGen: 5200K->5200K(21504K)], 0.0137350 secs] [Times: user=0.06 sys=0.00, real=0.02 secs] 
56.778: [GC-- [PSYoungGen: 32843K->32843K(43008K)] 722463K->722471K(741888K), 0.0049950 secs] [Times: user=0.01 sys=0.02, real=0.00 secs] 
56.783: [Full GC [PSYoungGen: 32843K->32843K(43008K)] [ParOldGen: 689627K->689619K(698880K)] 722471K->722463K(741888K) [PSPermGen: 5200K->5200K(21504K)], 0.0138710 secs] [Times: user=0.07 sys=0.00, real=0.02 secs] 
56.799: [GC-- [PSYoungGen: 33126K->33126K(43008K)] 722746K->722754K(741888K), 0.0042060 secs] [Times: user=0.03 sys=0.00, real=0.00 secs] 
56.803: [Full GC [PSYoungGen: 33126K->32826K(43008K)] [ParOldGen: 689627K->689619K(698880K)] 722754K->722446K(741888K) [PSPermGen: 5200K->5200K(21504K)], 0.0137950 secs] [Times: user=0.06 sys=0.00, real=0.02 secs] 
56.817: [GC-- [PSYoungGen: 32826K->32826K(43008K)] 722446K->722462K(741888K), 0.0029190 secs] [Times: user=0.03 sys=0.00, real=0.00 secs] 
56.820: [Full GC [PSYoungGen: 32826K->32826K(43008K)] [ParOldGen: 689635K->689620K(698880K)] 722462K->722446K(741888K) [PSPermGen: 5200K->5200K(21504K)], 0.0111320 secs] [Times: user=0.06 sys=0.00, real=0.01 secs] 
56.893: [GC-- [PSYoungGen: 34070K->34070K(43008K)] 723690K->723690K(741888K), 0.0040130 secs] [Times: user=0.05 sys=0.00, real=0.00 secs] 
56.897: [Full GC [PSYoungGen: 34070K->33013K(43008K)] [ParOldGen: 689620K->689618K(698880K)] 723690K->722631K(741888K) [PSPermGen: 5230K->5230K(21504K)], 0.0873230 secs] [Times: user=1.67 sys=0.00, real=0.09 secs] 
56.985: [GC-- [PSYoungGen: 33013K->33013K(43008K)] 722631K->722631K(741888K), 0.0060330 secs] [Times: user=0.04 sys=0.00, real=0.00 secs] 
56.991: [Full GC [PSYoungGen: 33013K->32945K(43008K)] [ParOldGen: 689618K->689618K(698880K)] 722631K->722563K(741888K) [PSPermGen: 5230K->5230K(21504K)], 0.0135710 secs] [Times: user=0.06 sys=0.00, real=0.02 secs] 
57.064: [GC-- [PSYoungGen: 33228K->33228K(43008K)] 722846K->722846K(741888K), 0.0068790 secs] [Times: user=0.05 sys=0.00, real=0.01 secs] 
57.071: [Full GC [PSYoungGen: 33228K->32970K(43008K)] [ParOldGen: 689618K->689617K(698880K)] 722846K->722588K(741888K) [PSPermGen: 5230K->5230K(21504K)], 0.0128220 secs] [Times: user=0.06 sys=0.00, real=0.01 secs] 
57.084: [GC-- [PSYoungGen: 32970K->32970K(43008K)] 722588K->722596K(741888K), 0.0043350 secs] [Times: user=0.03 sys=0.00, real=0.01 secs] 
57.088: [Full GC [PSYoungGen: 32970K->32970K(43008K)] [ParOldGen: 689625K->689617K(698880K)] 722596K->722588K(741888K) [PSPermGen: 5230K->5230K(21504K)], 0.0124180 secs] [Times: user=0.04 sys=0.02, real=0.01 secs] 
57.121: [GC-- [PSYoungGen: 33254K->33254K(43008K)] 722872K->722872K(741888K), 0.0050450 secs] [Times: user=0.02 sys=0.02, real=0.01 secs] 
57.126: [Full GC [PSYoungGen: 33254K->32999K(43008K)] [ParOldGen: 689617K->689617K(698880K)] 722872K->722617K(741888K) [PSPermGen: 5230K->5230K(21504K)], 0.0145130 secs] [Times: user=0.04 sys=0.02, real=0.01 secs] 
57.140: [GC-- [PSYoungGen: 32999K->32999K(43008K)] 722617K->722617K(741888K), 0.0048410 secs] [Times: user=0.02 sys=0.01, real=0.01 secs] 
57.145: [Full GC [PSYoungGen: 32999K->32999K(43008K)] [ParOldGen: 689617K->689617K(698880K)] 722617K->722617K(741888K) [PSPermGen: 5230K->5230K(21504K)], 0.0136410 secs] [Times: user=0.04 sys=0.02, real=0.01 secs] 
57.226: [GC-- [PSYoungGen: 33283K->33283K(43008K)] 722900K->722900K(741888K), 0.0041540 secs] [Times: user=0.06 sys=0.00, real=0.00 secs] 
57.231: [Full GC [PSYoungGen: 33283K->33028K(43008K)] [ParOldGen: 689617K->689617K(698880K)] 722900K->722646K(741888K) [PSPermGen: 5230K->5230K(21504K)], 0.0149360 secs] [Times: user=0.06 sys=0.00, real=0.02 secs] 
57.246: [GC-- [PSYoungGen: 33028K->33028K(43008K)] 722646K->722870K(741888K), 0.0048930 secs] [Times: user=0.04 sys=0.00, real=0.00 secs] 
57.251: [Full GC [PSYoungGen: 33028K->32854K(43008K)] [ParOldGen: 689841K->689791K(698880K)] 722870K->722646K(741888K) [PSPermGen: 5230K->5230K(21504K)], 0.0140550 secs] [Times: user=0.06 sys=0.00, real=0.02 secs] 
61.513: [GC [PSYoungGen: 33704K->368K(55296K)] 723496K->690159K(754176K), 0.0039840 secs] [Times: user=0.03 sys=0.01, real=0.00 secs] 
61.876: [GC-- [PSYoungGen: 34149K->34149K(55296K)] 723941K->723941K(754176K), 0.0045180 secs] [Times: user=0.02 sys=0.02, real=0.00 secs] 
61.880: [Full GC [PSYoungGen: 34149K->0K(55296K)] [ParOldGen: 689791K->558846K(596992K)] 723941K->558846K(652288K) [PSPermGen: 5240K->5240K(21504K)], 0.0277940 secs] [Times: user=0.10 sys=0.02, real=0.03 secs] 
62.064: [GC-- [PSYoungGen: 33106K->33106K(55296K)] 723024K->723024K(754176K), 0.0055200 secs] [Times: user=0.02 sys=0.01, real=0.00 secs] 
62.070: [Full GC [PSYoungGen: 33106K->0K(55296K)] [ParOldGen: 689918K->689879K(698880K)] 723024K->689879K(754176K) [PSPermGen: 5240K->5240K(21504K)], 0.0463460 secs] [Times: user=0.73 sys=0.02, real=0.05 secs] 
62.124: [GC-- [PSYoungGen: 32768K->32768K(55296K)] 722647K->722647K(754176K), 0.0042530 secs] [Times: user=0.02 sys=0.01, real=0.00 secs] 
62.129: [Full GC [PSYoungGen: 32768K->32768K(55296K)] [ParOldGen: 689879K->689879K(698880K)] 722647K->722647K(754176K) [PSPermGen: 5240K->5240K(21504K)], 0.0150810 secs] [Times: user=0.04 sys=0.02, real=0.01 secs] 
62.144: [GC-- [PSYoungGen: 32768K->32768K(55296K)] 722647K->722647K(754176K), 0.0041290 secs] [Times: user=0.03 sys=0.00, real=0.01 secs] 
62.148: [Full GC [PSYoungGen: 32768K->32768K(55296K)] [ParOldGen: 689879K->689879K(698880K)] 722647K->722647K(754176K) [PSPermGen: 5240K->5240K(21504K)], 0.0262190 secs] [Times: user=0.37 sys=0.02, real=0.03 secs] 
62.175: [GC-- [PSYoungGen: 32882K->32882K(55296K)] 722761K->722761K(754176K), 0.0040100 secs] [Times: user=0.04 sys=0.01, real=0.00 secs] 
62.179: [Full GC [PSYoungGen: 32882K->32768K(55296K)] [ParOldGen: 689879K->689879K(698880K)] 722761K->722647K(754176K) [PSPermGen: 5240K->5240K(21504K)], 0.0320170 secs] [Times: user=0.44 sys=0.00, real=0.03 secs] 
62.211: [GC-- [PSYoungGen: 32768K->32768K(55296K)] 722647K->722647K(754176K), 0.0046720 secs] [Times: user=0.04 sys=0.00, real=0.01 secs] 
62.216: [Full GC [PSYoungGen: 32768K->32768K(55296K)] [ParOldGen: 689879K->689879K(698880K)] 722647K->722647K(754176K) [PSPermGen: 5240K->5240K(21504K)], 0.0140340 secs] [Times: user=0.05 sys=0.02, real=0.01 secs] 
62.378: [GC-- [PSYoungGen: 33016K->33016K(55296K)] 722896K->722896K(754176K), 0.0099790 secs] [Times: user=0.15 sys=0.00, real=0.01 secs] 
62.388: [Full GC [PSYoungGen: 33016K->0K(55296K)] [ParOldGen: 689879K->657006K(695296K)] 722896K->657006K(750592K) [PSPermGen: 5240K->5240K(21504K)], 0.0544700 secs] [Times: user=0.96 sys=0.00, real=0.05 secs] 
65.130: [GC-- [PSYoungGen: 32768K->32768K(55296K)] 722543K->722543K(754176K), 0.0047410 secs] [Times: user=0.03 sys=0.00, real=0.01 secs] 
65.135: [Full GC [PSYoungGen: 32768K->32768K(55296K)] [ParOldGen: 689774K->689764K(698880K)] 722543K->722532K(754176K) [PSPermGen: 5240K->5240K(21504K)], 0.0457800 secs] [Times: user=0.76 sys=0.00, real=0.04 secs] 
65.180: [GC-- [PSYoungGen: 32768K->32768K(55296K)] 722532K->722532K(754176K), 0.0064350 secs] [Times: user=0.03 sys=0.01, real=0.01 secs] 
65.187: [Full GC [PSYoungGen: 32768K->32768K(55296K)] [ParOldGen: 689764K->689764K(698880K)] 722532K->722532K(754176K) [PSPermGen: 5240K->5240K(21504K)], 0.0150370 secs] [Times: user=0.06 sys=0.01, real=0.01 secs] 
65.553: [GC-- [PSYoungGen: 33114K->33114K(55296K)] 722879K->722879K(754176K), 0.0053240 secs] [Times: user=0.05 sys=0.00, real=0.00 secs] 
65.559: [Full GC [PSYoungGen: 33114K->0K(55296K)] [ParOldGen: 689764K->624152K(662528K)] 722879K->624152K(717824K) [PSPermGen: 5240K->5240K(21504K)], 0.0954350 secs] [Times: user=1.80 sys=0.00, real=0.10 secs] 
68.314: [Full GC [PSYoungGen: 49619K->0K(55296K)] [ParOldGen: 689688K->4691K(48640K)] 739307K->4691K(103936K) [PSPermGen: 11803K->11800K(21504K)], 0.1113930 secs] [Times: user=0.10 sys=0.09, real=0.11 secs] 
Heap
 PSYoungGen      total 55296K, used 5523K [0x00000000eaa80000, 0x00000000eea80000, 0x0000000100000000)
  eden space 50688K, 10% used [0x00000000eaa80000,0x00000000eafe4f90,0x00000000edc00000)
  from space 4608K, 0% used [0x00000000ee180000,0x00000000ee180000,0x00000000ee600000)
  to   space 3584K, 0% used [0x00000000ee700000,0x00000000ee700000,0x00000000eea80000)
 ParOldGen       total 48640K, used 4691K [0x00000000c0000000, 0x00000000c2f80000, 0x00000000eaa80000)
  object space 48640K, 9% used [0x00000000c0000000,0x00000000c0494f78,0x00000000c2f80000)
 PSPermGen       total 21504K, used 12051K [0x00000000bae00000, 0x00000000bc300000, 0x00000000c0000000)
  object space 21504K, 56% used [0x00000000bae00000,0x00000000bb9c4e68,0x00000000bc300000)
