52.804: [GC [PSYoungGen: 10934K->3594K(35840K)] 10934K->3602K(116224K), 0.0093920 secs] [Times: user=0.01 sys=0.06, real=0.02 secs] 
52.813: [Full GC [PSYoungGen: 3594K->0K(35840K)] [ParOldGen: 8K->3139K(80384K)] 3602K->3139K(116224K) [PSPermGen: 5166K->5165K(21504K)], 0.0252050 secs] [Times: user=0.07 sys=0.06, real=0.02 secs] 
52.839: [GC [PSYoungGen: 0K->0K(35840K)] 3139K->3139K(116224K), 0.0043810 secs] [Times: user=0.03 sys=0.00, real=0.00 secs] 
52.843: [Full GC [PSYoungGen: 0K->0K(35840K)] [ParOldGen: 3139K->3139K(80384K)] 3139K->3139K(116224K) [PSPermGen: 5165K->5165K(21504K)], 0.0124010 secs] [Times: user=0.06 sys=0.00, real=0.02 secs] 
57.110: [GC [PSYoungGen: 6040K->912K(35840K)] 697308K->692179K(734720K), 0.0044120 secs] [Times: user=0.02 sys=0.01, real=0.01 secs] 
57.114: [GC [PSYoungGen: 912K->736K(35840K)] 692179K->692003K(734720K), 0.0040260 secs] [Times: user=0.03 sys=0.00, real=0.00 secs] 
57.118: [Full GC [PSYoungGen: 736K->0K(35840K)] [ParOldGen: 691267K->690708K(698880K)] 692003K->690708K(734720K) [PSPermGen: 5202K->5202K(21504K)], 0.1274390 secs] [Times: user=1.94 sys=0.03, real=0.13 secs] 
57.246: [GC [PSYoungGen: 0K->0K(35840K)] 690708K->690708K(734720K), 0.0027890 secs] [Times: user=0.02 sys=0.01, real=0.00 secs] 
57.249: [Full GC [PSYoungGen: 0K->0K(35840K)] [ParOldGen: 690708K->689641K(698880K)] 690708K->689641K(734720K) [PSPermGen: 5202K->5200K(21504K)], 0.0956640 secs] [Times: user=1.79 sys=0.05, real=0.10 secs] 
57.412: [GC [PSYoungGen: 416K->288K(42496K)] 690057K->689929K(741376K), 0.0045170 secs] [Times: user=0.01 sys=0.01, real=0.01 secs] 
57.492: [GC-- [PSYoungGen: 33056K->33056K(42496K)] 722697K->722697K(741376K), 0.0043160 secs] [Times: user=0.02 sys=0.00, real=0.01 secs] 
57.497: [Full GC [PSYoungGen: 33056K->32866K(42496K)] [ParOldGen: 689641K->689619K(698880K)] 722697K->722486K(741376K) [PSPermGen: 5228K->5228K(21504K)], 0.0906660 secs] [Times: user=1.69 sys=0.05, real=0.09 secs] 
57.587: [GC-- [PSYoungGen: 32866K->32866K(42496K)] 722486K->722486K(741376K), 0.0060490 secs] [Times: user=0.04 sys=0.00, real=0.01 secs] 
57.593: [Full GC [PSYoungGen: 32866K->32798K(42496K)] [ParOldGen: 689619K->689619K(698880K)] 722486K->722417K(741376K) [PSPermGen: 5228K->5228K(21504K)], 0.0122030 secs] [Times: user=0.04 sys=0.02, real=0.01 secs] 
57.626: [GC-- [PSYoungGen: 33078K->33078K(42496K)] 722697K->722697K(741376K), 0.0059550 secs] [Times: user=0.07 sys=0.00, real=0.00 secs] 
57.632: [Full GC [PSYoungGen: 33078K->32826K(42496K)] [ParOldGen: 689619K->689619K(698880K)] 722697K->722446K(741376K) [PSPermGen: 5228K->5228K(21504K)], 0.0903550 secs] [Times: user=1.77 sys=0.03, real=0.09 secs] 
57.722: [GC-- [PSYoungGen: 32826K->32826K(42496K)] 722446K->722446K(741376K), 0.0050050 secs] [Times: user=0.04 sys=0.00, real=0.01 secs] 
57.727: [Full GC [PSYoungGen: 32826K->32826K(42496K)] [ParOldGen: 689619K->689619K(698880K)] 722446K->722446K(741376K) [PSPermGen: 5228K->5228K(21504K)], 0.0146710 secs] [Times: user=0.05 sys=0.00, real=0.01 secs] 
57.763: [GC-- [PSYoungGen: 33106K->33106K(42496K)] 722726K->722726K(741376K), 0.0078510 secs] [Times: user=0.07 sys=0.01, real=0.01 secs] 
57.771: [Full GC [PSYoungGen: 33106K->32855K(42496K)] [ParOldGen: 689619K->689618K(698880K)] 722726K->722474K(741376K) [PSPermGen: 5228K->5228K(21504K)], 0.0836670 secs] [Times: user=1.61 sys=0.04, real=0.09 secs] 
57.855: [GC-- [PSYoungGen: 32855K->32855K(42496K)] 722474K->722474K(741376K), 0.0049210 secs] [Times: user=0.04 sys=0.00, real=0.00 secs] 
57.860: [Full GC [PSYoungGen: 32855K->32855K(42496K)] [ParOldGen: 689618K->689618K(698880K)] 722474K->722474K(741376K) [PSPermGen: 5228K->5228K(21504K)], 0.0141730 secs] [Times: user=0.06 sys=0.00, real=0.02 secs] 
57.935: [GC-- [PSYoungGen: 33135K->33135K(42496K)] 722754K->722826K(741376K), 0.0083420 secs] [Times: user=0.12 sys=0.00, real=0.00 secs] 
57.944: [Full GC [PSYoungGen: 33135K->32854K(42496K)] [ParOldGen: 689690K->689648K(698880K)] 722826K->722502K(741376K) [PSPermGen: 5229K->5229K(21504K)], 0.0837180 secs] [Times: user=1.57 sys=0.03, real=0.09 secs] 
58.028: [GC-- [PSYoungGen: 32854K->32854K(42496K)] 722502K->722526K(741376K), 0.0037500 secs] [Times: user=0.04 sys=0.01, real=0.00 secs] 
58.032: [Full GC [PSYoungGen: 32854K->32854K(42496K)] [ParOldGen: 689672K->689648K(698880K)] 722526K->722502K(741376K) [PSPermGen: 5229K->5229K(21504K)], 0.0124480 secs] [Times: user=0.05 sys=0.00, real=0.01 secs] 
58.109: [GC-- [PSYoungGen: 33134K->33134K(42496K)] 722782K->722782K(741376K), 0.0079710 secs] [Times: user=0.10 sys=0.00, real=0.01 secs] 
58.117: [Full GC [PSYoungGen: 33134K->32883K(42496K)] [ParOldGen: 689648K->689648K(698880K)] 722782K->722531K(741376K) [PSPermGen: 5229K->5229K(21504K)], 0.0133730 secs] [Times: user=0.05 sys=0.00, real=0.01 secs] 
58.130: [GC-- [PSYoungGen: 32883K->32883K(42496K)] 722531K->722579K(741376K), 0.0048450 secs] [Times: user=0.05 sys=0.00, real=0.01 secs] 
58.135: [Full GC [PSYoungGen: 32883K->32858K(42496K)] [ParOldGen: 689696K->689672K(698880K)] 722579K->722531K(741376K) [PSPermGen: 5229K->5229K(21504K)], 0.0121240 secs] [Times: user=0.05 sys=0.00, real=0.01 secs] 
58.224: [GC-- [PSYoungGen: 33138K->33138K(42496K)] 722811K->722811K(741376K), 0.0077350 secs] [Times: user=0.11 sys=0.00, real=0.01 secs] 
58.231: [Full GC [PSYoungGen: 33138K->32887K(42496K)] [ParOldGen: 689672K->689672K(698880K)] 722811K->722560K(741376K) [PSPermGen: 5229K->5229K(21504K)], 0.0143380 secs] [Times: user=0.06 sys=0.00, real=0.02 secs] 
58.246: [GC-- [PSYoungGen: 32887K->32887K(42496K)] 722560K->722600K(741376K), 0.0047010 secs] [Times: user=0.04 sys=0.00, real=0.00 secs] 
58.251: [Full GC [PSYoungGen: 32887K->32858K(42496K)] [ParOldGen: 689712K->689701K(698880K)] 722600K->722560K(741376K) [PSPermGen: 5229K->5229K(21504K)], 0.0147340 secs] [Times: user=0.07 sys=0.00, real=0.02 secs] 
58.342: [GC-- [PSYoungGen: 33138K->33138K(42496K)] 722840K->722848K(741376K), 0.0055060 secs] [Times: user=0.05 sys=0.00, real=0.01 secs] 
58.347: [Full GC [PSYoungGen: 33138K->32887K(42496K)] [ParOldGen: 689709K->689701K(698880K)] 722848K->722588K(741376K) [PSPermGen: 5229K->5229K(21504K)], 0.0147420 secs] [Times: user=0.06 sys=0.00, real=0.01 secs] 
58.362: [GC-- [PSYoungGen: 32887K->32887K(42496K)] 722588K->722620K(741376K), 0.0041270 secs] [Times: user=0.03 sys=0.00, real=0.01 secs] 
58.366: [Full GC [PSYoungGen: 32887K->32874K(42496K)] [ParOldGen: 689733K->689714K(698880K)] 722620K->722588K(741376K) [PSPermGen: 5229K->5229K(21504K)], 0.0142960 secs] [Times: user=0.06 sys=0.01, real=0.01 secs] 
58.402: [GC-- [PSYoungGen: 33154K->33154K(42496K)] 722868K->722868K(741376K), 0.0057280 secs] [Times: user=0.09 sys=0.01, real=0.01 secs] 
58.408: [Full GC [PSYoungGen: 33154K->32903K(42496K)] [ParOldGen: 689714K->689713K(698880K)] 722868K->722617K(741376K) [PSPermGen: 5229K->5229K(21504K)], 0.0146020 secs] [Times: user=0.04 sys=0.03, real=0.01 secs] 
58.423: [GC-- [PSYoungGen: 32903K->32903K(42496K)] 722617K->722657K(741376K), 0.0044340 secs] [Times: user=0.04 sys=0.00, real=0.01 secs] 
58.427: [Full GC [PSYoungGen: 32903K->32874K(42496K)] [ParOldGen: 689753K->689742K(698880K)] 722657K->722617K(741376K) [PSPermGen: 5229K->5229K(21504K)], 0.0154530 secs] [Times: user=0.06 sys=0.00, real=0.01 secs] 
58.444: [GC-- [PSYoungGen: 33154K->33154K(42496K)] 722897K->722897K(741376K), 0.0032280 secs] [Times: user=0.05 sys=0.00, real=0.01 secs] 
58.447: [Full GC [PSYoungGen: 33154K->32874K(42496K)] [ParOldGen: 689742K->689742K(698880K)] 722897K->722617K(741376K) [PSPermGen: 5229K->5229K(21504K)], 0.0136300 secs] [Times: user=0.05 sys=0.00, real=0.01 secs] 
58.461: [GC-- [PSYoungGen: 32874K->32874K(42496K)] 722617K->722665K(741376K), 0.0043010 secs] [Times: user=0.04 sys=0.00, real=0.01 secs] 
58.465: [Full GC [PSYoungGen: 32874K->32841K(42496K)] [ParOldGen: 689790K->689775K(698880K)] 722665K->722617K(741376K) [PSPermGen: 5229K->5229K(21504K)], 0.0130200 secs] [Times: user=0.06 sys=0.00, real=0.01 secs] 
62.642: [GC-- [PSYoungGen: 34385K->34385K(42496K)] 724160K->724160K(741376K), 0.0064680 secs] [Times: user=0.08 sys=0.00, real=0.01 secs] 
62.649: [Full GC [PSYoungGen: 34385K->0K(42496K)] [ParOldGen: 689775K->591614K(629760K)] 724160K->591614K(672256K) [PSPermGen: 5239K->5239K(21504K)], 0.0280820 secs] [Times: user=0.20 sys=0.03, real=0.03 secs] 
63.046: [GC-- [PSYoungGen: 33327K->33327K(42496K)] 723246K->723246K(741376K), 0.0044600 secs] [Times: user=0.02 sys=0.00, real=0.00 secs] 
63.050: [Full GC [PSYoungGen: 33327K->0K(42496K)] [ParOldGen: 689918K->624354K(662528K)] 723246K->624354K(705024K) [PSPermGen: 5239K->5239K(21504K)], 0.0535510 secs] [Times: user=0.89 sys=0.01, real=0.05 secs] 
63.213: [GC-- [PSYoungGen: 32768K->32768K(42496K)] 722658K->722658K(741376K), 0.0044200 secs] [Times: user=0.02 sys=0.01, real=0.00 secs] 
63.217: [Full GC [PSYoungGen: 32768K->32768K(42496K)] [ParOldGen: 689890K->689879K(698880K)] 722658K->722647K(741376K) [PSPermGen: 5239K->5239K(21504K)], 0.0484330 secs] [Times: user=0.83 sys=0.02, real=0.05 secs] 
63.266: [GC-- [PSYoungGen: 32768K->32768K(42496K)] 722647K->722647K(741376K), 0.0046940 secs] [Times: user=0.03 sys=0.01, real=0.00 secs] 
63.271: [Full GC [PSYoungGen: 32768K->32768K(42496K)] [ParOldGen: 689879K->689879K(698880K)] 722647K->722647K(741376K) [PSPermGen: 5239K->5239K(21504K)], 0.0324720 secs] [Times: user=0.47 sys=0.01, real=0.03 secs] 
63.306: [GC-- [PSYoungGen: 32911K->32911K(42496K)] 722790K->722790K(741376K), 0.0035420 secs] [Times: user=0.05 sys=0.00, real=0.00 secs] 
63.309: [Full GC [PSYoungGen: 32911K->0K(42496K)] [ParOldGen: 689879K->689822K(698880K)] 722790K->689822K(741376K) [PSPermGen: 5239K->5239K(21504K)], 0.0965160 secs] [Times: user=1.91 sys=0.00, real=0.10 secs] 
63.412: [GC-- [PSYoungGen: 32768K->32768K(42496K)] 722590K->722590K(741376K), 0.0039870 secs] [Times: user=0.03 sys=0.00, real=0.01 secs] 
63.416: [Full GC [PSYoungGen: 32768K->32768K(42496K)] [ParOldGen: 689822K->689822K(698880K)] 722590K->722590K(741376K) [PSPermGen: 5239K->5239K(21504K)], 0.0123850 secs] [Times: user=0.04 sys=0.01, real=0.01 secs] 
63.429: [GC-- [PSYoungGen: 32768K->32768K(42496K)] 722590K->722590K(741376K), 0.0064830 secs] [Times: user=0.10 sys=0.01, real=0.01 secs] 
63.435: [Full GC [PSYoungGen: 32768K->32768K(42496K)] [ParOldGen: 689822K->689822K(698880K)] 722590K->722590K(741376K) [PSPermGen: 5239K->5239K(21504K)], 0.0128170 secs] [Times: user=0.06 sys=0.00, real=0.01 secs] 
65.878: [GC-- [PSYoungGen: 32911K->32911K(42496K)] 722733K->722733K(741376K), 0.0054400 secs] [Times: user=0.05 sys=0.00, real=0.00 secs] 
65.883: [Full GC [PSYoungGen: 32911K->0K(42496K)] [ParOldGen: 689822K->689764K(698880K)] 722733K->689764K(741376K) [PSPermGen: 5239K->5239K(21504K)], 0.0795350 secs] [Times: user=1.49 sys=0.01, real=0.08 secs] 
66.187: [GC-- [PSYoungGen: 32768K->32768K(42496K)] 722532K->722532K(741376K), 0.0048610 secs] [Times: user=0.02 sys=0.00, real=0.00 secs] 
66.191: [Full GC [PSYoungGen: 32768K->32768K(42496K)] [ParOldGen: 689764K->689764K(698880K)] 722532K->722532K(741376K) [PSPermGen: 5239K->5239K(21504K)], 0.0137730 secs] [Times: user=0.06 sys=0.00, real=0.02 secs] 
66.205: [GC-- [PSYoungGen: 32768K->32768K(42496K)] 722532K->722532K(741376K), 0.0045660 secs] [Times: user=0.03 sys=0.00, real=0.00 secs] 
66.210: [Full GC [PSYoungGen: 32768K->32768K(42496K)] [ParOldGen: 689764K->689764K(698880K)] 722532K->722532K(741376K) [PSPermGen: 5239K->5239K(21504K)], 0.0119130 secs] [Times: user=0.06 sys=0.00, real=0.01 secs] 
66.369: [GC-- [PSYoungGen: 32911K->32911K(42496K)] 722676K->722676K(741376K), 0.0040340 secs] [Times: user=0.04 sys=0.00, real=0.01 secs] 
66.373: [Full GC [PSYoungGen: 32911K->0K(42496K)] [ParOldGen: 689764K->689735K(698880K)] 722676K->689735K(741376K) [PSPermGen: 5239K->5239K(21504K)], 0.0687770 secs] [Times: user=1.29 sys=0.01, real=0.06 secs] 
66.583: [GC-- [PSYoungGen: 32768K->32768K(42496K)] 722503K->722503K(741376K), 0.0032390 secs] [Times: user=0.02 sys=0.00, real=0.01 secs] 
66.587: [Full GC [PSYoungGen: 32768K->32768K(42496K)] [ParOldGen: 689735K->689735K(698880K)] 722503K->722503K(741376K) [PSPermGen: 5239K->5239K(21504K)], 0.0121030 secs] [Times: user=0.06 sys=0.00, real=0.01 secs] 
66.599: [GC-- [PSYoungGen: 32768K->32768K(42496K)] 722503K->722503K(741376K), 0.0041140 secs] [Times: user=0.03 sys=0.00, real=0.00 secs] 
66.603: [Full GC [PSYoungGen: 32768K->32768K(42496K)] [ParOldGen: 689735K->689735K(698880K)] 722503K->722503K(741376K) [PSPermGen: 5239K->5239K(21504K)], 0.0119440 secs] [Times: user=0.05 sys=0.01, real=0.02 secs] 
67.073: [GC-- [PSYoungGen: 33334K->33334K(42496K)] 723070K->723070K(741376K), 0.0080500 secs] [Times: user=0.10 sys=0.01, real=0.02 secs] 
67.093: [Full GC [PSYoungGen: 33334K->0K(42496K)] [ParOldGen: 689735K->558530K(596480K)] 723070K->558530K(638976K) [PSPermGen: 5239K->5239K(21504K)], 0.0776050 secs] [Times: user=1.21 sys=0.03, real=0.07 secs] 
69.073: [GC [PSYoungGen: 41984K->2865K(53760K)] 600514K->561395K(650240K), 0.0064150 secs] [Times: user=0.03 sys=0.01, real=0.00 secs] 
Heap
 PSYoungGen      total 53760K, used 14904K [0x00000000eaa80000, 0x00000000eea80000, 0x0000000100000000)
  eden space 49152K, 24% used [0x00000000eaa80000,0x00000000eb641d60,0x00000000eda80000)
  from space 4608K, 62% used [0x00000000ee180000,0x00000000ee44c580,0x00000000ee600000)
  to   space 4096K, 0% used [0x00000000ee680000,0x00000000ee680000,0x00000000eea80000)
 ParOldGen       total 596480K, used 558530K [0x00000000c0000000, 0x00000000e4680000, 0x00000000eaa80000)
  object space 596480K, 93% used [0x00000000c0000000,0x00000000e2170950,0x00000000e4680000)
 PSPermGen       total 21504K, used 12054K [0x00000000bae00000, 0x00000000bc300000, 0x00000000c0000000)
  object space 21504K, 56% used [0x00000000bae00000,0x00000000bb9c5968,0x00000000bc300000)
