51.781: [GC [PSYoungGen: 10939K->3618K(35840K)] 10939K->3626K(116224K), 0.0075740 secs] [Times: user=0.01 sys=0.04, real=0.01 secs] 
51.789: [Full GC [PSYoungGen: 3618K->0K(35840K)] [ParOldGen: 8K->3139K(80384K)] 3626K->3139K(116224K) [PSPermGen: 5166K->5165K(21504K)], 0.0219000 secs] [Times: user=0.12 sys=0.00, real=0.02 secs] 
51.811: [GC [PSYoungGen: 0K->0K(35840K)] 3139K->3139K(116224K), 0.0042490 secs] [Times: user=0.02 sys=0.00, real=0.00 secs] 
51.815: [Full GC [PSYoungGen: 0K->0K(35840K)] [ParOldGen: 3139K->3139K(80384K)] 3139K->3139K(116224K) [PSPermGen: 5165K->5165K(21504K)], 0.0130710 secs] [Times: user=0.06 sys=0.00, real=0.02 secs] 
64.649: [GC [PSYoungGen: 6040K->832K(35840K)] 1287132K->1281923K(1323008K), 0.0048360 secs] [Times: user=0.02 sys=0.01, real=0.00 secs] 
64.654: [GC [PSYoungGen: 832K->688K(35840K)] 1281923K->1281779K(1323008K), 0.0027530 secs] [Times: user=0.02 sys=0.00, real=0.00 secs] 
64.656: [Full GC [PSYoungGen: 688K->0K(35840K)] [ParOldGen: 1281091K->756250K(794624K)] 1281779K->756250K(830464K) [PSPermGen: 5212K->5212K(21504K)], 0.2353640 secs] [Times: user=2.08 sys=0.18, real=0.24 secs] 
73.537: [GC [PSYoungGen: 3332K->592K(35840K)] 1283871K->1281130K(1323008K), 0.0052600 secs] [Times: user=0.02 sys=0.00, real=0.01 secs] 
73.542: [GC [PSYoungGen: 592K->608K(66048K)] 1281130K->1281146K(1353216K), 0.0025650 secs] [Times: user=0.02 sys=0.01, real=0.00 secs] 
73.545: [Full GC [PSYoungGen: 608K->0K(66048K)] [ParOldGen: 1280538K->756230K(796160K)] 1281146K->756230K(862208K) [PSPermGen: 5214K->5214K(21504K)], 0.1032860 secs] [Times: user=0.73 sys=0.06, real=0.11 secs] 
82.753: [GC [PSYoungGen: 39322K->640K(66048K)] 1319841K->1281159K(1353216K), 0.0052570 secs] [Times: user=0.04 sys=0.00, real=0.01 secs] 
82.759: [Full GC [PSYoungGen: 640K->0K(66048K)] [ParOldGen: 1280518K->788999K(829952K)] 1281159K->788999K(896000K) [PSPermGen: 5214K->5214K(21504K)], 0.1043880 secs] [Times: user=0.89 sys=0.06, real=0.10 secs] 
91.787: [Full GC [PSYoungGen: 36148K->0K(66048K)] [ParOldGen: 1280520K->789001K(830464K)] 1316668K->789001K(896512K) [PSPermGen: 5215K->5215K(21504K)], 0.1063800 secs] [Times: user=0.90 sys=0.06, real=0.10 secs] 
100.800: [Full GC [PSYoungGen: 35005K->0K(66048K)] [ParOldGen: 1280521K->789002K(830976K)] 1315527K->789002K(897024K) [PSPermGen: 5215K->5215K(21504K)], 0.1044830 secs] [Times: user=0.86 sys=0.06, real=0.10 secs] 
110.333: [Full GC [PSYoungGen: 34250K->0K(66048K)] [ParOldGen: 1280522K->789003K(831488K)] 1314772K->789003K(897536K) [PSPermGen: 5217K->5217K(21504K)], 0.1052830 secs] [Times: user=0.87 sys=0.06, real=0.11 secs] 
119.250: [Full GC [PSYoungGen: 34135K->0K(66048K)] [ParOldGen: 1280523K->789004K(832000K)] 1314658K->789004K(898048K) [PSPermGen: 5217K->5217K(21504K)], 0.1071490 secs] [Times: user=0.89 sys=0.06, real=0.10 secs] 
127.859: [Full GC [PSYoungGen: 34433K->0K(66048K)] [ParOldGen: 1280524K->789006K(832512K)] 1314958K->789006K(898560K) [PSPermGen: 5218K->5218K(21504K)], 0.1028680 secs] [Times: user=0.84 sys=0.05, real=0.10 secs] 
136.741: [Full GC [PSYoungGen: 34104K->0K(66048K)] [ParOldGen: 1280526K->789007K(833024K)] 1314630K->789007K(899072K) [PSPermGen: 5218K->5218K(21504K)], 0.1059460 secs] [Times: user=0.92 sys=0.06, real=0.11 secs] 
145.871: [Full GC [PSYoungGen: 34084K->0K(66048K)] [ParOldGen: 1280527K->789008K(833536K)] 1314612K->789008K(899584K) [PSPermGen: 5219K->5219K(21504K)], 0.1032880 secs] [Times: user=0.85 sys=0.07, real=0.10 secs] 
154.945: [Full GC [PSYoungGen: 34179K->0K(66048K)] [ParOldGen: 1280528K->789009K(834048K)] 1314707K->789009K(900096K) [PSPermGen: 5219K->5219K(21504K)], 0.1027230 secs] [Times: user=0.87 sys=0.07, real=0.11 secs] 
163.663: [Full GC [PSYoungGen: 34116K->0K(66048K)] [ParOldGen: 1280529K->789010K(834560K)] 1314646K->789010K(900608K) [PSPermGen: 5219K->5219K(21504K)], 0.1016580 secs] [Times: user=0.88 sys=0.06, real=0.10 secs] 
172.815: [Full GC [PSYoungGen: 34072K->0K(66048K)] [ParOldGen: 1280530K->789011K(835072K)] 1314603K->789011K(901120K) [PSPermGen: 5223K->5223K(21504K)], 0.1102590 secs] [Times: user=0.90 sys=0.08, real=0.11 secs] 
181.532: [Full GC [PSYoungGen: 34073K->0K(66048K)] [ParOldGen: 1280532K->788984K(835584K)] 1314605K->788984K(901632K) [PSPermGen: 5224K->5224K(21504K)], 0.1128660 secs] [Times: user=0.98 sys=0.06, real=0.11 secs] 
185.897: [Full GC [PSYoungGen: 35614K->0K(66048K)] [ParOldGen: 1280504K->297491K(344576K)] 1316119K->297491K(410624K) [PSPermGen: 5244K->5244K(21504K)], 0.1611060 secs] [Times: user=0.94 sys=0.11, real=0.17 secs] 
198.746: [Full GC [PSYoungGen: 34110K->0K(66048K)] [ParOldGen: 1280532K->789474K(837120K)] 1314642K->789474K(903168K) [PSPermGen: 5244K->5244K(21504K)], 0.1099840 secs] [Times: user=1.01 sys=0.06, real=0.10 secs] 
206.962: [Full GC [PSYoungGen: 34087K->0K(66048K)] [ParOldGen: 1280995K->789476K(837632K)] 1315082K->789476K(903680K) [PSPermGen: 5244K->5244K(21504K)], 0.1070890 secs] [Times: user=0.94 sys=0.05, real=0.11 secs] 
215.693: [Full GC [PSYoungGen: 34073K->0K(66048K)] [ParOldGen: 1280996K->789477K(838144K)] 1315069K->789477K(904192K) [PSPermGen: 5244K->5244K(21504K)], 0.1000740 secs] [Times: user=0.85 sys=0.06, real=0.10 secs] 
224.329: [Full GC [PSYoungGen: 34107K->0K(66048K)] [ParOldGen: 1280997K->789478K(838656K)] 1315104K->789478K(904704K) [PSPermGen: 5245K->5245K(21504K)], 0.1069590 secs] [Times: user=0.90 sys=0.05, real=0.10 secs] 
232.389: [Full GC [PSYoungGen: 34109K->0K(66048K)] [ParOldGen: 1280998K->789479K(839168K)] 1315107K->789479K(905216K) [PSPermGen: 5245K->5245K(21504K)], 0.1031600 secs] [Times: user=0.87 sys=0.06, real=0.10 secs] 
241.030: [Full GC [PSYoungGen: 34068K->0K(66048K)] [ParOldGen: 1280999K->789480K(839680K)] 1315067K->789480K(905728K) [PSPermGen: 5245K->5245K(21504K)], 0.1086270 secs] [Times: user=0.92 sys=0.06, real=0.11 secs] 
249.516: [Full GC [PSYoungGen: 34177K->0K(66048K)] [ParOldGen: 1281000K->756713K(807424K)] 1315178K->756713K(873472K) [PSPermGen: 5245K->5245K(21504K)], 0.1042860 secs] [Times: user=0.81 sys=0.05, real=0.11 secs] 
259.986: [Full GC [PSYoungGen: 34339K->0K(66048K)] [ParOldGen: 1281002K->691179K(742400K)] 1315341K->691179K(808448K) [PSPermGen: 5245K->5245K(21504K)], 0.0996640 secs] [Times: user=0.55 sys=0.07, real=0.10 secs] 
269.790: [Full GC [PSYoungGen: 34406K->0K(66048K)] [ParOldGen: 1281003K->658412K(710144K)] 1315410K->658412K(776192K) [PSPermGen: 5245K->5245K(21504K)], 0.0997230 secs] [Times: user=0.43 sys=0.08, real=0.10 secs] 
279.369: [Full GC [PSYoungGen: 34165K->0K(66048K)] [ParOldGen: 1281004K->756717K(808960K)] 1315169K->756717K(875008K) [PSPermGen: 5246K->5246K(21504K)], 0.1010280 secs] [Times: user=0.79 sys=0.06, real=0.10 secs] 
288.085: [Full GC [PSYoungGen: 34084K->0K(66048K)] [ParOldGen: 1281006K->789486K(842240K)] 1315090K->789486K(908288K) [PSPermGen: 5246K->5246K(21504K)], 0.1028220 secs] [Times: user=0.88 sys=0.05, real=0.11 secs] 
296.737: [Full GC [PSYoungGen: 34084K->0K(66048K)] [ParOldGen: 1281007K->789488K(842752K)] 1315091K->789488K(908800K) [PSPermGen: 5246K->5246K(21504K)], 0.1036340 secs] [Times: user=0.89 sys=0.07, real=0.11 secs] 
305.051: [Full GC [PSYoungGen: 34084K->0K(66048K)] [ParOldGen: 1281008K->789489K(843264K)] 1315092K->789489K(909312K) [PSPermGen: 5246K->5246K(21504K)], 0.1048770 secs] [Times: user=0.91 sys=0.07, real=0.10 secs] 
313.841: [Full GC [PSYoungGen: 34084K->0K(66048K)] [ParOldGen: 1281009K->789490K(843776K)] 1315093K->789490K(909824K) [PSPermGen: 5247K->5247K(21504K)], 0.1025250 secs] [Times: user=0.88 sys=0.06, real=0.10 secs] 
322.520: [Full GC [PSYoungGen: 34084K->0K(66048K)] [ParOldGen: 1281010K->789491K(844288K)] 1315095K->789491K(910336K) [PSPermGen: 5247K->5247K(21504K)], 0.1017870 secs] [Times: user=0.89 sys=0.06, real=0.10 secs] 
331.050: [Full GC [PSYoungGen: 34165K->0K(66048K)] [ParOldGen: 1281011K->756724K(812032K)] 1315176K->756724K(878080K) [PSPermGen: 5247K->5247K(21504K)], 0.1029910 secs] [Times: user=0.79 sys=0.06, real=0.10 secs] 
339.805: [Full GC [PSYoungGen: 34084K->0K(66048K)] [ParOldGen: 1281012K->789493K(845312K)] 1315097K->789493K(911360K) [PSPermGen: 5247K->5247K(21504K)], 0.1033440 secs] [Times: user=0.90 sys=0.06, real=0.11 secs] 
348.607: [Full GC [PSYoungGen: 34084K->0K(66048K)] [ParOldGen: 1281013K->789494K(845824K)] 1315098K->789494K(911872K) [PSPermGen: 5247K->5247K(21504K)], 0.1126660 secs] [Times: user=0.89 sys=0.07, real=0.11 secs] 
356.709: [Full GC [PSYoungGen: 34084K->0K(66048K)] [ParOldGen: 1281015K->789496K(846336K)] 1315099K->789496K(912384K) [PSPermGen: 5247K->5247K(21504K)], 0.1010660 secs] [Times: user=0.88 sys=0.06, real=0.10 secs] 
364.911: [Full GC [PSYoungGen: 34084K->0K(66048K)] [ParOldGen: 1281016K->789497K(846848K)] 1315100K->789497K(912896K) [PSPermGen: 5247K->5247K(21504K)], 0.1065720 secs] [Times: user=0.88 sys=0.06, real=0.11 secs] 
373.748: [Full GC [PSYoungGen: 34002K->0K(66048K)] [ParOldGen: 1281017K->822266K(880128K)] 1315019K->822266K(946176K) [PSPermGen: 5247K->5247K(21504K)], 0.1042610 secs] [Times: user=0.99 sys=0.05, real=0.10 secs] 
381.228: [Full GC [PSYoungGen: 33920K->0K(66048K)] [ParOldGen: 1281018K->855036K(913408K)] 1314938K->855036K(979456K) [PSPermGen: 5248K->5248K(21504K)], 0.1057720 secs] [Times: user=1.14 sys=0.05, real=0.10 secs] 
388.348: [Full GC [PSYoungGen: 33837K->0K(66048K)] [ParOldGen: 1281020K->887805K(946688K)] 1314857K->887805K(1012736K) [PSPermGen: 5248K->5248K(21504K)], 0.1053940 secs] [Times: user=1.21 sys=0.05, real=0.10 secs] 
395.671: [Full GC [PSYoungGen: 33919K->0K(66048K)] [ParOldGen: 1281021K->822269K(881664K)] 1314941K->822269K(947712K) [PSPermGen: 5248K->5248K(21504K)], 0.0990660 secs] [Times: user=0.93 sys=0.05, real=0.10 secs] 
403.759: [Full GC [PSYoungGen: 34084K->0K(66048K)] [ParOldGen: 1281022K->822271K(882176K)] 1315106K->822271K(948224K) [PSPermGen: 5250K->5250K(21504K)], 0.1071830 secs] [Times: user=1.01 sys=0.06, real=0.11 secs] 
411.955: [Full GC [PSYoungGen: 34084K->0K(66048K)] [ParOldGen: 1281023K->789504K(849920K)] 1315107K->789504K(915968K) [PSPermGen: 5250K->5250K(21504K)], 0.1015220 secs] [Times: user=0.85 sys=0.05, real=0.10 secs] 
420.604: [Full GC [PSYoungGen: 34084K->0K(66048K)] [ParOldGen: 1281024K->789505K(850432K)] 1315108K->789505K(916480K) [PSPermGen: 5252K->5252K(21504K)], 0.1062890 secs] [Times: user=0.89 sys=0.07, real=0.11 secs] 
428.818: [Full GC [PSYoungGen: 34084K->0K(66048K)] [ParOldGen: 1281025K->789506K(850944K)] 1315110K->789506K(916992K) [PSPermGen: 5252K->5252K(21504K)], 0.1021260 secs] [Times: user=0.90 sys=0.06, real=0.10 secs] 
436.443: [Full GC [PSYoungGen: 33890K->0K(66048K)] [ParOldGen: 1281026K->690629K(752640K)] 1314916K->690629K(818688K) [PSPermGen: 5252K->5252K(21504K)], 0.1678800 secs] [Times: user=2.07 sys=0.08, real=0.17 secs] 
Heap
 PSYoungGen      total 66048K, used 54088K [0x00000000d8b00000, 0x00000000e0780000, 0x0000000100000000)
  eden space 61440K, 88% used [0x00000000d8b00000,0x00000000dbfd2288,0x00000000dc700000)
  from space 4608K, 0% used [0x00000000dc700000,0x00000000dc700000,0x00000000dcb80000)
  to   space 3072K, 0% used [0x00000000e0480000,0x00000000e0480000,0x00000000e0780000)
 ParOldGen       total 785920K, used 756166K [0x000000008a200000, 0x00000000ba180000, 0x00000000d8b00000)
  object space 785920K, 96% used [0x000000008a200000,0x00000000b8471818,0x00000000ba180000)
 PSPermGen       total 21504K, used 12149K [0x0000000085000000, 0x0000000086500000, 0x000000008a200000)
  object space 21504K, 56% used [0x0000000085000000,0x0000000085bdd510,0x0000000086500000)
