51.483: [GC [PSYoungGen: 10936K->3651K(35840K)] 10936K->3659K(116224K), 0.0079030 secs] [Times: user=0.01 sys=0.04, real=0.01 secs] 
51.491: [Full GC [PSYoungGen: 3651K->0K(35840K)] [ParOldGen: 8K->3139K(80384K)] 3659K->3139K(116224K) [PSPermGen: 5166K->5165K(21504K)], 0.0239550 secs] [Times: user=0.10 sys=0.01, real=0.02 secs] 
51.515: [GC [PSYoungGen: 0K->0K(35840K)] 3139K->3139K(116224K), 0.0025870 secs] [Times: user=0.01 sys=0.02, real=0.00 secs] 
51.518: [Full GC [PSYoungGen: 0K->0K(35840K)] [ParOldGen: 3139K->3139K(80384K)] 3139K->3139K(116224K) [PSPermGen: 5165K->5165K(21504K)], 0.0115110 secs] [Times: user=0.05 sys=0.00, real=0.02 secs] 
64.664: [GC [PSYoungGen: 6040K->848K(35840K)] 1287132K->1281939K(1323008K), 0.0048640 secs] [Times: user=0.02 sys=0.01, real=0.01 secs] 
64.669: [GC [PSYoungGen: 848K->656K(35840K)] 1281939K->1281747K(1323008K), 0.0047700 secs] [Times: user=0.02 sys=0.00, real=0.00 secs] 
64.674: [Full GC [PSYoungGen: 656K->0K(35840K)] [ParOldGen: 1281091K->756250K(794624K)] 1281747K->756250K(830464K) [PSPermGen: 5212K->5212K(21504K)], 0.2403820 secs] [Times: user=2.05 sys=0.17, real=0.24 secs] 
73.781: [GC [PSYoungGen: 3332K->592K(35840K)] 1283871K->1281130K(1323008K), 0.0032100 secs] [Times: user=0.03 sys=0.00, real=0.00 secs] 
73.784: [GC [PSYoungGen: 592K->896K(66048K)] 1281130K->1281435K(1353216K), 0.0043990 secs] [Times: user=0.03 sys=0.00, real=0.01 secs] 
73.789: [Full GC [PSYoungGen: 896K->0K(66048K)] [ParOldGen: 1280538K->756230K(796160K)] 1281435K->756230K(862208K) [PSPermGen: 5214K->5214K(21504K)], 0.1044250 secs] [Times: user=0.75 sys=0.07, real=0.10 secs] 
82.614: [GC [PSYoungGen: 39322K->544K(66048K)] 1319841K->1281063K(1353216K), 0.0039400 secs] [Times: user=0.03 sys=0.00, real=0.00 secs] 
82.618: [Full GC [PSYoungGen: 544K->0K(66048K)] [ParOldGen: 1280518K->788999K(829952K)] 1281063K->788999K(896000K) [PSPermGen: 5214K->5214K(21504K)], 0.1072650 secs] [Times: user=0.88 sys=0.06, real=0.11 secs] 
91.618: [Full GC [PSYoungGen: 36148K->0K(66048K)] [ParOldGen: 1280520K->789001K(830464K)] 1316668K->789001K(896512K) [PSPermGen: 5215K->5215K(21504K)], 0.1032770 secs] [Times: user=0.86 sys=0.07, real=0.11 secs] 
100.688: [Full GC [PSYoungGen: 35005K->0K(66048K)] [ParOldGen: 1280521K->789002K(830976K)] 1315527K->789002K(897024K) [PSPermGen: 5215K->5215K(21504K)], 0.1027400 secs] [Times: user=0.87 sys=0.06, real=0.10 secs] 
109.813: [Full GC [PSYoungGen: 34250K->0K(66048K)] [ParOldGen: 1280522K->789003K(831488K)] 1314772K->789003K(897536K) [PSPermGen: 5217K->5217K(21504K)], 0.1090840 secs] [Times: user=0.90 sys=0.07, real=0.11 secs] 
118.485: [Full GC [PSYoungGen: 34135K->0K(66048K)] [ParOldGen: 1280523K->789004K(832000K)] 1314658K->789004K(898048K) [PSPermGen: 5217K->5217K(21504K)], 0.1055060 secs] [Times: user=0.90 sys=0.06, real=0.11 secs] 
127.650: [Full GC [PSYoungGen: 34433K->0K(66048K)] [ParOldGen: 1280524K->789006K(832512K)] 1314958K->789006K(898560K) [PSPermGen: 5218K->5218K(21504K)], 0.1085270 secs] [Times: user=0.89 sys=0.07, real=0.10 secs] 
136.722: [Full GC [PSYoungGen: 34104K->0K(66048K)] [ParOldGen: 1280526K->789007K(833024K)] 1314630K->789007K(899072K) [PSPermGen: 5218K->5218K(21504K)], 0.1075580 secs] [Times: user=0.87 sys=0.07, real=0.11 secs] 
145.384: [Full GC [PSYoungGen: 34084K->0K(66048K)] [ParOldGen: 1280527K->789008K(833536K)] 1314612K->789008K(899584K) [PSPermGen: 5219K->5219K(21504K)], 0.1026490 secs] [Times: user=0.85 sys=0.05, real=0.10 secs] 
154.565: [Full GC [PSYoungGen: 34179K->0K(66048K)] [ParOldGen: 1280528K->789009K(834048K)] 1314707K->789009K(900096K) [PSPermGen: 5219K->5219K(21504K)], 0.1015560 secs] [Times: user=0.86 sys=0.06, real=0.10 secs] 
163.498: [Full GC [PSYoungGen: 34116K->0K(66048K)] [ParOldGen: 1280529K->789010K(834560K)] 1314646K->789010K(900608K) [PSPermGen: 5219K->5219K(21504K)], 0.1065260 secs] [Times: user=0.88 sys=0.06, real=0.11 secs] 
172.525: [Full GC [PSYoungGen: 34072K->0K(66048K)] [ParOldGen: 1280530K->789011K(835072K)] 1314603K->789011K(901120K) [PSPermGen: 5223K->5223K(21504K)], 0.1093640 secs] [Times: user=0.87 sys=0.06, real=0.11 secs] 
181.045: [Full GC [PSYoungGen: 34073K->0K(66048K)] [ParOldGen: 1280532K->788984K(835584K)] 1314605K->788984K(901632K) [PSPermGen: 5224K->5224K(21504K)], 0.1063460 secs] [Times: user=0.88 sys=0.06, real=0.11 secs] 
185.845: [Full GC [PSYoungGen: 35614K->0K(66048K)] [ParOldGen: 1280504K->297491K(344576K)] 1316119K->297491K(410624K) [PSPermGen: 5244K->5244K(21504K)], 0.1640260 secs] [Times: user=0.94 sys=0.14, real=0.17 secs] 
199.030: [Full GC [PSYoungGen: 34110K->0K(66048K)] [ParOldGen: 1280532K->789474K(837120K)] 1314642K->789474K(903168K) [PSPermGen: 5244K->5244K(21504K)], 0.1067750 secs] [Times: user=0.95 sys=0.06, real=0.10 secs] 
207.232: [Full GC [PSYoungGen: 34087K->0K(66048K)] [ParOldGen: 1280995K->789476K(837632K)] 1315082K->789476K(903680K) [PSPermGen: 5244K->5244K(21504K)], 0.1071340 secs] [Times: user=0.96 sys=0.05, real=0.10 secs] 
215.030: [Full GC [PSYoungGen: 34073K->0K(66048K)] [ParOldGen: 1280996K->789477K(838144K)] 1315069K->789477K(904192K) [PSPermGen: 5244K->5244K(21504K)], 0.1040480 secs] [Times: user=0.86 sys=0.06, real=0.10 secs] 
223.479: [Full GC [PSYoungGen: 34107K->0K(66048K)] [ParOldGen: 1280997K->789478K(838656K)] 1315104K->789478K(904704K) [PSPermGen: 5245K->5245K(21504K)], 0.1067660 secs] [Times: user=0.87 sys=0.07, real=0.11 secs] 
231.610: [Full GC [PSYoungGen: 34109K->0K(66048K)] [ParOldGen: 1280998K->789479K(839168K)] 1315107K->789479K(905216K) [PSPermGen: 5245K->5245K(21504K)], 0.1047280 secs] [Times: user=0.85 sys=0.07, real=0.10 secs] 
239.576: [Full GC [PSYoungGen: 34068K->0K(66048K)] [ParOldGen: 1280999K->789480K(839680K)] 1315067K->789480K(905728K) [PSPermGen: 5245K->5245K(21504K)], 0.1014930 secs] [Times: user=0.88 sys=0.06, real=0.10 secs] 
247.601: [Full GC [PSYoungGen: 34098K->0K(66048K)] [ParOldGen: 1281000K->789481K(840192K)] 1315099K->789481K(906240K) [PSPermGen: 5245K->5245K(21504K)], 0.1069330 secs] [Times: user=0.84 sys=0.08, real=0.11 secs] 
255.847: [Full GC [PSYoungGen: 34097K->0K(66048K)] [ParOldGen: 1281002K->789482K(840704K)] 1315099K->789482K(906752K) [PSPermGen: 5245K->5245K(21504K)], 0.1057150 secs] [Times: user=0.91 sys=0.06, real=0.11 secs] 
263.919: [Full GC [PSYoungGen: 34084K->0K(66048K)] [ParOldGen: 1281003K->789484K(841216K)] 1315087K->789484K(907264K) [PSPermGen: 5245K->5245K(21504K)], 0.1041170 secs] [Times: user=0.85 sys=0.07, real=0.11 secs] 
272.149: [Full GC [PSYoungGen: 34084K->0K(66048K)] [ParOldGen: 1281004K->789485K(841728K)] 1315088K->789485K(907776K) [PSPermGen: 5245K->5245K(21504K)], 0.1016310 secs] [Times: user=0.88 sys=0.05, real=0.10 secs] 
280.382: [Full GC [PSYoungGen: 34084K->0K(66048K)] [ParOldGen: 1281005K->789486K(842240K)] 1315089K->789486K(908288K) [PSPermGen: 5246K->5246K(21504K)], 0.1034680 secs] [Times: user=0.87 sys=0.05, real=0.10 secs] 
288.504: [Full GC [PSYoungGen: 34084K->0K(66048K)] [ParOldGen: 1281006K->789487K(842752K)] 1315091K->789487K(908800K) [PSPermGen: 5246K->5246K(21504K)], 0.0994900 secs] [Times: user=0.88 sys=0.06, real=0.10 secs] 
296.586: [Full GC [PSYoungGen: 34084K->0K(66048K)] [ParOldGen: 1281007K->789488K(843264K)] 1315092K->789488K(909312K) [PSPermGen: 5246K->5246K(21504K)], 0.1080460 secs] [Times: user=0.87 sys=0.07, real=0.11 secs] 
304.641: [Full GC [PSYoungGen: 34084K->0K(66048K)] [ParOldGen: 1281008K->789489K(843776K)] 1315093K->789489K(909824K) [PSPermGen: 5246K->5246K(21504K)], 0.1046930 secs] [Times: user=0.90 sys=0.05, real=0.10 secs] 
312.773: [Full GC [PSYoungGen: 34084K->0K(66048K)] [ParOldGen: 1281009K->789490K(844288K)] 1315094K->789490K(910336K) [PSPermGen: 5247K->5247K(21504K)], 0.1043050 secs] [Times: user=0.90 sys=0.06, real=0.10 secs] 
321.158: [Full GC [PSYoungGen: 34084K->0K(66048K)] [ParOldGen: 1281011K->789491K(844800K)] 1315095K->789491K(910848K) [PSPermGen: 5247K->5247K(21504K)], 0.1011910 secs] [Times: user=0.85 sys=0.06, real=0.11 secs] 
329.207: [Full GC [PSYoungGen: 34084K->0K(66048K)] [ParOldGen: 1281012K->789493K(845312K)] 1315096K->789493K(911360K) [PSPermGen: 5247K->5247K(21504K)], 0.1043590 secs] [Times: user=0.87 sys=0.06, real=0.11 secs] 
337.601: [Full GC [PSYoungGen: 34084K->0K(66048K)] [ParOldGen: 1281013K->789494K(845824K)] 1315097K->789494K(911872K) [PSPermGen: 5247K->5247K(21504K)], 0.1014740 secs] [Times: user=0.86 sys=0.06, real=0.10 secs] 
345.675: [Full GC [PSYoungGen: 34084K->0K(66048K)] [ParOldGen: 1281014K->789495K(846336K)] 1315098K->789495K(912384K) [PSPermGen: 5247K->5247K(21504K)], 0.1067580 secs] [Times: user=0.85 sys=0.08, real=0.11 secs] 
353.687: [Full GC [PSYoungGen: 34084K->0K(66048K)] [ParOldGen: 1281015K->789496K(846848K)] 1315100K->789496K(912896K) [PSPermGen: 5247K->5247K(21504K)], 0.0993920 secs] [Times: user=0.86 sys=0.06, real=0.10 secs] 
361.913: [Full GC [PSYoungGen: 34084K->0K(66048K)] [ParOldGen: 1281016K->789497K(847360K)] 1315101K->789497K(913408K) [PSPermGen: 5247K->5247K(21504K)], 0.1047150 secs] [Times: user=0.87 sys=0.06, real=0.10 secs] 
369.840: [Full GC [PSYoungGen: 34084K->0K(66048K)] [ParOldGen: 1281017K->789498K(847872K)] 1315102K->789498K(913920K) [PSPermGen: 5248K->5248K(21504K)], 0.1019240 secs] [Times: user=0.88 sys=0.06, real=0.10 secs] 
378.190: [Full GC [PSYoungGen: 34165K->0K(66048K)] [ParOldGen: 1281018K->756732K(815616K)] 1315184K->756732K(881664K) [PSPermGen: 5248K->5248K(21504K)], 0.1063240 secs] [Times: user=0.78 sys=0.07, real=0.10 secs] 
386.377: [Full GC [PSYoungGen: 34084K->0K(66048K)] [ParOldGen: 1281020K->789501K(848896K)] 1315105K->789501K(914944K) [PSPermGen: 5248K->5248K(21504K)], 0.1009030 secs] [Times: user=0.86 sys=0.06, real=0.10 secs] 
394.416: [Full GC [PSYoungGen: 34084K->0K(66048K)] [ParOldGen: 1281022K->789502K(849408K)] 1315106K->789502K(915456K) [PSPermGen: 5250K->5250K(21504K)], 0.1023200 secs] [Times: user=0.86 sys=0.06, real=0.10 secs] 
402.706: [Full GC [PSYoungGen: 34084K->0K(66048K)] [ParOldGen: 1281023K->789504K(849920K)] 1315107K->789504K(915968K) [PSPermGen: 5250K->5250K(21504K)], 0.1021350 secs] [Times: user=0.88 sys=0.05, real=0.11 secs] 
410.699: [Full GC [PSYoungGen: 34084K->0K(66048K)] [ParOldGen: 1281024K->789505K(850432K)] 1315108K->789505K(916480K) [PSPermGen: 5252K->5252K(21504K)], 0.1067280 secs] [Times: user=0.88 sys=0.07, real=0.10 secs] 
418.858: [Full GC [PSYoungGen: 34084K->0K(66048K)] [ParOldGen: 1281025K->789506K(850944K)] 1315109K->789506K(916992K) [PSPermGen: 5252K->5252K(21504K)], 0.1056490 secs] [Times: user=0.89 sys=0.06, real=0.11 secs] 
427.347: [Full GC [PSYoungGen: 34084K->0K(66048K)] [ParOldGen: 1281026K->789507K(851456K)] 1315111K->789507K(917504K) [PSPermGen: 5252K->5252K(21504K)], 0.1018650 secs] [Times: user=0.87 sys=0.06, real=0.10 secs] 
435.490: [Full GC [PSYoungGen: 33972K->0K(66048K)] [ParOldGen: 1281027K->657863K(720384K)] 1315000K->657863K(786432K) [PSPermGen: 5253K->5253K(21504K)], 0.1606020 secs] [Times: user=1.88 sys=0.07, real=0.16 secs] 
Heap
 PSYoungGen      total 66048K, used 55064K [0x00000000d8b00000, 0x00000000e0780000, 0x0000000100000000)
  eden space 61440K, 89% used [0x00000000d8b00000,0x00000000dc0c6378,0x00000000dc700000)
  from space 4608K, 0% used [0x00000000dc700000,0x00000000dc700000,0x00000000dcb80000)
  to   space 3072K, 0% used [0x00000000e0480000,0x00000000e0480000,0x00000000e0780000)
 ParOldGen       total 786944K, used 756167K [0x000000008a200000, 0x00000000ba280000, 0x00000000d8b00000)
  object space 786944K, 96% used [0x000000008a200000,0x00000000b8471c90,0x00000000ba280000)
 PSPermGen       total 21504K, used 12144K [0x0000000085000000, 0x0000000086500000, 0x000000008a200000)
  object space 21504K, 56% used [0x0000000085000000,0x0000000085bdc0d0,0x0000000086500000)
