52.050: [GC [PSYoungGen: 10934K->3603K(35840K)] 10934K->3611K(116224K), 0.0081890 secs] [Times: user=0.05 sys=0.00, real=0.01 secs] 
52.059: [Full GC [PSYoungGen: 3603K->0K(35840K)] [ParOldGen: 8K->3139K(80384K)] 3611K->3139K(116224K) [PSPermGen: 5167K->5165K(21504K)], 0.0240100 secs] [Times: user=0.10 sys=0.03, real=0.03 secs] 
52.083: [GC [PSYoungGen: 0K->0K(35840K)] 3139K->3139K(116224K), 0.0044370 secs] [Times: user=0.00 sys=0.02, real=0.00 secs] 
52.088: [Full GC [PSYoungGen: 0K->0K(35840K)] [ParOldGen: 3139K->3139K(80384K)] 3139K->3139K(116224K) [PSPermGen: 5165K->5165K(21504K)], 0.0102150 secs] [Times: user=0.06 sys=0.00, real=0.01 secs] 
72.873: [GC [PSYoungGen: 6281K->928K(35840K)] 1746125K->1740772K(1783296K), 0.0049930 secs] [Times: user=0.03 sys=0.01, real=0.01 secs] 
72.878: [GC [PSYoungGen: 928K->784K(35840K)] 1740772K->1740628K(1783296K), 0.0059220 secs] [Times: user=0.06 sys=0.00, real=0.01 secs] 
72.884: [Full GC [PSYoungGen: 784K->0K(35840K)] [ParOldGen: 1739844K->690715K(729088K)] 1740628K->690715K(764928K) [PSPermGen: 5214K->5214K(21504K)], 0.3282380 secs] [Times: user=1.87 sys=0.25, real=0.32 secs] 
91.352: [GC [PSYoungGen: 3332K->640K(35840K)] 1742624K->1739932K(1783296K), 0.0056070 secs] [Times: user=0.05 sys=0.00, real=0.01 secs] 
91.358: [GC [PSYoungGen: 640K->656K(66560K)] 1739932K->1739948K(1814016K), 0.0054820 secs] [Times: user=0.03 sys=0.01, real=0.01 secs] 
91.363: [Full GC [PSYoungGen: 656K->0K(66560K)] [ParOldGen: 1739292K->690696K(730112K)] 1739948K->690696K(796672K) [PSPermGen: 5216K->5216K(21504K)], 0.1476810 secs] [Times: user=0.54 sys=0.11, real=0.14 secs] 
109.324: [GC [PSYoungGen: 39377K->672K(66560K)] 1778650K->1739945K(1814016K), 0.0040410 secs] [Times: user=0.04 sys=0.01, real=0.00 secs] 
109.548: [GC-- [PSYoungGen: 33440K->33440K(66560K)] 1772713K->1772713K(1814016K), 0.0108000 secs] [Times: user=0.18 sys=0.02, real=0.01 secs] 
109.559: [Full GC [PSYoungGen: 33440K->0K(66560K)] [ParOldGen: 1739273K->756235K(796672K)] 1772713K->756235K(863232K) [PSPermGen: 5218K->5218K(21504K)], 0.1645570 secs] [Times: user=0.74 sys=0.13, real=0.17 secs] 
127.240: [GC [PSYoungGen: 36177K->624K(125952K)] 1775453K->1739900K(1873408K), 0.0143090 secs] [Times: user=0.04 sys=0.00, real=0.02 secs] 
127.728: [GC-- [PSYoungGen: 99487K->99487K(125952K)] 1838763K->1838763K(1873408K), 0.0052510 secs] [Times: user=0.05 sys=0.00, real=0.00 secs] 
127.733: [Full GC [PSYoungGen: 99487K->0K(125952K)] [ParOldGen: 1739275K->821774K(863232K)] 1838763K->821774K(989184K) [PSPermGen: 5218K->5218K(21504K)], 0.1569530 secs] [Times: user=0.98 sys=0.11, real=0.16 secs] 
128.390: [GC [PSYoungGen: 98863K->0K(125952K)] 920637K->920078K(1055744K), 0.0463490 secs] [Times: user=0.92 sys=0.07, real=0.05 secs] 
128.436: [Full GC [PSYoungGen: 0K->0K(125952K)] [ParOldGen: 920078K->920078K(1001984K)] 920078K->920078K(1127936K) [PSPermGen: 5218K->5218K(21504K)], 0.0155640 secs] [Times: user=0.06 sys=0.01, real=0.01 secs] 
129.359: [GC [PSYoungGen: 98863K->0K(237568K)] 1018941K->1018382K(1272832K), 0.0473750 secs] [Times: user=0.89 sys=0.13, real=0.05 secs] 
129.406: [Full GC [PSYoungGen: 0K->0K(237568K)] [ParOldGen: 1018382K->1018382K(1131520K)] 1018382K->1018382K(1369088K) [PSPermGen: 5218K->5218K(21504K)], 0.0174590 secs] [Times: user=0.09 sys=0.00, real=0.02 secs] 
136.639: [GC [PSYoungGen: 236905K->896K(242688K)] 1255287K->1215886K(1474048K), 0.0983510 secs] [Times: user=1.69 sys=0.46, real=0.10 secs] 
136.738: [Full GC [PSYoungGen: 896K->0K(242688K)] [ParOldGen: 1214990K->723471K(898560K)] 1215886K->723471K(1141248K) [PSPermGen: 5219K->5219K(21504K)], 0.0829940 secs] [Times: user=0.67 sys=0.05, real=0.08 secs] 
137.838: [GC [PSYoungGen: 231159K->0K(450560K)] 954630K->952847K(1415680K), 0.0687660 secs] [Times: user=1.41 sys=0.08, real=0.07 secs] 
137.906: [Full GC [PSYoungGen: 0K->0K(450560K)] [ParOldGen: 952847K->952847K(1191424K)] 952847K->952847K(1641984K) [PSPermGen: 5219K->5219K(21504K)], 0.0161160 secs] [Times: user=0.06 sys=0.01, real=0.02 secs] 
146.355: [GC [PSYoungGen: 434189K->976K(450560K)] 1387036K->1281503K(1741824K), 0.1184460 secs] [Times: user=1.64 sys=0.98, real=0.12 secs] 
146.474: [Full GC [PSYoungGen: 976K->0K(450560K)] [ParOldGen: 1280527K->854544K(1181184K)] 1281503K->854544K(1631744K) [PSPermGen: 5219K->5219K(21504K)], 0.0740860 secs] [Times: user=1.03 sys=0.01, real=0.07 secs] 
155.215: [GC [PSYoungGen: 431376K->912K(823296K)] 1285921K->1084832K(2004480K), 0.0255970 secs] [Times: user=0.48 sys=0.03, real=0.02 secs] 
155.241: [Full GC [PSYoungGen: 912K->0K(823296K)] [ParOldGen: 1083920K->756241K(1119232K)] 1084832K->756241K(1942528K) [PSPermGen: 5220K->5220K(21504K)], 0.0524200 secs] [Times: user=0.70 sys=0.02, real=0.06 secs] 
166.864: [GC [PSYoungGen: 792937K->976K(834048K)] 1549179K->1183201K(2019840K), 0.1184490 secs] [Times: user=2.49 sys=0.14, real=0.12 secs] 
166.982: [Full GC [PSYoungGen: 976K->0K(834048K)] [ParOldGen: 1182225K->952850K(1417728K)] 1183201K->952850K(2251776K) [PSPermGen: 5224K->5224K(21504K)], 0.0744450 secs] [Times: user=1.33 sys=0.00, real=0.07 secs] 
181.754: [GC [PSYoungGen: 823572K->928K(871424K)] 1776423K->1215923K(2289152K), 0.0833570 secs] [Times: user=1.77 sys=0.07, real=0.08 secs] 
181.838: [Full GC [PSYoungGen: 928K->0K(871424K)] [ParOldGen: 1214995K->788984K(1276416K)] 1215923K->788984K(2147840K) [PSPermGen: 5224K->5224K(21504K)], 0.0512950 secs] [Times: user=0.83 sys=0.02, real=0.05 secs] 
190.775: [GC-- [PSYoungGen: 847581K->847581K(871424K)] 1636565K->2586837K(2618880K), 1.0668520 secs] [Times: user=13.83 sys=10.19, real=1.07 secs] 
191.842: [Full GC [PSYoungGen: 847581K->0K(871424K)] [ParOldGen: 1739256K->592404K(1082880K)] 2586837K->592404K(1954304K) [PSPermGen: 5245K->5245K(21504K)], 0.6151080 secs] [Times: user=1.92 sys=0.52, real=0.61 secs] 
201.653: [GC [PSYoungGen: 862101K->1072K(871424K)] 1454506K->986693K(1954304K), 0.0424460 secs] [Times: user=0.85 sys=0.01, real=0.05 secs] 
201.696: [Full GC [PSYoungGen: 1072K->0K(871424K)] [ParOldGen: 985620K->920090K(1476608K)] 986693K->920090K(2348032K) [PSPermGen: 5245K->5245K(21504K)], 0.0700570 secs] [Times: user=1.22 sys=0.01, real=0.07 secs] 
217.570: [GC [PSYoungGen: 858627K->848K(870400K)] 1778717K->1117546K(2347008K), 0.1772470 secs] [Times: user=3.71 sys=0.22, real=0.18 secs] 
217.747: [Full GC [PSYoungGen: 848K->0K(870400K)] [ParOldGen: 1116698K->723484K(1260544K)] 1117546K->723484K(2130944K) [PSPermGen: 5245K->5245K(21504K)], 0.0473440 secs] [Times: user=0.64 sys=0.02, real=0.05 secs] 
232.726: [GC [PSYoungGen: 856343K->704K(870912K)] 1579828K->724188K(2131456K), 0.0047040 secs] [Times: user=0.03 sys=0.00, real=0.00 secs] 
242.469: [GC [PSYoungGen: 855547K->1024K(871936K)] 1579032K->1052212K(2132480K), 0.0360930 secs] [Times: user=0.73 sys=0.01, real=0.04 secs] 
242.505: [Full GC [PSYoungGen: 1024K->0K(871936K)] [ParOldGen: 1051188K->854560K(1426432K)] 1052212K->854560K(2298368K) [PSPermGen: 5246K->5246K(21504K)], 0.0596680 secs] [Times: user=1.02 sys=0.01, real=0.06 secs] 
257.234: [GC [PSYoungGen: 856007K->880K(871936K)] 1710568K->986512K(2298368K), 0.0218400 secs] [Times: user=0.41 sys=0.02, real=0.02 secs] 
257.256: [Full GC [PSYoungGen: 880K->0K(871936K)] [ParOldGen: 985632K->657954K(1207808K)] 986512K->657954K(2079744K) [PSPermGen: 5246K->5246K(21504K)], 0.0338510 secs] [Times: user=0.41 sys=0.01, real=0.03 secs] 
268.262: [GC [PSYoungGen: 853481K->1056K(871936K)] 1511435K->1117762K(2079744K), 0.0488770 secs] [Times: user=1.04 sys=0.01, real=0.04 secs] 
268.311: [Full GC [PSYoungGen: 1056K->0K(871936K)] [ParOldGen: 1116706K->985635K(1617920K)] 1117762K->985635K(2489856K) [PSPermGen: 5246K->5246K(21504K)], 0.0805530 secs] [Times: user=1.40 sys=0.02, real=0.08 secs] 
282.766: [GC [PSYoungGen: 854582K->896K(871936K)] 1840217K->1248675K(2489856K), 0.1261460 secs] [Times: user=2.45 sys=0.34, real=0.12 secs] 
282.892: [Full GC [PSYoungGen: 896K->0K(871936K)] [ParOldGen: 1247779K->789029K(1415168K)] 1248675K->789029K(2287104K) [PSPermGen: 5246K->5246K(21504K)], 0.0528030 secs] [Times: user=0.83 sys=0.02, real=0.06 secs] 
297.780: [GC [PSYoungGen: 854604K->800K(871936K)] 1643633K->855365K(2287104K), 0.0269240 secs] [Times: user=0.54 sys=0.01, real=0.03 secs] 
308.158: [GC [PSYoungGen: 854094K->1104K(871936K)] 1708659K->1248925K(2287104K), 0.0533920 secs] [Times: user=1.10 sys=0.03, real=0.05 secs] 
308.212: [Full GC [PSYoungGen: 1104K->0K(871936K)] [ParOldGen: 1247821K->920105K(1583104K)] 1248925K->920105K(2455040K) [PSPermGen: 5247K->5247K(21504K)], 0.0751630 secs] [Times: user=1.29 sys=0.01, real=0.08 secs] 
322.727: [GC [PSYoungGen: 854697K->960K(871936K)] 1774802K->1117673K(2455040K), 0.0225920 secs] [Times: user=0.42 sys=0.02, real=0.02 secs] 
322.750: [Full GC [PSYoungGen: 960K->0K(871936K)] [ParOldGen: 1116713K->723499K(1359872K)] 1117673K->723499K(2231808K) [PSPermGen: 5247K->5247K(21504K)], 0.0431260 secs] [Times: user=0.62 sys=0.01, real=0.05 secs] 
336.702: [GC [PSYoungGen: 854431K->704K(832000K)] 1577930K->789739K(2191872K), 0.0120530 secs] [Times: user=0.20 sys=0.00, real=0.01 secs] 
347.773: [GC [PSYoungGen: 821388K->944K(794624K)] 1610423K->1084915K(2154496K), 0.0316730 secs] [Times: user=0.63 sys=0.02, real=0.03 secs] 
347.805: [Full GC [PSYoungGen: 944K->0K(794624K)] [ParOldGen: 1083971K->821806K(1452544K)] 1084915K->821806K(2247168K) [PSPermGen: 5248K->5248K(21504K)], 0.0550040 secs] [Times: user=0.93 sys=0.01, real=0.05 secs] 
361.095: [GC [PSYoungGen: 788900K->848K(759296K)] 1610707K->920958K(2211840K), 0.0295390 secs] [Times: user=0.59 sys=0.01, real=0.03 secs] 
371.828: [GC [PSYoungGen: 755981K->960K(725504K)] 1676092K->1183214K(2178048K), 0.0286420 secs] [Times: user=0.59 sys=0.02, real=0.03 secs] 
371.857: [Full GC [PSYoungGen: 960K->0K(725504K)] [ParOldGen: 1182254K->789042K(1397248K)] 1183214K->789042K(2122752K) [PSPermGen: 5248K->5248K(21504K)], 0.0519390 secs] [Times: user=0.82 sys=0.00, real=0.05 secs] 
382.193: [GC [PSYoungGen: 722453K->1008K(693760K)] 1511496K->1150498K(2091008K), 0.0392470 secs] [Times: user=0.80 sys=0.01, real=0.04 secs] 
382.232: [Full GC [PSYoungGen: 1008K->0K(693760K)] [ParOldGen: 1149490K->887348K(1523200K)] 1150498K->887348K(2216960K) [PSPermGen: 5248K->5248K(21504K)], 0.0621790 secs] [Times: user=1.11 sys=0.02, real=0.07 secs] 
394.842: [GC [PSYoungGen: 690411K->832K(663552K)] 1577759K->1019252K(2186752K), 0.0167650 secs] [Times: user=0.31 sys=0.00, real=0.01 secs] 
394.859: [Full GC [PSYoungGen: 832K->0K(663552K)] [ParOldGen: 1018420K->657974K(1275392K)] 1019252K->657974K(1938944K) [PSPermGen: 5250K->5250K(21504K)], 0.0367710 secs] [Times: user=0.44 sys=0.01, real=0.04 secs] 
404.064: [GC [PSYoungGen: 656675K->960K(634880K)] 1314650K->921078K(1910272K), 0.0384140 secs] [Times: user=0.77 sys=0.02, real=0.04 secs] 
404.102: [Full GC [PSYoungGen: 960K->0K(634880K)] [ParOldGen: 920118K->789047K(1394688K)] 921078K->789047K(2029568K) [PSPermGen: 5250K->5250K(21504K)], 0.0481380 secs] [Times: user=0.78 sys=0.01, real=0.04 secs] 
412.884: [GC [PSYoungGen: 623988K->992K(607232K)] 1413036K->1117719K(2001920K), 0.0388850 secs] [Times: user=0.80 sys=0.01, real=0.04 secs] 
412.923: [Full GC [PSYoungGen: 992K->0K(607232K)] [ParOldGen: 1116727K->854584K(1472000K)] 1117719K->854584K(2079232K) [PSPermGen: 5252K->5252K(21504K)], 0.0584160 secs] [Times: user=1.06 sys=0.01, real=0.06 secs] 
421.884: [GC [PSYoungGen: 591301K->960K(581120K)] 1445886K->1183225K(2053120K), 0.0434210 secs] [Times: user=0.93 sys=0.01, real=0.04 secs] 
421.927: [Full GC [PSYoungGen: 960K->0K(581120K)] [ParOldGen: 1182264K->854586K(1479680K)] 1183225K->854586K(2060800K) [PSPermGen: 5252K->5252K(21504K)], 0.0633770 secs] [Times: user=1.06 sys=0.01, real=0.06 secs] 
430.227: [GC [PSYoungGen: 558372K->1072K(556544K)] 1412958K->1216106K(2036224K), 0.0404360 secs] [Times: user=0.83 sys=0.01, real=0.04 secs] 
430.268: [Full GC [PSYoungGen: 1072K->0K(556544K)] [ParOldGen: 1215034K->887355K(1540096K)] 1216106K->887355K(2096640K) [PSPermGen: 5252K->5252K(21504K)], 0.0725330 secs] [Times: user=1.22 sys=0.02, real=0.07 secs] 
Heap
 PSYoungGen      total 556544K, used 519369K [0x00000007caa80000, 0x00000007ffa80000, 0x0000000800000000)
  eden space 555008K, 93% used [0x00000007caa80000,0x00000007ea5b2748,0x00000007ec880000)
  from space 1536K, 0% used [0x00000007ff900000,0x00000007ff900000,0x00000007ffa80000)
  to   space 1536K, 0% used [0x00000007ff780000,0x00000007ff780000,0x00000007ff900000)
 ParOldGen       total 1540096K, used 887355K [0x0000000760000000, 0x00000007be000000, 0x00000007caa80000)
  object space 1540096K, 57% used [0x0000000760000000,0x000000079628ece0,0x00000007be000000)
 PSPermGen       total 21504K, used 12150K [0x000000075ae00000, 0x000000075c300000, 0x0000000760000000)
  object space 21504K, 56% used [0x000000075ae00000,0x000000075b9ddbd8,0x000000075c300000)
