50.925: [GC [PSYoungGen: 10309K->3642K(35840K)] 10309K->3650K(116224K), 0.0090130 secs] [Times: user=0.02 sys=0.04, real=0.00 secs] 
50.934: [Full GC [PSYoungGen: 3642K->0K(35840K)] [ParOldGen: 8K->3139K(80384K)] 3650K->3139K(116224K) [PSPermGen: 5167K->5165K(21504K)], 0.0244070 secs] [Times: user=0.10 sys=0.03, real=0.03 secs] 
50.958: [GC [PSYoungGen: 0K->0K(35840K)] 3139K->3139K(116224K), 0.0046170 secs] [Times: user=0.00 sys=0.02, real=0.01 secs] 
50.963: [Full GC [PSYoungGen: 0K->0K(35840K)] [ParOldGen: 3139K->3139K(80384K)] 3139K->3139K(116224K) [PSPermGen: 5165K->5165K(21504K)], 0.0124860 secs] [Times: user=0.02 sys=0.05, real=0.01 secs] 
55.360: [GC [PSYoungGen: 6040K->912K(35840K)] 697308K->692179K(734720K), 0.0032260 secs] [Times: user=0.03 sys=0.00, real=0.01 secs] 
55.363: [GC [PSYoungGen: 912K->720K(35840K)] 692179K->691987K(734720K), 0.0046360 secs] [Times: user=0.02 sys=0.00, real=0.00 secs] 
55.368: [Full GC [PSYoungGen: 720K->0K(35840K)] [ParOldGen: 691267K->690708K(698880K)] 691987K->690708K(734720K) [PSPermGen: 5203K->5203K(21504K)], 0.1293790 secs] [Times: user=1.93 sys=0.05, real=0.13 secs] 
55.497: [GC [PSYoungGen: 0K->0K(35840K)] 690708K->690708K(734720K), 0.0054940 secs] [Times: user=0.02 sys=0.01, real=0.01 secs] 
55.503: [Full GC [PSYoungGen: 0K->0K(35840K)] [ParOldGen: 690708K->689641K(698880K)] 690708K->689641K(734720K) [PSPermGen: 5203K->5200K(21504K)], 0.0943370 secs] [Times: user=1.75 sys=0.04, real=0.09 secs] 
55.610: [GC [PSYoungGen: 208K->160K(43008K)] 689849K->689801K(741888K), 0.0047700 secs] [Times: user=0.02 sys=0.00, real=0.01 secs] 
55.636: [GC-- [PSYoungGen: 33211K->33211K(43008K)] 722852K->722852K(741888K), 0.0047540 secs] [Times: user=0.03 sys=0.00, real=0.00 secs] 
55.641: [Full GC [PSYoungGen: 33211K->32822K(43008K)] [ParOldGen: 689641K->689637K(698880K)] 722852K->722459K(741888K) [PSPermGen: 5200K->5200K(21504K)], 0.0152900 secs] [Times: user=0.06 sys=0.00, real=0.02 secs] 
55.656: [GC-- [PSYoungGen: 32822K->32822K(43008K)] 722459K->722459K(741888K), 0.0034400 secs] [Times: user=0.04 sys=0.00, real=0.00 secs] 
55.660: [Full GC [PSYoungGen: 32822K->32822K(43008K)] [ParOldGen: 689637K->689637K(698880K)] 722459K->722459K(741888K) [PSPermGen: 5200K->5200K(21504K)], 0.0142390 secs] [Times: user=0.06 sys=0.00, real=0.02 secs] 
55.682: [GC-- [PSYoungGen: 33251K->33251K(43008K)] 722888K->722888K(741888K), 0.0075710 secs] [Times: user=0.10 sys=0.00, real=0.00 secs] 
55.690: [Full GC [PSYoungGen: 33251K->32828K(43008K)] [ParOldGen: 689637K->689637K(698880K)] 722888K->722465K(741888K) [PSPermGen: 5200K->5200K(21504K)], 0.0133250 secs] [Times: user=0.05 sys=0.02, real=0.02 secs] 
55.703: [GC-- [PSYoungGen: 32828K->32828K(43008K)] 722465K->722465K(741888K), 0.0050290 secs] [Times: user=0.02 sys=0.01, real=0.00 secs] 
55.708: [Full GC [PSYoungGen: 32828K->32828K(43008K)] [ParOldGen: 689637K->689637K(698880K)] 722465K->722465K(741888K) [PSPermGen: 5200K->5200K(21504K)], 0.0127600 secs] [Times: user=0.06 sys=0.00, real=0.01 secs] 
55.804: [GC-- [PSYoungGen: 33660K->33660K(43008K)] 723297K->723297K(741888K), 0.0081890 secs] [Times: user=0.11 sys=0.00, real=0.00 secs] 
55.813: [Full GC [PSYoungGen: 33660K->32927K(43008K)] [ParOldGen: 689637K->689618K(698880K)] 723297K->722546K(741888K) [PSPermGen: 5229K->5229K(21504K)], 0.0881940 secs] [Times: user=1.69 sys=0.00, real=0.09 secs] 
55.901: [GC-- [PSYoungGen: 32927K->32927K(43008K)] 722546K->722546K(741888K), 0.0048340 secs] [Times: user=0.04 sys=0.00, real=0.01 secs] 
55.906: [Full GC [PSYoungGen: 32927K->32859K(43008K)] [ParOldGen: 689618K->689618K(698880K)] 722546K->722477K(741888K) [PSPermGen: 5229K->5229K(21504K)], 0.0122620 secs] [Times: user=0.04 sys=0.01, real=0.01 secs] 
55.921: [GC-- [PSYoungGen: 33142K->33142K(43008K)] 722761K->722769K(741888K), 0.0063190 secs] [Times: user=0.04 sys=0.00, real=0.01 secs] 
55.927: [Full GC [PSYoungGen: 33142K->32856K(43008K)] [ParOldGen: 689626K->689618K(698880K)] 722769K->722474K(741888K) [PSPermGen: 5229K->5229K(21504K)], 0.0131170 secs] [Times: user=0.04 sys=0.01, real=0.01 secs] 
55.940: [GC-- [PSYoungGen: 32856K->32856K(43008K)] 722474K->722490K(741888K), 0.0062060 secs] [Times: user=0.04 sys=0.00, real=0.01 secs] 
55.947: [Full GC [PSYoungGen: 32856K->32856K(43008K)] [ParOldGen: 689634K->689618K(698880K)] 722490K->722474K(741888K) [PSPermGen: 5229K->5229K(21504K)], 0.0138640 secs] [Times: user=0.05 sys=0.01, real=0.01 secs] 
55.961: [GC-- [PSYoungGen: 33139K->33139K(43008K)] 722758K->722758K(741888K), 0.0058000 secs] [Times: user=0.03 sys=0.01, real=0.01 secs] 
55.967: [Full GC [PSYoungGen: 33139K->32856K(43008K)] [ParOldGen: 689618K->689618K(698880K)] 722758K->722474K(741888K) [PSPermGen: 5229K->5229K(21504K)], 0.0130550 secs] [Times: user=0.04 sys=0.02, real=0.01 secs] 
55.980: [GC-- [PSYoungGen: 32856K->32856K(43008K)] 722474K->722474K(741888K), 0.0051160 secs] [Times: user=0.04 sys=0.00, real=0.01 secs] 
55.985: [Full GC [PSYoungGen: 32856K->32856K(43008K)] [ParOldGen: 689618K->689618K(698880K)] 722474K->722474K(741888K) [PSPermGen: 5229K->5229K(21504K)], 0.0143090 secs] [Times: user=0.06 sys=0.00, real=0.01 secs] 
56.076: [GC-- [PSYoungGen: 33430K->33430K(43008K)] 723049K->723049K(741888K), 0.0056770 secs] [Times: user=0.06 sys=0.00, real=0.00 secs] 
56.081: [Full GC [PSYoungGen: 33430K->32941K(43008K)] [ParOldGen: 689618K->689618K(698880K)] 723049K->722560K(741888K) [PSPermGen: 5230K->5230K(21504K)], 0.0862350 secs] [Times: user=1.63 sys=0.01, real=0.09 secs] 
56.168: [GC-- [PSYoungGen: 32941K->32941K(43008K)] 722560K->722688K(741888K), 0.0070550 secs] [Times: user=0.06 sys=0.00, real=0.01 secs] 
56.175: [Full GC [PSYoungGen: 32941K->32854K(43008K)] [ParOldGen: 689746K->689705K(698880K)] 722688K->722560K(741888K) [PSPermGen: 5230K->5230K(21504K)], 0.0152200 secs] [Times: user=0.04 sys=0.02, real=0.01 secs] 
56.284: [GC-- [PSYoungGen: 33137K->33137K(43008K)] 722843K->722859K(741888K), 0.0061440 secs] [Times: user=0.05 sys=0.00, real=0.00 secs] 
56.290: [Full GC [PSYoungGen: 33137K->32883K(43008K)] [ParOldGen: 689721K->689705K(698880K)] 722859K->722588K(741888K) [PSPermGen: 5230K->5230K(21504K)], 0.0143100 secs] [Times: user=0.04 sys=0.02, real=0.02 secs] 
56.305: [GC-- [PSYoungGen: 32883K->32883K(43008K)] 722588K->722596K(741888K), 0.0050170 secs] [Times: user=0.04 sys=0.00, real=0.00 secs] 
56.310: [Full GC [PSYoungGen: 32883K->32883K(43008K)] [ParOldGen: 689713K->689705K(698880K)] 722596K->722588K(741888K) [PSPermGen: 5230K->5230K(21504K)], 0.0140250 secs] [Times: user=0.04 sys=0.03, real=0.02 secs] 
56.344: [GC-- [PSYoungGen: 33166K->33166K(43008K)] 722872K->722880K(741888K), 0.0070550 secs] [Times: user=0.09 sys=0.01, real=0.00 secs] 
56.351: [Full GC [PSYoungGen: 33166K->32911K(43008K)] [ParOldGen: 689713K->689705K(698880K)] 722880K->722617K(741888K) [PSPermGen: 5230K->5230K(21504K)], 0.0144920 secs] [Times: user=0.05 sys=0.01, real=0.02 secs] 
56.366: [GC-- [PSYoungGen: 32911K->32911K(43008K)] 722617K->722633K(741888K), 0.0045580 secs] [Times: user=0.03 sys=0.01, real=0.00 secs] 
56.371: [Full GC [PSYoungGen: 32911K->32911K(43008K)] [ParOldGen: 689721K->689705K(698880K)] 722633K->722617K(741888K) [PSPermGen: 5230K->5230K(21504K)], 0.0139700 secs] [Times: user=0.04 sys=0.02, real=0.02 secs] 
56.385: [GC-- [PSYoungGen: 33195K->33195K(43008K)] 722900K->722900K(741888K), 0.0041760 secs] [Times: user=0.03 sys=0.01, real=0.00 secs] 
56.390: [Full GC [PSYoungGen: 33195K->32911K(43008K)] [ParOldGen: 689705K->689705K(698880K)] 722900K->722617K(741888K) [PSPermGen: 5230K->5230K(21504K)], 0.0129430 secs] [Times: user=0.06 sys=0.00, real=0.02 secs] 
56.403: [GC-- [PSYoungGen: 32911K->32911K(43008K)] 722617K->722729K(741888K), 0.0055300 secs] [Times: user=0.02 sys=0.01, real=0.00 secs] 
56.408: [Full GC [PSYoungGen: 32911K->32825K(43008K)] [ParOldGen: 689817K->689791K(698880K)] 722729K->722617K(741888K) [PSPermGen: 5230K->5230K(21504K)], 0.0138650 secs] [Times: user=0.06 sys=0.00, real=0.02 secs] 
60.748: [GC-- [PSYoungGen: 34388K->34388K(43008K)] 724179K->724179K(741888K), 0.0058000 secs] [Times: user=0.06 sys=0.00, real=0.01 secs] 
60.754: [Full GC [PSYoungGen: 34388K->0K(43008K)] [ParOldGen: 689791K->558846K(596992K)] 724179K->558846K(640000K) [PSPermGen: 5240K->5240K(21504K)], 0.0255210 secs] [Times: user=0.08 sys=0.03, real=0.02 secs] 
61.028: [GC-- [PSYoungGen: 33334K->33334K(43008K)] 723253K->723253K(741888K), 0.0050870 secs] [Times: user=0.03 sys=0.00, real=0.00 secs] 
61.033: [Full GC [PSYoungGen: 33334K->0K(43008K)] [ParOldGen: 689918K->657122K(695296K)] 723253K->657122K(738304K) [PSPermGen: 5240K->5240K(21504K)], 0.0849050 secs] [Times: user=1.66 sys=0.00, real=0.09 secs] 
61.131: [GC-- [PSYoungGen: 32768K->32768K(43008K)] 722658K->722658K(741888K), 0.0056520 secs] [Times: user=0.02 sys=0.01, real=0.01 secs] 
61.136: [Full GC [PSYoungGen: 32768K->32768K(43008K)] [ParOldGen: 689890K->689879K(698880K)] 722658K->722647K(741888K) [PSPermGen: 5240K->5240K(21504K)], 0.0701920 secs] [Times: user=1.38 sys=0.01, real=0.07 secs] 
61.207: [GC-- [PSYoungGen: 32768K->32768K(43008K)] 722647K->722647K(741888K), 0.0047790 secs] [Times: user=0.03 sys=0.01, real=0.00 secs] 
61.211: [Full GC [PSYoungGen: 32768K->32768K(43008K)] [ParOldGen: 689879K->689879K(698880K)] 722647K->722647K(741888K) [PSPermGen: 5240K->5240K(21504K)], 0.0338240 secs] [Times: user=0.48 sys=0.02, real=0.04 secs] 
61.349: [GC-- [PSYoungGen: 32913K->32913K(43008K)] 722792K->722792K(741888K), 0.0075820 secs] [Times: user=0.10 sys=0.00, real=0.01 secs] 
61.357: [Full GC [PSYoungGen: 32913K->0K(43008K)] [ParOldGen: 689879K->689822K(698880K)] 722792K->689822K(741888K) [PSPermGen: 5240K->5240K(21504K)], 0.0644990 secs] [Times: user=1.15 sys=0.02, real=0.06 secs] 
61.584: [GC-- [PSYoungGen: 32768K->32768K(43008K)] 722590K->722590K(741888K), 0.0048770 secs] [Times: user=0.03 sys=0.00, real=0.00 secs] 
61.589: [Full GC [PSYoungGen: 32768K->32768K(43008K)] [ParOldGen: 689822K->689822K(698880K)] 722590K->722590K(741888K) [PSPermGen: 5240K->5240K(21504K)], 0.0126970 secs] [Times: user=0.06 sys=0.00, real=0.01 secs] 
61.601: [GC-- [PSYoungGen: 32768K->32768K(43008K)] 722590K->722590K(741888K), 0.0048260 secs] [Times: user=0.04 sys=0.01, real=0.01 secs] 
61.606: [Full GC [PSYoungGen: 32768K->32768K(43008K)] [ParOldGen: 689822K->689822K(698880K)] 722590K->722590K(741888K) [PSPermGen: 5240K->5240K(21504K)], 0.0130110 secs] [Times: user=0.05 sys=0.00, real=0.01 secs] 
63.820: [GC-- [PSYoungGen: 32913K->32913K(43008K)] 722735K->722735K(741888K), 0.0077060 secs] [Times: user=0.10 sys=0.02, real=0.01 secs] 
63.828: [Full GC [PSYoungGen: 32913K->0K(43008K)] [ParOldGen: 689822K->689764K(698880K)] 722735K->689764K(741888K) [PSPermGen: 5240K->5240K(21504K)], 0.0483600 secs] [Times: user=0.79 sys=0.01, real=0.05 secs] 
64.081: [GC-- [PSYoungGen: 32768K->32768K(43008K)] 722532K->722532K(741888K), 0.0047920 secs] [Times: user=0.03 sys=0.01, real=0.01 secs] 
64.086: [Full GC [PSYoungGen: 32768K->32768K(43008K)] [ParOldGen: 689764K->689764K(698880K)] 722532K->722532K(741888K) [PSPermGen: 5240K->5240K(21504K)], 0.0148750 secs] [Times: user=0.04 sys=0.02, real=0.01 secs] 
64.101: [GC-- [PSYoungGen: 32768K->32768K(43008K)] 722532K->722532K(741888K), 0.0052900 secs] [Times: user=0.05 sys=0.00, real=0.01 secs] 
64.106: [Full GC [PSYoungGen: 32768K->32768K(43008K)] [ParOldGen: 689764K->689764K(698880K)] 722532K->722532K(741888K) [PSPermGen: 5240K->5240K(21504K)], 0.0141270 secs] [Times: user=0.05 sys=0.02, real=0.01 secs] 
64.241: [GC-- [PSYoungGen: 32913K->32913K(43008K)] 722678K->722678K(741888K), 0.0056070 secs] [Times: user=0.08 sys=0.01, real=0.01 secs] 
64.247: [Full GC [PSYoungGen: 32913K->0K(43008K)] [ParOldGen: 689764K->689735K(698880K)] 722678K->689735K(741888K) [PSPermGen: 5240K->5240K(21504K)], 0.0535390 secs] [Times: user=0.92 sys=0.01, real=0.05 secs] 
64.780: [GC-- [PSYoungGen: 32768K->32768K(43008K)] 722503K->722503K(741888K), 0.0043870 secs] [Times: user=0.03 sys=0.00, real=0.01 secs] 
64.785: [Full GC [PSYoungGen: 32768K->32768K(43008K)] [ParOldGen: 689735K->689735K(698880K)] 722503K->722503K(741888K) [PSPermGen: 5240K->5240K(21504K)], 0.0134480 secs] [Times: user=0.06 sys=0.00, real=0.01 secs] 
64.798: [GC-- [PSYoungGen: 32768K->32768K(43008K)] 722503K->722503K(741888K), 0.0045260 secs] [Times: user=0.03 sys=0.00, real=0.01 secs] 
64.803: [Full GC [PSYoungGen: 32768K->32768K(43008K)] [ParOldGen: 689735K->689735K(698880K)] 722503K->722503K(741888K) [PSPermGen: 5240K->5240K(21504K)], 0.0150980 secs] [Times: user=0.06 sys=0.00, real=0.01 secs] 
65.046: [GC-- [PSYoungGen: 33250K->33250K(43008K)] 722985K->722985K(741888K), 0.0032910 secs] [Times: user=0.04 sys=0.01, real=0.00 secs] 
65.049: [Full GC [PSYoungGen: 33250K->0K(43008K)] [ParOldGen: 689735K->492937K(532480K)] 722985K->492937K(575488K) [PSPermGen: 5240K->5240K(21504K)], 0.0875890 secs] [Times: user=1.29 sys=0.01, real=0.09 secs] 
67.057: [GC [PSYoungGen: 42496K->3124K(54272K)] 535433K->496061K(586752K), 0.0079470 secs] [Times: user=0.04 sys=0.01, real=0.01 secs] 
Heap
 PSYoungGen      total 54272K, used 14470K [0x00000000eaa80000, 0x00000000eea80000, 0x0000000100000000)
  eden space 49664K, 22% used [0x00000000eaa80000,0x00000000eb594980,0x00000000edb00000)
  from space 4608K, 67% used [0x00000000ee180000,0x00000000ee48d140,0x00000000ee600000)
  to   space 4608K, 0% used [0x00000000ee600000,0x00000000ee600000,0x00000000eea80000)
 ParOldGen       total 532480K, used 492937K [0x00000000c0000000, 0x00000000e0800000, 0x00000000eaa80000)
  object space 532480K, 92% used [0x00000000c0000000,0x00000000de1624a0,0x00000000e0800000)
 PSPermGen       total 21504K, used 12060K [0x00000000bae00000, 0x00000000bc300000, 0x00000000c0000000)
  object space 21504K, 56% used [0x00000000bae00000,0x00000000bb9c70a0,0x00000000bc300000)
