53.313: [GC [PSYoungGen: 10309K->3594K(35840K)] 10309K->3602K(116224K), 0.0074870 secs] [Times: user=0.06 sys=0.00, real=0.01 secs] 
53.321: [Full GC [PSYoungGen: 3594K->0K(35840K)] [ParOldGen: 8K->3139K(80384K)] 3602K->3139K(116224K) [PSPermGen: 5166K->5164K(21504K)], 0.0238730 secs] [Times: user=0.14 sys=0.00, real=0.03 secs] 
53.345: [GC [PSYoungGen: 0K->0K(35840K)] 3139K->3139K(116224K), 0.0063590 secs] [Times: user=0.03 sys=0.00, real=0.00 secs] 
53.351: [Full GC [PSYoungGen: 0K->0K(35840K)] [ParOldGen: 3139K->3139K(80384K)] 3139K->3139K(116224K) [PSPermGen: 5164K->5164K(21504K)], 0.0145440 secs] [Times: user=0.06 sys=0.00, real=0.02 secs] 
68.702: [GC [PSYoungGen: 6040K->880K(35840K)] 1287132K->1281971K(1323008K), 0.0033800 secs] [Times: user=0.03 sys=0.00, real=0.01 secs] 
68.706: [GC [PSYoungGen: 880K->624K(35840K)] 1281971K->1281715K(1323008K), 0.0043180 secs] [Times: user=0.03 sys=0.01, real=0.00 secs] 
68.710: [Full GC [PSYoungGen: 624K->0K(35840K)] [ParOldGen: 1281091K->756250K(794624K)] 1281715K->756250K(830464K) [PSPermGen: 5212K->5212K(21504K)], 0.3166570 secs] [Times: user=2.49 sys=0.24, real=0.32 secs] 
80.125: [GC [PSYoungGen: 3332K->592K(35840K)] 1283871K->1281130K(1323008K), 0.0057520 secs] [Times: user=0.06 sys=0.00, real=0.00 secs] 
80.130: [GC [PSYoungGen: 592K->656K(66048K)] 1281130K->1281194K(1353216K), 0.0055540 secs] [Times: user=0.03 sys=0.01, real=0.01 secs] 
80.136: [Full GC [PSYoungGen: 656K->0K(66048K)] [ParOldGen: 1280538K->756230K(796160K)] 1281194K->756230K(862208K) [PSPermGen: 5214K->5214K(21504K)], 0.1154950 secs] [Times: user=0.83 sys=0.07, real=0.11 secs] 
90.706: [GC [PSYoungGen: 39322K->656K(66048K)] 1319841K->1281175K(1353216K), 0.0057250 secs] [Times: user=0.03 sys=0.01, real=0.00 secs] 
90.712: [Full GC [PSYoungGen: 656K->0K(66048K)] [ParOldGen: 1280518K->788999K(829952K)] 1281175K->788999K(896000K) [PSPermGen: 5214K->5214K(21504K)], 0.1264500 secs] [Times: user=0.96 sys=0.08, real=0.13 secs] 
101.217: [Full GC [PSYoungGen: 36148K->0K(66048K)] [ParOldGen: 1280520K->789001K(830464K)] 1316668K->789001K(896512K) [PSPermGen: 5215K->5215K(21504K)], 0.1173950 secs] [Times: user=0.87 sys=0.06, real=0.11 secs] 
111.686: [Full GC [PSYoungGen: 35005K->0K(66048K)] [ParOldGen: 1280521K->789002K(830976K)] 1315527K->789002K(897024K) [PSPermGen: 5215K->5215K(21504K)], 0.1057250 secs] [Times: user=0.87 sys=0.08, real=0.10 secs] 
121.992: [Full GC [PSYoungGen: 34250K->0K(66048K)] [ParOldGen: 1280522K->789003K(831488K)] 1314772K->789003K(897536K) [PSPermGen: 5216K->5216K(21504K)], 0.1312840 secs] [Times: user=0.97 sys=0.06, real=0.14 secs] 
132.190: [Full GC [PSYoungGen: 34135K->0K(66048K)] [ParOldGen: 1280523K->789004K(832000K)] 1314658K->789004K(898048K) [PSPermGen: 5218K->5218K(21504K)], 0.1007980 secs] [Times: user=0.84 sys=0.07, real=0.10 secs] 
142.259: [Full GC [PSYoungGen: 34433K->0K(66048K)] [ParOldGen: 1280524K->789006K(832512K)] 1314958K->789006K(898560K) [PSPermGen: 5218K->5218K(21504K)], 0.1010040 secs] [Times: user=0.82 sys=0.06, real=0.10 secs] 
152.701: [Full GC [PSYoungGen: 34104K->0K(66048K)] [ParOldGen: 1280526K->789007K(833024K)] 1314630K->789007K(899072K) [PSPermGen: 5218K->5218K(21504K)], 0.1380630 secs] [Times: user=1.05 sys=0.07, real=0.14 secs] 
163.553: [Full GC [PSYoungGen: 34084K->0K(66048K)] [ParOldGen: 1280527K->789008K(833536K)] 1314612K->789008K(899584K) [PSPermGen: 5219K->5219K(21504K)], 0.2347600 secs] [Times: user=1.23 sys=0.08, real=0.24 secs] 
173.555: [Full GC [PSYoungGen: 34179K->0K(66048K)] [ParOldGen: 1280528K->789009K(834048K)] 1314707K->789009K(900096K) [PSPermGen: 5219K->5219K(21504K)], 0.1273420 secs] [Times: user=0.97 sys=0.07, real=0.12 secs] 
183.678: [Full GC [PSYoungGen: 34088K->0K(66048K)] [ParOldGen: 1280529K->756213K(801792K)] 1314618K->756213K(867840K) [PSPermGen: 5219K->5219K(21504K)], 0.1528130 secs] [Times: user=1.20 sys=0.08, real=0.15 secs] 
188.746: [Full GC [PSYoungGen: 35621K->0K(66048K)] [ParOldGen: 1280501K->330257K(376320K)] 1316122K->330257K(442368K) [PSPermGen: 5243K->5243K(21504K)], 0.1909220 secs] [Times: user=1.16 sys=0.14, real=0.19 secs] 
202.976: [Full GC [PSYoungGen: 34110K->0K(66048K)] [ParOldGen: 1280529K->789472K(836096K)] 1314640K->789472K(902144K) [PSPermGen: 5244K->5244K(21504K)], 0.1140840 secs] [Times: user=1.06 sys=0.05, real=0.11 secs] 
212.409: [Full GC [PSYoungGen: 34087K->0K(66048K)] [ParOldGen: 1280992K->789473K(836608K)] 1315080K->789473K(902656K) [PSPermGen: 5244K->5244K(21504K)], 0.1109800 secs] [Times: user=1.01 sys=0.06, real=0.11 secs] 
221.916: [Full GC [PSYoungGen: 34073K->0K(66048K)] [ParOldGen: 1280994K->789474K(837120K)] 1315067K->789474K(903168K) [PSPermGen: 5244K->5244K(21504K)], 0.1032540 secs] [Times: user=0.86 sys=0.06, real=0.10 secs] 
231.392: [Full GC [PSYoungGen: 34107K->0K(66048K)] [ParOldGen: 1280995K->789476K(837632K)] 1315102K->789476K(903680K) [PSPermGen: 5244K->5244K(21504K)], 0.1057330 secs] [Times: user=0.91 sys=0.07, real=0.11 secs] 
240.779: [Full GC [PSYoungGen: 34109K->0K(66048K)] [ParOldGen: 1280996K->789477K(838144K)] 1315105K->789477K(904192K) [PSPermGen: 5245K->5245K(21504K)], 0.1112490 secs] [Times: user=0.93 sys=0.06, real=0.11 secs] 
250.147: [Full GC [PSYoungGen: 33986K->0K(66048K)] [ParOldGen: 1280997K->822246K(871424K)] 1314984K->822246K(937472K) [PSPermGen: 5245K->5245K(21504K)], 0.1143560 secs] [Times: user=1.05 sys=0.06, real=0.11 secs] 
259.227: [Full GC [PSYoungGen: 34096K->0K(66048K)] [ParOldGen: 1280998K->789479K(839168K)] 1315094K->789479K(905216K) [PSPermGen: 5245K->5245K(21504K)], 0.1140990 secs] [Times: user=0.96 sys=0.07, real=0.11 secs] 
268.370: [Full GC [PSYoungGen: 33930K->0K(66048K)] [ParOldGen: 1280999K->855016K(905216K)] 1314930K->855016K(971264K) [PSPermGen: 5245K->5245K(21504K)], 0.1029540 secs] [Times: user=1.06 sys=0.06, real=0.10 secs] 
277.300: [Full GC [PSYoungGen: 34004K->0K(66048K)] [ParOldGen: 1281000K->822249K(872960K)] 1315005K->822249K(939008K) [PSPermGen: 5245K->5245K(21504K)], 0.1155960 secs] [Times: user=1.01 sys=0.07, real=0.12 secs] 
286.431: [Full GC [PSYoungGen: 33919K->0K(66048K)] [ParOldGen: 1281001K->855018K(906240K)] 1314921K->855018K(972288K) [PSPermGen: 5246K->5246K(21504K)], 0.1081430 secs] [Times: user=1.17 sys=0.05, real=0.11 secs] 
295.067: [Full GC [PSYoungGen: 34084K->0K(66048K)] [ParOldGen: 1281002K->789483K(841216K)] 1315087K->789483K(907264K) [PSPermGen: 5246K->5246K(21504K)], 0.1062370 secs] [Times: user=0.93 sys=0.07, real=0.10 secs] 
304.741: [Full GC [PSYoungGen: 34084K->0K(66048K)] [ParOldGen: 1281003K->789484K(841728K)] 1315088K->789484K(907776K) [PSPermGen: 5246K->5246K(21504K)], 0.1051530 secs] [Times: user=0.95 sys=0.06, real=0.11 secs] 
313.544: [Full GC [PSYoungGen: 34084K->0K(66048K)] [ParOldGen: 1281004K->789485K(842240K)] 1315089K->789485K(908288K) [PSPermGen: 5246K->5246K(21504K)], 0.1015990 secs] [Times: user=0.89 sys=0.06, real=0.10 secs] 
323.146: [Full GC [PSYoungGen: 34084K->0K(66048K)] [ParOldGen: 1281006K->789486K(842752K)] 1315090K->789486K(908800K) [PSPermGen: 5246K->5246K(21504K)], 0.1058080 secs] [Times: user=0.88 sys=0.07, real=0.10 secs] 
332.208: [Full GC [PSYoungGen: 34084K->0K(66048K)] [ParOldGen: 1281007K->789488K(843264K)] 1315091K->789488K(909312K) [PSPermGen: 5246K->5246K(21504K)], 0.1073050 secs] [Times: user=0.89 sys=0.05, real=0.11 secs] 
340.605: [Full GC [PSYoungGen: 34084K->0K(66048K)] [ParOldGen: 1281008K->789489K(843776K)] 1315092K->789489K(909824K) [PSPermGen: 5246K->5246K(21504K)], 0.1023850 secs] [Times: user=0.85 sys=0.07, real=0.10 secs] 
349.696: [Full GC [PSYoungGen: 34084K->0K(66048K)] [ParOldGen: 1281009K->789490K(844288K)] 1315093K->789490K(910336K) [PSPermGen: 5247K->5247K(21504K)], 0.1025440 secs] [Times: user=0.87 sys=0.06, real=0.10 secs] 
358.274: [Full GC [PSYoungGen: 34084K->0K(66048K)] [ParOldGen: 1281010K->789491K(844800K)] 1315095K->789491K(910848K) [PSPermGen: 5247K->5247K(21504K)], 0.1030760 secs] [Times: user=0.87 sys=0.07, real=0.11 secs] 
366.218: [Full GC [PSYoungGen: 34002K->0K(66048K)] [ParOldGen: 1281011K->789492K(845312K)] 1315013K->789492K(911360K) [PSPermGen: 5247K->5247K(21504K)], 0.1058110 secs] [Times: user=0.85 sys=0.07, real=0.11 secs] 
374.180: [Full GC [PSYoungGen: 34084K->0K(66048K)] [ParOldGen: 1281012K->822261K(878592K)] 1315097K->822261K(944640K) [PSPermGen: 5247K->5247K(21504K)], 0.1078190 secs] [Times: user=0.98 sys=0.06, real=0.11 secs] 
382.142: [Full GC [PSYoungGen: 34002K->0K(66048K)] [ParOldGen: 1281013K->822262K(879104K)] 1315016K->822262K(945152K) [PSPermGen: 5247K->5247K(21504K)], 0.1060820 secs] [Times: user=1.01 sys=0.06, real=0.11 secs] 
390.121: [Full GC [PSYoungGen: 33919K->0K(66048K)] [ParOldGen: 1281014K->855031K(912384K)] 1314934K->855031K(978432K) [PSPermGen: 5251K->5251K(21504K)], 0.1089790 secs] [Times: user=1.14 sys=0.05, real=0.11 secs] 
397.806: [Full GC [PSYoungGen: 33919K->0K(66048K)] [ParOldGen: 1281015K->855032K(912896K)] 1314935K->855032K(978944K) [PSPermGen: 5251K->5251K(21504K)], 0.1121400 secs] [Times: user=1.10 sys=0.05, real=0.11 secs] 
405.608: [Full GC [PSYoungGen: 34084K->0K(66048K)] [ParOldGen: 1281016K->789497K(847872K)] 1315101K->789497K(913920K) [PSPermGen: 5251K->5251K(21504K)], 0.1016330 secs] [Times: user=0.89 sys=0.06, real=0.10 secs] 
414.125: [Full GC [PSYoungGen: 34084K->0K(66048K)] [ParOldGen: 1281017K->789498K(848384K)] 1315102K->789498K(914432K) [PSPermGen: 5251K->5251K(21504K)], 0.1041210 secs] [Times: user=0.91 sys=0.06, real=0.10 secs] 
422.207: [Full GC [PSYoungGen: 34084K->0K(66048K)] [ParOldGen: 1281019K->789500K(848896K)] 1315103K->789500K(914944K) [PSPermGen: 5251K->5251K(21504K)], 0.1062480 secs] [Times: user=0.88 sys=0.06, real=0.10 secs] 
430.446: [Full GC [PSYoungGen: 34084K->0K(66048K)] [ParOldGen: 1281021K->789502K(849408K)] 1315105K->789502K(915456K) [PSPermGen: 5251K->5251K(21504K)], 0.1080150 secs] [Times: user=0.90 sys=0.07, real=0.10 secs] 
438.931: [Full GC [PSYoungGen: 34028K->0K(66048K)] [ParOldGen: 1281022K->723909K(784384K)] 1315050K->723909K(850432K) [PSPermGen: 5251K->5251K(21504K)], 0.1253870 secs] [Times: user=1.17 sys=0.08, real=0.13 secs] 
Heap
 PSYoungGen      total 66048K, used 54132K [0x00000000d8b00000, 0x00000000e0780000, 0x0000000100000000)
  eden space 61440K, 88% used [0x00000000d8b00000,0x00000000dbfdd128,0x00000000dc700000)
  from space 4608K, 0% used [0x00000000dc700000,0x00000000dc700000,0x00000000dcb80000)
  to   space 3072K, 0% used [0x00000000e0480000,0x00000000e0480000,0x00000000e0780000)
 ParOldGen       total 917504K, used 887749K [0x000000008a200000, 0x00000000c2200000, 0x00000000d8b00000)
  object space 917504K, 96% used [0x000000008a200000,0x00000000c04f1508,0x00000000c2200000)
 PSPermGen       total 21504K, used 12137K [0x0000000085000000, 0x0000000086500000, 0x000000008a200000)
  object space 21504K, 56% used [0x0000000085000000,0x0000000085bda518,0x0000000086500000)
