52.283: [GC [PSYoungGen: 10933K->3674K(35840K)] 10933K->3682K(116224K), 0.0074540 secs] [Times: user=0.06 sys=0.00, real=0.00 secs] 
52.290: [Full GC [PSYoungGen: 3674K->0K(35840K)] [ParOldGen: 8K->3139K(80384K)] 3682K->3139K(116224K) [PSPermGen: 5166K->5164K(21504K)], 0.0251640 secs] [Times: user=0.13 sys=0.00, real=0.03 secs] 
52.316: [GC [PSYoungGen: 0K->0K(35840K)] 3139K->3139K(116224K), 0.0032410 secs] [Times: user=0.03 sys=0.00, real=0.00 secs] 
52.319: [Full GC [PSYoungGen: 0K->0K(35840K)] [ParOldGen: 3139K->3139K(80384K)] 3139K->3139K(116224K) [PSPermGen: 5164K->5164K(21504K)], 0.0120600 secs] [Times: user=0.05 sys=0.00, real=0.01 secs] 
73.108: [GC [PSYoungGen: 6281K->912K(35840K)] 1746125K->1740756K(1783296K), 0.0035540 secs] [Times: user=0.03 sys=0.00, real=0.00 secs] 
73.111: [GC [PSYoungGen: 912K->704K(35840K)] 1740756K->1740548K(1783296K), 0.0034520 secs] [Times: user=0.04 sys=0.01, real=0.01 secs] 
73.115: [Full GC [PSYoungGen: 704K->0K(35840K)] [ParOldGen: 1739844K->690715K(729088K)] 1740548K->690715K(764928K) [PSPermGen: 5214K->5214K(21504K)], 0.3121030 secs] [Times: user=1.83 sys=0.23, real=0.31 secs] 
91.906: [GC [PSYoungGen: 3332K->656K(35840K)] 1742624K->1739948K(1783296K), 0.0055350 secs] [Times: user=0.04 sys=0.01, real=0.00 secs] 
91.911: [GC [PSYoungGen: 656K->592K(66560K)] 1739948K->1739884K(1814016K), 0.0035410 secs] [Times: user=0.04 sys=0.00, real=0.01 secs] 
91.915: [Full GC [PSYoungGen: 592K->0K(66560K)] [ParOldGen: 1739292K->690696K(730112K)] 1739884K->690696K(796672K) [PSPermGen: 5215K->5215K(21504K)], 0.1484100 secs] [Times: user=0.54 sys=0.12, real=0.15 secs] 
110.321: [GC [PSYoungGen: 39377K->720K(66560K)] 1778650K->1739993K(1814016K), 0.0060710 secs] [Times: user=0.06 sys=0.00, real=0.00 secs] 
110.772: [GC-- [PSYoungGen: 33488K->33488K(66560K)] 1772761K->1772761K(1814016K), 0.0054410 secs] [Times: user=0.05 sys=0.01, real=0.01 secs] 
110.778: [Full GC [PSYoungGen: 33488K->0K(66560K)] [ParOldGen: 1739273K->756235K(796672K)] 1772761K->756235K(863232K) [PSPermGen: 5216K->5216K(21504K)], 0.1549840 secs] [Times: user=0.74 sys=0.12, real=0.15 secs] 
128.343: [GC [PSYoungGen: 36177K->624K(125440K)] 1775453K->1739900K(1872896K), 0.0037600 secs] [Times: user=0.05 sys=0.00, real=0.00 secs] 
129.087: [GC-- [PSYoungGen: 99487K->99487K(125440K)] 1838763K->1838763K(1872896K), 0.0054660 secs] [Times: user=0.04 sys=0.01, real=0.00 secs] 
129.093: [Full GC [PSYoungGen: 99487K->0K(125440K)] [ParOldGen: 1739275K->821774K(863232K)] 1838763K->821774K(988672K) [PSPermGen: 5218K->5218K(21504K)], 0.1560220 secs] [Times: user=0.98 sys=0.10, real=0.16 secs] 
129.947: [GC [PSYoungGen: 98863K->0K(125952K)] 920637K->920078K(1055744K), 0.0443010 secs] [Times: user=0.88 sys=0.07, real=0.04 secs] 
129.991: [Full GC [PSYoungGen: 0K->0K(125952K)] [ParOldGen: 920078K->920078K(1001984K)] 920078K->920078K(1127936K) [PSPermGen: 5218K->5218K(21504K)], 0.0156340 secs] [Times: user=0.07 sys=0.01, real=0.02 secs] 
131.593: [GC [PSYoungGen: 98863K->0K(238080K)] 1018941K->1018382K(1273344K), 0.0469790 secs] [Times: user=0.89 sys=0.12, real=0.05 secs] 
131.640: [Full GC [PSYoungGen: 0K->0K(238080K)] [ParOldGen: 1018382K->985614K(1099264K)] 1018382K->985614K(1337344K) [PSPermGen: 5218K->5218K(21504K)], 0.0742540 secs] [Times: user=1.44 sys=0.00, real=0.08 secs] 
137.392: [GC [PSYoungGen: 236921K->928K(242176K)] 1222535K->1183150K(1441280K), 0.0619580 secs] [Times: user=1.14 sys=0.24, real=0.07 secs] 
137.454: [Full GC [PSYoungGen: 928K->0K(242176K)] [ParOldGen: 1182222K->723471K(899584K)] 1183150K->723471K(1141760K) [PSPermGen: 5218K->5218K(21504K)], 0.0742520 secs] [Times: user=0.61 sys=0.04, real=0.07 secs] 
140.094: [GC [PSYoungGen: 231155K->0K(437760K)] 954626K->952847K(1403904K), 0.0511500 secs] [Times: user=1.04 sys=0.06, real=0.05 secs] 
140.145: [Full GC [PSYoungGen: 0K->0K(437760K)] [ParOldGen: 952847K->952847K(1192960K)] 952847K->952847K(1630720K) [PSPermGen: 5218K->5218K(21504K)], 0.0190210 secs] [Times: user=0.08 sys=0.01, real=0.02 secs] 
147.532: [GC [PSYoungGen: 433945K->960K(437760K)] 1386793K->1281487K(1730560K), 0.1137830 secs] [Times: user=1.57 sys=0.94, real=0.12 secs] 
147.646: [Full GC [PSYoungGen: 960K->0K(437760K)] [ParOldGen: 1280527K->854544K(1183232K)] 1281487K->854544K(1620992K) [PSPermGen: 5219K->5219K(21504K)], 0.0807080 secs] [Times: user=1.16 sys=0.02, real=0.08 secs] 
156.033: [GC [PSYoungGen: 431215K->864K(774144K)] 1285759K->1084784K(1957376K), 0.0274490 secs] [Times: user=0.51 sys=0.02, real=0.03 secs] 
156.060: [Full GC [PSYoungGen: 864K->0K(774144K)] [ParOldGen: 1083920K->756241K(1121792K)] 1084784K->756241K(1895936K) [PSPermGen: 5219K->5219K(21504K)], 0.0548950 secs] [Times: user=0.75 sys=0.02, real=0.06 secs] 
167.219: [GC [PSYoungGen: 759777K->1040K(787968K)] 1516018K->1183265K(1976320K), 0.0899720 secs] [Times: user=1.77 sys=0.18, real=0.09 secs] 
167.309: [Full GC [PSYoungGen: 1040K->0K(787968K)] [ParOldGen: 1182225K->952850K(1420800K)] 1183265K->952850K(2208768K) [PSPermGen: 5219K->5219K(21504K)], 0.0777900 secs] [Times: user=1.39 sys=0.01, real=0.08 secs] 
182.499: [GC [PSYoungGen: 757817K->816K(871424K)] 1710668K->1117507K(2292224K), 0.0200410 secs] [Times: user=0.36 sys=0.02, real=0.02 secs] 
182.519: [Full GC [PSYoungGen: 816K->0K(871424K)] [ParOldGen: 1116690K->625114K(1079808K)] 1117507K->625114K(1951232K) [PSPermGen: 5224K->5224K(21504K)], 0.0550930 secs] [Times: user=0.60 sys=0.02, real=0.06 secs] 
191.537: [GC [PSYoungGen: 847420K->1024K(871424K)] 1472534K->1641947K(2516992K), 0.2550800 secs] [Times: user=2.65 sys=2.98, real=0.25 secs] 
191.792: [Full GC [PSYoungGen: 1024K->0K(871424K)] [ParOldGen: 1640923K->526868K(1284096K)] 1641947K->526868K(2155520K) [PSPermGen: 5244K->5244K(21504K)], 0.1377680 secs] [Times: user=1.83 sys=0.05, real=0.14 secs] 
201.957: [GC [PSYoungGen: 862101K->1008K(870400K)] 1388970K->855556K(2154496K), 0.0357900 secs] [Times: user=0.70 sys=0.01, real=0.03 secs] 
201.993: [Full GC [PSYoungGen: 1008K->0K(870400K)] [ParOldGen: 854548K->854554K(1607168K)] 855556K->854554K(2477568K) [PSPermGen: 5244K->5244K(21504K)], 0.0496410 secs] [Times: user=0.80 sys=0.02, real=0.06 secs] 
218.693: [GC [PSYoungGen: 858627K->864K(870912K)] 1713181K->986490K(2478080K), 0.0156660 secs] [Times: user=0.28 sys=0.01, real=0.02 secs] 
218.709: [Full GC [PSYoungGen: 864K->0K(870912K)] [ParOldGen: 985626K->657948K(1385472K)] 986490K->657948K(2256384K) [PSPermGen: 5244K->5244K(21504K)], 0.0317910 secs] [Times: user=0.39 sys=0.01, real=0.03 secs] 
228.923: [GC [PSYoungGen: 856343K->1072K(871936K)] 1514292K->1117772K(2257408K), 0.0525520 secs] [Times: user=1.11 sys=0.01, real=0.05 secs] 
228.976: [Full GC [PSYoungGen: 1072K->0K(871936K)] [ParOldGen: 1116700K->985629K(1747456K)] 1117772K->985629K(2619392K) [PSPermGen: 5244K->5244K(21504K)], 0.0804090 secs] [Times: user=1.44 sys=0.01, real=0.08 secs] 
245.815: [GC [PSYoungGen: 854847K->880K(871936K)] 1840477K->1248653K(2619392K), 0.0301700 secs] [Times: user=0.63 sys=0.00, real=0.03 secs] 
245.845: [Full GC [PSYoungGen: 880K->0K(871936K)] [ParOldGen: 1247773K->789023K(1529856K)] 1248653K->789023K(2401792K) [PSPermGen: 5245K->5245K(21504K)], 0.0547590 secs] [Times: user=0.88 sys=0.01, real=0.05 secs] 
262.419: [GC [PSYoungGen: 856007K->768K(871936K)] 1645031K->855327K(2401792K), 0.0257650 secs] [Times: user=0.51 sys=0.01, real=0.03 secs] 
273.333: [GC [PSYoungGen: 854249K->992K(871936K)] 1708809K->1248808K(2401792K), 0.0421190 secs] [Times: user=0.85 sys=0.02, real=0.04 secs] 
273.376: [Full GC [PSYoungGen: 992K->0K(871936K)] [ParOldGen: 1247816K->920099K(1674240K)] 1248808K->920099K(2546176K) [PSPermGen: 5245K->5245K(21504K)], 0.0731740 secs] [Times: user=1.27 sys=0.02, real=0.07 secs] 
289.711: [GC [PSYoungGen: 854582K->864K(871936K)] 1774681K->1117571K(2546176K), 0.0216990 secs] [Times: user=0.43 sys=0.01, real=0.02 secs] 
289.733: [Full GC [PSYoungGen: 864K->0K(871936K)] [ParOldGen: 1116707K->723493K(1443328K)] 1117571K->723493K(2315264K) [PSPermGen: 5246K->5246K(21504K)], 0.0408950 secs] [Times: user=0.59 sys=0.01, real=0.05 secs] 
306.009: [GC [PSYoungGen: 854603K->608K(830976K)] 1578097K->724101K(2274304K), 0.0045300 secs] [Times: user=0.02 sys=0.00, real=0.01 secs] 
317.079: [GC [PSYoungGen: 821117K->912K(793088K)] 1544610K->1019357K(2236416K), 0.0311840 secs] [Times: user=0.67 sys=0.00, real=0.03 secs] 
317.111: [Full GC [PSYoungGen: 912K->0K(793088K)] [ParOldGen: 1018445K->821800K(1529344K)] 1019357K->821800K(2322432K) [PSPermGen: 5246K->5246K(21504K)], 0.0547120 secs] [Times: user=0.91 sys=0.02, real=0.06 secs] 
332.574: [GC [PSYoungGen: 788966K->768K(757248K)] 1610767K->855337K(2286592K), 0.0191800 secs] [Times: user=0.38 sys=0.01, real=0.02 secs] 
343.511: [GC [PSYoungGen: 755938K->896K(722944K)] 1610507K->1117609K(2252288K), 0.0297570 secs] [Times: user=0.59 sys=0.01, real=0.03 secs] 
343.541: [Full GC [PSYoungGen: 896K->0K(722944K)] [ParOldGen: 1116713K->789036K(1468928K)] 1117609K->789036K(2191872K) [PSPermGen: 5247K->5247K(21504K)], 0.0554130 secs] [Times: user=0.87 sys=0.01, real=0.06 secs] 
353.969: [GC [PSYoungGen: 689434K->992K(690688K)] 1478470K->1216012K(2159616K), 0.0458700 secs] [Times: user=0.93 sys=0.03, real=0.05 secs] 
354.015: [Full GC [PSYoungGen: 992K->0K(690688K)] [ParOldGen: 1215020K->952877K(1673728K)] 1216012K->952877K(2364416K) [PSPermGen: 5247K->5247K(21504K)], 0.0723550 secs] [Times: user=1.35 sys=0.00, real=0.07 secs] 
367.680: [GC [PSYoungGen: 657725K->896K(659968K)] 1610603K->1084845K(2333696K), 0.0168470 secs] [Times: user=0.30 sys=0.00, real=0.02 secs] 
367.697: [Full GC [PSYoungGen: 896K->0K(659968K)] [ParOldGen: 1083949K->657967K(1355264K)] 1084845K->657967K(2015232K) [PSPermGen: 5247K->5247K(21504K)], 0.0340140 secs] [Times: user=0.40 sys=0.01, real=0.03 secs] 
378.359: [GC [PSYoungGen: 656926K->864K(630784K)] 1314893K->822671K(1986048K), 0.0204440 secs] [Times: user=0.38 sys=0.00, real=0.02 secs] 
378.379: [Full GC [PSYoungGen: 864K->0K(630784K)] [ParOldGen: 821807K->690736K(1358848K)] 822671K->690736K(1989632K) [PSPermGen: 5247K->5247K(21504K)], 0.0359020 secs] [Times: user=0.52 sys=0.00, real=0.04 secs] 
387.925: [GC [PSYoungGen: 623907K->896K(603136K)] 1314644K->953776K(1961984K), 0.0299450 secs] [Times: user=0.58 sys=0.02, real=0.03 secs] 
387.955: [Full GC [PSYoungGen: 896K->0K(603136K)] [ParOldGen: 952880K->789041K(1436672K)] 953776K->789041K(2039808K) [PSPermGen: 5247K->5247K(21504K)], 0.0509860 secs] [Times: user=0.84 sys=0.01, real=0.05 secs] 
397.753: [GC [PSYoungGen: 591140K->976K(576512K)] 1380182K->1117698K(2013184K), 0.0363120 secs] [Times: user=0.70 sys=0.03, real=0.03 secs] 
397.790: [Full GC [PSYoungGen: 976K->0K(576512K)] [ParOldGen: 1116722K->854579K(1507328K)] 1117698K->854579K(2083840K) [PSPermGen: 5248K->5248K(21504K)], 0.0630990 secs] [Times: user=1.04 sys=0.01, real=0.06 secs] 
406.505: [GC [PSYoungGen: 558372K->992K(551424K)] 1412952K->1216020K(2058752K), 0.0391900 secs] [Times: user=0.80 sys=0.01, real=0.04 secs] 
406.544: [Full GC [PSYoungGen: 992K->0K(551424K)] [ParOldGen: 1215028K->887349K(1553920K)] 1216020K->887349K(2105344K) [PSPermGen: 5248K->5248K(21504K)], 0.0668220 secs] [Times: user=1.16 sys=0.01, real=0.06 secs] 
415.924: [GC [PSYoungGen: 525765K->1024K(527872K)] 1413114K->1183285K(2081792K), 0.0327810 secs] [Times: user=0.68 sys=0.01, real=0.03 secs] 
415.957: [Full GC [PSYoungGen: 1024K->0K(527872K)] [ParOldGen: 1182261K->821814K(1473024K)] 1183285K->821814K(2000896K) [PSPermGen: 5250K->5250K(21504K)], 0.0563770 secs] [Times: user=0.94 sys=0.02, real=0.06 secs] 
424.960: [GC [PSYoungGen: 525604K->992K(504832K)] 1347418K->1117726K(1977856K), 0.0337330 secs] [Times: user=0.67 sys=0.01, real=0.04 secs] 
424.994: [Full GC [PSYoungGen: 992K->0K(504832K)] [ParOldGen: 1116734K->821815K(1457152K)] 1117726K->821815K(1961984K) [PSPermGen: 5250K->5250K(21504K)], 0.0578790 secs] [Times: user=0.94 sys=0.01, real=0.05 secs] 
432.738: [GC [PSYoungGen: 492675K->99168K(581632K)] 1314491K->1150359K(2038784K), 0.0356190 secs] [Times: user=0.73 sys=0.01, real=0.04 secs] 
432.774: [Full GC [PSYoungGen: 99168K->0K(581632K)] [ParOldGen: 1051191K->854584K(1474560K)] 1150359K->854584K(2056192K) [PSPermGen: 5252K->5252K(21504K)], 0.0671190 secs] [Times: user=1.08 sys=0.02, real=0.07 secs] 
Heap
 PSYoungGen      total 581632K, used 318766K [0x00000007caa80000, 0x00000007ff900000, 0x0000000800000000)
  eden space 482304K, 66% used [0x00000007caa80000,0x00000007de1cbbf8,0x00000007e8180000)
  from space 99328K, 0% used [0x00000007f2180000,0x00000007f2180000,0x00000007f8280000)
  to   space 121344K, 0% used [0x00000007f8280000,0x00000007f8280000,0x00000007ff900000)
 ParOldGen       total 1474560K, used 854584K [0x0000000760000000, 0x00000007ba000000, 0x00000007caa80000)
  object space 1474560K, 57% used [0x0000000760000000,0x000000079428e2a0,0x00000007ba000000)
 PSPermGen       total 21504K, used 12150K [0x000000075ae00000, 0x000000075c300000, 0x0000000760000000)
  object space 21504K, 56% used [0x000000075ae00000,0x000000075b9dd910,0x000000075c300000)
