PURPOSE=diagnostic only; not a compliant Base result and not a replacement for .007
EXPECTED_RESULT_ID=SPECjvm2008.016
START_TIME=2026-10-01T04:45:34+08:00
COMMAND=perf stat ... /usr/bin/time -v java -jar SPECjvm2008.jar --base -bt 16 sunflow
openjdk version "1.7.0_75"
OpenJDK Runtime Environment (build 1.7.0_75-b13)
OpenJDK 64-Bit Server VM (build 24.75-b04, mixed mode)

SPECjvm2008 Base
  Properties file:   none
  Benchmarks:        sunflow

  WARNING: Run will not be compliant.
  Not a compliant sequence of benchmarks for publication.

  Kit signature and checksum is validated.
  This can take several minutes.
  Use argument '-ikv' to skip this.
  ....................................passed.

--- --- --- --- --- --- --- --- ---

  Benchmark:   check
  Run mode:    static run
  Test type:   functional
  Threads:     1
  Iterations:  1
  Run length:  1 operation

Iteration 1 (1 operation) begins: Thu Oct 01 04:46:26 CST 2026
Iteration 1 (1 operation) ends:   Thu Oct 01 04:46:26 CST 2026
Iteration 1 (1 operation) result: PASSED

Valid run!


--- --- --- --- --- --- --- --- ---

  Benchmark:   sunflow
  Run mode:    timed run
  Test type:   multi
  Threads:     16
  Warmup:      120s
  Iterations:  1
  Run length:  240s

Warmup (120s) begins: Thu Oct 01 04:46:26 CST 2026
Warmup (120s) ends:   Thu Oct 01 04:48:29 CST 2026
Warmup (120s) result: 314.58 ops/m

Iteration 1 (240s) begins: Thu Oct 01 04:48:29 CST 2026
Iteration 1 (240s) ends:   Thu Oct 01 04:52:29 CST 2026
Iteration 1 (240s) result: 322.25 ops/m

Valid run!
Score on sunflow: 322.25 ops/m

Results are stored in: 
/home/gubingren/benchmarks/SPECjvm2008/results/SPECjvm2008.016/SPECjvm2008.016.raw
Generating reports in:
/home/gubingren/benchmarks/SPECjvm2008/results/SPECjvm2008.016
Problems...
Problems...
Problems...
Problems...
java.lang.NullPointerException
	at sun.awt.X11FontManager.getDefaultPlatformFont(X11FontManager.java:779)
	at sun.font.SunFontManager$2.run(SunFontManager.java:433)
	at java.security.AccessController.doPrivileged(Native Method)
	at sun.font.SunFontManager.<init>(SunFontManager.java:376)
	at sun.awt.X11FontManager.<init>(X11FontManager.java:32)
	at sun.reflect.NativeConstructorAccessorImpl.newInstance0(Native Method)
	at sun.reflect.NativeConstructorAccessorImpl.newInstance(NativeConstructorAccessorImpl.java:57)
	at sun.reflect.DelegatingConstructorAccessorImpl.newInstance(DelegatingConstructorAccessorImpl.java:45)
	at java.lang.reflect.Constructor.newInstance(Constructor.java:526)
	at java.lang.Class.newInstance(Class.java:379)
	at sun.font.FontManagerFactory$1.run(FontManagerFactory.java:83)
	at java.security.AccessController.doPrivileged(Native Method)
	at sun.font.FontManagerFactory.getInstance(FontManagerFactory.java:74)
	at sun.font.SunFontManager.getInstance(SunFontManager.java:250)
	at sun.font.FontDesignMetrics.getMetrics(FontDesignMetrics.java:264)
	at sun.java2d.SunGraphics2D.getFontMetrics(SunGraphics2D.java:819)
	at org.jfree.text.G2TextMeasurer.getStringWidth(G2TextMeasurer.java:79)
	at org.jfree.text.TextUtilities.nextLineBreak(TextUtilities.java:285)
	at org.jfree.text.TextUtilities.createTextBlock(TextUtilities.java:226)
	at org.jfree.text.TextUtilities.createTextBlock(TextUtilities.java:197)
	at org.jfree.chart.title.TextTitle.arrangeRR(TextTitle.java:489)
	at org.jfree.chart.title.TextTitle.arrange(TextTitle.java:450)
	at org.jfree.chart.JFreeChart.drawTitle(JFreeChart.java:1261)
	at org.jfree.chart.JFreeChart.draw(JFreeChart.java:1151)
	at org.jfree.chart.JFreeChart.createBufferedImage(JFreeChart.java:1349)
	at org.jfree.chart.JFreeChart.createBufferedImage(JFreeChart.java:1329)
	at org.jfree.chart.ChartUtilities.writeChartAsJPEG(ChartUtilities.java:414)
	at org.jfree.chart.ChartUtilities.saveChartAsJPEG(ChartUtilities.java:508)
	at org.jfree.chart.ChartUtilities.saveChartAsJPEG(ChartUtilities.java:460)
	at spec.reporter.Utils.generateMainChart(Utils.java:286)
	at spec.reporter.ReportGenerator.generateReport(ReportGenerator.java:396)
	at spec.reporter.ReportGenerator.main2(ReportGenerator.java:751)
	at spec.reporter.Reporter.main2(Reporter.java:51)
	at spec.harness.Launch.createReport(Launch.java:307)
	at spec.harness.Launch.runBenchmarkSuite(Launch.java:250)
	at spec.harness.Launch.main(Launch.java:452)
java.lang.NullPointerException
	at sun.awt.X11FontManager.getDefaultPlatformFont(X11FontManager.java:779)
	at sun.font.SunFontManager$2.run(SunFontManager.java:433)
	at java.security.AccessController.doPrivileged(Native Method)
	at sun.font.SunFontManager.<init>(SunFontManager.java:376)
	at sun.awt.X11FontManager.<init>(X11FontManager.java:32)
	at sun.reflect.NativeConstructorAccessorImpl.newInstance0(Native Method)
	at sun.reflect.NativeConstructorAccessorImpl.newInstance(NativeConstructorAccessorImpl.java:57)
	at sun.reflect.DelegatingConstructorAccessorImpl.newInstance(DelegatingConstructorAccessorImpl.java:45)
	at java.lang.reflect.Constructor.newInstance(Constructor.java:526)
	at java.lang.Class.newInstance(Class.java:379)
	at sun.font.FontManagerFactory$1.run(FontManagerFactory.java:83)
	at java.security.AccessController.doPrivileged(Native Method)
	at sun.font.FontManagerFactory.getInstance(FontManagerFactory.java:74)
	at sun.font.SunFontManager.getInstance(SunFontManager.java:250)
	at sun.font.FontDesignMetrics.getMetrics(FontDesignMetrics.java:264)
	at sun.java2d.SunGraphics2D.getFontMetrics(SunGraphics2D.java:819)
	at org.jfree.text.G2TextMeasurer.getStringWidth(G2TextMeasurer.java:79)
	at org.jfree.text.TextUtilities.nextLineBreak(TextUtilities.java:285)
	at org.jfree.text.TextUtilities.createTextBlock(TextUtilities.java:226)
	at org.jfree.text.TextUtilities.createTextBlock(TextUtilities.java:197)
	at org.jfree.chart.title.TextTitle.arrangeRR(TextTitle.java:489)
	at org.jfree.chart.title.TextTitle.arrange(TextTitle.java:450)
	at org.jfree.chart.JFreeChart.drawTitle(JFreeChart.java:1261)
	at org.jfree.chart.JFreeChart.draw(JFreeChart.java:1151)
	at org.jfree.chart.JFreeChart.createBufferedImage(JFreeChart.java:1349)
	at org.jfree.chart.JFreeChart.createBufferedImage(JFreeChart.java:1329)
	at org.jfree.chart.ChartUtilities.writeChartAsJPEG(ChartUtilities.java:414)
	at org.jfree.chart.ChartUtilities.saveChartAsJPEG(ChartUtilities.java:508)
	at org.jfree.chart.ChartUtilities.saveChartAsJPEG(ChartUtilities.java:460)
	at spec.reporter.Utils.generateMainChart(Utils.java:286)
	at spec.reporter.ReportGenerator.generateReport(ReportGenerator.java:396)
	at spec.reporter.ReportGenerator.main2(ReportGenerator.java:751)
	at spec.reporter.Reporter.main2(Reporter.java:51)
	at spec.harness.Launch.createReport(Launch.java:307)
	at spec.harness.Launch.runBenchmarkSuite(Launch.java:250)
	at spec.harness.Launch.main(Launch.java:452)

Noncompliant composite result: 322.25 ops/m
	Command being timed: "java -jar SPECjvm2008.jar --base -bt 16 sunflow"
	User time (seconds): 10247.95
	System time (seconds): 149.12
	Percent of CPU this job got: 2499%
	Elapsed (wall clock) time (h:mm:ss or m:ss): 6:55.90
	Average shared text size (kbytes): 0
	Average unshared data size (kbytes): 0
	Average stack size (kbytes): 0
	Average total size (kbytes): 0
	Maximum resident set size (kbytes): 1128580
	Average resident set size (kbytes): 0
	Major (requiring I/O) page faults: 0
	Minor (reclaiming a frame) page faults: 568440
	Voluntary context switches: 495345
	Involuntary context switches: 1331534
	Swaps: 0
	File system inputs: 0
	File system outputs: 0
	Socket messages sent: 0
	Socket messages received: 0
	Signals delivered: 0
	Page size (bytes): 4096
	Exit status: 0

 Performance counter stats for '/usr/bin/time -v java -jar SPECjvm2008.jar --base -bt 16 sunflow':

    16818790931884      cycles:u                                                              
    28871388839691      instructions:u                   #    1.72  insn per cycle            
       22554063260      cache-misses:u                                                        
                 0      context-switches:u                                                    
            606824      page-faults:u                                                         

     424.233494557 seconds time elapsed

   10247.957676000 seconds user
     149.125899000 seconds sys


END_TIME=2026-10-01T04:52:30+08:00
EXIT_STATUS=0
