PURPOSE=Present-time telemetry feasibility check; not historical benchmark telemetry
COLLECTED_AT=2026-10-01T04:50:29.4748498+08:00
HOST_PROCESSOR_CIM=

Name                      : AMD Ryzen 9 7940HX with Radeon Graphics        
CurrentClockSpeed         : 1984
MaxClockSpeed             : 2401
LoadPercentage            : 100
NumberOfCores             : 16
NumberOfLogicalProcessors : 32


ACTIVE_POWER_SCHEME=
电源方案 GUID: 6fecc5ae-f350-48a5-b669-b472cb895ccf  (Turbo)
ACPI_TEMPERATURE=
UNAVAILABLE: 拒绝访问 
WSL_FEASIBILITY=
2026-10-01T04:50:31+08:00
6.18.40.1-microsoft-standard-WSL2
/usr/local/bin/perf
perf version 6.8.12
/usr/bin/time
48.99 30.50 14.75 34/930 13373
               total        used        free      shared  buff/cache   available
Mem:           7.4Gi       3.9Gi       1.5Gi       4.8Mi       2.3Gi       3.5Gi
Swap:          2.0Gi          0B       2.0Gi
THERMAL_ZONES=unavailable
CPUFREQ_SYSFS=unavailable
WSL_EXIT_STATUS=0
