SKIP_EXISTING_ATTEMPT=compress__default__r1
SKIP_EXISTING_ATTEMPT=compress__xmx512m__r1
SKIP_EXISTING_ATTEMPT=compress__xmx1024m__r1
SKIP_EXISTING_ATTEMPT=compress__xmx2560m__r1
SKIP_EXISTING_ATTEMPT=compress__xmx2560m__r2
SKIP_EXISTING_ATTEMPT=compress__xmx1024m__r2
SKIP_EXISTING_ATTEMPT=compress__xmx512m__r2
SKIP_EXISTING_ATTEMPT=compress__default__r2
SKIP_EXISTING_ATTEMPT=compress__xmx512m__r3
SKIP_EXISTING_ATTEMPT=compress__default__r3
SKIP_EXISTING_ATTEMPT=compress__xmx2560m__r3
SKIP_EXISTING_ATTEMPT=compress__xmx1024m__r3
SKIP_EXISTING_ATTEMPT=derby__default__r1
SKIP_EXISTING_ATTEMPT=derby__xmx512m__r1
SKIP_EXISTING_ATTEMPT=derby__xmx1024m__r1
SKIP_EXISTING_ATTEMPT=derby__xmx2560m__r1
SKIP_EXISTING_ATTEMPT=derby__xmx2560m__r2
SKIP_EXISTING_ATTEMPT=derby__xmx1024m__r2
SKIP_EXISTING_ATTEMPT=derby__xmx512m__r2
SKIP_EXISTING_ATTEMPT=derby__default__r2
SKIP_EXISTING_ATTEMPT=derby__xmx512m__r3
SKIP_EXISTING_ATTEMPT=derby__default__r3
SKIP_EXISTING_ATTEMPT=derby__xmx2560m__r3
SKIP_EXISTING_ATTEMPT=derby__xmx1024m__r3
SKIP_EXISTING_ATTEMPT=sunflow__default__r1
SKIP_EXISTING_ATTEMPT=sunflow__xmx512m__r1
SKIP_EXISTING_ATTEMPT=sunflow__xmx1024m__r1
SKIP_EXISTING_ATTEMPT=sunflow__xmx2560m__r1
SKIP_EXISTING_ATTEMPT=sunflow__xmx2560m__r2
SKIP_EXISTING_ATTEMPT=sunflow__xmx1024m__r2
SKIP_EXISTING_ATTEMPT=sunflow__xmx512m__r2
SKIP_EXISTING_ATTEMPT=sunflow__default__r2
SKIP_EXISTING_ATTEMPT=sunflow__xmx512m__r3
SKIP_EXISTING_ATTEMPT=sunflow__default__r3
SKIP_EXISTING_ATTEMPT=sunflow__xmx2560m__r3
SKIP_EXISTING_ATTEMPT=sunflow__xmx1024m__r3
SKIP_EXISTING_ATTEMPT=scimark_fft_large__default__r1
SKIP_EXISTING_ATTEMPT=scimark_fft_large__xmx512m__r1
SKIP_EXISTING_ATTEMPT=scimark_fft_large__xmx1024m__r1
SKIP_EXISTING_ATTEMPT=scimark_fft_large__xmx2560m__r1
SKIP_EXISTING_ATTEMPT=scimark_fft_large__xmx2560m__r2
SKIP_EXISTING_ATTEMPT=scimark_fft_large__xmx1024m__r2
SKIP_EXISTING_ATTEMPT=scimark_fft_large__xmx512m__r2
SKIP_EXISTING_ATTEMPT=scimark_fft_large__default__r2
SKIP_EXISTING_ATTEMPT=scimark_fft_large__xmx512m__r3
SKIP_EXISTING_ATTEMPT=scimark_fft_large__default__r3
SKIP_EXISTING_ATTEMPT=scimark_fft_large__xmx2560m__r3
SKIP_EXISTING_ATTEMPT=scimark_fft_large__xmx1024m__r3
SLEEP_PREVENTION=released
PLANNED_ATTEMPT_METADATA_COUNT=48
OPTIONAL_48_ATTEMPTS_CAPTURED=true
