SKIP_EXISTING_ATTEMPT=compress__default__r1
SKIP_EXISTING_ATTEMPT=compress__xmx512m__r1
SKIP_EXISTING_ATTEMPT=compress__xmx1024m__r1
SKIP_EXISTING_ATTEMPT=compress__xmx2560m__r1
SKIP_EXISTING_ATTEMPT=compress__xmx2560m__r2
SKIP_EXISTING_ATTEMPT=compress__xmx1024m__r2
SKIP_EXISTING_ATTEMPT=compress__xmx512m__r2
SKIP_EXISTING_ATTEMPT=compress__default__r2
SKIP_EXISTING_ATTEMPT=compress__xmx512m__r3
START_ATTEMPT=compress__default__r3 WINDOWS_EPOCH=1790867786 WSL_EPOCH=1790867786 CLOCK_DIFFERENCE_SECONDS=0
COMPLETED_ATTEMPT=compress__default__r3 JAVA_EXIT=0 REPORTER_EXIT=0 RESULT_ID=SPECjvm2008.027
START_ATTEMPT=compress__xmx2560m__r3 WINDOWS_EPOCH=1790868219 WSL_EPOCH=1790868219 CLOCK_DIFFERENCE_SECONDS=0
COMPLETED_ATTEMPT=compress__xmx2560m__r3 JAVA_EXIT=0 REPORTER_EXIT=0 RESULT_ID=SPECjvm2008.028
START_ATTEMPT=compress__xmx1024m__r3 WINDOWS_EPOCH=1790868650 WSL_EPOCH=1790868650 CLOCK_DIFFERENCE_SECONDS=0
COMPLETED_ATTEMPT=compress__xmx1024m__r3 JAVA_EXIT=0 REPORTER_EXIT=0 RESULT_ID=SPECjvm2008.029
START_ATTEMPT=derby__default__r1 WINDOWS_EPOCH=1790869080 WSL_EPOCH=1790869080 CLOCK_DIFFERENCE_SECONDS=0
COMPLETED_ATTEMPT=derby__default__r1 JAVA_EXIT=0 REPORTER_EXIT=0 RESULT_ID=SPECjvm2008.030
START_ATTEMPT=derby__xmx512m__r1 WINDOWS_EPOCH=1790869551 WSL_EPOCH=1790869551 CLOCK_DIFFERENCE_SECONDS=0
JAVA_EXIT_STATUS=127
END_TIME=2026-10-02T00:01:55+08:00
SLEEP_PREVENTION=released
