SKIP_EXISTING_ATTEMPT=compress__default__r1
SKIP_EXISTING_ATTEMPT=compress__xmx512m__r1
SKIP_EXISTING_ATTEMPT=compress__xmx1024m__r1
SKIP_EXISTING_ATTEMPT=compress__xmx2560m__r1
SKIP_EXISTING_ATTEMPT=compress__xmx2560m__r2
SKIP_EXISTING_ATTEMPT=compress__xmx1024m__r2
SKIP_EXISTING_ATTEMPT=compress__xmx512m__r2
SKIP_EXISTING_ATTEMPT=compress__default__r2
SKIP_EXISTING_ATTEMPT=compress__xmx512m__r3
SKIP_EXISTING_ATTEMPT=compress__default__r3
SKIP_EXISTING_ATTEMPT=compress__xmx2560m__r3
SKIP_EXISTING_ATTEMPT=compress__xmx1024m__r3
SKIP_EXISTING_ATTEMPT=derby__default__r1
SKIP_EXISTING_ATTEMPT=derby__xmx512m__r1
START_ATTEMPT=derby__xmx1024m__r1 WINDOWS_EPOCH=1790870658 WSL_EPOCH=1790870658 CLOCK_DIFFERENCE_SECONDS=0
COMPLETED_ATTEMPT=derby__xmx1024m__r1 JAVA_EXIT=0 REPORTER_EXIT=0 RESULT_ID=SPECjvm2008.032
START_ATTEMPT=derby__xmx2560m__r1 WINDOWS_EPOCH=1790871140 WSL_EPOCH=1790871139 CLOCK_DIFFERENCE_SECONDS=1
COMPLETED_ATTEMPT=derby__xmx2560m__r1 JAVA_EXIT=0 REPORTER_EXIT=0 RESULT_ID=SPECjvm2008.033
START_ATTEMPT=derby__xmx2560m__r2 WINDOWS_EPOCH=1790871618 WSL_EPOCH=1790871618 CLOCK_DIFFERENCE_SECONDS=0
COMPLETED_ATTEMPT=derby__xmx2560m__r2 JAVA_EXIT=0 REPORTER_EXIT=0 RESULT_ID=SPECjvm2008.034
START_ATTEMPT=derby__xmx1024m__r2 WINDOWS_EPOCH=1790872094 WSL_EPOCH=1790872094 CLOCK_DIFFERENCE_SECONDS=0
COMPLETED_ATTEMPT=derby__xmx1024m__r2 JAVA_EXIT=0 REPORTER_EXIT=0 RESULT_ID=SPECjvm2008.035
START_ATTEMPT=derby__xmx512m__r2 WINDOWS_EPOCH=1790872581 WSL_EPOCH=1790872581 CLOCK_DIFFERENCE_SECONDS=0
COMPLETED_ATTEMPT=derby__xmx512m__r2 JAVA_EXIT=124 REPORTER_EXIT=255 RESULT_ID=SPECjvm2008.036
START_ATTEMPT=derby__default__r2 WINDOWS_EPOCH=1790873510 WSL_EPOCH=1790873510 CLOCK_DIFFERENCE_SECONDS=0
COMPLETED_ATTEMPT=derby__default__r2 JAVA_EXIT=0 REPORTER_EXIT=0 RESULT_ID=SPECjvm2008.037
START_ATTEMPT=derby__xmx512m__r3 WINDOWS_EPOCH=1790873988 WSL_EPOCH=1790873987 CLOCK_DIFFERENCE_SECONDS=1
COMPLETED_ATTEMPT=derby__xmx512m__r3 JAVA_EXIT=124 REPORTER_EXIT=255 RESULT_ID=SPECjvm2008.038
START_ATTEMPT=derby__default__r3 WINDOWS_EPOCH=1790874897 WSL_EPOCH=1790874897 CLOCK_DIFFERENCE_SECONDS=0
COMPLETED_ATTEMPT=derby__default__r3 JAVA_EXIT=0 REPORTER_EXIT=0 RESULT_ID=SPECjvm2008.039
START_ATTEMPT=derby__xmx2560m__r3 WINDOWS_EPOCH=1790875398 WSL_EPOCH=1790875398 CLOCK_DIFFERENCE_SECONDS=0
COMPLETED_ATTEMPT=derby__xmx2560m__r3 JAVA_EXIT=0 REPORTER_EXIT=0 RESULT_ID=SPECjvm2008.040
START_ATTEMPT=derby__xmx1024m__r3 WINDOWS_EPOCH=1790875879 WSL_EPOCH=1790875878 CLOCK_DIFFERENCE_SECONDS=1
COMPLETED_ATTEMPT=derby__xmx1024m__r3 JAVA_EXIT=0 REPORTER_EXIT=0 RESULT_ID=SPECjvm2008.041
START_ATTEMPT=sunflow__default__r1 WINDOWS_EPOCH=1790876370 WSL_EPOCH=1790876370 CLOCK_DIFFERENCE_SECONDS=0
COMPLETED_ATTEMPT=sunflow__default__r1 JAVA_EXIT=0 REPORTER_EXIT=0 RESULT_ID=SPECjvm2008.042
START_ATTEMPT=sunflow__xmx512m__r1 WINDOWS_EPOCH=1790876806 WSL_EPOCH=1790876806 CLOCK_DIFFERENCE_SECONDS=0
COMPLETED_ATTEMPT=sunflow__xmx512m__r1 JAVA_EXIT=0 REPORTER_EXIT=0 RESULT_ID=SPECjvm2008.043
START_ATTEMPT=sunflow__xmx1024m__r1 WINDOWS_EPOCH=1790877242 WSL_EPOCH=1790877242 CLOCK_DIFFERENCE_SECONDS=0
COMPLETED_ATTEMPT=sunflow__xmx1024m__r1 JAVA_EXIT=0 REPORTER_EXIT=0 RESULT_ID=SPECjvm2008.044
START_ATTEMPT=sunflow__xmx2560m__r1 WINDOWS_EPOCH=1790877678 WSL_EPOCH=1790877677 CLOCK_DIFFERENCE_SECONDS=1
COMPLETED_ATTEMPT=sunflow__xmx2560m__r1 JAVA_EXIT=0 REPORTER_EXIT=0 RESULT_ID=SPECjvm2008.045
START_ATTEMPT=sunflow__xmx2560m__r2 WINDOWS_EPOCH=1790878114 WSL_EPOCH=1790878114 CLOCK_DIFFERENCE_SECONDS=0
COMPLETED_ATTEMPT=sunflow__xmx2560m__r2 JAVA_EXIT=0 REPORTER_EXIT=0 RESULT_ID=SPECjvm2008.046
START_ATTEMPT=sunflow__xmx1024m__r2 WINDOWS_EPOCH=1790878551 WSL_EPOCH=1790878550 CLOCK_DIFFERENCE_SECONDS=1
COMPLETED_ATTEMPT=sunflow__xmx1024m__r2 JAVA_EXIT=0 REPORTER_EXIT=0 RESULT_ID=SPECjvm2008.047
START_ATTEMPT=sunflow__xmx512m__r2 WINDOWS_EPOCH=1790878979 WSL_EPOCH=1790878979 CLOCK_DIFFERENCE_SECONDS=0
COMPLETED_ATTEMPT=sunflow__xmx512m__r2 JAVA_EXIT=0 REPORTER_EXIT=0 RESULT_ID=SPECjvm2008.048
START_ATTEMPT=sunflow__default__r2 WINDOWS_EPOCH=1790879414 WSL_EPOCH=1790879414 CLOCK_DIFFERENCE_SECONDS=0
COMPLETED_ATTEMPT=sunflow__default__r2 JAVA_EXIT=0 REPORTER_EXIT=0 RESULT_ID=SPECjvm2008.049
START_ATTEMPT=sunflow__xmx512m__r3 WINDOWS_EPOCH=1790879851 WSL_EPOCH=1790879851 CLOCK_DIFFERENCE_SECONDS=0
COMPLETED_ATTEMPT=sunflow__xmx512m__r3 JAVA_EXIT=0 REPORTER_EXIT=0 RESULT_ID=SPECjvm2008.050
START_ATTEMPT=sunflow__default__r3 WINDOWS_EPOCH=1790880290 WSL_EPOCH=1790880290 CLOCK_DIFFERENCE_SECONDS=0
COMPLETED_ATTEMPT=sunflow__default__r3 JAVA_EXIT=0 REPORTER_EXIT=0 RESULT_ID=SPECjvm2008.051
START_ATTEMPT=sunflow__xmx2560m__r3 WINDOWS_EPOCH=1790880726 WSL_EPOCH=1790880726 CLOCK_DIFFERENCE_SECONDS=0
COMPLETED_ATTEMPT=sunflow__xmx2560m__r3 JAVA_EXIT=0 REPORTER_EXIT=0 RESULT_ID=SPECjvm2008.052
START_ATTEMPT=sunflow__xmx1024m__r3 WINDOWS_EPOCH=1790881162 WSL_EPOCH=1790881162 CLOCK_DIFFERENCE_SECONDS=0
COMPLETED_ATTEMPT=sunflow__xmx1024m__r3 JAVA_EXIT=0 REPORTER_EXIT=0 RESULT_ID=SPECjvm2008.053
START_ATTEMPT=scimark_fft_large__default__r1 WINDOWS_EPOCH=1790881594 WSL_EPOCH=1790881594 CLOCK_DIFFERENCE_SECONDS=0
COMPLETED_ATTEMPT=scimark_fft_large__default__r1 JAVA_EXIT=0 REPORTER_EXIT=0 RESULT_ID=SPECjvm2008.054
START_ATTEMPT=scimark_fft_large__xmx512m__r1 WINDOWS_EPOCH=1790882048 WSL_EPOCH=1790882048 CLOCK_DIFFERENCE_SECONDS=0
COMPLETED_ATTEMPT=scimark_fft_large__xmx512m__r1 JAVA_EXIT=0 REPORTER_EXIT=0 RESULT_ID=SPECjvm2008.055
START_ATTEMPT=scimark_fft_large__xmx1024m__r1 WINDOWS_EPOCH=1790882120 WSL_EPOCH=1790882119 CLOCK_DIFFERENCE_SECONDS=1
COMPLETED_ATTEMPT=scimark_fft_large__xmx1024m__r1 JAVA_EXIT=0 REPORTER_EXIT=0 RESULT_ID=SPECjvm2008.056
START_ATTEMPT=scimark_fft_large__xmx2560m__r1 WINDOWS_EPOCH=1790882197 WSL_EPOCH=1790882197 CLOCK_DIFFERENCE_SECONDS=0
COMPLETED_ATTEMPT=scimark_fft_large__xmx2560m__r1 JAVA_EXIT=0 REPORTER_EXIT=0 RESULT_ID=SPECjvm2008.057
START_ATTEMPT=scimark_fft_large__xmx2560m__r2 WINDOWS_EPOCH=1790882647 WSL_EPOCH=1790882647 CLOCK_DIFFERENCE_SECONDS=0
COMPLETED_ATTEMPT=scimark_fft_large__xmx2560m__r2 JAVA_EXIT=0 REPORTER_EXIT=0 RESULT_ID=SPECjvm2008.058
START_ATTEMPT=scimark_fft_large__xmx1024m__r2 WINDOWS_EPOCH=1790883098 WSL_EPOCH=1790883097 CLOCK_DIFFERENCE_SECONDS=1
COMPLETED_ATTEMPT=scimark_fft_large__xmx1024m__r2 JAVA_EXIT=0 REPORTER_EXIT=0 RESULT_ID=SPECjvm2008.059
START_ATTEMPT=scimark_fft_large__xmx512m__r2 WINDOWS_EPOCH=1790883176 WSL_EPOCH=1790883176 CLOCK_DIFFERENCE_SECONDS=0
COMPLETED_ATTEMPT=scimark_fft_large__xmx512m__r2 JAVA_EXIT=0 REPORTER_EXIT=0 RESULT_ID=SPECjvm2008.060
START_ATTEMPT=scimark_fft_large__default__r2 WINDOWS_EPOCH=1790883248 WSL_EPOCH=1790883248 CLOCK_DIFFERENCE_SECONDS=0
COMPLETED_ATTEMPT=scimark_fft_large__default__r2 JAVA_EXIT=0 REPORTER_EXIT=0 RESULT_ID=SPECjvm2008.061
START_ATTEMPT=scimark_fft_large__xmx512m__r3 WINDOWS_EPOCH=1790883699 WSL_EPOCH=1790883698 CLOCK_DIFFERENCE_SECONDS=1
COMPLETED_ATTEMPT=scimark_fft_large__xmx512m__r3 JAVA_EXIT=0 REPORTER_EXIT=0 RESULT_ID=SPECjvm2008.062
START_ATTEMPT=scimark_fft_large__default__r3 WINDOWS_EPOCH=1790883771 WSL_EPOCH=1790883771 CLOCK_DIFFERENCE_SECONDS=0
COMPLETED_ATTEMPT=scimark_fft_large__default__r3 JAVA_EXIT=0 REPORTER_EXIT=0 RESULT_ID=SPECjvm2008.063
START_ATTEMPT=scimark_fft_large__xmx2560m__r3 WINDOWS_EPOCH=1790884221 WSL_EPOCH=1790884221 CLOCK_DIFFERENCE_SECONDS=0
COMPLETED_ATTEMPT=scimark_fft_large__xmx2560m__r3 JAVA_EXIT=0 REPORTER_EXIT=0 RESULT_ID=SPECjvm2008.064
START_ATTEMPT=scimark_fft_large__xmx1024m__r3 WINDOWS_EPOCH=1790884671 WSL_EPOCH=1790884671 CLOCK_DIFFERENCE_SECONDS=0
COMPLETED_ATTEMPT=scimark_fft_large__xmx1024m__r3 JAVA_EXIT=0 REPORTER_EXIT=0 RESULT_ID=SPECjvm2008.065
SLEEP_PREVENTION=released
ATTEMPT_METADATA_COUNT=49
