OPTIONAL_FINAL_VERIFICATION_AT=2026-10-02T04:04:58.5506235+08:00
PASS: 48/48 captured attempts; 39 valid scores; 118230 GC events
PASS: three optional-study CSV-driven plots
PASS: 48 attempts (39 valid, 9 invalid), 48 unique optional SPEC result IDs, 118230 GC events, formal .007 intact
Goal 1 verification: PASS
Workload scores: 38
Valid runs (including check): 39
Composite: 421.24 SPECjvm2008 Base ops/m
SPEC report: Run is compliant
Git branch: homework02
Raw SHA-256: 4ae651e312061d09760743ab9908129b633e9ce1e5b5b296c13d4a30605e05ad
Historical core hashes verified: 6
Goal 1 verification: PASS
Workload scores: 38
Valid runs (including check): 39
Composite: 421.24 SPECjvm2008 Base ops/m
SPEC report: Run is compliant
Git branch: homework02
Raw SHA-256: 4ae651e312061d09760743ab9908129b633e9ce1e5b5b296c13d4a30605e05ad
Historical core hashes verified: 6
PASS [01,03-06,15]: homework02 branch; formal .007 raw/TXT, compliance, Composite, historical hashes
PASS [02,08,11]: main Markdown report, SPEC chart, official comparison and supporting artifacts exist
PASS [07]: six expected workload scores match the analysis table and README
PASS [09-10]: exactly three original compress repeats, fixed IDs/scores, raw/TXT files present
PASS [12-14]: 231 local Markdown links resolve within submission; 8 image links; four analysis plots embedded
PASS: 38 workloads, 11 groups, Base 421.24; repeats [557.34, 545.48, 522.15]
.007 raw SHA-256: 4ae651e312061d09760743ab9908129b633e9ce1e5b5b296c13d4a30605e05ad
PASS [05-07,10]: formal and repeat raw/TXT agree with derived scores and CSVs
Traceback (most recent call last):
  File "E:\software_system\course_repo\homework02\scripts\analysis\build_evidence_manifest.py", line 117, in <module>
    main()
  File "E:\software_system\course_repo\homework02\scripts\analysis\build_evidence_manifest.py", line 109, in main
    raise ValueError("Evidence manifest differs from present source artifacts")
ValueError: Evidence manifest differs from present source artifacts
Exception: E:\software_system\course_repo\homework02\scripts\verify_submission.ps1:166
Line |
 166 |  … ODE -ne 0) { throw 'Evidence manifest disagrees with source files.' }
     |                 ~~~~~~~~~~~~~~~~~~~~~~~~~~~~~~~~~~~~~~~~~~~~~~~~~~~~~~
     | Evidence manifest disagrees with source files.

RECHECK_AFTER_SELF_DIGEST_FIX_AT=2026-10-02T04:05:33.6782311+08:00
PASS: 48/48 captured attempts; 39 valid scores; 118230 GC events
PASS: three optional-study CSV-driven plots
PASS: 48 attempts (39 valid, 9 invalid), 48 unique optional SPEC result IDs, 118230 GC events, formal .007 intact
PASS: 991 preserved evidence artifacts inventoried
Goal 1 verification: PASS
Workload scores: 38
Valid runs (including check): 39
Composite: 421.24 SPECjvm2008 Base ops/m
SPEC report: Run is compliant
Git branch: homework02
Raw SHA-256: 4ae651e312061d09760743ab9908129b633e9ce1e5b5b296c13d4a30605e05ad
Historical core hashes verified: 6
Goal 1 verification: PASS
Workload scores: 38
Valid runs (including check): 39
Composite: 421.24 SPECjvm2008 Base ops/m
SPEC report: Run is compliant
Git branch: homework02
Raw SHA-256: 4ae651e312061d09760743ab9908129b633e9ce1e5b5b296c13d4a30605e05ad
Historical core hashes verified: 6
PASS [01,03-06,15]: homework02 branch; formal .007 raw/TXT, compliance, Composite, historical hashes
PASS [02,08,11]: main Markdown report, SPEC chart, official comparison and supporting artifacts exist
PASS [07]: six expected workload scores match the analysis table and README
PASS [09-10]: exactly three original compress repeats, fixed IDs/scores, raw/TXT files present
PASS [12-14]: 231 local Markdown links resolve within submission; 8 image links; four analysis plots embedded
PASS: 38 workloads, 11 groups, Base 421.24; repeats [557.34, 545.48, 522.15]
.007 raw SHA-256: 4ae651e312061d09760743ab9908129b633e9ce1e5b5b296c13d4a30605e05ad
PASS [05-07,10]: formal and repeat raw/TXT agree with derived scores and CSVs
PASS: 991 preserved evidence artifacts inventoried
PASS: 14 selected official scores match two immutable SPEC report snapshots
PASS: analysis and README Base, workload, official, repeat tables match source CSVs
PASS: two noncompliant diagnostic profiles match raw, text, and logs
PASS: four CSV-driven core figures
PASS [08,11,13,15]: SPEC graph, official snapshots, derived plots and source-hash manifest verified
Submission verification: PASS (15 required conditions; Markdown report, no PDF required)
OPTIONAL_FINAL_VERIFICATION=PASS
