START_TIME=2026-09-30T10:47:39+08:00
WORKING_DIRECTORY=/home/gubingren/benchmarks/SPECjvm2008
COMMAND=java -jar SPECjvm2008.jar --base
JAVA_HOME=/home/gubingren/java/java-se-8u41-ri
CLASSPATH=
openjdk version "1.8.0_41"
OpenJDK Runtime Environment (build 1.8.0_41-b04)
OpenJDK 64-Bit Server VM (build 25.40-b25, mixed mode)

SPECjvm2008 Base
  Properties file:   none
  Benchmarks:        startup.helloworld startup.compiler.compiler startup.compiler.sunflow startup.compress startup.crypto.aes startup.crypto.rsa startup.crypto.signverify startup.mpegaudio startup.scimark.fft startup.scimark.lu startup.scimark.monte_carlo startup.scimark.sor startup.scimark.sparse startup.serial startup.sunflow startup.xml.transform startup.xml.validation compiler.compiler compiler.sunflow compress crypto.aes crypto.rsa crypto.signverify derby mpegaudio scimark.fft.large scimark.lu.large scimark.sor.large scimark.sparse.large scimark.fft.small scimark.lu.small scimark.sor.small scimark.sparse.small scimark.monte_carlo serial sunflow xml.transform xml.validation

  Kit signature and checksum is validated.
  This can take several minutes.
  Use argument '-ikv' to skip this.
  ....................................passed.

--- --- --- --- --- --- --- --- ---

  Benchmark:   check
  Run mode:    static run
  Test type:   functional
  Threads:     1
  Iterations:  1
  Run length:  1 operation

Iteration 1 (1 operation) begins: Wed Sep 30 10:48:23 CST 2026
Iteration 1 (1 operation) ends:   Wed Sep 30 10:48:23 CST 2026
Iteration 1 (1 operation) result: PASSED

Valid run!


--- --- --- --- --- --- --- --- ---

  Benchmark:   startup.helloworld
  Run mode:    static run
  Test type:   single
  Threads:     1
  Iterations:  1
  Run length:  1 operation

Iteration 1 (1 operation) begins: Wed Sep 30 10:48:23 CST 2026
Iteration 1 (1 operation) ends:   Wed Sep 30 10:48:23 CST 2026
Iteration 1 (1 operation) result: 176.47 ops/m

Valid run!
Score on startup.helloworld: 176.47 ops/m


--- --- --- --- --- --- --- --- ---

  Benchmark:   startup.compiler.compiler
  Run mode:    static run
  Test type:   single
  Threads:     1
  Iterations:  1
  Run length:  1 operation

Iteration 1 (1 operation) begins: Wed Sep 30 10:48:23 CST 2026
Iteration 1 (1 operation) ends:   Wed Sep 30 10:48:27 CST 2026
Iteration 1 (1 operation) result: 14.05 ops/m

Valid run!
Score on startup.compiler.compiler: 14.05 ops/m


--- --- --- --- --- --- --- --- ---

  Benchmark:   startup.compiler.sunflow
  Run mode:    static run
  Test type:   single
  Threads:     1
  Iterations:  1
  Run length:  1 operation

Iteration 1 (1 operation) begins: Wed Sep 30 10:48:27 CST 2026
