PURPOSE=Final A2 core read-only verification
START_TIME=2026-10-01T05:00:41.1024266+08:00
PROJECT_ROOT=E:\software_system\course_repo\homework02
NEGATIVE_NO_GIT=EXPECTED_FAIL: Git repository not available.
COMMAND=pwsh -NoProfile -File E:\software_system\course_repo\homework02\scripts\verify_goal1.ps1
Goal 1 verification: PASS
Workload scores: 38
Valid runs (including check): 39
Composite: 421.24 SPECjvm2008 Base ops/m
SPEC report: Run is compliant
Git branch: homework02
Raw SHA-256: 4ae651e312061d09760743ab9908129b633e9ce1e5b5b296c13d4a30605e05ad
Historical core hashes verified: 6
COMMAND=pwsh -NoProfile -File E:\software_system\course_repo\homework02\scripts\verify_submission.ps1
Goal 1 verification: PASS
Workload scores: 38
Valid runs (including check): 39
Composite: 421.24 SPECjvm2008 Base ops/m
SPEC report: Run is compliant
Git branch: homework02
Raw SHA-256: 4ae651e312061d09760743ab9908129b633e9ce1e5b5b296c13d4a30605e05ad
Historical core hashes verified: 6
PASS: 38 workloads, 11 groups, Base 421.24; repeats [557.34, 545.48, 522.15]
.007 raw SHA-256: 4ae651e312061d09760743ab9908129b633e9ce1e5b5b296c13d4a30605e05ad
PASS: 313 preserved evidence artifacts inventoried
PASS: 14 selected official scores match two immutable SPEC report snapshots
PASS: workload, official, and repeat Markdown tables match source CSVs
PASS: two noncompliant diagnostic profiles match raw, text, and logs
PASS: four CSV-driven core figures
Submission verification: PASS; relative Markdown links: 74; core CSVs and figures checked
END_TIME=2026-10-01T05:00:49.9418509+08:00
VERIFICATION_STATUS=PASS
