VERIFY_START=2026-10-01T15:47:52.6808864+08:00
Goal 1 verification: PASS
Workload scores: 38
Valid runs (including check): 39
Composite: 421.24 SPECjvm2008 Base ops/m
SPEC report: Run is compliant
Git branch: homework02
Raw SHA-256: 4ae651e312061d09760743ab9908129b633e9ce1e5b5b296c13d4a30605e05ad
Historical core hashes verified: 6
PASS [01,03-06,15]: homework02 branch; formal .007 raw/TXT, compliance, Composite, historical hashes
PASS [02,08,11]: main Markdown report, SPEC chart, official comparison and supporting artifacts exist
PASS [07]: six expected workload scores match the analysis table and README
PASS [09-10]: exactly three original compress repeats, fixed IDs/scores, raw/TXT files present
PASS [12-14]: 204 local Markdown links resolve within submission; 5 image links; four analysis plots embedded
PASS: 38 workloads, 11 groups, Base 421.24; repeats [557.34, 545.48, 522.15]
.007 raw SHA-256: 4ae651e312061d09760743ab9908129b633e9ce1e5b5b296c13d4a30605e05ad
PASS [05-07,10]: formal and repeat raw/TXT agree with derived scores and CSVs
PASS: 313 preserved evidence artifacts inventoried
PASS: 14 selected official scores match two immutable SPEC report snapshots
PASS: analysis and README Base, workload, official, repeat tables match source CSVs
PASS: two noncompliant diagnostic profiles match raw, text, and logs
PASS: four CSV-driven core figures
PASS [08,11,13,15]: SPEC graph, official snapshots, derived plots and source-hash manifest verified
Submission verification: PASS (15 required conditions; Markdown report, no PDF required)
VERIFY_EXIT_CODE=0
VERIFY_END=2026-10-01T15:48:03.2479895+08:00
RENDER_CHECK=PASS H1=1 H2=11 IMAGES=5 TABLES=9 LITERAL_BOLD=0
GIT_DIFF_CHECK_EXIT=0
