START_TIME=2026-09-30T10:46:24+08:00
WORKING_DIRECTORY=/home/gubingren/benchmarks/SPECjvm2008
COMMAND=java -jar SPECjvm2008.jar -wt 5s -it 5s -bt 2 compress
openjdk version "1.8.0_41"
OpenJDK Runtime Environment (build 1.8.0_41-b04)
OpenJDK 64-Bit Server VM (build 25.40-b25, mixed mode)

SPECjvm2008 Peak
  Properties file:   none
  Benchmarks:        compress

  WARNING: Run will not be compliant.
  Not a compliant sequence of benchmarks for publication.
  Property specjvm.iteration.time must be at least 240 seconds for publication.

  Kit signature and checksum is validated.
  This can take several minutes.
  Use argument '-ikv' to skip this.
  ....................................passed.

--- --- --- --- --- --- --- --- ---

  Benchmark:   check
  Run mode:    static run
  Test type:   functional
  Threads:     1
  Iterations:  1
  Run length:  1 operation

Iteration 1 (1 operation) begins: Wed Sep 30 10:47:10 CST 2026
Iteration 1 (1 operation) ends:   Wed Sep 30 10:47:10 CST 2026
Iteration 1 (1 operation) result: PASSED

Valid run!


--- --- --- --- --- --- --- --- ---

  Benchmark:   compress
  Run mode:    timed run
  Test type:   multi
  Threads:     2
  Warmup:      5s
  Iterations:  1
  Run length:  5s

Warmup (5s) begins: Wed Sep 30 10:47:10 CST 2026
Warmup (5s) ends:   Wed Sep 30 10:47:17 CST 2026
Warmup (5s) result: 91.36 ops/m

Iteration 1 (5s) begins: Wed Sep 30 10:47:17 CST 2026
Iteration 1 (5s) ends:   Wed Sep 30 10:47:24 CST 2026
Iteration 1 (5s) result: 96.95 ops/m

Valid run!
Score on compress: 96.95 ops/m

Results are stored in: 
/home/gubingren/benchmarks/SPECjvm2008/results/SPECjvm2008.001/SPECjvm2008.001.raw
Generating reports in:
/home/gubingren/benchmarks/SPECjvm2008/results/SPECjvm2008.001

Noncompliant composite result: 96.95 ops/m
END_TIME=2026-09-30T10:47:25+08:00
EXIT_STATUS=0
